Archive member included to satisfy reference by file (symbol)

./lib/libRTX_CM4F.a(rtx_msgqueue.o)
                              ./obj/sys_arch.o (osMessageQueueNew)
./lib/libRTX_CM4F.a(rtx_mempool.o)
                              ./lib/libRTX_CM4F.a(rtx_msgqueue.o) (osRtxMemoryPoolInit)
./lib/libRTX_CM4F.a(rtx_memory.o)
                              ./lib/libRTX_CM4F.a(rtx_msgqueue.o) (osRtxMemoryAlloc)
./lib/libRTX_CM4F.a(rtx_semaphore.o)
                              ./obj/sys_arch.o (osSemaphoreNew)
./lib/libRTX_CM4F.a(rtx_mutex.o)
                              ./obj/sys_arch.o (osMutexNew)
./lib/libRTX_CM4F.a(rtx_timer.o)
                              ./obj/main.o (osTimerNew)
./lib/libRTX_CM4F.a(rtx_delay.o)
                              ./obj/main.o (osDelay)
./lib/libRTX_CM4F.a(rtx_thread.o)
                              ./lib/libRTX_CM4F.a(rtx_msgqueue.o) (osRtxThreadListPut)
./lib/libRTX_CM4F.a(rtx_kernel.o)
                              ./obj/main.o (osKernelInitialize)
./lib/libRTX_CM4F.a(irq_cm4f.o)
                              ./obj/rtx_lib.o (irqRtxLib)
./lib/libRTX_CM4F.a(os_systick.o)
                              ./lib/libRTX_CM4F.a(rtx_kernel.o) (OS_Tick_Setup)
./lib/libRTX_CM4F.a(rtx_evr.o)
                              ./lib/libRTX_CM4F.a(rtx_memory.o) (EvrRtxMemoryInit)
./lib/libRTX_CM4F.a(rtx_system.o)
                              ./lib/libRTX_CM4F.a(irq_cm4f.o) (osRtxTick_Handler)
c:/users/jaejunmin/downloads/peak-devpack/compiler/10 2020-q4-major/bin/../lib/gcc/arm-none-eabi/10.2.1/../../../../arm-none-eabi/lib/thumb/v7e-m+dp/hard\libc.a(lib_a-atoi.o)
                              ./obj/netif.o (atoi)
c:/users/jaejunmin/downloads/peak-devpack/compiler/10 2020-q4-major/bin/../lib/gcc/arm-none-eabi/10.2.1/../../../../arm-none-eabi/lib/thumb/v7e-m+dp/hard\libc.a(lib_a-ctype_.o)
                              ./obj/ip4_addr.o (_ctype_)
c:/users/jaejunmin/downloads/peak-devpack/compiler/10 2020-q4-major/bin/../lib/gcc/arm-none-eabi/10.2.1/../../../../arm-none-eabi/lib/thumb/v7e-m+dp/hard\libc.a(lib_a-exit.o)
                              c:/users/jaejunmin/downloads/peak-devpack/compiler/10 2020-q4-major/bin/../lib/gcc/arm-none-eabi/10.2.1/../../../../arm-none-eabi/lib/thumb/v7e-m+dp/hard/crt0.o (exit)
c:/users/jaejunmin/downloads/peak-devpack/compiler/10 2020-q4-major/bin/../lib/gcc/arm-none-eabi/10.2.1/../../../../arm-none-eabi/lib/thumb/v7e-m+dp/hard\libc.a(lib_a-impure.o)
                              c:/users/jaejunmin/downloads/peak-devpack/compiler/10 2020-q4-major/bin/../lib/gcc/arm-none-eabi/10.2.1/../../../../arm-none-eabi/lib/thumb/v7e-m+dp/hard\libc.a(lib_a-exit.o) (_global_impure_ptr)
c:/users/jaejunmin/downloads/peak-devpack/compiler/10 2020-q4-major/bin/../lib/gcc/arm-none-eabi/10.2.1/../../../../arm-none-eabi/lib/thumb/v7e-m+dp/hard\libc.a(lib_a-init.o)
                              c:/users/jaejunmin/downloads/peak-devpack/compiler/10 2020-q4-major/bin/../lib/gcc/arm-none-eabi/10.2.1/../../../../arm-none-eabi/lib/thumb/v7e-m+dp/hard/crt0.o (__libc_init_array)
c:/users/jaejunmin/downloads/peak-devpack/compiler/10 2020-q4-major/bin/../lib/gcc/arm-none-eabi/10.2.1/../../../../arm-none-eabi/lib/thumb/v7e-m+dp/hard\libc.a(lib_a-memcmp.o)
                              ./obj/ethernet.o (memcmp)
c:/users/jaejunmin/downloads/peak-devpack/compiler/10 2020-q4-major/bin/../lib/gcc/arm-none-eabi/10.2.1/../../../../arm-none-eabi/lib/thumb/v7e-m+dp/hard\libc.a(lib_a-memcpy.o)
                              ./obj/hardware.o (memcpy)
c:/users/jaejunmin/downloads/peak-devpack/compiler/10 2020-q4-major/bin/../lib/gcc/arm-none-eabi/10.2.1/../../../../arm-none-eabi/lib/thumb/v7e-m+dp/hard\libc.a(lib_a-memmove.o)
                              ./obj/def.o (memmove)
c:/users/jaejunmin/downloads/peak-devpack/compiler/10 2020-q4-major/bin/../lib/gcc/arm-none-eabi/10.2.1/../../../../arm-none-eabi/lib/thumb/v7e-m+dp/hard\libc.a(lib_a-memset.o)
                              c:/users/jaejunmin/downloads/peak-devpack/compiler/10 2020-q4-major/bin/../lib/gcc/arm-none-eabi/10.2.1/../../../../arm-none-eabi/lib/thumb/v7e-m+dp/hard/crt0.o (memset)
c:/users/jaejunmin/downloads/peak-devpack/compiler/10 2020-q4-major/bin/../lib/gcc/arm-none-eabi/10.2.1/../../../../arm-none-eabi/lib/thumb/v7e-m+dp/hard\libc.a(lib_a-printf.o)
                              ./obj/udp_total.o (printf)
c:/users/jaejunmin/downloads/peak-devpack/compiler/10 2020-q4-major/bin/../lib/gcc/arm-none-eabi/10.2.1/../../../../arm-none-eabi/lib/thumb/v7e-m+dp/hard\libc.a(lib_a-puts.o)
                              ./obj/udp_total.o (puts)
c:/users/jaejunmin/downloads/peak-devpack/compiler/10 2020-q4-major/bin/../lib/gcc/arm-none-eabi/10.2.1/../../../../arm-none-eabi/lib/thumb/v7e-m+dp/hard\libc.a(lib_a-rand.o)
                              ./obj/dhcp.o (rand)
c:/users/jaejunmin/downloads/peak-devpack/compiler/10 2020-q4-major/bin/../lib/gcc/arm-none-eabi/10.2.1/../../../../arm-none-eabi/lib/thumb/v7e-m+dp/hard\libc.a(lib_a-sprintf.o)
[...]
Memory Configuration

Name             Origin             Length             Attributes
FLASH            0x08040000         0x001f8000         xr
RAM              0x20000000         0x00080000         xrw
SDRAM            0xc0000000         0x02000000         xrw
*default*        0x00000000         0xffffffff

Linker script and memory map

LOAD c:/users/jaejunmin/downloads/peak-devpack/compiler/10 2020-q4-major/bin/../lib/gcc/arm-none-eabi/10.2.1/thumb/v7e-m+dp/hard/crti.o
LOAD c:/users/jaejunmin/downloads/peak-devpack/compiler/10 2020-q4-major/bin/../lib/gcc/arm-none-eabi/10.2.1/thumb/v7e-m+dp/hard/crtbegin.o
LOAD c:/users/jaejunmin/downloads/peak-devpack/compiler/10 2020-q4-major/bin/../lib/gcc/arm-none-eabi/10.2.1/../../../../arm-none-eabi/lib/thumb/v7e-m+dp/hard/crt0.o
LOAD ./obj/startup_router_pro_fd.o
LOAD ./obj/system_router_pro_fd.o
LOAD ./obj/main.o
LOAD ./obj/can_user.o
LOAD ./obj/hardware.o
LOAD ./obj/can.o
LOAD ./obj/eeprom.o
LOAD ./obj/RTX_Config.o
LOAD ./obj/rtx_lib.o
LOAD ./obj/sys_arch.o
LOAD ./obj/ethernetif.o
LOAD ./obj/udp_total.o
LOAD ./obj/startDebug.o
LOAD ./obj/task01.o
LOAD ./obj/task02.o
LOAD ./obj/reset.o
LOAD ./obj/firmware_tag.o
LOAD ./obj/httpd.o
LOAD ./obj/fs.o
LOAD ./obj/dhcp.o
LOAD ./obj/etharp.o
LOAD ./obj/icmp.o
LOAD ./obj/ip4.o
LOAD ./obj/ip4_addr.o
LOAD ./obj/ip4_frag.o
LOAD ./obj/tcpip.o
LOAD ./obj/init.o
LOAD ./obj/mem.o
LOAD ./obj/memp.o
LOAD ./obj/pbuf.o
LOAD ./obj/timeouts.o
LOAD ./obj/def.o
LOAD ./obj/netif.o
LOAD ./obj/tcp_out.o
LOAD ./obj/tcp_in.o
LOAD ./obj/tcp.o
LOAD ./obj/ip.o
LOAD ./obj/udp.o
LOAD ./obj/ethernet.o
LOAD ./obj/stm32f7xx_hal_eth.o
LOAD ./obj/stm32f7xx_hal_gpio.o
LOAD ./obj/stm32f7xx_hal_rcc.o
LOAD ./obj/stm32f7xx_hal.o
LOAD ./obj/stm32f7xx_hal_cortex.o
LOAD ./lib/libRTX_CM4F.a
LOAD c:/users/jaejunmin/downloads/peak-devpack/compiler/10 2020-q4-major/bin/../lib/gcc/arm-none-eabi/10.2.1/../../../../arm-none-eabi/lib/thumb/v7e-m+dp/hard\libm.a
LOAD c:/users/jaejunmin/downloads/peak-devpack/compiler/10 2020-q4-major/bin/../lib/gcc/arm-none-eabi/10.2.1/../../../../arm-none-eabi/lib/thumb/v7e-m+dp/hard\libc.a
LOAD c:/users/jaejunmin/downloads/peak-devpack/compiler/10 2020-q4-major/bin/../lib/gcc/arm-none-eabi/10.2.1/thumb/v7e-m+dp/hard\libgcc.a
LOAD c:/users/jaejunmin/downloads/peak-devpack/compiler/10 2020-q4-major/bin/../lib/gcc/arm-none-eabi/10.2.1/../../../../arm-none-eabi/lib/thumb/v7e-m+dp/hard\libstdc++.a
START GROUP
LOAD c:/users/jaejunmin/downloads/peak-devpack/compiler/10 2020-q4-major/bin/../lib/gcc/arm-none-eabi/10.2.1/thumb/v7e-m+dp/hard\libgcc.a
LOAD c:/users/jaejunmin/downloads/peak-devpack/compiler/10 2020-q4-major/bin/../lib/gcc/arm-none-eabi/10.2.1/../../../../arm-none-eabi/lib/thumb/v7e-m+dp/hard\libg.a
LOAD c:/users/jaejunmin/downloads/peak-devpack/compiler/10 2020-q4-major/bin/../lib/gcc/arm-none-eabi/10.2.1/../../../../arm-none-eabi/lib/thumb/v7e-m+dp/hard\libc.a
END GROUP
START GROUP
LOAD c:/users/jaejunmin/downloads/peak-devpack/compiler/10 2020-q4-major/bin/../lib/gcc/arm-none-eabi/10.2.1/thumb/v7e-m+dp/hard\libgcc.a
LOAD c:/users/jaejunmin/downloads/peak-devpack/compiler/10 2020-q4-major/bin/../lib/gcc/arm-none-eabi/10.2.1/../../../../arm-none-eabi/lib/thumb/v7e-m+dp/hard\libc.a
LOAD c:/users/jaejunmin/downloads/peak-devpack/compiler/10 2020-q4-major/bin/../lib/gcc/arm-none-eabi/10.2.1/../../../../arm-none-eabi/lib/thumb/v7e-m+dp/hard\libnosys.a
END GROUP
LOAD c:/users/jaejunmin/downloads/peak-devpack/compiler/10 2020-q4-major/bin/../lib/gcc/arm-none-eabi/10.2.1/thumb/v7e-m+dp/hard/crtend.o
LOAD c:/users/jaejunmin/downloads/peak-devpack/compiler/10 2020-q4-major/bin/../lib/gcc/arm-none-eabi/10.2.1/thumb/v7e-m+dp/hard/crtn.o
                0x08040000                __ROM_BASE = 0x8040000
                0x001f8000                __ROM_SIZE = 0x1f8000
                0x20000000                __RAM_BASE = 0x20000000
                0x00080000                __RAM_SIZE = 0x80000
                0xc0000000                __SDRAM_BASE = 0xc0000000
                0x02000000                __SDRAM_SIZE = 0x2000000
                0x00000400                __STACK_SIZE = 0x400
                0x00000008                __HEAP_SIZE = 0x8

.text           0x08040000    0x2198c
 *(.vectors)
 .vectors       0x08040000      0x1f8 ./obj/startup_router_pro_fd.o
                0x08040000                __Vectors
                0x08040200                . = ALIGN (0x200)
 *fill*         0x080401f8        0x8 
 *(.pFlashInfo)
 *(.text*)
 .text          0x08040200        0x0 c:/users/jaejunmin/downloads/peak-devpack/compiler/10 2020-q4-major/bin/../lib/gcc/arm-none-eabi/10.2.1/thumb/v7e-m+dp/hard/crti.o
 .text          0x08040200       0x40 c:/users/jaejunmin/downloads/peak-devpack/compiler/10 2020-q4-major/bin/../lib/gcc/arm-none-eabi/10.2.1/thumb/v7e-m+dp/hard/crtbegin.o
 .text          0x08040240       0x7c c:/users/jaejunmin/downloads/peak-devpack/compiler/10 2020-q4-major/bin/../lib/gcc/arm-none-eabi/10.2.1/../../../../arm-none-eabi/lib/thumb/v7e-m+dp/hard/crt0.o
                0x08040240                _stack_init
                0x08040248                _start
                0x08040248                _mainCRTStartup
 .text          0x080402bc       0x80 ./obj/startup_router_pro_fd.o
                0x080402bc                Reset_Handler
                0x08040334                EXTI2_IRQHandler
                0x08040334                TIM8_CC_IRQHandler
                0x08040334                DebugMon_Handler
                0x08040334                UART8_IRQHandler
                0x08040334                SPI4_IRQHandler
                0x08040334                TIM1_CC_IRQHandler
                0x08040334                DMA2_Stream5_IRQHandler
                0x08040334                HardFault_Handler
                0x08040334                DMA1_Stream5_IRQHandler
                0x08040334                CAN3_RX1_IRQHandler
                0x08040334                PVD_IRQHandler
                0x08040334                TAMP_STAMP_IRQHandler
                0x08040334                NMI_Handler
                0x08040334                CAN2_RX1_IRQHandler
                0x08040334                EXTI3_IRQHandler
                0x08040334                TIM8_TRG_COM_TIM14_IRQHandler
                0x08040334                DFSDM1_FLT1_IRQHandler
                0x08040334                TIM1_UP_TIM10_IRQHandler
                0x08040334                TIM8_UP_TIM13_IRQHandler
                0x08040334                I2C3_ER_IRQHandler
                0x08040334                DFSDM1_FLT2_IRQHandler
                0x08040334                EXTI0_IRQHandler
                0x08040334                I2C2_EV_IRQHandler
                0x08040334                DMA1_Stream2_IRQHandler
                0x08040334                CAN1_RX0_IRQHandler
                0x08040334                FPU_IRQHandler
                0x08040334                OTG_HS_WKUP_IRQHandler
                0x08040334                CAN3_SCE_IRQHandler
                0x08040334                UsageFault_Handler
                0x08040334                CAN2_SCE_IRQHandler
                0x08040334                DMA2_Stream2_IRQHandler
                0x08040334                SPI1_IRQHandler
                0x08040334                TIM6_DAC_IRQHandler
                0x08040334                TIM1_BRK_TIM9_IRQHandler
                0x08040334                DCMI_IRQHandler
                0x08040334                CAN2_RX0_IRQHandler
                0x08040334                DMA2_Stream3_IRQHandler
                0x08040334                SAI2_IRQHandler
                0x08040334                DFSDM1_FLT3_IRQHandler
                0x08040334                USART6_IRQHandler
                0x08040334                CAN3_RX0_IRQHandler
                0x08040334                USART3_IRQHandler
                0x08040334                RTC_Alarm_IRQHandler
                0x08040334                CAN1_RX1_IRQHandler
                0x08040334                UART5_IRQHandler
                0x08040334                DMA2_Stream0_IRQHandler
                0x08040334                TIM4_IRQHandler
                0x08040334                QUADSPI_IRQHandler
                0x08040334                I2C1_EV_IRQHandler
                0x08040334                DMA1_Stream6_IRQHandler
                0x08040334                DMA1_Stream1_IRQHandler
                0x08040334                UART4_IRQHandler
                0x08040334                TIM3_IRQHandler
                0x08040334                RCC_IRQHandler
                0x08040334                TIM8_BRK_TIM12_IRQHandler
                0x08040334                Default_Handler
                0x08040334                CEC_IRQHandler
                0x08040334                EXTI15_10_IRQHandler
                0x08040334                ADC_IRQHandler
                0x08040334                DMA1_Stream7_IRQHandler
                0x08040334                SPI5_IRQHandler
                0x08040334                TIM7_IRQHandler
                0x08040334                SDMMC1_IRQHandler
                0x08040334                CAN2_TX_IRQHandler
                0x08040334                TIM5_IRQHandler
                0x08040334                DMA2_Stream7_IRQHandler
                0x08040334                I2C3_EV_IRQHandler
                0x08040334                EXTI9_5_IRQHandler
                0x08040334                RTC_WKUP_IRQHandler
                0x08040334                ETH_WKUP_IRQHandler
                0x08040334                SPDIF_RX_IRQHandler
                0x08040334                SPI2_IRQHandler
                0x08040334                OTG_HS_EP1_IN_IRQHandler
                0x08040334                MemManage_Handler
                0x08040334                DMA1_Stream0_IRQHandler
                0x08040334                CAN1_TX_IRQHandler
                0x08040334                EXTI4_IRQHandler
                0x08040334                RNG_IRQHandler
                0x08040334                OTG_HS_EP1_OUT_IRQHandler
                0x08040334                WWDG_IRQHandler
                0x08040334                SPI6_IRQHandler
                0x08040334                MDIOS_IRQHandler
                0x08040334                I2C4_EV_IRQHandler
                0x08040334                CAN3_TX_IRQHandler
                0x08040334                TIM2_IRQHandler
                0x08040334                OTG_FS_WKUP_IRQHandler
                0x08040334                TIM1_TRG_COM_TIM11_IRQHandler
                0x08040334                OTG_HS_IRQHandler
                0x08040334                DMA2D_IRQHandler
                0x08040334                EXTI1_IRQHandler
                0x08040334                SDMMC2_IRQHandler
                0x08040334                UART7_IRQHandler
                0x08040334                USART2_IRQHandler
                0x08040334                DFSDM1_FLT0_IRQHandler
                0x08040334                I2C2_ER_IRQHandler
                0x08040334                DMA2_Stream1_IRQHandler
                0x08040334                CAN1_SCE_IRQHandler
                0x08040334                FLASH_IRQHandler
                0x08040334                DMA2_Stream4_IRQHandler
                0x08040334                BusFault_Handler
                0x08040334                USART1_IRQHandler
                0x08040334                OTG_FS_IRQHandler
                0x08040334                SPI3_IRQHandler
                0x08040334                DMA1_Stream4_IRQHandler
                0x08040334                I2C1_ER_IRQHandler
                0x08040334                FMC_IRQHandler
                0x08040334                LPTIM1_IRQHandler
                0x08040334                I2C4_ER_IRQHandler
                0x08040334                DMA2_Stream6_IRQHandler
                0x08040334                SAI1_IRQHandler
                0x08040334                DMA1_Stream3_IRQHandler
 .text          0x0804033c      0x138 ./obj/system_router_pro_fd.o
                0x0804033c                SystemCoreClockUpdate
                0x0804043c                SystemInit
 .text          0x08040474      0x2cc ./obj/main.o
 .text.startup  0x08040740       0xa0 ./obj/main.o
                0x08040740                main
 .text          0x080407e0      0x10c ./obj/can_user.o
                0x080407e0                CAN_UserRead
                0x08040828                CAN_UserInvokeBootloader
                0x08040850                CAN_UserInit
 .text          0x080408ec      0x3ac ./obj/hardware.o
                0x08040914                HW_PassUsbToHost
                0x08040938                HW_PassUsbToMe
                0x08040988                HW_ResetModule
                0x080409a4                HW_GetAIN
                0x080409d8                HW_GetDIN
                0x080409f8                HW_SetDOUT
                0x08040a0c                HW_GetModuleID
                0x08040a2c                HW_JumpToBootloader
                0x08040a78                HW_SetLED
                0x08040be0                HW_EnterPowerDown
                0x08040c88                HW_Init
 .text          0x08040c98      0x6a8 ./obj/can.o
                0x08040c98                __WaitMicros
                0x08040cac                CAN_Write
                0x08040e68                CAN_Read
                0x08040f10                CAN_FilterAdd
                0x08041004                CAN_FilterRem
                0x08041100                CAN_FilterReset
                0x0804114c                CAN_UnInitialize
                0x08041174                CAN_Initialize
                0x08041308                CAN_Startup
 .text          0x08041340      0x57c ./obj/eeprom.o
                0x08041698                EEPROM_Read
                0x08041768                EEPROM_Write
                0x08041854                EEPROM_FlushCache
                0x0804188c                EEPROM_Init
 .text          0x080418bc        0x8 ./obj/RTX_Config.o
                0x080418bc                osRtxIdleThread
                0x080418c0                osRtxErrorNotify
 .text          0x080418c4        0xc ./obj/rtx_lib.o
                0x080418c4                software_init_hook
 .text          0x080418d0      0x3c0 ./obj/sys_arch.o
                0x080418e4                HAL_Delay
                0x08041902                HAL_GetTick
                0x08041910                sys_now
                0x0804192c                sys_init
                0x0804193a                sys_thread_new
                0x0804197c                sys_mutex_new
                0x080419b4                sys_mutex_lock
                0x080419e0                sys_mutex_unlock
                0x08041a08                sys_mbox_new
                0x08041a42                sys_mbox_post
                0x08041a78                sys_mbox_trypost
                0x08041ab2                sys_mbox_trypost_fromisr
                0x08041ace                sys_arch_mbox_fetch
                0x08041b2e                sys_sem_new
                0x08041b6a                sys_mbox_free
                0x08041b92                sys_sem_signal
                0x08041bba                sys_sem_free
                0x08041be2                sys_arch_mbox_tryfetch
                0x08041c1c                sys_arch_sem_wait
                0x08041c68                sys_mutex_free
 .text          0x08041c90      0x690 ./obj/ethernetif.o
                0x08041c90                HAL_ETH_MspInit
                0x08041da0                HAL_ETH_MspDeInit
                0x08041e20                HAL_ETH_RxCpltCallback
                0x08041e40                ETH_IRQHandler
                0x08042258                ethernetif_input
                0x080422a8                ethernetif_enter_sleep
                0x080422e4                ethernetif_init
 .text          0x08042320      0x230 ./obj/udp_total.o
                0x08042344                udp_receive_callback
                0x080423c4                udp_echoclient_send
                0x0804242c                UDP_thread
                0x0804243c                udp_client_send
                0x080424b8                udp_total_connect
                0x08042520                UDP_task
 .text          0x08042550      0x168 ./obj/startDebug.o
                0x08042550                startDebug
                0x0804258c                _write
 .text          0x080426b8       0x8c ./obj/task01.o
                0x080426b8                task01_thread
                0x08042718                task01_init
 .text          0x08042744       0x8c ./obj/task02.o
                0x08042744                task02_thread
                0x080427a4                task02_init
 .text          0x080427d0       0x5c ./obj/reset.o
                0x080427d0                write_boot_flag_soft_reset
                0x080427e0                clear_boot_flag
                0x080427ec                is_soft_reset
                0x08042804                MX_RTC_Init
 .text          0x0804282c        0x0 ./obj/firmware_tag.o
 .text          0x0804282c      0xa14 ./obj/httpd.o
                0x08043220                httpd_init
 .text          0x08043240       0xb0 ./obj/fs.o
                0x08043240                fs_open
                0x080432bc                fs_close
                0x080432d0                fs_bytes_left
 .text          0x080432f0     0x1ba4 ./obj/dhcp.o
                0x0804365c                dhcp_coarse_tmr
                0x08043704                dhcp_fine_tmr
                0x08043980                dhcp_set_struct
                0x080439a2                dhcp_cleanup
                0x080439ca                dhcp_start
                0x08043a9a                dhcp_inform
                0x08043b54                dhcp_network_changed
                0x08043baa                dhcp_arp_reply
                0x08043fa8                dhcp_renew
                0x08044384                dhcp_release_and_stop
                0x080444b8                dhcp_release
                0x080444d0                dhcp_stop
                0x08044e48                dhcp_supplied_address
 .text          0x08044e94      0xd48 ./obj/etharp.o
                0x08044ef8                etharp_tmr
                0x080453b8                etharp_cleanup_netif
                0x08045418                etharp_find_addr
                0x08045498                etharp_get_entry
                0x08045518                etharp_input
                0x08045720                etharp_output
                0x080458d4                etharp_query
                0x08045bb8                etharp_request
 .text          0x08045bdc      0x2d4 ./obj/icmp.o
                0x08045bdc                icmp_input
                0x08045dc0                icmp_dest_unreach
                0x08045de0                icmp_time_exceeded
 .text          0x08045eb0      0x578 ./obj/ip4.o
                0x08045eb0                ip4_route
                0x08045fe4                ip4_input
                0x08046268                ip4_output_if
                0x080462bc                ip4_output_if_src
                0x080463dc                ip4_output
 .text          0x08046428      0x464 ./obj/ip4_addr.o
                0x08046428                ip4_addr_isbroadcast_u32
                0x080464aa                ip4_addr_netmask_valid
                0x08046502                ipaddr_addr
                0x0804652c                ip4addr_aton
                0x08046768                ip4addr_ntoa
                0x08046788                ip4addr_ntoa_r
 .text          0x0804688c      0xa24 ./obj/ip4_frag.o
                0x0804688c                ip_reass_tmr
                0x08046d4c                ip4_reass
                0x08047074                ip4_frag
 .text          0x080472b0      0x420 ./obj/tcpip.o
                0x080473e6                tcpip_inpkt
                0x08047448                tcpip_input
                0x0804748c                tcpip_callback
                0x080474d4                tcpip_try_callback
                0x08047530                tcpip_send_msg_wait_sem
                0x0804755c                tcpip_api_call
                0x0804758c                tcpip_callbackmsg_new
                0x080475c4                tcpip_callbackmsg_delete
                0x080475dc                tcpip_callbackmsg_trycallback
                0x080475fc                tcpip_callbackmsg_trycallback_fromisr
                0x0804761c                tcpip_init
                0x08047692                pbuf_free_callback
                0x080476b0                mem_free_callback
 .text          0x080476d0       0x2e ./obj/init.o
                0x080476d0                lwip_init
 *fill*         0x080476fe        0x2 
 .text          0x08047700      0x6b4 ./obj/mem.o
                0x08047814                mem_init
                0x08047910                mem_free
                0x08047a54                mem_trim
                0x08047c04                mem_malloc
                0x08047d64                mem_calloc
 .text          0x08047db4      0x1fc ./obj/memp.o
                0x08047db4                memp_init_pool
                0x08047e14                memp_init
                0x08047ea8                memp_malloc_pool
                0x08047eca                memp_malloc
                0x08047f4c                memp_free_pool
                0x08047f74                memp_free
 .text          0x08047fb0      0xf70 ./obj/pbuf.o
                0x08048100                pbuf_alloc
                0x08048274                pbuf_alloc_reference
                0x080482b6                pbuf_alloced_custom
                0x0804831e                pbuf_realloc
                0x08048490                pbuf_add_header
                0x080484ae                pbuf_add_header_force
                0x080484cc                pbuf_remove_header
                0x08048582                pbuf_header
                0x080485a6                pbuf_header_force
                0x080485ca                pbuf_free_header
                0x08048630                pbuf_free
                0x08048702                pbuf_clen
                0x08048730                pbuf_ref
                0x0804877a                pbuf_cat
                0x080487d8                pbuf_chain
                0x080487f8                pbuf_dechain
                0x0804884c                pbuf_copy
                0x08048964                pbuf_copy_partial
                0x08048a1c                pbuf_get_contiguous
                0x08048af6                pbuf_skip
                0x08048b1c                pbuf_take
                0x08048bca                pbuf_take_at
                0x08048c7a                pbuf_coalesce
                0x08048cbc                pbuf_clone
                0x08048cfc                pbuf_get_at
                0x08048d2a                pbuf_try_get_at
                0x08048d6e                pbuf_put_at
                0x08048db2                pbuf_memcmp
                0x08048e5c                pbuf_memfind
                0x08048ec6                pbuf_strstr
 .text          0x08048f20      0x39c ./obj/timeouts.o
                0x08048f68                tcp_timer_needed
                0x080490c8                sys_timeouts_init
                0x0804910c                sys_timeout
                0x08049136                sys_untimeout
                0x080491a8                sys_check_timeouts
                0x0804921c                sys_restart_timeouts
                0x0804926c                sys_timeouts_sleeptime
 .text          0x080492bc      0x28c ./obj/def.o
                0x080492bc                lwip_htons
                0x080492e6                lwip_htonl
                0x08049318                lwip_strnstr
                0x08049384                lwip_stricmp
                0x080493ec                lwip_strnicmp
                0x08049462                lwip_itoa
 .text          0x08049548      0x76c ./obj/netif.o
                0x08049548                netif_init
                0x08049556                netif_input
                0x0804958c                netif_add_noaddr
                0x080495bc                netif_add
                0x08049784                netif_set_ipaddr
                0x080497fa                netif_set_netmask
                0x0804986e                netif_set_gw
                0x080498a4                netif_set_addr
                0x08049938                netif_remove
                0x080499d4                netif_set_default
                0x080499f4                netif_set_up
                0x08049a94                netif_set_down
                0x08049ae0                netif_set_link_up
                0x08049b26                netif_set_link_down
                0x08049b7e                netif_name_to_index
                0x08049baa                netif_index_to_name
                0x08049bfa                netif_get_by_index
                0x08049c44                netif_find
 .text          0x08049cb4     0x16c4 ./obj/tcp_out.o
                0x08049f02                tcp_write
                0x0804a41c                tcp_split_unsent_seg
                0x0804a62c                tcp_send_fin
                0x0804a6ac                tcp_enqueue_flags
                0x0804a7c8                tcp_output
                0x0804acac                tcp_rexmit_rto_prepare
                0x0804ad6c                tcp_rexmit_rto_commit
                0x0804ad9c                tcp_rexmit_rto
                0x0804adbe                tcp_rexmit
                0x0804ae76                tcp_rexmit_fast
                0x0804b0d6                tcp_rst
                0x0804b140                tcp_send_empty_ack
                0x0804b1e2                tcp_keepalive
                0x0804b242                tcp_zero_window_probe
 .text          0x0804b378     0x21c4 ./obj/tcp_in.o
                0x0804b378                tcp_input
                0x0804d51c                tcp_trigger_input_pcb_close
 .text          0x0804d53c     0x1aa0 ./obj/tcp.o
                0x0804d53c                tcp_init
                0x0804d560                tcp_free
                0x0804d590                tcp_tmr
                0x0804d866                tcp_close
                0x0804d8a2                tcp_shutdown
                0x0804d93e                tcp_abandon
                0x0804da88                tcp_abort
                0x0804daa0                tcp_bind
                0x0804dba4                tcp_bind_netif
                0x0804dbf6                tcp_listen_with_backlog
                0x0804dc18                tcp_listen_with_backlog_and_err
                0x0804dd40                tcp_update_rcv_ann_wnd
                0x0804ddbc                tcp_recved
                0x0804deb4                tcp_connect
                0x0804e0a8                tcp_slowtmr
                0x0804e600                tcp_fasttmr
                0x0804e6c8                tcp_txnow
                0x0804e704                tcp_process_refused_data
                0x0804e7e2                tcp_segs_free
                0x0804e80c                tcp_seg_free
                0x0804e83c                tcp_setprio
                0x0804e862                tcp_seg_copy
                0x0804e89a                tcp_recv_null
                0x0804eaa0                tcp_alloc
                0x0804eba8                tcp_new
                0x0804ebb8                tcp_new_ip_type
                0x0804ebd4                tcp_arg
                0x0804ebf6                tcp_recv
                0x0804ec1a                tcp_sent
                0x0804ec3e                tcp_err
                0x0804ec62                tcp_accept
                0x0804ec90                tcp_poll
                0x0804ecc0                tcp_pcb_purge
                0x0804ed48                tcp_pcb_remove
                0x0804ede0                tcp_next_iss
                0x0804ee10                tcp_eff_send_mss_netif
                0x0804eeac                tcp_netif_ip_addr_changed
                0x0804ef28                tcp_debug_state_str
                0x0804ef4c                tcp_tcp_get_tcp_addrinfo
                0x0804efb4                tcp_free_ooseq
 .text          0x0804efdc        0x0 ./obj/ip.o
 .text          0x0804efdc      0x900 ./obj/udp.o
                0x0804efdc                udp_init
                0x0804f108                udp_input
                0x0804f2ec                udp_send
                0x0804f328                udp_sendto
                0x0804f3a0                udp_sendto_if
                0x0804f438                udp_sendto_if_src
                0x0804f586                udp_bind
                0x0804f67c                udp_bind_netif
                0x0804f6ae                udp_connect
                0x0804f760                udp_disconnect
                0x0804f79c                udp_recv
                0x0804f7c8                udp_remove
                0x0804f834                udp_new
                0x0804f862                udp_new_ip_type
                0x0804f87c                udp_netif_ip_addr_changed
 .text          0x0804f8dc      0x188 ./obj/ethernet.o
                0x0804f8dc                ethernet_input
                0x0804f9f8                ethernet_output
 .text          0x0804fa64      0xad0 ./obj/stm32f7xx_hal_eth.o
                0x0804fb50                HAL_ETH_DMATxDescListInit
                0x0804fbdc                HAL_ETH_DMARxDescListInit
                0x0804fc60                HAL_ETH_DeInit
                0x0804fc7c                HAL_ETH_TransmitFrame
                0x0804fd84                HAL_ETH_GetReceivedFrame
                0x0804fe1c                HAL_ETH_GetReceivedFrame_IT
                0x0804febc                HAL_ETH_TxCpltCallback
                0x0804fec4                HAL_ETH_ErrorCallback
                0x0804fec8                HAL_ETH_IRQHandler
                0x0804ff44                HAL_ETH_ReadPHYRegister
                0x0804ffb8                HAL_ETH_WritePHYRegister
                0x08050028                HAL_ETH_Init
                0x0805023c                HAL_ETH_Start
                0x080502d4                HAL_ETH_Stop
                0x08050370                HAL_ETH_ConfigMAC
                0x08050488                HAL_ETH_ConfigDMA
                0x0805052c                HAL_ETH_GetState
 .text          0x08050534      0x474 ./obj/stm32f7xx_hal_gpio.o
                0x08050534                HAL_GPIO_Init
                0x080507c0                HAL_GPIO_DeInit
                0x08050940                HAL_GPIO_ReadPin
                0x0805094c                HAL_GPIO_WritePin
                0x08050954                HAL_GPIO_TogglePin
                0x08050960                HAL_GPIO_LockPin
                0x0805098c                HAL_GPIO_EXTI_Callback
                0x08050990                HAL_GPIO_EXTI_IRQHandler
 .text          0x080509a8      0x8e0 ./obj/stm32f7xx_hal_rcc.o
                0x080509a8                HAL_RCC_DeInit
                0x08050ae0                HAL_RCC_OscConfig
                0x08050ecc                HAL_RCC_MCOConfig
                0x08050f64                HAL_RCC_EnableCSS
                0x08050f74                HAL_RCC_DisableCSS
                0x08050f84                HAL_RCC_GetSysClockFreq
                0x08050fec                HAL_RCC_ClockConfig
                0x0805112c                HAL_RCC_GetHCLKFreq
                0x08051138                HAL_RCC_GetPCLK1Freq
                0x08051158                HAL_RCC_GetPCLK2Freq
                0x08051178                HAL_RCC_GetOscConfig
                0x08051224                HAL_RCC_GetClockConfig
                0x08051268                HAL_RCC_CSSCallback
                0x0805126c                HAL_RCC_NMI_IRQHandler
 .text          0x08051288      0x24c ./obj/stm32f7xx_hal.o
                0x08051288                HAL_MspInit
                0x0805128c                HAL_MspDeInit
                0x08051290                HAL_DeInit
                0x080512bc                HAL_InitTick
                0x080512fc                HAL_Init
                0x08051328                HAL_IncTick
                0x0805134c                HAL_GetTickPrio
                0x08051358                HAL_SetTickFreq
                0x0805137c                HAL_GetTickFreq
                0x080513ac                HAL_SuspendTick
                0x080513bc                HAL_ResumeTick
                0x080513cc                HAL_GetHalVersion
                0x080513d4                HAL_GetREVID
                0x080513e0                HAL_GetDEVID
                0x080513f0                HAL_GetUIDw0
                0x080513fc                HAL_GetUIDw1
                0x08051408                HAL_GetUIDw2
                0x08051414                HAL_DBGMCU_EnableDBGSleepMode
                0x08051424                HAL_DBGMCU_DisableDBGSleepMode
                0x08051434                HAL_DBGMCU_EnableDBGStopMode
                0x08051444                HAL_DBGMCU_DisableDBGStopMode
                0x08051454                HAL_DBGMCU_EnableDBGStandbyMode
                0x08051464                HAL_DBGMCU_DisableDBGStandbyMode
                0x08051474                HAL_EnableCompensationCell
                0x08051484                HAL_DisableCompensationCell
                0x08051494                HAL_EnableFMCMemorySwapping
                0x080514a4                HAL_DisableFMCMemorySwapping
                0x080514b4                HAL_EnableMemorySwappingBank
                0x080514c4                HAL_DisableMemorySwappingBank
 .text          0x080514d4      0x2f0 ./obj/stm32f7xx_hal_cortex.o
                0x080514d4                HAL_NVIC_SetPriorityGrouping
                0x080514f8                HAL_NVIC_SetPriority
                0x08051574                HAL_NVIC_EnableIRQ
                0x08051590                HAL_NVIC_DisableIRQ
                0x080515b8                HAL_NVIC_SystemReset
                0x080515dc                HAL_SYSTICK_Config
                0x08051608                HAL_MPU_Disable
                0x08051624                HAL_MPU_Enable
                0x08051644                HAL_MPU_ConfigRegion
                0x080516a8                HAL_NVIC_GetPriorityGrouping
                0x080516b8                HAL_NVIC_GetPriority
                0x08051718                HAL_NVIC_SetPendingIRQ
                0x08051738                HAL_NVIC_GetPendingIRQ
                0x0805175c                HAL_NVIC_ClearPendingIRQ
                0x0805177c                HAL_NVIC_GetActive
                0x080517a0                HAL_SYSTICK_CLKSourceConfig
                0x080517b8                HAL_SYSTICK_Callback
                0x080517bc                HAL_SYSTICK_IRQHandler
 .text          0x080517c4      0xa1c ./lib/libRTX_CM4F.a(rtx_msgqueue.o)
                0x08051f34                osMessageQueueNew
                0x08051f74                osMessageQueueGetName
                0x08051fa4                osMessageQueuePut
                0x08052040                osMessageQueueGet
                0x080520d0                osMessageQueueGetCapacity
                0x080520f8                osMessageQueueGetMsgSize
                0x08052120                osMessageQueueGetCount
                0x08052148                osMessageQueueGetSpace
                0x08052170                osMessageQueueReset
                0x080521a8                osMessageQueueDelete
 .text          0x080521e0      0x6e0 ./lib/libRTX_CM4F.a(rtx_mempool.o)
                0x0805229c                osRtxMemoryPoolInit
                0x08052300                osRtxMemoryPoolAlloc
                0x080523e4                osRtxMemoryPoolFree
                0x08052694                osMemoryPoolNew
                0x080526d4                osMemoryPoolGetName
                0x08052704                osMemoryPoolAlloc
                0x08052770                osMemoryPoolFree
                0x080527e8                osMemoryPoolGetCapacity
                0x08052810                osMemoryPoolGetBlockSize
                0x08052838                osMemoryPoolGetCount
                0x08052860                osMemoryPoolGetSpace
                0x08052888                osMemoryPoolDelete
 .text          0x080528c0      0x128 ./lib/libRTX_CM4F.a(rtx_memory.o)
                0x080528c0                osRtxMemoryInit
                0x08052904                osRtxMemoryAlloc
                0x08052984                osRtxMemoryFree
 .text          0x080529e8      0x490 ./lib/libRTX_CM4F.a(rtx_semaphore.o)
                0x08052ca0                osSemaphoreNew
                0x08052ce0                osSemaphoreGetName
                0x08052d10                osSemaphoreAcquire
                0x08052d90                osSemaphoreRelease
                0x08052e18                osSemaphoreGetCount
                0x08052e40                osSemaphoreDelete
 .text          0x08052e78      0x50c ./lib/libRTX_CM4F.a(rtx_mutex.o)
                0x080531dc                osRtxMutexOwnerRelease
                0x08053240                osMutexNew
                0x08053278                osMutexGetName
                0x080532a8                osMutexAcquire
                0x080532e4                osMutexRelease
                0x0805331c                osMutexGetOwner
                0x0805334c                osMutexDelete
 .text          0x08053384      0x4a8 ./lib/libRTX_CM4F.a(rtx_timer.o)
                0x08053694                osRtxTimerThread
                0x080536dc                osTimerNew
                0x08053720                osTimerGetName
                0x08053750                osTimerStart
                0x0805378c                osTimerStop
                0x080537c4                osTimerIsRunning
                0x080537f4                osTimerDelete
 .text          0x0805382c       0xe0 ./lib/libRTX_CM4F.a(rtx_delay.o)
                0x0805389c                osDelay
                0x080538d4                osDelayUntil
 .text          0x0805390c     0x1628 ./lib/libRTX_CM4F.a(rtx_thread.o)
                0x080539fc                osThreadExit
                0x08053d9c                osRtxThreadListPut
                0x08053de4                osRtxThreadListGet
                0x08053df8                osRtxThreadListSort
                0x08053e68                osRtxThreadListRemove
                0x08053e7c                osRtxThreadReadyPut
                0x08053ed4                osRtxThreadDelayTick
                0x08054028                osRtxThreadRegPtr
                0x0805403c                osRtxThreadStackCheck
                0x08054064                osRtxThreadSwitch
                0x08054084                osRtxThreadDispatch
                0x08054130                osRtxThreadWaitExit
                0x080545fc                osRtxThreadWaitEnter
                0x08054a6c                osRtxThreadStartup
                0x08054aac                osThreadNew
                0x08054aec                osThreadGetName
                0x08054b1c                osThreadGetId
                0x08054b54                osThreadGetState
                0x08054b88                osThreadGetStackSize
                0x08054bb8                osThreadGetStackSpace
                0x08054be8                osThreadSetPriority
                0x08054c24                osThreadGetPriority
                0x08054c58                osThreadYield
                0x08054c8c                osThreadSuspend
                0x08054cc4                osThreadResume
                0x08054cfc                osThreadDetach
                0x08054d34                osThreadJoin
                0x08054d6c                osThreadTerminate
                0x08054da4                osThreadGetCount
                0x08054dd0                osThreadEnumerate
                0x08054e04                osThreadFlagsSet
                0x08054e90                osThreadFlagsClear
                0x08054ec8                osThreadFlagsGet
                0x08054ef4                osThreadFlagsWait
 .text          0x08054f34      0x748 ./lib/libRTX_CM4F.a(rtx_kernel.o)
                0x080553b4                osRtxKernelPreInit
                0x080553b8                osKernelInitialize
                0x080553f0                osKernelGetInfo
                0x08055438                osKernelGetState
                0x08055478                osKernelStart
                0x080554ac                osKernelLock
                0x080554e0                osKernelUnlock
                0x08055514                osKernelRestoreLock
                0x0805554c                osKernelSuspend
                0x08055580                osKernelResume
                0x080555b8                osKernelGetTickCount
                0x080555ec                osKernelGetTickFreq
                0x08055624                osKernelGetSysTimerCount
                0x08055648                osKernelGetSysTimerFreq
 .text          0x0805567c       0xc4 ./lib/libRTX_CM4F.a(irq_cm4f.o)
                0x0805567c                SVC_Handler
                0x08055714                PendSV_Handler
                0x08055724                SysTick_Handler
 .text          0x08055740       0xec ./lib/libRTX_CM4F.a(os_systick.o)
                0x08055740                OS_Tick_Setup
                0x08055788                OS_Tick_Enable
                0x080557b4                OS_Tick_Disable
                0x080557e0                OS_Tick_AcknowledgeIRQ
                0x080557ec                OS_Tick_GetIRQn
                0x080557f4                OS_Tick_GetClock
                0x08055800                OS_Tick_GetInterval
                0x0805580c                OS_Tick_GetCount
                0x0805581c                OS_Tick_GetOverflow
 .text          0x0805582c      0x2b0 ./lib/libRTX_CM4F.a(rtx_evr.o)
                0x0805582c                EvrRtxMemoryInit
                0x08055830                EvrRtxMemoryAlloc
                0x08055834                EvrRtxMemoryFree
                0x08055838                EvrRtxMemoryBlockInit
                0x0805583c                EvrRtxMemoryBlockAlloc
                0x08055840                EvrRtxMemoryBlockFree
                0x08055844                EvrRtxKernelError
                0x08055848                EvrRtxKernelInitialize
                0x0805584c                EvrRtxKernelInitialized
                0x08055850                EvrRtxKernelGetInfo
                0x08055854                EvrRtxKernelInfoRetrieved
                0x08055858                EvrRtxKernelGetState
                0x0805585c                EvrRtxKernelStart
                0x08055860                EvrRtxKernelStarted
                0x08055864                EvrRtxKernelLock
                0x08055868                EvrRtxKernelLocked
                0x0805586c                EvrRtxKernelUnlock
                0x08055870                EvrRtxKernelUnlocked
                0x08055874                EvrRtxKernelRestoreLock
                0x08055878                EvrRtxKernelLockRestored
                0x0805587c                EvrRtxKernelSuspend
                0x08055880                EvrRtxKernelSuspended
                0x08055884                EvrRtxKernelResume
                0x08055888                EvrRtxKernelResumed
                0x0805588c                EvrRtxKernelGetTickCount
                0x08055890                EvrRtxKernelGetTickFreq
                0x08055894                EvrRtxKernelGetSysTimerCount
                0x08055898                EvrRtxKernelGetSysTimerFreq
                0x0805589c                EvrRtxThreadError
                0x080558a0                EvrRtxThreadNew
                0x080558a4                EvrRtxThreadCreated
                0x080558a8                EvrRtxThreadGetName
                0x080558ac                EvrRtxThreadGetId
                0x080558b0                EvrRtxThreadGetState
                0x080558b4                EvrRtxThreadGetStackSize
                0x080558b8                EvrRtxThreadGetStackSpace
                0x080558bc                EvrRtxThreadSetPriority
                0x080558c0                EvrRtxThreadPriorityUpdated
                0x080558c4                EvrRtxThreadGetPriority
                0x080558c8                EvrRtxThreadYield
                0x080558cc                EvrRtxThreadSuspend
                0x080558d0                EvrRtxThreadSuspended
                0x080558d4                EvrRtxThreadResume
                0x080558d8                EvrRtxThreadResumed
                0x080558dc                EvrRtxThreadDetach
                0x080558e0                EvrRtxThreadDetached
                0x080558e4                EvrRtxThreadJoin
                0x080558e8                EvrRtxThreadJoinPending
                0x080558ec                EvrRtxThreadJoined
                0x080558f0                EvrRtxThreadBlocked
                0x080558f4                EvrRtxThreadUnblocked
                0x080558f8                EvrRtxThreadPreempted
                0x080558fc                EvrRtxThreadSwitched
                0x08055900                EvrRtxThreadExit
                0x08055904                EvrRtxThreadTerminate
                0x08055908                EvrRtxThreadDestroyed
                0x0805590c                EvrRtxThreadGetCount
                0x08055910                EvrRtxThreadEnumerate
                0x08055914                EvrRtxThreadFlagsError
                0x08055918                EvrRtxThreadFlagsSet
                0x0805591c                EvrRtxThreadFlagsSetDone
                0x08055920                EvrRtxThreadFlagsClear
                0x08055924                EvrRtxThreadFlagsClearDone
                0x08055928                EvrRtxThreadFlagsGet
                0x0805592c                EvrRtxThreadFlagsWait
                0x08055930                EvrRtxThreadFlagsWaitPending
                0x08055934                EvrRtxThreadFlagsWaitTimeout
                0x08055938                EvrRtxThreadFlagsWaitCompleted
                0x0805593c                EvrRtxThreadFlagsWaitNotCompleted
                0x08055940                EvrRtxDelayError
                0x08055944                EvrRtxDelay
                0x08055948                EvrRtxDelayUntil
                0x0805594c                EvrRtxDelayStarted
                0x08055950                EvrRtxDelayUntilStarted
                0x08055954                EvrRtxDelayCompleted
                0x08055958                EvrRtxTimerError
                0x0805595c                EvrRtxTimerCallback
                0x08055960                EvrRtxTimerNew
                0x08055964                EvrRtxTimerCreated
                0x08055968                EvrRtxTimerGetName
                0x0805596c                EvrRtxTimerStart
                0x08055970                EvrRtxTimerStarted
                0x08055974                EvrRtxTimerStop
                0x08055978                EvrRtxTimerStopped
                0x0805597c                EvrRtxTimerIsRunning
                0x08055980                EvrRtxTimerDelete
                0x08055984                EvrRtxTimerDestroyed
                0x08055988                EvrRtxEventFlagsError
                0x0805598c                EvrRtxEventFlagsNew
                0x08055990                EvrRtxEventFlagsCreated
                0x08055994                EvrRtxEventFlagsGetName
                0x08055998                EvrRtxEventFlagsSet
                0x0805599c                EvrRtxEventFlagsSetDone
                0x080559a0                EvrRtxEventFlagsClear
                0x080559a4                EvrRtxEventFlagsClearDone
                0x080559a8                EvrRtxEventFlagsGet
                0x080559ac                EvrRtxEventFlagsWait
                0x080559b0                EvrRtxEventFlagsWaitPending
                0x080559b4                EvrRtxEventFlagsWaitTimeout
                0x080559b8                EvrRtxEventFlagsWaitCompleted
                0x080559bc                EvrRtxEventFlagsWaitNotCompleted
                0x080559c0                EvrRtxEventFlagsDelete
                0x080559c4                EvrRtxEventFlagsDestroyed
                0x080559c8                EvrRtxMutexError
                0x080559cc                EvrRtxMutexNew
                0x080559d0                EvrRtxMutexCreated
                0x080559d4                EvrRtxMutexGetName
                0x080559d8                EvrRtxMutexAcquire
                0x080559dc                EvrRtxMutexAcquirePending
                0x080559e0                EvrRtxMutexAcquireTimeout
                0x080559e4                EvrRtxMutexAcquired
                0x080559e8                EvrRtxMutexNotAcquired
                0x080559ec                EvrRtxMutexRelease
                0x080559f0                EvrRtxMutexReleased
                0x080559f4                EvrRtxMutexGetOwner
                0x080559f8                EvrRtxMutexDelete
                0x080559fc                EvrRtxMutexDestroyed
                0x08055a00                EvrRtxSemaphoreError
                0x08055a04                EvrRtxSemaphoreNew
                0x08055a08                EvrRtxSemaphoreCreated
                0x08055a0c                EvrRtxSemaphoreGetName
                0x08055a10                EvrRtxSemaphoreAcquire
                0x08055a14                EvrRtxSemaphoreAcquirePending
                0x08055a18                EvrRtxSemaphoreAcquireTimeout
                0x08055a1c                EvrRtxSemaphoreAcquired
                0x08055a20                EvrRtxSemaphoreNotAcquired
                0x08055a24                EvrRtxSemaphoreRelease
                0x08055a28                EvrRtxSemaphoreReleased
                0x08055a2c                EvrRtxSemaphoreGetCount
                0x08055a30                EvrRtxSemaphoreDelete
                0x08055a34                EvrRtxSemaphoreDestroyed
                0x08055a38                EvrRtxMemoryPoolError
                0x08055a3c                EvrRtxMemoryPoolNew
                0x08055a40                EvrRtxMemoryPoolCreated
                0x08055a44                EvrRtxMemoryPoolGetName
                0x08055a48                EvrRtxMemoryPoolAlloc
                0x08055a4c                EvrRtxMemoryPoolAllocPending
                0x08055a50                EvrRtxMemoryPoolAllocTimeout
                0x08055a54                EvrRtxMemoryPoolAllocated
                0x08055a58                EvrRtxMemoryPoolAllocFailed
                0x08055a5c                EvrRtxMemoryPoolFree
                0x08055a60                EvrRtxMemoryPoolDeallocated
                0x08055a64                EvrRtxMemoryPoolFreeFailed
                0x08055a68                EvrRtxMemoryPoolGetCapacity
                0x08055a6c                EvrRtxMemoryPoolGetBlockSize
                0x08055a70                EvrRtxMemoryPoolGetCount
                0x08055a74                EvrRtxMemoryPoolGetSpace
                0x08055a78                EvrRtxMemoryPoolDelete
                0x08055a7c                EvrRtxMemoryPoolDestroyed
                0x08055a80                EvrRtxMessageQueueError
                0x08055a84                EvrRtxMessageQueueNew
                0x08055a88                EvrRtxMessageQueueCreated
                0x08055a8c                EvrRtxMessageQueueGetName
                0x08055a90                EvrRtxMessageQueuePut
                0x08055a94                EvrRtxMessageQueuePutPending
                0x08055a98                EvrRtxMessageQueuePutTimeout
                0x08055a9c                EvrRtxMessageQueueInsertPending
                0x08055aa0                EvrRtxMessageQueueInserted
                0x08055aa4                EvrRtxMessageQueueNotInserted
                0x08055aa8                EvrRtxMessageQueueGet
                0x08055aac                EvrRtxMessageQueueGetPending
                0x08055ab0                EvrRtxMessageQueueGetTimeout
                0x08055ab4                EvrRtxMessageQueueRetrieved
                0x08055ab8                EvrRtxMessageQueueNotRetrieved
                0x08055abc                EvrRtxMessageQueueGetCapacity
                0x08055ac0                EvrRtxMessageQueueGetMsgSize
                0x08055ac4                EvrRtxMessageQueueGetCount
                0x08055ac8                EvrRtxMessageQueueGetSpace
                0x08055acc                EvrRtxMessageQueueReset
                0x08055ad0                EvrRtxMessageQueueResetDone
                0x08055ad4                EvrRtxMessageQueueDelete
                0x08055ad8                EvrRtxMessageQueueDestroyed
 .text          0x08055adc      0x198 ./lib/libRTX_CM4F.a(rtx_system.o)
                0x08055adc                osRtxTick_Handler
                0x08055b58                osRtxPendSV_Handler
                0x08055c00                osRtxPostProcess
 .text          0x08055c74        0x0 c:/users/jaejunmin/downloads/peak-devpack/compiler/10 2020-q4-major/bin/../lib/gcc/arm-none-eabi/10.2.1/../../../../arm-none-eabi/lib/thumb/v7e-m+dp/hard\libc.a(lib_a-atoi.o)
 .text.atoi     0x08055c74        0x8 c:/users/jaejunmin/downloads/peak-devpack/compiler/10 2020-q4-major/bin/../lib/gcc/arm-none-eabi/10.2.1/../../../../arm-none-eabi/lib/thumb/v7e-m+dp/hard\libc.a(lib_a-atoi.o)
                0x08055c74                atoi
 .text._atoi_r  0x08055c7c        0x8 c:/users/jaejunmin/downloads/peak-devpack/compiler/10 2020-q4-major/bin/../lib/gcc/arm-none-eabi/10.2.1/../../../../arm-none-eabi/lib/thumb/v7e-m+dp/hard\libc.a(lib_a-atoi.o)
                0x08055c7c                _atoi_r
 .text          0x08055c84        0x0 c:/users/jaejunmin/downloads/peak-devpack/compiler/10 2020-q4-major/bin/../lib/gcc/arm-none-eabi/10.2.1/../../../../arm-none-eabi/lib/thumb/v7e-m+dp/hard\libc.a(lib_a-ctype_.o)
 .text          0x08055c84        0x0 c:/users/jaejunmin/downloads/peak-devpack/compiler/10 2020-q4-major/bin/../lib/gcc/arm-none-eabi/10.2.1/../../../../arm-none-eabi/lib/thumb/v7e-m+dp/hard\libc.a(lib_a-exit.o)
 .text.exit     0x08055c84       0x20 c:/users/jaejunmin/downloads/peak-devpack/compiler/10 2020-q4-major/bin/../lib/gcc/arm-none-eabi/10.2.1/../../../../arm-none-eabi/lib/thumb/v7e-m+dp/hard\libc.a(lib_a-exit.o)
                0x08055c84                exit
 .text          0x08055ca4        0x0 c:/users/jaejunmin/downloads/peak-devpack/compiler/10 2020-q4-major/bin/../lib/gcc/arm-none-eabi/10.2.1/../../../../arm-none-eabi/lib/thumb/v7e-m+dp/hard\libc.a(lib_a-impure.o)
 .text          0x08055ca4        0x0 c:/users/jaejunmin/downloads/peak-devpack/compiler/10 2020-q4-major/bin/../lib/gcc/arm-none-eabi/10.2.1/../../../../arm-none-eabi/lib/thumb/v7e-m+dp/hard\libc.a(lib_a-init.o)
 .text.__libc_init_array
                0x08055ca4       0x48 c:/users/jaejunmin/downloads/peak-devpack/compiler/10 2020-q4-major/bin/../lib/gcc/arm-none-eabi/10.2.1/../../../../arm-none-eabi/lib/thumb/v7e-m+dp/hard\libc.a(lib_a-init.o)
                0x08055ca4                __libc_init_array
 .text          0x08055cec        0x0 c:/users/jaejunmin/downloads/peak-devpack/compiler/10 2020-q4-major/bin/../lib/gcc/arm-none-eabi/10.2.1/../../../../arm-none-eabi/lib/thumb/v7e-m+dp/hard\libc.a(lib_a-memcmp.o)
 .text.memcmp   0x08055cec       0x64 c:/users/jaejunmin/downloads/peak-devpack/compiler/10 2020-q4-major/bin/../lib/gcc/arm-none-eabi/10.2.1/../../../../arm-none-eabi/lib/thumb/v7e-m+dp/hard\libc.a(lib_a-memcmp.o)
                0x08055cec                memcmp
 .text          0x08055d50      0x134 c:/users/jaejunmin/downloads/peak-devpack/compiler/10 2020-q4-major/bin/../lib/gcc/arm-none-eabi/10.2.1/../../../../arm-none-eabi/lib/thumb/v7e-m+dp/hard\libc.a(lib_a-memcpy.o)
                0x08055d50                memcpy
 .text          0x08055e84        0x0 c:/users/jaejunmin/downloads/peak-devpack/compiler/10 2020-q4-major/bin/../lib/gcc/arm-none-eabi/10.2.1/../../../../arm-none-eabi/lib/thumb/v7e-m+dp/hard\libc.a(lib_a-memmove.o)
 .text.memmove  0x08055e84       0xf8 c:/users/jaejunmin/downloads/peak-devpack/compiler/10 2020-q4-major/bin/../lib/gcc/arm-none-eabi/10.2.1/../../../../arm-none-eabi/lib/thumb/v7e-m+dp/hard\libc.a(lib_a-memmove.o)
                0x08055e84                memmove
 .text          0x08055f7c        0x0 c:/users/jaejunmin/downloads/peak-devpack/compiler/10 2020-q4-major/bin/../lib/gcc/arm-none-eabi/10.2.1/../../../../arm-none-eabi/lib/thumb/v7e-m+dp/hard\libc.a(lib_a-memset.o)
 .text.memset   0x08055f7c       0xa4 c:/users/jaejunmin/downloads/peak-devpack/compiler/10 2020-q4-major/bin/../lib/gcc/arm-none-eabi/10.2.1/../../../../arm-none-eabi/lib/thumb/v7e-m+dp/hard\libc.a(lib_a-memset.o)
                0x08055f7c                memset
 .text          0x08056020        0x0 c:/users/jaejunmin/downloads/peak-devpack/compiler/10 2020-q4-major/bin/../lib/gcc/arm-none-eabi/10.2.1/../../../../arm-none-eabi/lib/thumb/v7e-m+dp/hard\libc.a(lib_a-printf.o)
 .text._printf_r
                0x08056020       0x20 c:/users/jaejunmin/downloads/peak-devpack/compiler/10 2020-q4-major/bin/../lib/gcc/arm-none-eabi/10.2.1/../../../../arm-none-eabi/lib/thumb/v7e-m+dp/hard\libc.a(lib_a-printf.o)
                0x08056020                _printf_r
 .text.printf   0x08056040       0x28 c:/users/jaejunmin/downloads/peak-devpack/compiler/10 2020-q4-major/bin/../lib/gcc/arm-none-eabi/10.2.1/../../../../arm-none-eabi/lib/thumb/v7e-m+dp/hard\libc.a(lib_a-printf.o)
                0x08056040                printf
 .text          0x08056068        0x0 c:/users/jaejunmin/downloads/peak-devpack/compiler/10 2020-q4-major/bin/../lib/gcc/arm-none-eabi/10.2.1/../../../../arm-none-eabi/lib/thumb/v7e-m+dp/hard\libc.a(lib_a-puts.o)
 .text._puts_r  0x08056068       0x9c c:/users/jaejunmin/downloads/peak-devpack/compiler/10 2020-q4-major/bin/../lib/gcc/arm-none-eabi/10.2.1/../../../../arm-none-eabi/lib/thumb/v7e-m+dp/hard\libc.a(lib_a-puts.o)
                0x08056068                _puts_r
 .text.puts     0x08056104       0x10 c:/users/jaejunmin/downloads/peak-devpack/compiler/10 2020-q4-major/bin/../lib/gcc/arm-none-eabi/10.2.1/../../../../arm-none-eabi/lib/thumb/v7e-m+dp/hard\libc.a(lib_a-puts.o)
                0x08056104                puts
 .text          0x08056114        0x0 c:/users/jaejunmin/downloads/peak-devpack/compiler/10 2020-q4-major/bin/../lib/gcc/arm-none-eabi/10.2.1/../../../../arm-none-eabi/lib/thumb/v7e-m+dp/hard\libc.a(lib_a-rand.o)
 .text.srand    0x08056114       0x10 c:/users/jaejunmin/downloads/peak-devpack/compiler/10 2020-q4-major/bin/../lib/gcc/arm-none-eabi/10.2.1/../../../../arm-none-eabi/lib/thumb/v7e-m+dp/hard\libc.a(lib_a-rand.o)
                0x08056114                srand
 .text.rand     0x08056124       0x3c c:/users/jaejunmin/downloads/peak-devpack/compiler/10 2020-q4-major/bin/../lib/gcc/arm-none-eabi/10.2.1/../../../../arm-none-eabi/lib/thumb/v7e-m+dp/hard\libc.a(lib_a-rand.o)
                0x08056124                rand
 .text          0x08056160        0x0 c:/users/jaejunmin/downloads/peak-devpack/compiler/10 2020-q4-major/bin/../lib/gcc/arm-none-eabi/10.2.1/../../../../arm-none-eabi/lib/thumb/v7e-m+dp/hard\libc.a(lib_a-sprintf.o)
 .text._sprintf_r
                0x08056160       0x38 c:/users/jaejunmin/downloads/peak-devpack/compiler/10 2020-q4-major/bin/../lib/gcc/arm-none-eabi/10.2.1/../../../../arm-none-eabi/lib/thumb/v7e-m+dp/hard\libc.a(lib_a-sprintf.o)
                0x08056160                _sprintf_r
 .text.sprintf  0x08056198       0x40 c:/users/jaejunmin/downloads/peak-devpack/compiler/10 2020-q4-major/bin/../lib/gcc/arm-none-eabi/10.2.1/../../../../arm-none-eabi/lib/thumb/v7e-m+dp/hard\libc.a(lib_a-sprintf.o)
                0x08056198                sprintf
 .text          0x080561d8        0x0 c:/users/jaejunmin/downloads/peak-devpack/compiler/10 2020-q4-major/bin/../lib/gcc/arm-none-eabi/10.2.1/../../../../arm-none-eabi/lib/thumb/v7e-m+dp/hard\libc.a(lib_a-strchr.o)
 .text.strchr   0x080561d8       0xcc c:/users/jaejunmin/downloads/peak-devpack/compiler/10 2020-q4-major/bin/../lib/gcc/arm-none-eabi/10.2.1/../../../../arm-none-eabi/lib/thumb/v7e-m+dp/hard\libc.a(lib_a-strchr.o)
                0x080561d8                strchr
 *fill*         0x080562a4       0x1c 
 .text          0x080562c0      0x2dc c:/users/jaejunmin/downloads/peak-devpack/compiler/10 2020-q4-major/bin/../lib/gcc/arm-none-eabi/10.2.1/../../../../arm-none-eabi/lib/thumb/v7e-m+dp/hard\libc.a(lib_a-strcmp.o)
                0x080562c8                strcmp
 .text          0x0805659c        0x0 c:/users/jaejunmin/downloads/peak-devpack/compiler/10 2020-q4-major/bin/../lib/gcc/arm-none-eabi/10.2.1/../../../../arm-none-eabi/lib/thumb/v7e-m+dp/hard\libc.a(lib_a-strcpy.o)
 .text.strcpy   0x0805659c       0xbc c:/users/jaejunmin/downloads/peak-devpack/compiler/10 2020-q4-major/bin/../lib/gcc/arm-none-eabi/10.2.1/../../../../arm-none-eabi/lib/thumb/v7e-m+dp/hard\libc.a(lib_a-strcpy.o)
                0x0805659c                strcpy
 *fill*         0x08056658       0x28 
 .text          0x08056680       0xdc c:/users/jaejunmin/downloads/peak-devpack/compiler/10 2020-q4-major/bin/../lib/gcc/arm-none-eabi/10.2.1/../../../../arm-none-eabi/lib/thumb/v7e-m+dp/hard\libc.a(lib_a-strlen.o)
                0x08056680                strlen
 .text          0x0805675c        0x0 c:/users/jaejunmin/downloads/peak-devpack/compiler/10 2020-q4-major/bin/../lib/gcc/arm-none-eabi/10.2.1/../../../../arm-none-eabi/lib/thumb/v7e-m+dp/hard\libc.a(lib_a-strncmp.o)
 .text.strncmp  0x0805675c       0x80 c:/users/jaejunmin/downloads/peak-devpack/compiler/10 2020-q4-major/bin/../lib/gcc/arm-none-eabi/10.2.1/../../../../arm-none-eabi/lib/thumb/v7e-m+dp/hard\libc.a(lib_a-strncmp.o)
                0x0805675c                strncmp
 .text          0x080567dc        0x0 c:/users/jaejunmin/downloads/peak-devpack/compiler/10 2020-q4-major/bin/../lib/gcc/arm-none-eabi/10.2.1/../../../../arm-none-eabi/lib/thumb/v7e-m+dp/hard\libc.a(lib_a-strncpy.o)
 .text.strncpy  0x080567dc       0x64 c:/users/jaejunmin/downloads/peak-devpack/compiler/10 2020-q4-major/bin/../lib/gcc/arm-none-eabi/10.2.1/../../../../arm-none-eabi/lib/thumb/v7e-m+dp/hard\libc.a(lib_a-strncpy.o)
                0x080567dc                strncpy
 .text          0x08056840        0x0 c:/users/jaejunmin/downloads/peak-devpack/compiler/10 2020-q4-major/bin/../lib/gcc/arm-none-eabi/10.2.1/../../../../arm-none-eabi/lib/thumb/v7e-m+dp/hard\libc.a(lib_a-strstr.o)
 .text.two_way_long_needle
                0x08056840      0x2b4 c:/users/jaejunmin/downloads/peak-devpack/compiler/10 2020-q4-major/bin/../lib/gcc/arm-none-eabi/10.2.1/../../../../arm-none-eabi/lib/thumb/v7e-m+dp/hard\libc.a(lib_a-strstr.o)
 .text.strstr   0x08056af4      0x164 c:/users/jaejunmin/downloads/peak-devpack/compiler/10 2020-q4-major/bin/../lib/gcc/arm-none-eabi/10.2.1/../../../../arm-none-eabi/lib/thumb/v7e-m+dp/hard\libc.a(lib_a-strstr.o)
                0x08056af4                strstr
 .text          0x08056c58        0x0 c:/users/jaejunmin/downloads/peak-devpack/compiler/10 2020-q4-major/bin/../lib/gcc/arm-none-eabi/10.2.1/../../../../arm-none-eabi/lib/thumb/v7e-m+dp/hard\libc.a(lib_a-strtol.o)
 .text._strtol_l.part.0
                0x08056c58      0x120 c:/users/jaejunmin/downloads/peak-devpack/compiler/10 2020-q4-major/bin/../lib/gcc/arm-none-eabi/10.2.1/../../../../arm-none-eabi/lib/thumb/v7e-m+dp/hard\libc.a(lib_a-strtol.o)
 .text._strtol_r
                0x08056d78       0x1c c:/users/jaejunmin/downloads/peak-devpack/compiler/10 2020-q4-major/bin/../lib/gcc/arm-none-eabi/10.2.1/../../../../arm-none-eabi/lib/thumb/v7e-m+dp/hard\libc.a(lib_a-strtol.o)
                0x08056d78                _strtol_r
 .text.strtol_l
                0x08056d94       0x2c c:/users/jaejunmin/downloads/peak-devpack/compiler/10 2020-q4-major/bin/../lib/gcc/arm-none-eabi/10.2.1/../../../../arm-none-eabi/lib/thumb/v7e-m+dp/hard\libc.a(lib_a-strtol.o)
                0x08056d94                strtol_l
 .text.strtol   0x08056dc0       0x2c c:/users/jaejunmin/downloads/peak-devpack/compiler/10 2020-q4-major/bin/../lib/gcc/arm-none-eabi/10.2.1/../../../../arm-none-eabi/lib/thumb/v7e-m+dp/hard\libc.a(lib_a-strtol.o)
                0x08056dc0                strtol
 .text          0x08056dec        0x0 c:/users/jaejunmin/downloads/peak-devpack/compiler/10 2020-q4-major/bin/../lib/gcc/arm-none-eabi/10.2.1/../../../../arm-none-eabi/lib/thumb/v7e-m+dp/hard\libc.a(lib_a-svfprintf.o)
 *fill*         0x08056dec        0x4 
 .text._svfprintf_r
                0x08056df0     0x1950 c:/users/jaejunmin/downloads/peak-devpack/compiler/10 2020-q4-major/bin/../lib/gcc/arm-none-eabi/10.2.1/../../../../arm-none-eabi/lib/thumb/v7e-m+dp/hard\libc.a(lib_a-svfprintf.o)
                0x08056df0                _svfprintf_r
 .text          0x08058740        0x0 c:/users/jaejunmin/downloads/peak-devpack/compiler/10 2020-q4-major/bin/../lib/gcc/arm-none-eabi/10.2.1/../../../../arm-none-eabi/lib/thumb/v7e-m+dp/hard\libc.a(lib_a-vfprintf.o)
 .text._vfprintf_r
                0x08058740     0x1aa0 c:/users/jaejunmin/downloads/peak-devpack/compiler/10 2020-q4-major/bin/../lib/gcc/arm-none-eabi/10.2.1/../../../../arm-none-eabi/lib/thumb/v7e-m+dp/hard\libc.a(lib_a-vfprintf.o)
                0x08058740                _vfprintf_r
 .text.vfprintf
                0x0805a1e0       0x1c c:/users/jaejunmin/downloads/peak-devpack/compiler/10 2020-q4-major/bin/../lib/gcc/arm-none-eabi/10.2.1/../../../../arm-none-eabi/lib/thumb/v7e-m+dp/hard\libc.a(lib_a-vfprintf.o)
                0x0805a1e0                vfprintf
 .text.__sbprintf
                0x0805a1fc       0x80 c:/users/jaejunmin/downloads/peak-devpack/compiler/10 2020-q4-major/bin/../lib/gcc/arm-none-eabi/10.2.1/../../../../arm-none-eabi/lib/thumb/v7e-m+dp/hard\libc.a(lib_a-vfprintf.o)
 .text          0x0805a27c        0x0 c:/users/jaejunmin/downloads/peak-devpack/compiler/10 2020-q4-major/bin/../lib/gcc/arm-none-eabi/10.2.1/../../../../arm-none-eabi/lib/thumb/v7e-m+dp/hard\libc.a(lib_a-wsetup.o)
 .text.__swsetup_r
                0x0805a27c       0xd4 c:/users/jaejunmin/downloads/peak-devpack/compiler/10 2020-q4-major/bin/../lib/gcc/arm-none-eabi/10.2.1/../../../../arm-none-eabi/lib/thumb/v7e-m+dp/hard\libc.a(lib_a-wsetup.o)
                0x0805a27c                __swsetup_r
 .text          0x0805a350        0x0 c:/users/jaejunmin/downloads/peak-devpack/compiler/10 2020-q4-major/bin/../lib/gcc/arm-none-eabi/10.2.1/../../../../arm-none-eabi/lib/thumb/v7e-m+dp/hard\libc.a(lib_a-__call_atexit.o)
 .text.startup.register_fini
                0x0805a350       0x14 c:/users/jaejunmin/downloads/peak-devpack/compiler/10 2020-q4-major/bin/../lib/gcc/arm-none-eabi/10.2.1/../../../../arm-none-eabi/lib/thumb/v7e-m+dp/hard\libc.a(lib_a-__call_atexit.o)
 .text.__call_exitprocs
                0x0805a364       0xcc c:/users/jaejunmin/downloads/peak-devpack/compiler/10 2020-q4-major/bin/../lib/gcc/arm-none-eabi/10.2.1/../../../../arm-none-eabi/lib/thumb/v7e-m+dp/hard\libc.a(lib_a-__call_atexit.o)
                0x0805a364                __call_exitprocs
 .text          0x0805a430        0x0 c:/users/jaejunmin/downloads/peak-devpack/compiler/10 2020-q4-major/bin/../lib/gcc/arm-none-eabi/10.2.1/../../../../arm-none-eabi/lib/thumb/v7e-m+dp/hard\libc.a(lib_a-atexit.o)
 .text.atexit   0x0805a430        0xc c:/users/jaejunmin/downloads/peak-devpack/compiler/10 2020-q4-major/bin/../lib/gcc/arm-none-eabi/10.2.1/../../../../arm-none-eabi/lib/thumb/v7e-m+dp/hard\libc.a(lib_a-atexit.o)
                0x0805a430                atexit
 .text          0x0805a43c        0x0 c:/users/jaejunmin/downloads/peak-devpack/compiler/10 2020-q4-major/bin/../lib/gcc/arm-none-eabi/10.2.1/../../../../arm-none-eabi/lib/thumb/v7e-m+dp/hard\libc.a(lib_a-dtoa.o)
 .text.quorem   0x0805a43c      0x128 c:/users/jaejunmin/downloads/peak-devpack/compiler/10 2020-q4-major/bin/../lib/gcc/arm-none-eabi/10.2.1/../../../../arm-none-eabi/lib/thumb/v7e-m+dp/hard\libc.a(lib_a-dtoa.o)
 *fill*         0x0805a564        0x4 
 .text._dtoa_r  0x0805a568      0xcd8 c:/users/jaejunmin/downloads/peak-devpack/compiler/10 2020-q4-major/bin/../lib/gcc/arm-none-eabi/10.2.1/../../../../arm-none-eabi/lib/thumb/v7e-m+dp/hard\libc.a(lib_a-dtoa.o)
                0x0805a568                _dtoa_r
 .text          0x0805b240        0x0 c:/users/jaejunmin/downloads/peak-devpack/compiler/10 2020-q4-major/bin/../lib/gcc/arm-none-eabi/10.2.1/../../../../arm-none-eabi/lib/thumb/v7e-m+dp/hard\libc.a(lib_a-errno.o)
 .text.__errno  0x0805b240        0xc c:/users/jaejunmin/downloads/peak-devpack/compiler/10 2020-q4-major/bin/../lib/gcc/arm-none-eabi/10.2.1/../../../../arm-none-eabi/lib/thumb/v7e-m+dp/hard\libc.a(lib_a-errno.o)
                0x0805b240                __errno
 .text          0x0805b24c        0x0 c:/users/jaejunmin/downloads/peak-devpack/compiler/10 2020-q4-major/bin/../lib/gcc/arm-none-eabi/10.2.1/../../../../arm-none-eabi/lib/thumb/v7e-m+dp/hard\libc.a(lib_a-fflush.o)
 .text.__sflush_r
                0x0805b24c      0x130 c:/users/jaejunmin/downloads/peak-devpack/compiler/10 2020-q4-major/bin/../lib/gcc/arm-none-eabi/10.2.1/../../../../arm-none-eabi/lib/thumb/v7e-m+dp/hard\libc.a(lib_a-fflush.o)
                0x0805b24c                __sflush_r
 .text._fflush_r
                0x0805b37c       0x5c c:/users/jaejunmin/downloads/peak-devpack/compiler/10 2020-q4-major/bin/../lib/gcc/arm-none-eabi/10.2.1/../../../../arm-none-eabi/lib/thumb/v7e-m+dp/hard\libc.a(lib_a-fflush.o)
                0x0805b37c                _fflush_r
 .text.fflush   0x0805b3d8       0x74 c:/users/jaejunmin/downloads/peak-devpack/compiler/10 2020-q4-major/bin/../lib/gcc/arm-none-eabi/10.2.1/../../../../arm-none-eabi/lib/thumb/v7e-m+dp/hard\libc.a(lib_a-fflush.o)
                0x0805b3d8                fflush
 .text          0x0805b44c        0x0 c:/users/jaejunmin/downloads/peak-devpack/compiler/10 2020-q4-major/bin/../lib/gcc/arm-none-eabi/10.2.1/../../../../arm-none-eabi/lib/thumb/v7e-m+dp/hard\libc.a(lib_a-findfp.o)
 .text._cleanup_r
                0x0805b44c        0xc c:/users/jaejunmin/downloads/peak-devpack/compiler/10 2020-q4-major/bin/../lib/gcc/arm-none-eabi/10.2.1/../../../../arm-none-eabi/lib/thumb/v7e-m+dp/hard\libc.a(lib_a-findfp.o)
                0x0805b44c                _cleanup_r
 .text.__fp_lock
                0x0805b458       0x1c c:/users/jaejunmin/downloads/peak-devpack/compiler/10 2020-q4-major/bin/../lib/gcc/arm-none-eabi/10.2.1/../../../../arm-none-eabi/lib/thumb/v7e-m+dp/hard\libc.a(lib_a-findfp.o)
 .text.__fp_unlock
                0x0805b474       0x1c c:/users/jaejunmin/downloads/peak-devpack/compiler/10 2020-q4-major/bin/../lib/gcc/arm-none-eabi/10.2.1/../../../../arm-none-eabi/lib/thumb/v7e-m+dp/hard\libc.a(lib_a-findfp.o)
 .text.__sfmoreglue
                0x0805b490       0x30 c:/users/jaejunmin/downloads/peak-devpack/compiler/10 2020-q4-major/bin/../lib/gcc/arm-none-eabi/10.2.1/../../../../arm-none-eabi/lib/thumb/v7e-m+dp/hard\libc.a(lib_a-findfp.o)
                0x0805b490                __sfmoreglue
 .text._cleanup
                0x0805b4c0       0x14 c:/users/jaejunmin/downloads/peak-devpack/compiler/10 2020-q4-major/bin/../lib/gcc/arm-none-eabi/10.2.1/../../../../arm-none-eabi/lib/thumb/v7e-m+dp/hard\libc.a(lib_a-findfp.o)
                0x0805b4c0                _cleanup
 .text.__sinit  0x0805b4d4      0x10c c:/users/jaejunmin/downloads/peak-devpack/compiler/10 2020-q4-major/bin/../lib/gcc/arm-none-eabi/10.2.1/../../../../arm-none-eabi/lib/thumb/v7e-m+dp/hard\libc.a(lib_a-findfp.o)
                0x0805b4d4                __sinit
 .text.__sfp    0x0805b5e0       0xc8 c:/users/jaejunmin/downloads/peak-devpack/compiler/10 2020-q4-major/bin/../lib/gcc/arm-none-eabi/10.2.1/../../../../arm-none-eabi/lib/thumb/v7e-m+dp/hard\libc.a(lib_a-findfp.o)
                0x0805b5e0                __sfp
 .text.__sfp_lock_acquire
                0x0805b6a8        0xc c:/users/jaejunmin/downloads/peak-devpack/compiler/10 2020-q4-major/bin/../lib/gcc/arm-none-eabi/10.2.1/../../../../arm-none-eabi/lib/thumb/v7e-m+dp/hard\libc.a(lib_a-findfp.o)
                0x0805b6a8                __sfp_lock_acquire
 .text.__sfp_lock_release
                0x0805b6b4        0xc c:/users/jaejunmin/downloads/peak-devpack/compiler/10 2020-q4-major/bin/../lib/gcc/arm-none-eabi/10.2.1/../../../../arm-none-eabi/lib/thumb/v7e-m+dp/hard\libc.a(lib_a-findfp.o)
                0x0805b6b4                __sfp_lock_release
 .text.__sinit_lock_acquire
                0x0805b6c0        0xc c:/users/jaejunmin/downloads/peak-devpack/compiler/10 2020-q4-major/bin/../lib/gcc/arm-none-eabi/10.2.1/../../../../arm-none-eabi/lib/thumb/v7e-m+dp/hard\libc.a(lib_a-findfp.o)
                0x0805b6c0                __sinit_lock_acquire
 .text.__sinit_lock_release
                0x0805b6cc        0xc c:/users/jaejunmin/downloads/peak-devpack/compiler/10 2020-q4-major/bin/../lib/gcc/arm-none-eabi/10.2.1/../../../../arm-none-eabi/lib/thumb/v7e-m+dp/hard\libc.a(lib_a-findfp.o)
                0x0805b6cc                __sinit_lock_release
 .text.__fp_lock_all
                0x0805b6d8       0x24 c:/users/jaejunmin/downloads/peak-devpack/compiler/10 2020-q4-major/bin/../lib/gcc/arm-none-eabi/10.2.1/../../../../arm-none-eabi/lib/thumb/v7e-m+dp/hard\libc.a(lib_a-findfp.o)
                0x0805b6d8                __fp_lock_all
 .text.__fp_unlock_all
                0x0805b6fc       0x24 c:/users/jaejunmin/downloads/peak-devpack/compiler/10 2020-q4-major/bin/../lib/gcc/arm-none-eabi/10.2.1/../../../../arm-none-eabi/lib/thumb/v7e-m+dp/hard\libc.a(lib_a-findfp.o)
                0x0805b6fc                __fp_unlock_all
 .text          0x0805b720        0x0 c:/users/jaejunmin/downloads/peak-devpack/compiler/10 2020-q4-major/bin/../lib/gcc/arm-none-eabi/10.2.1/../../../../arm-none-eabi/lib/thumb/v7e-m+dp/hard\libc.a(lib_a-fini.o)
 .text.__libc_fini_array
                0x0805b720       0x2c c:/users/jaejunmin/downloads/peak-devpack/compiler/10 2020-q4-major/bin/../lib/gcc/arm-none-eabi/10.2.1/../../../../arm-none-eabi/lib/thumb/v7e-m+dp/hard\libc.a(lib_a-fini.o)
                0x0805b720                __libc_fini_array
 .text          0x0805b74c        0x0 c:/users/jaejunmin/downloads/peak-devpack/compiler/10 2020-q4-major/bin/../lib/gcc/arm-none-eabi/10.2.1/../../../../arm-none-eabi/lib/thumb/v7e-m+dp/hard\libc.a(lib_a-freer.o)
 .text._malloc_trim_r
                0x0805b74c       0xa0 c:/users/jaejunmin/downloads/peak-devpack/compiler/10 2020-q4-major/bin/../lib/gcc/arm-none-eabi/10.2.1/../../../../arm-none-eabi/lib/thumb/v7e-m+dp/hard\libc.a(lib_a-freer.o)
                0x0805b74c                _malloc_trim_r
 .text._free_r  0x0805b7ec      0x20c c:/users/jaejunmin/downloads/peak-devpack/compiler/10 2020-q4-major/bin/../lib/gcc/arm-none-eabi/10.2.1/../../../../arm-none-eabi/lib/thumb/v7e-m+dp/hard\libc.a(lib_a-freer.o)
                0x0805b7ec                _free_r
 .text          0x0805b9f8        0x0 c:/users/jaejunmin/downloads/peak-devpack/compiler/10 2020-q4-major/bin/../lib/gcc/arm-none-eabi/10.2.1/../../../../arm-none-eabi/lib/thumb/v7e-m+dp/hard\libc.a(lib_a-fvwrite.o)
 .text.__sfvwrite_r
                0x0805b9f8      0x2f0 c:/users/jaejunmin/downloads/peak-devpack/compiler/10 2020-q4-major/bin/../lib/gcc/arm-none-eabi/10.2.1/../../../../arm-none-eabi/lib/thumb/v7e-m+dp/hard\libc.a(lib_a-fvwrite.o)
                0x0805b9f8                __sfvwrite_r
 .text          0x0805bce8        0x0 c:/users/jaejunmin/downloads/peak-devpack/compiler/10 2020-q4-major/bin/../lib/gcc/arm-none-eabi/10.2.1/../../../../arm-none-eabi/lib/thumb/v7e-m+dp/hard\libc.a(lib_a-fwalk.o)
 .text._fwalk   0x0805bce8       0x40 c:/users/jaejunmin/downloads/peak-devpack/compiler/10 2020-q4-major/bin/../lib/gcc/arm-none-eabi/10.2.1/../../../../arm-none-eabi/lib/thumb/v7e-m+dp/hard\libc.a(lib_a-fwalk.o)
                0x0805bce8                _fwalk
 .text._fwalk_reent
                0x0805bd28       0x48 c:/users/jaejunmin/downloads/peak-devpack/compiler/10 2020-q4-major/bin/../lib/gcc/arm-none-eabi/10.2.1/../../../../arm-none-eabi/lib/thumb/v7e-m+dp/hard\libc.a(lib_a-fwalk.o)
                0x0805bd28                _fwalk_reent
 .text          0x0805bd70        0x0 c:/users/jaejunmin/downloads/peak-devpack/compiler/10 2020-q4-major/bin/../lib/gcc/arm-none-eabi/10.2.1/../../../../arm-none-eabi/lib/thumb/v7e-m+dp/hard\libc.a(lib_a-localeconv.o)
 .text.__localeconv_l
                0x0805bd70        0x4 c:/users/jaejunmin/downloads/peak-devpack/compiler/10 2020-q4-major/bin/../lib/gcc/arm-none-eabi/10.2.1/../../../../arm-none-eabi/lib/thumb/v7e-m+dp/hard\libc.a(lib_a-localeconv.o)
                0x0805bd70                __localeconv_l
 .text._localeconv_r
                0x0805bd74        0x8 c:/users/jaejunmin/downloads/peak-devpack/compiler/10 2020-q4-major/bin/../lib/gcc/arm-none-eabi/10.2.1/../../../../arm-none-eabi/lib/thumb/v7e-m+dp/hard\libc.a(lib_a-localeconv.o)
                0x0805bd74                _localeconv_r
 .text.localeconv
                0x0805bd7c        0x8 c:/users/jaejunmin/downloads/peak-devpack/compiler/10 2020-q4-major/bin/../lib/gcc/arm-none-eabi/10.2.1/../../../../arm-none-eabi/lib/thumb/v7e-m+dp/hard\libc.a(lib_a-localeconv.o)
                0x0805bd7c                localeconv
 .text          0x0805bd84        0x0 c:/users/jaejunmin/downloads/peak-devpack/compiler/10 2020-q4-major/bin/../lib/gcc/arm-none-eabi/10.2.1/../../../../arm-none-eabi/lib/thumb/v7e-m+dp/hard\libc.a(lib_a-lock.o)
 .text.__retarget_lock_init
                0x0805bd84        0x4 c:/users/jaejunmin/downloads/peak-devpack/compiler/10 2020-q4-major/bin/../lib/gcc/arm-none-eabi/10.2.1/../../../../arm-none-eabi/lib/thumb/v7e-m+dp/hard\libc.a(lib_a-lock.o)
                0x0805bd84                __retarget_lock_init
 .text.__retarget_lock_init_recursive
                0x0805bd88        0x4 c:/users/jaejunmin/downloads/peak-devpack/compiler/10 2020-q4-major/bin/../lib/gcc/arm-none-eabi/10.2.1/../../../../arm-none-eabi/lib/thumb/v7e-m+dp/hard\libc.a(lib_a-lock.o)
                0x0805bd88                __retarget_lock_init_recursive
 .text.__retarget_lock_close
                0x0805bd8c        0x4 c:/users/jaejunmin/downloads/peak-devpack/compiler/10 2020-q4-major/bin/../lib/gcc/arm-none-eabi/10.2.1/../../../../arm-none-eabi/lib/thumb/v7e-m+dp/hard\libc.a(lib_a-lock.o)
                0x0805bd8c                __retarget_lock_close
 .text.__retarget_lock_close_recursive
                0x0805bd90        0x4 c:/users/jaejunmin/downloads/peak-devpack/compiler/10 2020-q4-major/bin/../lib/gcc/arm-none-eabi/10.2.1/../../../../arm-none-eabi/lib/thumb/v7e-m+dp/hard\libc.a(lib_a-lock.o)
                0x0805bd90                __retarget_lock_close_recursive
 .text.__retarget_lock_acquire
                0x0805bd94        0x4 c:/users/jaejunmin/downloads/peak-devpack/compiler/10 2020-q4-major/bin/../lib/gcc/arm-none-eabi/10.2.1/../../../../arm-none-eabi/lib/thumb/v7e-m+dp/hard\libc.a(lib_a-lock.o)
                0x0805bd94                __retarget_lock_acquire
 .text.__retarget_lock_acquire_recursive
                0x0805bd98        0x4 c:/users/jaejunmin/downloads/peak-devpack/compiler/10 2020-q4-major/bin/../lib/gcc/arm-none-eabi/10.2.1/../../../../arm-none-eabi/lib/thumb/v7e-m+dp/hard\libc.a(lib_a-lock.o)
                0x0805bd98                __retarget_lock_acquire_recursive
 .text.__retarget_lock_try_acquire
                0x0805bd9c        0x4 c:/users/jaejunmin/downloads/peak-devpack/compiler/10 2020-q4-major/bin/../lib/gcc/arm-none-eabi/10.2.1/../../../../arm-none-eabi/lib/thumb/v7e-m+dp/hard\libc.a(lib_a-lock.o)
                0x0805bd9c                __retarget_lock_try_acquire
 .text.__retarget_lock_try_acquire_recursive
                0x0805bda0        0x4 c:/users/jaejunmin/downloads/peak-devpack/compiler/10 2020-q4-major/bin/../lib/gcc/arm-none-eabi/10.2.1/../../../../arm-none-eabi/lib/thumb/v7e-m+dp/hard\libc.a(lib_a-lock.o)
                0x0805bda0                __retarget_lock_try_acquire_recursive
 .text.__retarget_lock_release
                0x0805bda4        0x4 c:/users/jaejunmin/downloads/peak-devpack/compiler/10 2020-q4-major/bin/../lib/gcc/arm-none-eabi/10.2.1/../../../../arm-none-eabi/lib/thumb/v7e-m+dp/hard\libc.a(lib_a-lock.o)
                0x0805bda4                __retarget_lock_release
 .text.__retarget_lock_release_recursive
                0x0805bda8        0x4 c:/users/jaejunmin/downloads/peak-devpack/compiler/10 2020-q4-major/bin/../lib/gcc/arm-none-eabi/10.2.1/../../../../arm-none-eabi/lib/thumb/v7e-m+dp/hard\libc.a(lib_a-lock.o)
                0x0805bda8                __retarget_lock_release_recursive
 .text          0x0805bdac        0x0 c:/users/jaejunmin/downloads/peak-devpack/compiler/10 2020-q4-major/bin/../lib/gcc/arm-none-eabi/10.2.1/../../../../arm-none-eabi/lib/thumb/v7e-m+dp/hard\libc.a(lib_a-makebuf.o)
 .text.__smakebuf_r
                0x0805bdac       0xe0 c:/users/jaejunmin/downloads/peak-devpack/compiler/10 2020-q4-major/bin/../lib/gcc/arm-none-eabi/10.2.1/../../../../arm-none-eabi/lib/thumb/v7e-m+dp/hard\libc.a(lib_a-makebuf.o)
                0x0805bdac                __smakebuf_r
 .text.__swhatbuf_r
                0x0805be8c       0x60 c:/users/jaejunmin/downloads/peak-devpack/compiler/10 2020-q4-major/bin/../lib/gcc/arm-none-eabi/10.2.1/../../../../arm-none-eabi/lib/thumb/v7e-m+dp/hard\libc.a(lib_a-makebuf.o)
                0x0805be8c                __swhatbuf_r
 .text          0x0805beec        0x0 c:/users/jaejunmin/downloads/peak-devpack/compiler/10 2020-q4-major/bin/../lib/gcc/arm-none-eabi/10.2.1/../../../../arm-none-eabi/lib/thumb/v7e-m+dp/hard\libc.a(lib_a-mallocr.o)
 .text._malloc_r
                0x0805beec      0x560 c:/users/jaejunmin/downloads/peak-devpack/compiler/10 2020-q4-major/bin/../lib/gcc/arm-none-eabi/10.2.1/../../../../arm-none-eabi/lib/thumb/v7e-m+dp/hard\libc.a(lib_a-mallocr.o)
                0x0805beec                _malloc_r
 *fill*         0x0805c44c        0x4 
 .text          0x0805c450       0xa0 c:/users/jaejunmin/downloads/peak-devpack/compiler/10 2020-q4-major/bin/../lib/gcc/arm-none-eabi/10.2.1/../../../../arm-none-eabi/lib/thumb/v7e-m+dp/hard\libc.a(lib_a-memchr.o)
                0x0805c450                memchr
 .text          0x0805c4f0        0x0 c:/users/jaejunmin/downloads/peak-devpack/compiler/10 2020-q4-major/bin/../lib/gcc/arm-none-eabi/10.2.1/../../../../arm-none-eabi/lib/thumb/v7e-m+dp/hard\libc.a(lib_a-mlock.o)
 .text.__malloc_lock
                0x0805c4f0        0xc c:/users/jaejunmin/downloads/peak-devpack/compiler/10 2020-q4-major/bin/../lib/gcc/arm-none-eabi/10.2.1/../../../../arm-none-eabi/lib/thumb/v7e-m+dp/hard\libc.a(lib_a-mlock.o)
                0x0805c4f0                __malloc_lock
 .text.__malloc_unlock
                0x0805c4fc        0xc c:/users/jaejunmin/downloads/peak-devpack/compiler/10 2020-q4-major/bin/../lib/gcc/arm-none-eabi/10.2.1/../../../../arm-none-eabi/lib/thumb/v7e-m+dp/hard\libc.a(lib_a-mlock.o)
                0x0805c4fc                __malloc_unlock
 .text          0x0805c508        0x0 c:/users/jaejunmin/downloads/peak-devpack/compiler/10 2020-q4-major/bin/../lib/gcc/arm-none-eabi/10.2.1/../../../../arm-none-eabi/lib/thumb/v7e-m+dp/hard\libc.a(lib_a-mprec.o)
 .text._Balloc  0x0805c508       0x4c c:/users/jaejunmin/downloads/peak-devpack/compiler/10 2020-q4-major/bin/../lib/gcc/arm-none-eabi/10.2.1/../../../../arm-none-eabi/lib/thumb/v7e-m+dp/hard\libc.a(lib_a-mprec.o)
                0x0805c508                _Balloc
 .text._Bfree   0x0805c554       0x14 c:/users/jaejunmin/downloads/peak-devpack/compiler/10 2020-q4-major/bin/../lib/gcc/arm-none-eabi/10.2.1/../../../../arm-none-eabi/lib/thumb/v7e-m+dp/hard\libc.a(lib_a-mprec.o)
                0x0805c554                _Bfree
 .text.__multadd
                0x0805c568       0xa8 c:/users/jaejunmin/downloads/peak-devpack/compiler/10 2020-q4-major/bin/../lib/gcc/arm-none-eabi/10.2.1/../../../../arm-none-eabi/lib/thumb/v7e-m+dp/hard\libc.a(lib_a-mprec.o)
                0x0805c568                __multadd
 .text.__s2b    0x0805c610       0xb4 c:/users/jaejunmin/downloads/peak-devpack/compiler/10 2020-q4-major/bin/../lib/gcc/arm-none-eabi/10.2.1/../../../../arm-none-eabi/lib/thumb/v7e-m+dp/hard\libc.a(lib_a-mprec.o)
                0x0805c610                __s2b
 .text.__hi0bits
                0x0805c6c4       0x40 c:/users/jaejunmin/downloads/peak-devpack/compiler/10 2020-q4-major/bin/../lib/gcc/arm-none-eabi/10.2.1/../../../../arm-none-eabi/lib/thumb/v7e-m+dp/hard\libc.a(lib_a-mprec.o)
                0x0805c6c4                __hi0bits
 .text.__lo0bits
                0x0805c704       0x60 c:/users/jaejunmin/downloads/peak-devpack/compiler/10 2020-q4-major/bin/../lib/gcc/arm-none-eabi/10.2.1/../../../../arm-none-eabi/lib/thumb/v7e-m+dp/hard\libc.a(lib_a-mprec.o)
                0x0805c704                __lo0bits
 .text.__i2b    0x0805c764       0x5c c:/users/jaejunmin/downloads/peak-devpack/compiler/10 2020-q4-major/bin/../lib/gcc/arm-none-eabi/10.2.1/../../../../arm-none-eabi/lib/thumb/v7e-m+dp/hard\libc.a(lib_a-mprec.o)
                0x0805c764                __i2b
 .text.__multiply
                0x0805c7c0      0x158 c:/users/jaejunmin/downloads/peak-devpack/compiler/10 2020-q4-major/bin/../lib/gcc/arm-none-eabi/10.2.1/../../../../arm-none-eabi/lib/thumb/v7e-m+dp/hard\libc.a(lib_a-mprec.o)
                0x0805c7c0                __multiply
 .text.__pow5mult
                0x0805c918       0xc0 c:/users/jaejunmin/downloads/peak-devpack/compiler/10 2020-q4-major/bin/../lib/gcc/arm-none-eabi/10.2.1/../../../../arm-none-eabi/lib/thumb/v7e-m+dp/hard\libc.a(lib_a-mprec.o)
                0x0805c918                __pow5mult
 .text.__lshift
                0x0805c9d8       0xf0 c:/users/jaejunmin/downloads/peak-devpack/compiler/10 2020-q4-major/bin/../lib/gcc/arm-none-eabi/10.2.1/../../../../arm-none-eabi/lib/thumb/v7e-m+dp/hard\libc.a(lib_a-mprec.o)
                0x0805c9d8                __lshift
 .text.__mcmp   0x0805cac8       0x44 c:/users/jaejunmin/downloads/peak-devpack/compiler/10 2020-q4-major/bin/../lib/gcc/arm-none-eabi/10.2.1/../../../../arm-none-eabi/lib/thumb/v7e-m+dp/hard\libc.a(lib_a-mprec.o)
                0x0805cac8                __mcmp
 .text.__mdiff  0x0805cb0c      0x14c c:/users/jaejunmin/downloads/peak-devpack/compiler/10 2020-q4-major/bin/../lib/gcc/arm-none-eabi/10.2.1/../../../../arm-none-eabi/lib/thumb/v7e-m+dp/hard\libc.a(lib_a-mprec.o)
                0x0805cb0c                __mdiff
 .text.__ulp    0x0805cc58       0x60 c:/users/jaejunmin/downloads/peak-devpack/compiler/10 2020-q4-major/bin/../lib/gcc/arm-none-eabi/10.2.1/../../../../arm-none-eabi/lib/thumb/v7e-m+dp/hard\libc.a(lib_a-mprec.o)
                0x0805cc58                __ulp
 .text.__b2d    0x0805ccb8       0xc0 c:/users/jaejunmin/downloads/peak-devpack/compiler/10 2020-q4-major/bin/../lib/gcc/arm-none-eabi/10.2.1/../../../../arm-none-eabi/lib/thumb/v7e-m+dp/hard\libc.a(lib_a-mprec.o)
                0x0805ccb8                __b2d
 .text.__d2b    0x0805cd78       0xd0 c:/users/jaejunmin/downloads/peak-devpack/compiler/10 2020-q4-major/bin/../lib/gcc/arm-none-eabi/10.2.1/../../../../arm-none-eabi/lib/thumb/v7e-m+dp/hard\libc.a(lib_a-mprec.o)
                0x0805cd78                __d2b
 .text.__ratio  0x0805ce48       0x64 c:/users/jaejunmin/downloads/peak-devpack/compiler/10 2020-q4-major/bin/../lib/gcc/arm-none-eabi/10.2.1/../../../../arm-none-eabi/lib/thumb/v7e-m+dp/hard\libc.a(lib_a-mprec.o)
                0x0805ce48                __ratio
 .text._mprec_log10
                0x0805ceac       0x28 c:/users/jaejunmin/downloads/peak-devpack/compiler/10 2020-q4-major/bin/../lib/gcc/arm-none-eabi/10.2.1/../../../../arm-none-eabi/lib/thumb/v7e-m+dp/hard\libc.a(lib_a-mprec.o)
                0x0805ceac                _mprec_log10
 .text.__copybits
                0x0805ced4       0x5c c:/users/jaejunmin/downloads/peak-devpack/compiler/10 2020-q4-major/bin/../lib/gcc/arm-none-eabi/10.2.1/../../../../arm-none-eabi/lib/thumb/v7e-m+dp/hard\libc.a(lib_a-mprec.o)
                0x0805ced4                __copybits
 .text.__any_on
                0x0805cf30       0x64 c:/users/jaejunmin/downloads/peak-devpack/compiler/10 2020-q4-major/bin/../lib/gcc/arm-none-eabi/10.2.1/../../../../arm-none-eabi/lib/thumb/v7e-m+dp/hard\libc.a(lib_a-mprec.o)
                0x0805cf30                __any_on
 .text          0x0805cf94        0x0 c:/users/jaejunmin/downloads/peak-devpack/compiler/10 2020-q4-major/bin/../lib/gcc/arm-none-eabi/10.2.1/../../../../arm-none-eabi/lib/thumb/v7e-m+dp/hard\libc.a(lib_a-reallocr.o)
 .text._realloc_r
                0x0805cf94      0x3d8 c:/users/jaejunmin/downloads/peak-devpack/compiler/10 2020-q4-major/bin/../lib/gcc/arm-none-eabi/10.2.1/../../../../arm-none-eabi/lib/thumb/v7e-m+dp/hard\libc.a(lib_a-reallocr.o)
                0x0805cf94                _realloc_r
 .text          0x0805d36c        0x0 c:/users/jaejunmin/downloads/peak-devpack/compiler/10 2020-q4-major/bin/../lib/gcc/arm-none-eabi/10.2.1/../../../../arm-none-eabi/lib/thumb/v7e-m+dp/hard\libc.a(lib_a-s_frexp.o)
 *fill*         0x0805d36c        0x4 
 .text.frexp    0x0805d370       0x78 c:/users/jaejunmin/downloads/peak-devpack/compiler/10 2020-q4-major/bin/../lib/gcc/arm-none-eabi/10.2.1/../../../../arm-none-eabi/lib/thumb/v7e-m+dp/hard\libc.a(lib_a-s_frexp.o)
                0x0805d370                frexp
 .text          0x0805d3e8        0x0 c:/users/jaejunmin/downloads/peak-devpack/compiler/10 2020-q4-major/bin/../lib/gcc/arm-none-eabi/10.2.1/../../../../arm-none-eabi/lib/thumb/v7e-m+dp/hard\libc.a(lib_a-sbrkr.o)
 .text._sbrk_r  0x0805d3e8       0x24 c:/users/jaejunmin/downloads/peak-devpack/compiler/10 2020-q4-major/bin/../lib/gcc/arm-none-eabi/10.2.1/../../../../arm-none-eabi/lib/thumb/v7e-m+dp/hard\libc.a(lib_a-sbrkr.o)
                0x0805d3e8                _sbrk_r
 .text          0x0805d40c        0x0 c:/users/jaejunmin/downloads/peak-devpack/compiler/10 2020-q4-major/bin/../lib/gcc/arm-none-eabi/10.2.1/../../../../arm-none-eabi/lib/thumb/v7e-m+dp/hard\libc.a(lib_a-stdio.o)
 .text.__sread  0x0805d40c       0x24 c:/users/jaejunmin/downloads/peak-devpack/compiler/10 2020-q4-major/bin/../lib/gcc/arm-none-eabi/10.2.1/../../../../arm-none-eabi/lib/thumb/v7e-m+dp/hard\libc.a(lib_a-stdio.o)
                0x0805d40c                __sread
 .text.__seofread
                0x0805d430        0x4 c:/users/jaejunmin/downloads/peak-devpack/compiler/10 2020-q4-major/bin/../lib/gcc/arm-none-eabi/10.2.1/../../../../arm-none-eabi/lib/thumb/v7e-m+dp/hard\libc.a(lib_a-stdio.o)
                0x0805d430                __seofread
 .text.__swrite
                0x0805d434       0x40 c:/users/jaejunmin/downloads/peak-devpack/compiler/10 2020-q4-major/bin/../lib/gcc/arm-none-eabi/10.2.1/../../../../arm-none-eabi/lib/thumb/v7e-m+dp/hard\libc.a(lib_a-stdio.o)
                0x0805d434                __swrite
 .text.__sseek  0x0805d474       0x20 c:/users/jaejunmin/downloads/peak-devpack/compiler/10 2020-q4-major/bin/../lib/gcc/arm-none-eabi/10.2.1/../../../../arm-none-eabi/lib/thumb/v7e-m+dp/hard\libc.a(lib_a-stdio.o)
                0x0805d474                __sseek
 .text.__sclose
                0x0805d494        0x8 c:/users/jaejunmin/downloads/peak-devpack/compiler/10 2020-q4-major/bin/../lib/gcc/arm-none-eabi/10.2.1/../../../../arm-none-eabi/lib/thumb/v7e-m+dp/hard\libc.a(lib_a-stdio.o)
                0x0805d494                __sclose
 .text          0x0805d49c        0x0 c:/users/jaejunmin/downloads/peak-devpack/compiler/10 2020-q4-major/bin/../lib/gcc/arm-none-eabi/10.2.1/../../../../arm-none-eabi/lib/thumb/v7e-m+dp/hard\libc.a(lib_a-strnlen.o)
 .text.strnlen  0x0805d49c       0x24 c:/users/jaejunmin/downloads/peak-devpack/compiler/10 2020-q4-major/bin/../lib/gcc/arm-none-eabi/10.2.1/../../../../arm-none-eabi/lib/thumb/v7e-m+dp/hard\libc.a(lib_a-strnlen.o)
                0x0805d49c                strnlen
 .text          0x0805d4c0        0x0 c:/users/jaejunmin/downloads/peak-devpack/compiler/10 2020-q4-major/bin/../lib/gcc/arm-none-eabi/10.2.1/../../../../arm-none-eabi/lib/thumb/v7e-m+dp/hard\libc.a(lib_a-svfiprintf.o)
 .text.__ssprint_r
                0x0805d4c0       0xf8 c:/users/jaejunmin/downloads/peak-devpack/compiler/10 2020-q4-major/bin/../lib/gcc/arm-none-eabi/10.2.1/../../../../arm-none-eabi/lib/thumb/v7e-m+dp/hard\libc.a(lib_a-svfiprintf.o)
                0x0805d4c0                __ssprint_r
 .text._svfiprintf_r
                0x0805d5b8      0xb9c c:/users/jaejunmin/downloads/peak-devpack/compiler/10 2020-q4-major/bin/../lib/gcc/arm-none-eabi/10.2.1/../../../../arm-none-eabi/lib/thumb/v7e-m+dp/hard\libc.a(lib_a-svfiprintf.o)
                0x0805d5b8                _svfiprintf_r
 .text          0x0805e154        0x0 c:/users/jaejunmin/downloads/peak-devpack/compiler/10 2020-q4-major/bin/../lib/gcc/arm-none-eabi/10.2.1/../../../../arm-none-eabi/lib/thumb/v7e-m+dp/hard\libc.a(lib_a-vfiprintf.o)
 .text.__sprint_r.part.0
                0x0805e154       0x78 c:/users/jaejunmin/downloads/peak-devpack/compiler/10 2020-q4-major/bin/../lib/gcc/arm-none-eabi/10.2.1/../../../../arm-none-eabi/lib/thumb/v7e-m+dp/hard\libc.a(lib_a-vfiprintf.o)
 .text.__sprint_r