Archive member included to satisfy reference by file (symbol)

./lib/libRTX_CM4F.a(rtx_msgqueue.o)
                              ./obj/sys_arch.o (osMessageQueueNew)
./lib/libRTX_CM4F.a(rtx_mempool.o)
                              ./lib/libRTX_CM4F.a(rtx_msgqueue.o) (osRtxMemoryPoolInit)
./lib/libRTX_CM4F.a(rtx_memory.o)
                              ./lib/libRTX_CM4F.a(rtx_msgqueue.o) (osRtxMemoryAlloc)
./lib/libRTX_CM4F.a(rtx_semaphore.o)
                              ./obj/sys_arch.o (osSemaphoreNew)
./lib/libRTX_CM4F.a(rtx_mutex.o)
                              ./obj/sys_arch.o (osMutexNew)
./lib/libRTX_CM4F.a(rtx_timer.o)
                              ./obj/main.o (osTimerNew)
./lib/libRTX_CM4F.a(rtx_delay.o)
                              ./obj/main.o (osDelay)
./lib/libRTX_CM4F.a(rtx_thread.o)
                              ./lib/libRTX_CM4F.a(rtx_msgqueue.o) (osRtxThreadListPut)
./lib/libRTX_CM4F.a(rtx_kernel.o)
                              ./obj/main.o (osKernelInitialize)
./lib/libRTX_CM4F.a(irq_cm4f.o)
                              ./obj/rtx_lib.o (irqRtxLib)
./lib/libRTX_CM4F.a(os_systick.o)
                              ./lib/libRTX_CM4F.a(rtx_kernel.o) (OS_Tick_Setup)
./lib/libRTX_CM4F.a(rtx_evr.o)
                              ./lib/libRTX_CM4F.a(rtx_memory.o) (EvrRtxMemoryInit)
./lib/libRTX_CM4F.a(rtx_system.o)
                              ./lib/libRTX_CM4F.a(irq_cm4f.o) (osRtxTick_Handler)
c:/users/jaejunmin/downloads/peak-devpack/compiler/10 2020-q4-major/bin/../lib/gcc/arm-none-eabi/10.2.1/../../../../arm-none-eabi/lib/thumb/v7e-m+dp/hard\libc.a(lib_a-atoi.o)
                              ./obj/netif.o (atoi)
c:/users/jaejunmin/downloads/peak-devpack/compiler/10 2020-q4-major/bin/../lib/gcc/arm-none-eabi/10.2.1/../../../../arm-none-eabi/lib/thumb/v7e-m+dp/hard\libc.a(lib_a-ctype_.o)
                              ./obj/ip4_addr.o (_ctype_)
c:/users/jaejunmin/downloads/peak-devpack/compiler/10 2020-q4-major/bin/../lib/gcc/arm-none-eabi/10.2.1/../../../../arm-none-eabi/lib/thumb/v7e-m+dp/hard\libc.a(lib_a-exit.o)
                              c:/users/jaejunmin/downloads/peak-devpack/compiler/10 2020-q4-major/bin/../lib/gcc/arm-none-eabi/10.2.1/../../../../arm-none-eabi/lib/thumb/v7e-m+dp/hard/crt0.o (exit)
c:/users/jaejunmin/downloads/peak-devpack/compiler/10 2020-q4-major/bin/../lib/gcc/arm-none-eabi/10.2.1/../../../../arm-none-eabi/lib/thumb/v7e-m+dp/hard\libc.a(lib_a-impure.o)
                              c:/users/jaejunmin/downloads/peak-devpack/compiler/10 2020-q4-major/bin/../lib/gcc/arm-none-eabi/10.2.1/../../../../arm-none-eabi/lib/thumb/v7e-m+dp/hard\libc.a(lib_a-exit.o) (_global_impure_ptr)
c:/users/jaejunmin/downloads/peak-devpack/compiler/10 2020-q4-major/bin/../lib/gcc/arm-none-eabi/10.2.1/../../../../arm-none-eabi/lib/thumb/v7e-m+dp/hard\libc.a(lib_a-init.o)
                              c:/users/jaejunmin/downloads/peak-devpack/compiler/10 2020-q4-major/bin/../lib/gcc/arm-none-eabi/10.2.1/../../../../arm-none-eabi/lib/thumb/v7e-m+dp/hard/crt0.o (__libc_init_array)
c:/users/jaejunmin/downloads/peak-devpack/compiler/10 2020-q4-major/bin/../lib/gcc/arm-none-eabi/10.2.1/../../../../arm-none-eabi/lib/thumb/v7e-m+dp/hard\libc.a(lib_a-memcmp.o)
                              ./obj/ethernet.o (memcmp)
c:/users/jaejunmin/downloads/peak-devpack/compiler/10 2020-q4-major/bin/../lib/gcc/arm-none-eabi/10.2.1/../../../../arm-none-eabi/lib/thumb/v7e-m+dp/hard\libc.a(lib_a-memcpy.o)
                              ./obj/hardware.o (memcpy)
c:/users/jaejunmin/downloads/peak-devpack/compiler/10 2020-q4-major/bin/../lib/gcc/arm-none-eabi/10.2.1/../../../../arm-none-eabi/lib/thumb/v7e-m+dp/hard\libc.a(lib_a-memmove.o)
                              ./obj/def.o (memmove)
c:/users/jaejunmin/downloads/peak-devpack/compiler/10 2020-q4-major/bin/../lib/gcc/arm-none-eabi/10.2.1/../../../../arm-none-eabi/lib/thumb/v7e-m+dp/hard\libc.a(lib_a-memset.o)
                              c:/users/jaejunmin/downloads/peak-devpack/compiler/10 2020-q4-major/bin/../lib/gcc/arm-none-eabi/10.2.1/../../../../arm-none-eabi/lib/thumb/v7e-m+dp/hard/crt0.o (memset)
c:/users/jaejunmin/downloads/peak-devpack/compiler/10 2020-q4-major/bin/../lib/gcc/arm-none-eabi/10.2.1/../../../../arm-none-eabi/lib/thumb/v7e-m+dp/hard\libc.a(lib_a-printf.o)
                              ./obj/udp_total.o (printf)
c:/users/jaejunmin/downloads/peak-devpack/compiler/10 2020-q4-major/bin/../lib/gcc/arm-none-eabi/10.2.1/../../../../arm-none-eabi/lib/thumb/v7e-m+dp/hard\libc.a(lib_a-puts.o)
                              ./obj/main.o (puts)
c:/users/jaejunmin/downloads/peak-devpack/compiler/10 2020-q4-major/bin/../lib/gcc/arm-none-eabi/10.2.1/../../../../arm-none-eabi/lib/thumb/v7e-m+dp/hard\libc.a(lib_a-rand.o)
                              ./obj/dhcp.o (rand)
c:/users/jaejunmin/downloads/peak-devpack/compiler/10 2020-q4-major/bin/../lib/gcc/arm-none-eabi/10.2.1/../../../../arm-none-eabi/lib/thumb/v7e-m+dp/hard\libc.a(lib_a-sprintf.o)
[...]
Memory Configuration

Name             Origin             Length             Attributes
FLASH            0x08040000         0x001f8000         xr
RAM              0x20000000         0x00080000         xrw
SDRAM            0xc0000000         0x02000000         xrw
*default*        0x00000000         0xffffffff

Linker script and memory map

LOAD c:/users/jaejunmin/downloads/peak-devpack/compiler/10 2020-q4-major/bin/../lib/gcc/arm-none-eabi/10.2.1/thumb/v7e-m+dp/hard/crti.o
LOAD c:/users/jaejunmin/downloads/peak-devpack/compiler/10 2020-q4-major/bin/../lib/gcc/arm-none-eabi/10.2.1/thumb/v7e-m+dp/hard/crtbegin.o
LOAD c:/users/jaejunmin/downloads/peak-devpack/compiler/10 2020-q4-major/bin/../lib/gcc/arm-none-eabi/10.2.1/../../../../arm-none-eabi/lib/thumb/v7e-m+dp/hard/crt0.o
LOAD ./obj/startup_router_pro_fd.o
LOAD ./obj/system_router_pro_fd.o
LOAD ./obj/main.o
LOAD ./obj/can_user.o
LOAD ./obj/hardware.o
LOAD ./obj/can.o
LOAD ./obj/eeprom.o
LOAD ./obj/RTX_Config.o
LOAD ./obj/rtx_lib.o
LOAD ./obj/sys_arch.o
LOAD ./obj/ethernetif.o
LOAD ./obj/udp_total.o
LOAD ./obj/startDebug.o
LOAD ./obj/task01.o
LOAD ./obj/task02.o
LOAD ./obj/reset.o
LOAD ./obj/firmware_tag.o
LOAD ./obj/httpd.o
LOAD ./obj/fs.o
LOAD ./obj/dhcp.o
LOAD ./obj/etharp.o
LOAD ./obj/icmp.o
LOAD ./obj/ip4.o
LOAD ./obj/ip4_addr.o
LOAD ./obj/ip4_frag.o
LOAD ./obj/tcpip.o
LOAD ./obj/init.o
LOAD ./obj/mem.o
LOAD ./obj/memp.o
LOAD ./obj/pbuf.o
LOAD ./obj/timeouts.o
LOAD ./obj/def.o
LOAD ./obj/netif.o
LOAD ./obj/tcp_out.o
LOAD ./obj/tcp_in.o
LOAD ./obj/tcp.o
LOAD ./obj/ip.o
LOAD ./obj/udp.o
LOAD ./obj/ethernet.o
LOAD ./obj/stm32f7xx_hal_eth.o
LOAD ./obj/stm32f7xx_hal_gpio.o
LOAD ./obj/stm32f7xx_hal_rcc.o
LOAD ./obj/stm32f7xx_hal_iwdg.o
LOAD ./obj/stm32f7xx_hal.o
LOAD ./obj/stm32f7xx_hal_cortex.o
LOAD ./lib/libRTX_CM4F.a
LOAD c:/users/jaejunmin/downloads/peak-devpack/compiler/10 2020-q4-major/bin/../lib/gcc/arm-none-eabi/10.2.1/../../../../arm-none-eabi/lib/thumb/v7e-m+dp/hard\libm.a
LOAD c:/users/jaejunmin/downloads/peak-devpack/compiler/10 2020-q4-major/bin/../lib/gcc/arm-none-eabi/10.2.1/../../../../arm-none-eabi/lib/thumb/v7e-m+dp/hard\libc.a
LOAD c:/users/jaejunmin/downloads/peak-devpack/compiler/10 2020-q4-major/bin/../lib/gcc/arm-none-eabi/10.2.1/thumb/v7e-m+dp/hard\libgcc.a
LOAD c:/users/jaejunmin/downloads/peak-devpack/compiler/10 2020-q4-major/bin/../lib/gcc/arm-none-eabi/10.2.1/../../../../arm-none-eabi/lib/thumb/v7e-m+dp/hard\libstdc++.a
START GROUP
LOAD c:/users/jaejunmin/downloads/peak-devpack/compiler/10 2020-q4-major/bin/../lib/gcc/arm-none-eabi/10.2.1/thumb/v7e-m+dp/hard\libgcc.a
LOAD c:/users/jaejunmin/downloads/peak-devpack/compiler/10 2020-q4-major/bin/../lib/gcc/arm-none-eabi/10.2.1/../../../../arm-none-eabi/lib/thumb/v7e-m+dp/hard\libg.a
LOAD c:/users/jaejunmin/downloads/peak-devpack/compiler/10 2020-q4-major/bin/../lib/gcc/arm-none-eabi/10.2.1/../../../../arm-none-eabi/lib/thumb/v7e-m+dp/hard\libc.a
END GROUP
START GROUP
LOAD c:/users/jaejunmin/downloads/peak-devpack/compiler/10 2020-q4-major/bin/../lib/gcc/arm-none-eabi/10.2.1/thumb/v7e-m+dp/hard\libgcc.a
LOAD c:/users/jaejunmin/downloads/peak-devpack/compiler/10 2020-q4-major/bin/../lib/gcc/arm-none-eabi/10.2.1/../../../../arm-none-eabi/lib/thumb/v7e-m+dp/hard\libc.a
LOAD c:/users/jaejunmin/downloads/peak-devpack/compiler/10 2020-q4-major/bin/../lib/gcc/arm-none-eabi/10.2.1/../../../../arm-none-eabi/lib/thumb/v7e-m+dp/hard\libnosys.a
END GROUP
LOAD c:/users/jaejunmin/downloads/peak-devpack/compiler/10 2020-q4-major/bin/../lib/gcc/arm-none-eabi/10.2.1/thumb/v7e-m+dp/hard/crtend.o
LOAD c:/users/jaejunmin/downloads/peak-devpack/compiler/10 2020-q4-major/bin/../lib/gcc/arm-none-eabi/10.2.1/thumb/v7e-m+dp/hard/crtn.o
                0x08040000                __ROM_BASE = 0x8040000
                0x001f8000                __ROM_SIZE = 0x1f8000
                0x20000000                __RAM_BASE = 0x20000000
                0x00080000                __RAM_SIZE = 0x80000
                0xc0000000                __SDRAM_BASE = 0xc0000000
                0x02000000                __SDRAM_SIZE = 0x2000000
                0x00000400                __STACK_SIZE = 0x400
                0x00000008                __HEAP_SIZE = 0x8

.firmware_tag   0x08040000      0x400
 *(.firmware_tag)
 .firmware_tag  0x08040000       0x30 ./obj/firmware_tag.o
                0x08040000                firmware_tag
                0x00000400                . = 0x400
 *fill*         0x08040030      0x3d0 

.text           0x08040400    0x1c1bc
 *(.vectors)
 .vectors       0x08040400      0x1f8 ./obj/startup_router_pro_fd.o
                0x08040400                __Vectors
                0x08040600                . = ALIGN (0x200)
 *fill*         0x080405f8        0x8 
 *(.pFlashInfo)
 *(.text*)
 .text          0x08040600        0x0 c:/users/jaejunmin/downloads/peak-devpack/compiler/10 2020-q4-major/bin/../lib/gcc/arm-none-eabi/10.2.1/thumb/v7e-m+dp/hard/crti.o
 .text          0x08040600       0x40 c:/users/jaejunmin/downloads/peak-devpack/compiler/10 2020-q4-major/bin/../lib/gcc/arm-none-eabi/10.2.1/thumb/v7e-m+dp/hard/crtbegin.o
 .text          0x08040640       0x7c c:/users/jaejunmin/downloads/peak-devpack/compiler/10 2020-q4-major/bin/../lib/gcc/arm-none-eabi/10.2.1/../../../../arm-none-eabi/lib/thumb/v7e-m+dp/hard/crt0.o
                0x08040640                _stack_init
                0x08040648                _start
                0x08040648                _mainCRTStartup
 .text          0x080406bc       0xa0 ./obj/startup_router_pro_fd.o
                0x080406bc                RTC_Alarm_IRQHandler
                0x080406bc                EXTI2_IRQHandler
                0x080406bc                TIM8_CC_IRQHandler
                0x080406bc                DebugMon_Handler
                0x080406bc                UART8_IRQHandler
                0x080406bc                SPI4_IRQHandler
                0x080406bc                TIM1_CC_IRQHandler
                0x080406bc                DMA2_Stream5_IRQHandler
                0x080406bc                HardFault_Handler
                0x080406bc                DMA1_Stream5_IRQHandler
                0x080406bc                CAN3_RX1_IRQHandler
                0x080406bc                PVD_IRQHandler
                0x080406bc                TAMP_STAMP_IRQHandler
                0x080406bc                NMI_Handler
                0x080406bc                CAN2_RX1_IRQHandler
                0x080406bc                EXTI3_IRQHandler
                0x080406bc                TIM8_TRG_COM_TIM14_IRQHandler
                0x080406bc                DFSDM1_FLT1_IRQHandler
                0x080406bc                TIM1_UP_TIM10_IRQHandler
                0x080406bc                TIM8_UP_TIM13_IRQHandler
                0x080406bc                I2C3_ER_IRQHandler
                0x080406bc                DFSDM1_FLT2_IRQHandler
                0x080406bc                EXTI0_IRQHandler
                0x080406bc                I2C2_EV_IRQHandler
                0x080406bc                DMA1_Stream2_IRQHandler
                0x080406bc                CAN1_RX0_IRQHandler
                0x080406bc                FPU_IRQHandler
                0x080406bc                OTG_HS_WKUP_IRQHandler
                0x080406bc                CAN3_SCE_IRQHandler
                0x080406bc                UsageFault_Handler
                0x080406bc                CAN2_SCE_IRQHandler
                0x080406bc                DMA2_Stream2_IRQHandler
                0x080406bc                SPI1_IRQHandler
                0x080406bc                TIM6_DAC_IRQHandler
                0x080406bc                TIM1_BRK_TIM9_IRQHandler
                0x080406bc                DCMI_IRQHandler
                0x080406bc                CAN2_RX0_IRQHandler
                0x080406bc                DMA2_Stream3_IRQHandler
                0x080406bc                SAI2_IRQHandler
                0x080406bc                DFSDM1_FLT3_IRQHandler
                0x080406bc                USART6_IRQHandler
                0x080406bc                CAN3_RX0_IRQHandler
                0x080406bc                USART3_IRQHandler
                0x080406bc                SAI1_IRQHandler
                0x080406bc                CAN1_RX1_IRQHandler
                0x080406bc                UART5_IRQHandler
                0x080406bc                DMA2_Stream0_IRQHandler
                0x080406bc                TIM4_IRQHandler
                0x080406bc                QUADSPI_IRQHandler
                0x080406bc                I2C1_EV_IRQHandler
                0x080406bc                DMA1_Stream6_IRQHandler
                0x080406bc                DMA1_Stream1_IRQHandler
                0x080406bc                UART4_IRQHandler
                0x080406bc                TIM3_IRQHandler
                0x080406bc                RCC_IRQHandler
                0x080406bc                TIM8_BRK_TIM12_IRQHandler
                0x080406bc                Default_Handler
                0x080406bc                CEC_IRQHandler
                0x080406bc                EXTI15_10_IRQHandler
                0x080406bc                ADC_IRQHandler
                0x080406bc                DMA1_Stream7_IRQHandler
                0x080406bc                SPI5_IRQHandler
                0x080406bc                TIM7_IRQHandler
                0x080406bc                SDMMC1_IRQHandler
                0x080406bc                CAN2_TX_IRQHandler
                0x080406bc                TIM5_IRQHandler
                0x080406bc                DMA2_Stream7_IRQHandler
                0x080406bc                I2C3_EV_IRQHandler
                0x080406bc                EXTI9_5_IRQHandler
                0x080406bc                RTC_WKUP_IRQHandler
                0x080406bc                ETH_WKUP_IRQHandler
                0x080406bc                SPDIF_RX_IRQHandler
                0x080406bc                SPI2_IRQHandler
                0x080406bc                OTG_HS_EP1_IN_IRQHandler
                0x080406bc                MemManage_Handler
                0x080406bc                DMA1_Stream0_IRQHandler
                0x080406bc                CAN1_TX_IRQHandler
                0x080406bc                EXTI4_IRQHandler
                0x080406bc                RNG_IRQHandler
                0x080406bc                OTG_HS_EP1_OUT_IRQHandler
                0x080406bc                WWDG_IRQHandler
                0x080406bc                SPI6_IRQHandler
                0x080406bc                I2C4_EV_IRQHandler
                0x080406bc                MDIOS_IRQHandler
                0x080406bc                CAN3_TX_IRQHandler
                0x080406bc                TIM2_IRQHandler
                0x080406bc                OTG_FS_WKUP_IRQHandler
                0x080406bc                TIM1_TRG_COM_TIM11_IRQHandler
                0x080406bc                OTG_HS_IRQHandler
                0x080406bc                DMA2D_IRQHandler
                0x080406bc                EXTI1_IRQHandler
                0x080406bc                SDMMC2_IRQHandler
                0x080406bc                UART7_IRQHandler
                0x080406bc                USART2_IRQHandler
                0x080406bc                DFSDM1_FLT0_IRQHandler
                0x080406bc                I2C2_ER_IRQHandler
                0x080406bc                DMA2_Stream1_IRQHandler
                0x080406bc                CAN1_SCE_IRQHandler
                0x080406bc                FLASH_IRQHandler
                0x080406bc                DMA2_Stream4_IRQHandler
                0x080406bc                BusFault_Handler
                0x080406bc                USART1_IRQHandler
                0x080406bc                OTG_FS_IRQHandler
                0x080406bc                SPI3_IRQHandler
                0x080406bc                DMA1_Stream4_IRQHandler
                0x080406bc                I2C1_ER_IRQHandler
                0x080406bc                FMC_IRQHandler
                0x080406bc                LPTIM1_IRQHandler
                0x080406bc                I2C4_ER_IRQHandler
                0x080406bc                DMA2_Stream6_IRQHandler
                0x080406bc                DMA1_Stream3_IRQHandler
                0x080406c0                Reset_Handler
 .text          0x0804075c       0x9c ./obj/system_router_pro_fd.o
                0x0804075c                SystemCoreClockUpdate
                0x080407cc                SystemInit
 .text          0x080407f8      0x2e8 ./obj/main.o
 .text.startup  0x08040ae0       0xdc ./obj/main.o
                0x08040ae0                main
 .text          0x08040bbc      0x10c ./obj/can_user.o
                0x08040bbc                CAN_UserRead
                0x08040c04                CAN_UserInvokeBootloader
                0x08040c2c                CAN_UserInit
 .text          0x08040cc8      0x3ac ./obj/hardware.o
                0x08040cf0                HW_PassUsbToHost
                0x08040d14                HW_PassUsbToMe
                0x08040d64                HW_ResetModule
                0x08040d80                HW_GetAIN
                0x08040db4                HW_GetDIN
                0x08040dd4                HW_SetDOUT
                0x08040de8                HW_GetModuleID
                0x08040e08                HW_JumpToBootloader
                0x08040e54                HW_SetLED
                0x08040fbc                HW_EnterPowerDown
                0x08041064                HW_Init
 .text          0x08041074      0x6a8 ./obj/can.o
                0x08041074                __WaitMicros
                0x08041088                CAN_Write
                0x08041244                CAN_Read
                0x080412ec                CAN_FilterAdd
                0x080413e0                CAN_FilterRem
                0x080414dc                CAN_FilterReset
                0x08041528                CAN_UnInitialize
                0x08041550                CAN_Initialize
                0x080416e4                CAN_Startup
 .text          0x0804171c      0x358 ./obj/eeprom.o
                0x08041848                EEPROM_Read
                0x08041998                EEPROM_Write
                0x08041a2c                EEPROM_FlushCache
                0x08041a5c                EEPROM_Init
 .text          0x08041a74        0x8 ./obj/RTX_Config.o
                0x08041a74                osRtxIdleThread
                0x08041a78                osRtxErrorNotify
 .text          0x08041a7c        0x4 ./obj/rtx_lib.o
                0x08041a7c                software_init_hook
 .text          0x08041a80      0x1d0 ./obj/sys_arch.o
                0x08041a80                HAL_Delay
                0x08041a88                HAL_GetTick
                0x08041a9c                sys_now
                0x08041ab0                sys_init
                0x08041ab4                sys_thread_new
                0x08041ae0                sys_mutex_new
                0x08041afc                sys_mutex_lock
                0x08041b08                sys_mutex_unlock
                0x08041b10                sys_mbox_new
                0x08041b2c                sys_mbox_post
                0x08041b48                sys_mbox_trypost
                0x08041b68                sys_mbox_trypost_fromisr
                0x08041b88                sys_arch_mbox_fetch
                0x08041bc4                sys_sem_new
                0x08041be0                sys_mbox_free
                0x08041be8                sys_sem_signal
                0x08041bf0                sys_sem_free
                0x08041bf8                sys_arch_mbox_tryfetch
                0x08041c1c                sys_arch_sem_wait
                0x08041c48                sys_mutex_free
 .text          0x08041c50      0x448 ./obj/ethernetif.o
                0x08041d08                ethernetif_input
                0x08041e08                HAL_ETH_MspInit
                0x08041ed4                HAL_ETH_MspDeInit
                0x08041f40                HAL_ETH_RxCpltCallback
                0x08041f4c                ETH_IRQHandler
                0x08041f58                ethernetif_enter_sleep
                0x08041f84                ethernetif_init
 .text          0x08042098      0x230 ./obj/udp_total.o
                0x080420bc                udp_receive_callback
                0x0804213c                udp_echoclient_send
                0x080421a4                UDP_thread
                0x080421b4                udp_client_send
                0x08042230                udp_total_connect
                0x08042298                UDP_task
 .text          0x080422c8       0xb0 ./obj/startDebug.o
                0x080422c8                startDebug
                0x080422f0                _write
 .text          0x08042378       0x8c ./obj/task01.o
                0x08042378                task01_thread
                0x080423e4                task01_init
 .text          0x08042404       0x8c ./obj/task02.o
                0x08042404                task02_thread
                0x08042470                task02_init
 .text          0x08042490       0x5c ./obj/reset.o
                0x08042490                write_boot_flag_soft_reset
                0x080424a0                clear_boot_flag
                0x080424ac                is_soft_reset
                0x080424c4                MX_RTC_Init
 .text          0x080424ec        0x0 ./obj/firmware_tag.o
 .text          0x080424ec      0x5f0 ./obj/httpd.o
                0x08042aa4                httpd_init
 .text          0x08042adc       0x58 ./obj/fs.o
                0x08042adc                fs_open
                0x08042b28                fs_close
                0x08042b2c                fs_bytes_left
 .text          0x08042b34     0x1524 ./obj/dhcp.o
                0x08043864                dhcp_set_struct
                0x08043878                dhcp_cleanup
                0x0804388c                dhcp_inform
                0x0804396c                dhcp_network_changed
                0x08043994                dhcp_arp_reply
                0x08043aa4                dhcp_renew
                0x08043bec                dhcp_release_and_stop
                0x08043d28                dhcp_start
                0x08043dc4                dhcp_coarse_tmr
                0x08043fa4                dhcp_fine_tmr
                0x08044030                dhcp_release
                0x0804403c                dhcp_stop
                0x08044040                dhcp_supplied_address
 .text          0x08044058      0x760 ./obj/etharp.o
                0x080442d4                etharp_tmr
                0x08044368                etharp_cleanup_netif
                0x08044398                etharp_find_addr
                0x080443dc                etharp_get_entry
                0x0804441c                etharp_input
                0x08044558                etharp_query
                0x0804468c                etharp_output
                0x0804478c                etharp_request
 .text          0x080447b8      0x190 ./obj/icmp.o
                0x08044834                icmp_input
                0x08044938                icmp_dest_unreach
                0x08044940                icmp_time_exceeded
 .text          0x08044948      0x374 ./obj/ip4.o
                0x08044948                ip4_route
                0x080449b8                ip4_input
                0x08044b90                ip4_output_if_src
                0x08044c54                ip4_output_if
                0x08044c78                ip4_output
 .text          0x08044cbc      0x298 ./obj/ip4_addr.o
                0x08044cbc                ip4_addr_isbroadcast_u32
                0x08044cf8                ip4_addr_netmask_valid
                0x08044d24                ip4addr_aton
                0x08044e60                ipaddr_addr
                0x08044e80                ip4addr_ntoa_r
                0x08044f48                ip4addr_ntoa
 .text          0x08044f54      0x688 ./obj/ip4_frag.o
                0x08045070                ip_reass_tmr
                0x080450a0                ip4_reass
                0x08045424                ip4_frag
 .text          0x080455dc      0x310 ./obj/tcpip.o
                0x0804568c                tcpip_inpkt
                0x080456cc                tcpip_input
                0x08045744                tcpip_callback
                0x08045770                tcpip_try_callback
                0x080457ac                tcpip_send_msg_wait_sem
                0x080457cc                tcpip_api_call
                0x080457f0                tcpip_callbackmsg_new
                0x08045808                tcpip_callbackmsg_delete
                0x08045810                tcpip_callbackmsg_trycallback
                0x0804581c                tcpip_callbackmsg_trycallback_fromisr
                0x08045828                tcpip_init
                0x0804586c                pbuf_free_callback
                0x080458ac                mem_free_callback
 .text          0x080458ec       0x24 ./obj/init.o
                0x080458ec                lwip_init
 .text          0x08045910      0x374 ./obj/mem.o
                0x08045910                mem_init
                0x08045948                mem_free
                0x08045a5c                mem_trim
                0x08045b70                mem_malloc
                0x08045c5c                mem_calloc
 .text          0x08045c84      0x138 ./obj/memp.o
                0x08045c84                memp_init_pool
                0x08045cb4                memp_init
                0x08045d0c                memp_malloc_pool
                0x08045d34                memp_malloc
                0x08045d6c                memp_free_pool
                0x08045d8c                memp_free
 .text          0x08045dbc      0x9ec ./obj/pbuf.o
                0x08045f20                pbuf_alloc
                0x0804607c                pbuf_alloc_reference
                0x080460a0                pbuf_alloced_custom
                0x080460d8                pbuf_realloc
                0x08046138                pbuf_add_header
                0x0804618c                pbuf_add_header_force
                0x080461dc                pbuf_remove_header
                0x08046218                pbuf_header
                0x08046284                pbuf_header_force
                0x080462f4                pbuf_free_header
                0x0804633c                pbuf_free
                0x08046344                pbuf_clen
                0x08046358                pbuf_ref
                0x08046374                pbuf_cat
                0x0804639c                pbuf_chain
                0x080463e0                pbuf_dechain
                0x08046408                pbuf_copy
                0x08046420                pbuf_copy_partial
                0x0804648c                pbuf_get_contiguous
                0x080464d8                pbuf_skip
                0x080464f4                pbuf_take
                0x08046544                pbuf_take_at
                0x080465b4                pbuf_coalesce
                0x0804661c                pbuf_clone
                0x08046640                pbuf_get_at
                0x0804665c                pbuf_try_get_at
                0x0804667c                pbuf_put_at
                0x08046698                pbuf_memcmp
                0x08046708                pbuf_memfind
                0x08046748                pbuf_strstr
 .text          0x080467a8      0x204 ./obj/timeouts.o
                0x08046858                tcp_timer_needed
                0x08046894                sys_timeouts_init
                0x080468c4                sys_timeout
                0x080468e0                sys_untimeout
                0x0804691c                sys_check_timeouts
                0x08046960                sys_restart_timeouts
                0x08046988                sys_timeouts_sleeptime
 .text          0x080469ac      0x17c ./obj/def.o
                0x080469ac                lwip_htons
                0x080469b4                lwip_htonl
                0x080469b8                lwip_strnstr
                0x08046a08                lwip_stricmp
                0x08046a5c                lwip_strnicmp
                0x08046a98                lwip_itoa
 .text          0x08046b28      0x414 ./obj/netif.o
                0x08046b7c                netif_init
                0x08046b80                netif_input
                0x08046b94                netif_set_ipaddr
                0x08046bec                netif_set_netmask
                0x08046c04                netif_set_gw
                0x08046c1c                netif_set_addr
                0x08046c80                netif_add
                0x08046d34                netif_add_noaddr
                0x08046d50                netif_remove
                0x08046dd0                netif_set_default
                0x08046ddc                netif_set_up
                0x08046e10                netif_set_down
                0x08046e2c                netif_set_link_up
                0x08046e6c                netif_set_link_down
                0x08046e80                netif_index_to_name
                0x08046ec0                netif_get_by_index
                0x08046ee4                netif_find
                0x08046f28                netif_name_to_index
 .text          0x08046f3c      0xde0 ./obj/tcp_out.o
                0x08047114                tcp_write
                0x080474d4                tcp_split_unsent_seg
                0x08047614                tcp_enqueue_flags
                0x08047698                tcp_send_fin
                0x080476dc                tcp_rexmit_rto_prepare
                0x08047740                tcp_rexmit
                0x080477a8                tcp_rexmit_fast
                0x08047800                tcp_rst
                0x08047850                tcp_send_empty_ack
                0x080478ac                tcp_output
                0x08047bd0                tcp_rexmit_rto_commit
                0x08047be4                tcp_rexmit_rto
                0x08047c08                tcp_keepalive
                0x08047c54                tcp_zero_window_probe
 .text          0x08047d1c     0x1260 ./obj/tcp_in.o
                0x08048684                tcp_input
                0x08048f6c                tcp_trigger_input_pcb_close
 .text          0x08048f7c     0x102c ./obj/tcp.o
                0x08049024                tcp_init
                0x0804903c                tcp_free
                0x08049044                tcp_bind
                0x080490e4                tcp_bind_netif
                0x080490f4                tcp_listen_with_backlog_and_err
                0x0804919c                tcp_listen_with_backlog
                0x080491a4                tcp_update_rcv_ann_wnd
                0x080491e8                tcp_recved
                0x08049250                tcp_connect
                0x08049364                tcp_txnow
                0x0804938c                tcp_segs_free
                0x080493b0                tcp_seg_free
                0x080493cc                tcp_setprio
                0x080493d4                tcp_seg_copy
                0x080493fc                tcp_arg
                0x08049404                tcp_recv
                0x0804940c                tcp_sent
                0x08049414                tcp_err
                0x0804941c                tcp_accept
                0x08049428                tcp_poll
                0x08049434                tcp_pcb_purge
                0x080494c0                tcp_slowtmr
                0x08049890                tcp_pcb_remove
                0x080498ec                tcp_abandon
                0x08049a10                tcp_abort
                0x08049a68                tcp_alloc
                0x08049ba8                tcp_new
                0x08049bb0                tcp_new_ip_type
                0x08049ce0                tcp_close
                0x08049cfc                tcp_shutdown
                0x08049d54                tcp_recv_null
                0x08049d90                tcp_process_refused_data
                0x08049dfc                tcp_fasttmr
                0x08049e6c                tcp_tmr
                0x08049e90                tcp_next_iss
                0x08049ea8                tcp_eff_send_mss_netif
                0x08049ec4                tcp_netif_ip_addr_changed
                0x08049f44                tcp_debug_state_str
                0x08049f54                tcp_tcp_get_tcp_addrinfo
                0x08049f84                tcp_free_ooseq
 .text          0x08049fa8        0x0 ./obj/ip.o
 .text          0x08049fa8      0x5a8 ./obj/udp.o
                0x08049fa8                udp_init
                0x08049fc0                udp_input
                0x0804a134                udp_bind
                0x0804a218                udp_sendto_if_src
                0x0804a358                udp_sendto_if
                0x0804a3b0                udp_sendto
                0x0804a404                udp_send
                0x0804a418                udp_bind_netif
                0x0804a428                udp_connect
                0x0804a488                udp_disconnect
                0x0804a49c                udp_recv
                0x0804a4a4                udp_remove
                0x0804a4e0                udp_new
                0x0804a4fc                udp_new_ip_type
                0x0804a518                udp_netif_ip_addr_changed
 .text          0x0804a550       0xf4 ./obj/ethernet.o
                0x0804a550                ethernet_input
                0x0804a5f4                ethernet_output
 .text          0x0804a644      0xad0 ./obj/stm32f7xx_hal_eth.o
                0x0804a730                HAL_ETH_DMATxDescListInit
                0x0804a7bc                HAL_ETH_DMARxDescListInit
                0x0804a840                HAL_ETH_DeInit
                0x0804a85c                HAL_ETH_TransmitFrame
                0x0804a964                HAL_ETH_GetReceivedFrame
                0x0804a9fc                HAL_ETH_GetReceivedFrame_IT
                0x0804aa9c                HAL_ETH_TxCpltCallback
                0x0804aaa4                HAL_ETH_ErrorCallback
                0x0804aaa8                HAL_ETH_IRQHandler
                0x0804ab24                HAL_ETH_ReadPHYRegister
                0x0804ab98                HAL_ETH_WritePHYRegister
                0x0804ac08                HAL_ETH_Init
                0x0804ae1c                HAL_ETH_Start
                0x0804aeb4                HAL_ETH_Stop
                0x0804af50                HAL_ETH_ConfigMAC
                0x0804b068                HAL_ETH_ConfigDMA
                0x0804b10c                HAL_ETH_GetState
 .text          0x0804b114      0x474 ./obj/stm32f7xx_hal_gpio.o
                0x0804b114                HAL_GPIO_Init
                0x0804b3a0                HAL_GPIO_DeInit
                0x0804b520                HAL_GPIO_ReadPin
                0x0804b52c                HAL_GPIO_WritePin
                0x0804b534                HAL_GPIO_TogglePin
                0x0804b540                HAL_GPIO_LockPin
                0x0804b56c                HAL_GPIO_EXTI_Callback
                0x0804b570                HAL_GPIO_EXTI_IRQHandler
 .text          0x0804b588      0x8e0 ./obj/stm32f7xx_hal_rcc.o
                0x0804b588                HAL_RCC_DeInit
                0x0804b6c0                HAL_RCC_OscConfig
                0x0804baac                HAL_RCC_MCOConfig
                0x0804bb44                HAL_RCC_EnableCSS
                0x0804bb54                HAL_RCC_DisableCSS
                0x0804bb64                HAL_RCC_GetSysClockFreq
                0x0804bbcc                HAL_RCC_ClockConfig
                0x0804bd0c                HAL_RCC_GetHCLKFreq
                0x0804bd18                HAL_RCC_GetPCLK1Freq
                0x0804bd38                HAL_RCC_GetPCLK2Freq
                0x0804bd58                HAL_RCC_GetOscConfig
                0x0804be04                HAL_RCC_GetClockConfig
                0x0804be48                HAL_RCC_CSSCallback
                0x0804be4c                HAL_RCC_NMI_IRQHandler
 .text          0x0804be68       0x78 ./obj/stm32f7xx_hal_iwdg.o
                0x0804be68                HAL_IWDG_Init
                0x0804bed0                HAL_IWDG_Refresh
 .text          0x0804bee0      0x24c ./obj/stm32f7xx_hal.o
                0x0804bee0                HAL_MspInit
                0x0804bee4                HAL_MspDeInit
                0x0804bee8                HAL_DeInit
                0x0804bf14                HAL_InitTick
                0x0804bf54                HAL_Init
                0x0804bf80                HAL_IncTick
                0x0804bfa4                HAL_GetTickPrio
                0x0804bfb0                HAL_SetTickFreq
                0x0804bfd4                HAL_GetTickFreq
                0x0804c004                HAL_SuspendTick
                0x0804c014                HAL_ResumeTick
                0x0804c024                HAL_GetHalVersion
                0x0804c02c                HAL_GetREVID
                0x0804c038                HAL_GetDEVID
                0x0804c048                HAL_GetUIDw0
                0x0804c054                HAL_GetUIDw1
                0x0804c060                HAL_GetUIDw2
                0x0804c06c                HAL_DBGMCU_EnableDBGSleepMode
                0x0804c07c                HAL_DBGMCU_DisableDBGSleepMode
                0x0804c08c                HAL_DBGMCU_EnableDBGStopMode
                0x0804c09c                HAL_DBGMCU_DisableDBGStopMode
                0x0804c0ac                HAL_DBGMCU_EnableDBGStandbyMode
                0x0804c0bc                HAL_DBGMCU_DisableDBGStandbyMode
                0x0804c0cc                HAL_EnableCompensationCell
                0x0804c0dc                HAL_DisableCompensationCell
                0x0804c0ec                HAL_EnableFMCMemorySwapping
                0x0804c0fc                HAL_DisableFMCMemorySwapping
                0x0804c10c                HAL_EnableMemorySwappingBank
                0x0804c11c                HAL_DisableMemorySwappingBank
 .text          0x0804c12c      0x2f0 ./obj/stm32f7xx_hal_cortex.o
                0x0804c12c                HAL_NVIC_SetPriorityGrouping
                0x0804c150                HAL_NVIC_SetPriority
                0x0804c1cc                HAL_NVIC_EnableIRQ
                0x0804c1e8                HAL_NVIC_DisableIRQ
                0x0804c210                HAL_NVIC_SystemReset
                0x0804c234                HAL_SYSTICK_Config
                0x0804c260                HAL_MPU_Disable
                0x0804c27c                HAL_MPU_Enable
                0x0804c29c                HAL_MPU_ConfigRegion
                0x0804c300                HAL_NVIC_GetPriorityGrouping
                0x0804c310                HAL_NVIC_GetPriority
                0x0804c370                HAL_NVIC_SetPendingIRQ
                0x0804c390                HAL_NVIC_GetPendingIRQ
                0x0804c3b4                HAL_NVIC_ClearPendingIRQ
                0x0804c3d4                HAL_NVIC_GetActive
                0x0804c3f8                HAL_SYSTICK_CLKSourceConfig
                0x0804c410                HAL_SYSTICK_Callback
                0x0804c414                HAL_SYSTICK_IRQHandler
 .text          0x0804c41c      0xa1c ./lib/libRTX_CM4F.a(rtx_msgqueue.o)
                0x0804cb8c                osMessageQueueNew
                0x0804cbcc                osMessageQueueGetName
                0x0804cbfc                osMessageQueuePut
                0x0804cc98                osMessageQueueGet
                0x0804cd28                osMessageQueueGetCapacity
                0x0804cd50                osMessageQueueGetMsgSize
                0x0804cd78                osMessageQueueGetCount
                0x0804cda0                osMessageQueueGetSpace
                0x0804cdc8                osMessageQueueReset
                0x0804ce00                osMessageQueueDelete
 .text          0x0804ce38      0x6e0 ./lib/libRTX_CM4F.a(rtx_mempool.o)
                0x0804cef4                osRtxMemoryPoolInit
                0x0804cf58                osRtxMemoryPoolAlloc
                0x0804d03c                osRtxMemoryPoolFree
                0x0804d2ec                osMemoryPoolNew
                0x0804d32c                osMemoryPoolGetName
                0x0804d35c                osMemoryPoolAlloc
                0x0804d3c8                osMemoryPoolFree
                0x0804d440                osMemoryPoolGetCapacity
                0x0804d468                osMemoryPoolGetBlockSize
                0x0804d490                osMemoryPoolGetCount
                0x0804d4b8                osMemoryPoolGetSpace
                0x0804d4e0                osMemoryPoolDelete
 .text          0x0804d518      0x128 ./lib/libRTX_CM4F.a(rtx_memory.o)
                0x0804d518                osRtxMemoryInit
                0x0804d55c                osRtxMemoryAlloc
                0x0804d5dc                osRtxMemoryFree
 .text          0x0804d640      0x490 ./lib/libRTX_CM4F.a(rtx_semaphore.o)
                0x0804d8f8                osSemaphoreNew
                0x0804d938                osSemaphoreGetName
                0x0804d968                osSemaphoreAcquire
                0x0804d9e8                osSemaphoreRelease
                0x0804da70                osSemaphoreGetCount
                0x0804da98                osSemaphoreDelete
 .text          0x0804dad0      0x50c ./lib/libRTX_CM4F.a(rtx_mutex.o)
                0x0804de34                osRtxMutexOwnerRelease
                0x0804de98                osMutexNew
                0x0804ded0                osMutexGetName
                0x0804df00                osMutexAcquire
                0x0804df3c                osMutexRelease
                0x0804df74                osMutexGetOwner
                0x0804dfa4                osMutexDelete
 .text          0x0804dfdc      0x4a8 ./lib/libRTX_CM4F.a(rtx_timer.o)
                0x0804e2ec                osRtxTimerThread
                0x0804e334                osTimerNew
                0x0804e378                osTimerGetName
                0x0804e3a8                osTimerStart
                0x0804e3e4                osTimerStop
                0x0804e41c                osTimerIsRunning
                0x0804e44c                osTimerDelete
 .text          0x0804e484       0xe0 ./lib/libRTX_CM4F.a(rtx_delay.o)
                0x0804e4f4                osDelay
                0x0804e52c                osDelayUntil
 .text          0x0804e564     0x1628 ./lib/libRTX_CM4F.a(rtx_thread.o)
                0x0804e654                osThreadExit
                0x0804e9f4                osRtxThreadListPut
                0x0804ea3c                osRtxThreadListGet
                0x0804ea50                osRtxThreadListSort
                0x0804eac0                osRtxThreadListRemove
                0x0804ead4                osRtxThreadReadyPut
                0x0804eb2c                osRtxThreadDelayTick
                0x0804ec80                osRtxThreadRegPtr
                0x0804ec94                osRtxThreadStackCheck
                0x0804ecbc                osRtxThreadSwitch
                0x0804ecdc                osRtxThreadDispatch
                0x0804ed88                osRtxThreadWaitExit
                0x0804f254                osRtxThreadWaitEnter
                0x0804f6c4                osRtxThreadStartup
                0x0804f704                osThreadNew
                0x0804f744                osThreadGetName
                0x0804f774                osThreadGetId
                0x0804f7ac                osThreadGetState
                0x0804f7e0                osThreadGetStackSize
                0x0804f810                osThreadGetStackSpace
                0x0804f840                osThreadSetPriority
                0x0804f87c                osThreadGetPriority
                0x0804f8b0                osThreadYield
                0x0804f8e4                osThreadSuspend
                0x0804f91c                osThreadResume
                0x0804f954                osThreadDetach
                0x0804f98c                osThreadJoin
                0x0804f9c4                osThreadTerminate
                0x0804f9fc                osThreadGetCount
                0x0804fa28                osThreadEnumerate
                0x0804fa5c                osThreadFlagsSet
                0x0804fae8                osThreadFlagsClear
                0x0804fb20                osThreadFlagsGet
                0x0804fb4c                osThreadFlagsWait
 .text          0x0804fb8c      0x748 ./lib/libRTX_CM4F.a(rtx_kernel.o)
                0x0805000c                osRtxKernelPreInit
                0x08050010                osKernelInitialize
                0x08050048                osKernelGetInfo
                0x08050090                osKernelGetState
                0x080500d0                osKernelStart
                0x08050104                osKernelLock
                0x08050138                osKernelUnlock
                0x0805016c                osKernelRestoreLock
                0x080501a4                osKernelSuspend
                0x080501d8                osKernelResume
                0x08050210                osKernelGetTickCount
                0x08050244                osKernelGetTickFreq
                0x0805027c                osKernelGetSysTimerCount
                0x080502a0                osKernelGetSysTimerFreq
 .text          0x080502d4       0xc4 ./lib/libRTX_CM4F.a(irq_cm4f.o)
                0x080502d4                SVC_Handler
                0x0805036c                PendSV_Handler
                0x0805037c                SysTick_Handler
 .text          0x08050398       0xec ./lib/libRTX_CM4F.a(os_systick.o)
                0x08050398                OS_Tick_Setup
                0x080503e0                OS_Tick_Enable
                0x0805040c                OS_Tick_Disable
                0x08050438                OS_Tick_AcknowledgeIRQ
                0x08050444                OS_Tick_GetIRQn
                0x0805044c                OS_Tick_GetClock
                0x08050458                OS_Tick_GetInterval
                0x08050464                OS_Tick_GetCount
                0x08050474                OS_Tick_GetOverflow
 .text          0x08050484      0x2b0 ./lib/libRTX_CM4F.a(rtx_evr.o)
                0x08050484                EvrRtxMemoryInit
                0x08050488                EvrRtxMemoryAlloc
                0x0805048c                EvrRtxMemoryFree
                0x08050490                EvrRtxMemoryBlockInit
                0x08050494                EvrRtxMemoryBlockAlloc
                0x08050498                EvrRtxMemoryBlockFree
                0x0805049c                EvrRtxKernelError
                0x080504a0                EvrRtxKernelInitialize
                0x080504a4                EvrRtxKernelInitialized
                0x080504a8                EvrRtxKernelGetInfo
                0x080504ac                EvrRtxKernelInfoRetrieved
                0x080504b0                EvrRtxKernelGetState
                0x080504b4                EvrRtxKernelStart
                0x080504b8                EvrRtxKernelStarted
                0x080504bc                EvrRtxKernelLock
                0x080504c0                EvrRtxKernelLocked
                0x080504c4                EvrRtxKernelUnlock
                0x080504c8                EvrRtxKernelUnlocked
                0x080504cc                EvrRtxKernelRestoreLock
                0x080504d0                EvrRtxKernelLockRestored
                0x080504d4                EvrRtxKernelSuspend
                0x080504d8                EvrRtxKernelSuspended
                0x080504dc                EvrRtxKernelResume
                0x080504e0                EvrRtxKernelResumed
                0x080504e4                EvrRtxKernelGetTickCount
                0x080504e8                EvrRtxKernelGetTickFreq
                0x080504ec                EvrRtxKernelGetSysTimerCount
                0x080504f0                EvrRtxKernelGetSysTimerFreq
                0x080504f4                EvrRtxThreadError
                0x080504f8                EvrRtxThreadNew
                0x080504fc                EvrRtxThreadCreated
                0x08050500                EvrRtxThreadGetName
                0x08050504                EvrRtxThreadGetId
                0x08050508                EvrRtxThreadGetState
                0x0805050c                EvrRtxThreadGetStackSize
                0x08050510                EvrRtxThreadGetStackSpace
                0x08050514                EvrRtxThreadSetPriority
                0x08050518                EvrRtxThreadPriorityUpdated
                0x0805051c                EvrRtxThreadGetPriority
                0x08050520                EvrRtxThreadYield
                0x08050524                EvrRtxThreadSuspend
                0x08050528                EvrRtxThreadSuspended
                0x0805052c                EvrRtxThreadResume
                0x08050530                EvrRtxThreadResumed
                0x08050534                EvrRtxThreadDetach
                0x08050538                EvrRtxThreadDetached
                0x0805053c                EvrRtxThreadJoin
                0x08050540                EvrRtxThreadJoinPending
                0x08050544                EvrRtxThreadJoined
                0x08050548                EvrRtxThreadBlocked
                0x0805054c                EvrRtxThreadUnblocked
                0x08050550                EvrRtxThreadPreempted
                0x08050554                EvrRtxThreadSwitched
                0x08050558                EvrRtxThreadExit
                0x0805055c                EvrRtxThreadTerminate
                0x08050560                EvrRtxThreadDestroyed
                0x08050564                EvrRtxThreadGetCount
                0x08050568                EvrRtxThreadEnumerate
                0x0805056c                EvrRtxThreadFlagsError
                0x08050570                EvrRtxThreadFlagsSet
                0x08050574                EvrRtxThreadFlagsSetDone
                0x08050578                EvrRtxThreadFlagsClear
                0x0805057c                EvrRtxThreadFlagsClearDone
                0x08050580                EvrRtxThreadFlagsGet
                0x08050584                EvrRtxThreadFlagsWait
                0x08050588                EvrRtxThreadFlagsWaitPending
                0x0805058c                EvrRtxThreadFlagsWaitTimeout
                0x08050590                EvrRtxThreadFlagsWaitCompleted
                0x08050594                EvrRtxThreadFlagsWaitNotCompleted
                0x08050598                EvrRtxDelayError
                0x0805059c                EvrRtxDelay
                0x080505a0                EvrRtxDelayUntil
                0x080505a4                EvrRtxDelayStarted
                0x080505a8                EvrRtxDelayUntilStarted
                0x080505ac                EvrRtxDelayCompleted
                0x080505b0                EvrRtxTimerError
                0x080505b4                EvrRtxTimerCallback
                0x080505b8                EvrRtxTimerNew
                0x080505bc                EvrRtxTimerCreated
                0x080505c0                EvrRtxTimerGetName
                0x080505c4                EvrRtxTimerStart
                0x080505c8                EvrRtxTimerStarted
                0x080505cc                EvrRtxTimerStop
                0x080505d0                EvrRtxTimerStopped
                0x080505d4                EvrRtxTimerIsRunning
                0x080505d8                EvrRtxTimerDelete
                0x080505dc                EvrRtxTimerDestroyed
                0x080505e0                EvrRtxEventFlagsError
                0x080505e4                EvrRtxEventFlagsNew
                0x080505e8                EvrRtxEventFlagsCreated
                0x080505ec                EvrRtxEventFlagsGetName
                0x080505f0                EvrRtxEventFlagsSet
                0x080505f4                EvrRtxEventFlagsSetDone
                0x080505f8                EvrRtxEventFlagsClear
                0x080505fc                EvrRtxEventFlagsClearDone
                0x08050600                EvrRtxEventFlagsGet
                0x08050604                EvrRtxEventFlagsWait
                0x08050608                EvrRtxEventFlagsWaitPending
                0x0805060c                EvrRtxEventFlagsWaitTimeout
                0x08050610                EvrRtxEventFlagsWaitCompleted
                0x08050614                EvrRtxEventFlagsWaitNotCompleted
                0x08050618                EvrRtxEventFlagsDelete
                0x0805061c                EvrRtxEventFlagsDestroyed
                0x08050620                EvrRtxMutexError
                0x08050624                EvrRtxMutexNew
                0x08050628                EvrRtxMutexCreated
                0x0805062c                EvrRtxMutexGetName
                0x08050630                EvrRtxMutexAcquire
                0x08050634                EvrRtxMutexAcquirePending
                0x08050638                EvrRtxMutexAcquireTimeout
                0x0805063c                EvrRtxMutexAcquired
                0x08050640                EvrRtxMutexNotAcquired
                0x08050644                EvrRtxMutexRelease
                0x08050648                EvrRtxMutexReleased
                0x0805064c                EvrRtxMutexGetOwner
                0x08050650                EvrRtxMutexDelete
                0x08050654                EvrRtxMutexDestroyed
                0x08050658                EvrRtxSemaphoreError
                0x0805065c                EvrRtxSemaphoreNew
                0x08050660                EvrRtxSemaphoreCreated
                0x08050664                EvrRtxSemaphoreGetName
                0x08050668                EvrRtxSemaphoreAcquire
                0x0805066c                EvrRtxSemaphoreAcquirePending
                0x08050670                EvrRtxSemaphoreAcquireTimeout
                0x08050674                EvrRtxSemaphoreAcquired
                0x08050678                EvrRtxSemaphoreNotAcquired
                0x0805067c                EvrRtxSemaphoreRelease
                0x08050680                EvrRtxSemaphoreReleased
                0x08050684                EvrRtxSemaphoreGetCount
                0x08050688                EvrRtxSemaphoreDelete
                0x0805068c                EvrRtxSemaphoreDestroyed
                0x08050690                EvrRtxMemoryPoolError
                0x08050694                EvrRtxMemoryPoolNew
                0x08050698                EvrRtxMemoryPoolCreated
                0x0805069c                EvrRtxMemoryPoolGetName
                0x080506a0                EvrRtxMemoryPoolAlloc
                0x080506a4                EvrRtxMemoryPoolAllocPending
                0x080506a8                EvrRtxMemoryPoolAllocTimeout
                0x080506ac                EvrRtxMemoryPoolAllocated
                0x080506b0                EvrRtxMemoryPoolAllocFailed
                0x080506b4                EvrRtxMemoryPoolFree
                0x080506b8                EvrRtxMemoryPoolDeallocated
                0x080506bc                EvrRtxMemoryPoolFreeFailed
                0x080506c0                EvrRtxMemoryPoolGetCapacity
                0x080506c4                EvrRtxMemoryPoolGetBlockSize
                0x080506c8                EvrRtxMemoryPoolGetCount
                0x080506cc                EvrRtxMemoryPoolGetSpace
                0x080506d0                EvrRtxMemoryPoolDelete
                0x080506d4                EvrRtxMemoryPoolDestroyed
                0x080506d8                EvrRtxMessageQueueError
                0x080506dc                EvrRtxMessageQueueNew
                0x080506e0                EvrRtxMessageQueueCreated
                0x080506e4                EvrRtxMessageQueueGetName
                0x080506e8                EvrRtxMessageQueuePut
                0x080506ec                EvrRtxMessageQueuePutPending
                0x080506f0                EvrRtxMessageQueuePutTimeout
                0x080506f4                EvrRtxMessageQueueInsertPending
                0x080506f8                EvrRtxMessageQueueInserted
                0x080506fc                EvrRtxMessageQueueNotInserted
                0x08050700                EvrRtxMessageQueueGet
                0x08050704                EvrRtxMessageQueueGetPending
                0x08050708                EvrRtxMessageQueueGetTimeout
                0x0805070c                EvrRtxMessageQueueRetrieved
                0x08050710                EvrRtxMessageQueueNotRetrieved
                0x08050714                EvrRtxMessageQueueGetCapacity
                0x08050718                EvrRtxMessageQueueGetMsgSize
                0x0805071c                EvrRtxMessageQueueGetCount
                0x08050720                EvrRtxMessageQueueGetSpace
                0x08050724                EvrRtxMessageQueueReset
                0x08050728                EvrRtxMessageQueueResetDone
                0x0805072c                EvrRtxMessageQueueDelete
                0x08050730                EvrRtxMessageQueueDestroyed
 .text          0x08050734      0x198 ./lib/libRTX_CM4F.a(rtx_system.o)
                0x08050734                osRtxTick_Handler
                0x080507b0                osRtxPendSV_Handler
                0x08050858                osRtxPostProcess
 .text          0x080508cc        0x0 c:/users/jaejunmin/downloads/peak-devpack/compiler/10 2020-q4-major/bin/../lib/gcc/arm-none-eabi/10.2.1/../../../../arm-none-eabi/lib/thumb/v7e-m+dp/hard\libc.a(lib_a-atoi.o)
 .text.atoi     0x080508cc        0x8 c:/users/jaejunmin/downloads/peak-devpack/compiler/10 2020-q4-major/bin/../lib/gcc/arm-none-eabi/10.2.1/../../../../arm-none-eabi/lib/thumb/v7e-m+dp/hard\libc.a(lib_a-atoi.o)
                0x080508cc                atoi
 .text._atoi_r  0x080508d4        0x8 c:/users/jaejunmin/downloads/peak-devpack/compiler/10 2020-q4-major/bin/../lib/gcc/arm-none-eabi/10.2.1/../../../../arm-none-eabi/lib/thumb/v7e-m+dp/hard\libc.a(lib_a-atoi.o)
                0x080508d4                _atoi_r
 .text          0x080508dc        0x0 c:/users/jaejunmin/downloads/peak-devpack/compiler/10 2020-q4-major/bin/../lib/gcc/arm-none-eabi/10.2.1/../../../../arm-none-eabi/lib/thumb/v7e-m+dp/hard\libc.a(lib_a-ctype_.o)
 .text          0x080508dc        0x0 c:/users/jaejunmin/downloads/peak-devpack/compiler/10 2020-q4-major/bin/../lib/gcc/arm-none-eabi/10.2.1/../../../../arm-none-eabi/lib/thumb/v7e-m+dp/hard\libc.a(lib_a-exit.o)
 .text.exit     0x080508dc       0x20 c:/users/jaejunmin/downloads/peak-devpack/compiler/10 2020-q4-major/bin/../lib/gcc/arm-none-eabi/10.2.1/../../../../arm-none-eabi/lib/thumb/v7e-m+dp/hard\libc.a(lib_a-exit.o)
                0x080508dc                exit
 .text          0x080508fc        0x0 c:/users/jaejunmin/downloads/peak-devpack/compiler/10 2020-q4-major/bin/../lib/gcc/arm-none-eabi/10.2.1/../../../../arm-none-eabi/lib/thumb/v7e-m+dp/hard\libc.a(lib_a-impure.o)
 .text          0x080508fc        0x0 c:/users/jaejunmin/downloads/peak-devpack/compiler/10 2020-q4-major/bin/../lib/gcc/arm-none-eabi/10.2.1/../../../../arm-none-eabi/lib/thumb/v7e-m+dp/hard\libc.a(lib_a-init.o)
 .text.__libc_init_array
                0x080508fc       0x48 c:/users/jaejunmin/downloads/peak-devpack/compiler/10 2020-q4-major/bin/../lib/gcc/arm-none-eabi/10.2.1/../../../../arm-none-eabi/lib/thumb/v7e-m+dp/hard\libc.a(lib_a-init.o)
                0x080508fc                __libc_init_array
 .text          0x08050944        0x0 c:/users/jaejunmin/downloads/peak-devpack/compiler/10 2020-q4-major/bin/../lib/gcc/arm-none-eabi/10.2.1/../../../../arm-none-eabi/lib/thumb/v7e-m+dp/hard\libc.a(lib_a-memcmp.o)
 .text.memcmp   0x08050944       0x64 c:/users/jaejunmin/downloads/peak-devpack/compiler/10 2020-q4-major/bin/../lib/gcc/arm-none-eabi/10.2.1/../../../../arm-none-eabi/lib/thumb/v7e-m+dp/hard\libc.a(lib_a-memcmp.o)
                0x08050944                memcmp
 .text          0x080509a8      0x134 c:/users/jaejunmin/downloads/peak-devpack/compiler/10 2020-q4-major/bin/../lib/gcc/arm-none-eabi/10.2.1/../../../../arm-none-eabi/lib/thumb/v7e-m+dp/hard\libc.a(lib_a-memcpy.o)
                0x080509a8                memcpy
 .text          0x08050adc        0x0 c:/users/jaejunmin/downloads/peak-devpack/compiler/10 2020-q4-major/bin/../lib/gcc/arm-none-eabi/10.2.1/../../../../arm-none-eabi/lib/thumb/v7e-m+dp/hard\libc.a(lib_a-memmove.o)
 .text.memmove  0x08050adc       0xf8 c:/users/jaejunmin/downloads/peak-devpack/compiler/10 2020-q4-major/bin/../lib/gcc/arm-none-eabi/10.2.1/../../../../arm-none-eabi/lib/thumb/v7e-m+dp/hard\libc.a(lib_a-memmove.o)
                0x08050adc                memmove
 .text          0x08050bd4        0x0 c:/users/jaejunmin/downloads/peak-devpack/compiler/10 2020-q4-major/bin/../lib/gcc/arm-none-eabi/10.2.1/../../../../arm-none-eabi/lib/thumb/v7e-m+dp/hard\libc.a(lib_a-memset.o)
 .text.memset   0x08050bd4       0xa4 c:/users/jaejunmin/downloads/peak-devpack/compiler/10 2020-q4-major/bin/../lib/gcc/arm-none-eabi/10.2.1/../../../../arm-none-eabi/lib/thumb/v7e-m+dp/hard\libc.a(lib_a-memset.o)
                0x08050bd4                memset
 .text          0x08050c78        0x0 c:/users/jaejunmin/downloads/peak-devpack/compiler/10 2020-q4-major/bin/../lib/gcc/arm-none-eabi/10.2.1/../../../../arm-none-eabi/lib/thumb/v7e-m+dp/hard\libc.a(lib_a-printf.o)
 .text._printf_r
                0x08050c78       0x20 c:/users/jaejunmin/downloads/peak-devpack/compiler/10 2020-q4-major/bin/../lib/gcc/arm-none-eabi/10.2.1/../../../../arm-none-eabi/lib/thumb/v7e-m+dp/hard\libc.a(lib_a-printf.o)
                0x08050c78                _printf_r
 .text.printf   0x08050c98       0x28 c:/users/jaejunmin/downloads/peak-devpack/compiler/10 2020-q4-major/bin/../lib/gcc/arm-none-eabi/10.2.1/../../../../arm-none-eabi/lib/thumb/v7e-m+dp/hard\libc.a(lib_a-printf.o)
                0x08050c98                printf
 .text          0x08050cc0        0x0 c:/users/jaejunmin/downloads/peak-devpack/compiler/10 2020-q4-major/bin/../lib/gcc/arm-none-eabi/10.2.1/../../../../arm-none-eabi/lib/thumb/v7e-m+dp/hard\libc.a(lib_a-puts.o)
 .text._puts_r  0x08050cc0       0x9c c:/users/jaejunmin/downloads/peak-devpack/compiler/10 2020-q4-major/bin/../lib/gcc/arm-none-eabi/10.2.1/../../../../arm-none-eabi/lib/thumb/v7e-m+dp/hard\libc.a(lib_a-puts.o)
                0x08050cc0                _puts_r
 .text.puts     0x08050d5c       0x10 c:/users/jaejunmin/downloads/peak-devpack/compiler/10 2020-q4-major/bin/../lib/gcc/arm-none-eabi/10.2.1/../../../../arm-none-eabi/lib/thumb/v7e-m+dp/hard\libc.a(lib_a-puts.o)
                0x08050d5c                puts
 .text          0x08050d6c        0x0 c:/users/jaejunmin/downloads/peak-devpack/compiler/10 2020-q4-major/bin/../lib/gcc/arm-none-eabi/10.2.1/../../../../arm-none-eabi/lib/thumb/v7e-m+dp/hard\libc.a(lib_a-rand.o)
 .text.srand    0x08050d6c       0x10 c:/users/jaejunmin/downloads/peak-devpack/compiler/10 2020-q4-major/bin/../lib/gcc/arm-none-eabi/10.2.1/../../../../arm-none-eabi/lib/thumb/v7e-m+dp/hard\libc.a(lib_a-rand.o)
                0x08050d6c                srand
 .text.rand     0x08050d7c       0x3c c:/users/jaejunmin/downloads/peak-devpack/compiler/10 2020-q4-major/bin/../lib/gcc/arm-none-eabi/10.2.1/../../../../arm-none-eabi/lib/thumb/v7e-m+dp/hard\libc.a(lib_a-rand.o)
                0x08050d7c                rand
 .text          0x08050db8        0x0 c:/users/jaejunmin/downloads/peak-devpack/compiler/10 2020-q4-major/bin/../lib/gcc/arm-none-eabi/10.2.1/../../../../arm-none-eabi/lib/thumb/v7e-m+dp/hard\libc.a(lib_a-sprintf.o)
 .text._sprintf_r
                0x08050db8       0x38 c:/users/jaejunmin/downloads/peak-devpack/compiler/10 2020-q4-major/bin/../lib/gcc/arm-none-eabi/10.2.1/../../../../arm-none-eabi/lib/thumb/v7e-m+dp/hard\libc.a(lib_a-sprintf.o)
                0x08050db8                _sprintf_r
 .text.sprintf  0x08050df0       0x40 c:/users/jaejunmin/downloads/peak-devpack/compiler/10 2020-q4-major/bin/../lib/gcc/arm-none-eabi/10.2.1/../../../../arm-none-eabi/lib/thumb/v7e-m+dp/hard\libc.a(lib_a-sprintf.o)
                0x08050df0                sprintf
 .text          0x08050e30        0x0 c:/users/jaejunmin/downloads/peak-devpack/compiler/10 2020-q4-major/bin/../lib/gcc/arm-none-eabi/10.2.1/../../../../arm-none-eabi/lib/thumb/v7e-m+dp/hard\libc.a(lib_a-strchr.o)
 .text.strchr   0x08050e30       0xcc c:/users/jaejunmin/downloads/peak-devpack/compiler/10 2020-q4-major/bin/../lib/gcc/arm-none-eabi/10.2.1/../../../../arm-none-eabi/lib/thumb/v7e-m+dp/hard\libc.a(lib_a-strchr.o)
                0x08050e30                strchr
 *fill*         0x08050efc        0x4 
 .text          0x08050f00      0x2dc c:/users/jaejunmin/downloads/peak-devpack/compiler/10 2020-q4-major/bin/../lib/gcc/arm-none-eabi/10.2.1/../../../../arm-none-eabi/lib/thumb/v7e-m+dp/hard\libc.a(lib_a-strcmp.o)
                0x08050f08                strcmp
 .text          0x080511dc        0x0 c:/users/jaejunmin/downloads/peak-devpack/compiler/10 2020-q4-major/bin/../lib/gcc/arm-none-eabi/10.2.1/../../../../arm-none-eabi/lib/thumb/v7e-m+dp/hard\libc.a(lib_a-strcpy.o)
 .text.strcpy   0x080511dc       0xbc c:/users/jaejunmin/downloads/peak-devpack/compiler/10 2020-q4-major/bin/../lib/gcc/arm-none-eabi/10.2.1/../../../../arm-none-eabi/lib/thumb/v7e-m+dp/hard\libc.a(lib_a-strcpy.o)
                0x080511dc                strcpy
 *fill*         0x08051298       0x28 
 .text          0x080512c0       0xdc c:/users/jaejunmin/downloads/peak-devpack/compiler/10 2020-q4-major/bin/../lib/gcc/arm-none-eabi/10.2.1/../../../../arm-none-eabi/lib/thumb/v7e-m+dp/hard\libc.a(lib_a-strlen.o)
                0x080512c0                strlen
 .text          0x0805139c        0x0 c:/users/jaejunmin/downloads/peak-devpack/compiler/10 2020-q4-major/bin/../lib/gcc/arm-none-eabi/10.2.1/../../../../arm-none-eabi/lib/thumb/v7e-m+dp/hard\libc.a(lib_a-strncmp.o)
 .text.strncmp  0x0805139c       0x80 c:/users/jaejunmin/downloads/peak-devpack/compiler/10 2020-q4-major/bin/../lib/gcc/arm-none-eabi/10.2.1/../../../../arm-none-eabi/lib/thumb/v7e-m+dp/hard\libc.a(lib_a-strncmp.o)
                0x0805139c                strncmp
 .text          0x0805141c        0x0 c:/users/jaejunmin/downloads/peak-devpack/compiler/10 2020-q4-major/bin/../lib/gcc/arm-none-eabi/10.2.1/../../../../arm-none-eabi/lib/thumb/v7e-m+dp/hard\libc.a(lib_a-strncpy.o)
 .text.strncpy  0x0805141c       0x64 c:/users/jaejunmin/downloads/peak-devpack/compiler/10 2020-q4-major/bin/../lib/gcc/arm-none-eabi/10.2.1/../../../../arm-none-eabi/lib/thumb/v7e-m+dp/hard\libc.a(lib_a-strncpy.o)
                0x0805141c                strncpy
 .text          0x08051480        0x0 c:/users/jaejunmin/downloads/peak-devpack/compiler/10 2020-q4-major/bin/../lib/gcc/arm-none-eabi/10.2.1/../../../../arm-none-eabi/lib/thumb/v7e-m+dp/hard\libc.a(lib_a-strstr.o)
 .text.two_way_long_needle
                0x08051480      0x2b4 c:/users/jaejunmin/downloads/peak-devpack/compiler/10 2020-q4-major/bin/../lib/gcc/arm-none-eabi/10.2.1/../../../../arm-none-eabi/lib/thumb/v7e-m+dp/hard\libc.a(lib_a-strstr.o)
 .text.strstr   0x08051734      0x164 c:/users/jaejunmin/downloads/peak-devpack/compiler/10 2020-q4-major/bin/../lib/gcc/arm-none-eabi/10.2.1/../../../../arm-none-eabi/lib/thumb/v7e-m+dp/hard\libc.a(lib_a-strstr.o)
                0x08051734                strstr
 .text          0x08051898        0x0 c:/users/jaejunmin/downloads/peak-devpack/compiler/10 2020-q4-major/bin/../lib/gcc/arm-none-eabi/10.2.1/../../../../arm-none-eabi/lib/thumb/v7e-m+dp/hard\libc.a(lib_a-strtol.o)
 .text._strtol_l.part.0
                0x08051898      0x120 c:/users/jaejunmin/downloads/peak-devpack/compiler/10 2020-q4-major/bin/../lib/gcc/arm-none-eabi/10.2.1/../../../../arm-none-eabi/lib/thumb/v7e-m+dp/hard\libc.a(lib_a-strtol.o)
 .text._strtol_r
                0x080519b8       0x1c c:/users/jaejunmin/downloads/peak-devpack/compiler/10 2020-q4-major/bin/../lib/gcc/arm-none-eabi/10.2.1/../../../../arm-none-eabi/lib/thumb/v7e-m+dp/hard\libc.a(lib_a-strtol.o)
                0x080519b8                _strtol_r
 .text.strtol_l
                0x080519d4       0x2c c:/users/jaejunmin/downloads/peak-devpack/compiler/10 2020-q4-major/bin/../lib/gcc/arm-none-eabi/10.2.1/../../../../arm-none-eabi/lib/thumb/v7e-m+dp/hard\libc.a(lib_a-strtol.o)
                0x080519d4                strtol_l
 .text.strtol   0x08051a00       0x2c c:/users/jaejunmin/downloads/peak-devpack/compiler/10 2020-q4-major/bin/../lib/gcc/arm-none-eabi/10.2.1/../../../../arm-none-eabi/lib/thumb/v7e-m+dp/hard\libc.a(lib_a-strtol.o)
                0x08051a00                strtol
 .text          0x08051a2c        0x0 c:/users/jaejunmin/downloads/peak-devpack/compiler/10 2020-q4-major/bin/../lib/gcc/arm-none-eabi/10.2.1/../../../../arm-none-eabi/lib/thumb/v7e-m+dp/hard\libc.a(lib_a-svfprintf.o)
 *fill*         0x08051a2c        0x4 
 .text._svfprintf_r
                0x08051a30     0x1950 c:/users/jaejunmin/downloads/peak-devpack/compiler/10 2020-q4-major/bin/../lib/gcc/arm-none-eabi/10.2.1/../../../../arm-none-eabi/lib/thumb/v7e-m+dp/hard\libc.a(lib_a-svfprintf.o)
                0x08051a30                _svfprintf_r
 .text          0x08053380        0x0 c:/users/jaejunmin/downloads/peak-devpack/compiler/10 2020-q4-major/bin/../lib/gcc/arm-none-eabi/10.2.1/../../../../arm-none-eabi/lib/thumb/v7e-m+dp/hard\libc.a(lib_a-vfprintf.o)
 .text._vfprintf_r
                0x08053380     0x1aa0 c:/users/jaejunmin/downloads/peak-devpack/compiler/10 2020-q4-major/bin/../lib/gcc/arm-none-eabi/10.2.1/../../../../arm-none-eabi/lib/thumb/v7e-m+dp/hard\libc.a(lib_a-vfprintf.o)
                0x08053380                _vfprintf_r
 .text.vfprintf
                0x08054e20       0x1c c:/users/jaejunmin/downloads/peak-devpack/compiler/10 2020-q4-major/bin/../lib/gcc/arm-none-eabi/10.2.1/../../../../arm-none-eabi/lib/thumb/v7e-m+dp/hard\libc.a(lib_a-vfprintf.o)
                0x08054e20                vfprintf
 .text.__sbprintf
                0x08054e3c       0x80 c:/users/jaejunmin/downloads/peak-devpack/compiler/10 2020-q4-major/bin/../lib/gcc/arm-none-eabi/10.2.1/../../../../arm-none-eabi/lib/thumb/v7e-m+dp/hard\libc.a(lib_a-vfprintf.o)
 .text          0x08054ebc        0x0 c:/users/jaejunmin/downloads/peak-devpack/compiler/10 2020-q4-major/bin/../lib/gcc/arm-none-eabi/10.2.1/../../../../arm-none-eabi/lib/thumb/v7e-m+dp/hard\libc.a(lib_a-wsetup.o)
 .text.__swsetup_r
                0x08054ebc       0xd4 c:/users/jaejunmin/downloads/peak-devpack/compiler/10 2020-q4-major/bin/../lib/gcc/arm-none-eabi/10.2.1/../../../../arm-none-eabi/lib/thumb/v7e-m+dp/hard\libc.a(lib_a-wsetup.o)
                0x08054ebc                __swsetup_r
 .text          0x08054f90        0x0 c:/users/jaejunmin/downloads/peak-devpack/compiler/10 2020-q4-major/bin/../lib/gcc/arm-none-eabi/10.2.1/../../../../arm-none-eabi/lib/thumb/v7e-m+dp/hard\libc.a(lib_a-__call_atexit.o)
 .text.startup.register_fini
                0x08054f90       0x14 c:/users/jaejunmin/downloads/peak-devpack/compiler/10 2020-q4-major/bin/../lib/gcc/arm-none-eabi/10.2.1/../../../../arm-none-eabi/lib/thumb/v7e-m+dp/hard\libc.a(lib_a-__call_atexit.o)
 .text.__call_exitprocs
                0x08054fa4       0xcc c:/users/jaejunmin/downloads/peak-devpack/compiler/10 2020-q4-major/bin/../lib/gcc/arm-none-eabi/10.2.1/../../../../arm-none-eabi/lib/thumb/v7e-m+dp/hard\libc.a(lib_a-__call_atexit.o)
                0x08054fa4                __call_exitprocs
 .text          0x08055070        0x0 c:/users/jaejunmin/downloads/peak-devpack/compiler/10 2020-q4-major/bin/../lib/gcc/arm-none-eabi/10.2.1/../../../../arm-none-eabi/lib/thumb/v7e-m+dp/hard\libc.a(lib_a-atexit.o)
 .text.atexit   0x08055070        0xc c:/users/jaejunmin/downloads/peak-devpack/compiler/10 2020-q4-major/bin/../lib/gcc/arm-none-eabi/10.2.1/../../../../arm-none-eabi/lib/thumb/v7e-m+dp/hard\libc.a(lib_a-atexit.o)
                0x08055070                atexit
 .text          0x0805507c        0x0 c:/users/jaejunmin/downloads/peak-devpack/compiler/10 2020-q4-major/bin/../lib/gcc/arm-none-eabi/10.2.1/../../../../arm-none-eabi/lib/thumb/v7e-m+dp/hard\libc.a(lib_a-dtoa.o)
 .text.quorem   0x0805507c      0x128 c:/users/jaejunmin/downloads/peak-devpack/compiler/10 2020-q4-major/bin/../lib/gcc/arm-none-eabi/10.2.1/../../../../arm-none-eabi/lib/thumb/v7e-m+dp/hard\libc.a(lib_a-dtoa.o)
 *fill*         0x080551a4        0x4 
 .text._dtoa_r  0x080551a8      0xcd8 c:/users/jaejunmin/downloads/peak-devpack/compiler/10 2020-q4-major/bin/../lib/gcc/arm-none-eabi/10.2.1/../../../../arm-none-eabi/lib/thumb/v7e-m+dp/hard\libc.a(lib_a-dtoa.o)
                0x080551a8                _dtoa_r
 .text          0x08055e80        0x0 c:/users/jaejunmin/downloads/peak-devpack/compiler/10 2020-q4-major/bin/../lib/gcc/arm-none-eabi/10.2.1/../../../../arm-none-eabi/lib/thumb/v7e-m+dp/hard\libc.a(lib_a-errno.o)
 .text.__errno  0x08055e80        0xc c:/users/jaejunmin/downloads/peak-devpack/compiler/10 2020-q4-major/bin/../lib/gcc/arm-none-eabi/10.2.1/../../../../arm-none-eabi/lib/thumb/v7e-m+dp/hard\libc.a(lib_a-errno.o)
                0x08055e80                __errno
 .text          0x08055e8c        0x0 c:/users/jaejunmin/downloads/peak-devpack/compiler/10 2020-q4-major/bin/../lib/gcc/arm-none-eabi/10.2.1/../../../../arm-none-eabi/lib/thumb/v7e-m+dp/hard\libc.a(lib_a-fflush.o)
 .text.__sflush_r
                0x08055e8c      0x130 c:/users/jaejunmin/downloads/peak-devpack/compiler/10 2020-q4-major/bin/../lib/gcc/arm-none-eabi/10.2.1/../../../../arm-none-eabi/lib/thumb/v7e-m+dp/hard\libc.a(lib_a-fflush.o)
                0x08055e8c                __sflush_r
 .text._fflush_r
                0x08055fbc       0x5c c:/users/jaejunmin/downloads/peak-devpack/compiler/10 2020-q4-major/bin/../lib/gcc/arm-none-eabi/10.2.1/../../../../arm-none-eabi/lib/thumb/v7e-m+dp/hard\libc.a(lib_a-fflush.o)
                0x08055fbc                _fflush_r
 .text.fflush   0x08056018       0x74 c:/users/jaejunmin/downloads/peak-devpack/compiler/10 2020-q4-major/bin/../lib/gcc/arm-none-eabi/10.2.1/../../../../arm-none-eabi/lib/thumb/v7e-m+dp/hard\libc.a(lib_a-fflush.o)
                0x08056018                fflush
 .text          0x0805608c        0x0 c:/users/jaejunmin/downloads/peak-devpack/compiler/10 2020-q4-major/bin/../lib/gcc/arm-none-eabi/10.2.1/../../../../arm-none-eabi/lib/thumb/v7e-m+dp/hard\libc.a(lib_a-findfp.o)
 .text._cleanup_r
                0x0805608c        0xc c:/users/jaejunmin/downloads/peak-devpack/compiler/10 2020-q4-major/bin/../lib/gcc/arm-none-eabi/10.2.1/../../../../arm-none-eabi/lib/thumb/v7e-m+dp/hard\libc.a(lib_a-findfp.o)
                0x0805608c                _cleanup_r
 .text.__fp_lock
                0x08056098       0x1c c:/users/jaejunmin/downloads/peak-devpack/compiler/10 2020-q4-major/bin/../lib/gcc/arm-none-eabi/10.2.1/../../../../arm-none-eabi/lib/thumb/v7e-m+dp/hard\libc.a(lib_a-findfp.o)
 .text.__fp_unlock
                0x080560b4       0x1c c:/users/jaejunmin/downloads/peak-devpack/compiler/10 2020-q4-major/bin/../lib/gcc/arm-none-eabi/10.2.1/../../../../arm-none-eabi/lib/thumb/v7e-m+dp/hard\libc.a(lib_a-findfp.o)
 .text.__sfmoreglue
                0x080560d0       0x30 c:/users/jaejunmin/downloads/peak-devpack/compiler/10 2020-q4-major/bin/../lib/gcc/arm-none-eabi/10.2.1/../../../../arm-none-eabi/lib/thumb/v7e-m+dp/hard\libc.a(lib_a-findfp.o)
                0x080560d0                __sfmoreglue
 .text._cleanup
                0x08056100       0x14 c:/users/jaejunmin/downloads/peak-devpack/compiler/10 2020-q4-major/bin/../lib/gcc/arm-none-eabi/10.2.1/../../../../arm-none-eabi/lib/thumb/v7e-m+dp/hard\libc.a(lib_a-findfp.o)
                0x08056100                _cleanup
 .text.__sinit  0x08056114      0x10c c:/users/jaejunmin/downloads/peak-devpack/compiler/10 2020-q4-major/bin/../lib/gcc/arm-none-eabi/10.2.1/../../../../arm-none-eabi/lib/thumb/v7e-m+dp/hard\libc.a(lib_a-findfp.o)
                0x08056114                __sinit
 .text.__sfp    0x08056220       0xc8 c:/users/jaejunmin/downloads/peak-devpack/compiler/10 2020-q4-major/bin/../lib/gcc/arm-none-eabi/10.2.1/../../../../arm-none-eabi/lib/thumb/v7e-m+dp/hard\libc.a(lib_a-findfp.o)
                0x08056220                __sfp
 .text.__sfp_lock_acquire
                0x080562e8        0xc c:/users/jaejunmin/downloads/peak-devpack/compiler/10 2020-q4-major/bin/../lib/gcc/arm-none-eabi/10.2.1/../../../../arm-none-eabi/lib/thumb/v7e-m+dp/hard\libc.a(lib_a-findfp.o)
                0x080562e8                __sfp_lock_acquire
 .text.__sfp_lock_release
                0x080562f4        0xc c:/users/jaejunmin/downloads/peak-devpack/compiler/10 2020-q4-major/bin/../lib/gcc/arm-none-eabi/10.2.1/../../../../arm-none-eabi/lib/thumb/v7e-m+dp/hard\libc.a(lib_a-findfp.o)
                0x080562f4                __sfp_lock_release
 .text.__sinit_lock_acquire
                0x08056300        0xc c:/users/jaejunmin/downloads/peak-devpack/compiler/10 2020-q4-major/bin/../lib/gcc/arm-none-eabi/10.2.1/../../../../arm-none-eabi/lib/thumb/v7e-m+dp/hard\libc.a(lib_a-findfp.o)
                0x08056300                __sinit_lock_acquire
 .text.__sinit_lock_release
                0x0805630c        0xc c:/users/jaejunmin/downloads/peak-devpack/compiler/10 2020-q4-major/bin/../lib/gcc/arm-none-eabi/10.2.1/../../../../arm-none-eabi/lib/thumb/v7e-m+dp/hard\libc.a(lib_a-findfp.o)
                0x0805630c                __sinit_lock_release
 .text.__fp_lock_all
                0x08056318       0x24 c:/users/jaejunmin/downloads/peak-devpack/compiler/10 2020-q4-major/bin/../lib/gcc/arm-none-eabi/10.2.1/../../../../arm-none-eabi/lib/thumb/v7e-m+dp/hard\libc.a(lib_a-findfp.o)
                0x08056318                __fp_lock_all
 .text.__fp_unlock_all
                0x0805633c       0x24 c:/users/jaejunmin/downloads/peak-devpack/compiler/10 2020-q4-major/bin/../lib/gcc/arm-none-eabi/10.2.1/../../../../arm-none-eabi/lib/thumb/v7e-m+dp/hard\libc.a(lib_a-findfp.o)
                0x0805633c                __fp_unlock_all
 .text          0x08056360        0x0 c:/users/jaejunmin/downloads/peak-devpack/compiler/10 2020-q4-major/bin/../lib/gcc/arm-none-eabi/10.2.1/../../../../arm-none-eabi/lib/thumb/v7e-m+dp/hard\libc.a(lib_a-fini.o)
 .text.__libc_fini_array
                0x08056360       0x2c c:/users/jaejunmin/downloads/peak-devpack/compiler/10 2020-q4-major/bin/../lib/gcc/arm-none-eabi/10.2.1/../../../../arm-none-eabi/lib/thumb/v7e-m+dp/hard\libc.a(lib_a-fini.o)
                0x08056360                __libc_fini_array
 .text          0x0805638c        0x0 c:/users/jaejunmin/downloads/peak-devpack/compiler/10 2020-q4-major/bin/../lib/gcc/arm-none-eabi/10.2.1/../../../../arm-none-eabi/lib/thumb/v7e-m+dp/hard\libc.a(lib_a-freer.o)
 .text._malloc_trim_r
                0x0805638c       0xa0 c:/users/jaejunmin/downloads/peak-devpack/compiler/10 2020-q4-major/bin/../lib/gcc/arm-none-eabi/10.2.1/../../../../arm-none-eabi/lib/thumb/v7e-m+dp/hard\libc.a(lib_a-freer.o)
                0x0805638c                _malloc_trim_r
 .text._free_r  0x0805642c      0x20c c:/users/jaejunmin/downloads/peak-devpack/compiler/10 2020-q4-major/bin/../lib/gcc/arm-none-eabi/10.2.1/../../../../arm-none-eabi/lib/thumb/v7e-m+dp/hard\libc.a(lib_a-freer.o)
                0x0805642c                _free_r
 .text          0x08056638        0x0 c:/users/jaejunmin/downloads/peak-devpack/compiler/10 2020-q4-major/bin/../lib/gcc/arm-none-eabi/10.2.1/../../../../arm-none-eabi/lib/thumb/v7e-m+dp/hard\libc.a(lib_a-fvwrite.o)
 .text.__sfvwrite_r
                0x08056638      0x2f0 c:/users/jaejunmin/downloads/peak-devpack/compiler/10 2020-q4-major/bin/../lib/gcc/arm-none-eabi/10.2.1/../../../../arm-none-eabi/lib/thumb/v7e-m+dp/hard\libc.a(lib_a-fvwrite.o)
                0x08056638                __sfvwrite_r
 .text          0x08056928        0x0 c:/users/jaejunmin/downloads/peak-devpack/compiler/10 2020-q4-major/bin/../lib/gcc/arm-none-eabi/10.2.1/../../../../arm-none-eabi/lib/thumb/v7e-m+dp/hard\libc.a(lib_a-fwalk.o)
 .text._fwalk   0x08056928       0x40 c:/users/jaejunmin/downloads/peak-devpack/compiler/10 2020-q4-major/bin/../lib/gcc/arm-none-eabi/10.2.1/../../../../arm-none-eabi/lib/thumb/v7e-m+dp/hard\libc.a(lib_a-fwalk.o)
                0x08056928                _fwalk
 .text._fwalk_reent
                0x08056968       0x48 c:/users/jaejunmin/downloads/peak-devpack/compiler/10 2020-q4-major/bin/../lib/gcc/arm-none-eabi/10.2.1/../../../../arm-none-eabi/lib/thumb/v7e-m+dp/hard\libc.a(lib_a-fwalk.o)
                0x08056968                _fwalk_reent
 .text          0x080569b0        0x0 c:/users/jaejunmin/downloads/peak-devpack/compiler/10 2020-q4-major/bin/../lib/gcc/arm-none-eabi/10.2.1/../../../../arm-none-eabi/lib/thumb/v7e-m+dp/hard\libc.a(lib_a-localeconv.o)
 .text.__localeconv_l
                0x080569b0        0x4 c:/users/jaejunmin/downloads/peak-devpack/compiler/10 2020-q4-major/bin/../lib/gcc/arm-none-eabi/10.2.1/../../../../arm-none-eabi/lib/thumb/v7e-m+dp/hard\libc.a(lib_a-localeconv.o)
                0x080569b0                __localeconv_l
 .text._localeconv_r
                0x080569b4        0x8 c:/users/jaejunmin/downloads/peak-devpack/compiler/10 2020-q4-major/bin/../lib/gcc/arm-none-eabi/10.2.1/../../../../arm-none-eabi/lib/thumb/v7e-m+dp/hard\libc.a(lib_a-localeconv.o)
                0x080569b4                _localeconv_r
 .text.localeconv
                0x080569bc        0x8 c:/users/jaejunmin/downloads/peak-devpack/compiler/10 2020-q4-major/bin/../lib/gcc/arm-none-eabi/10.2.1/../../../../arm-none-eabi/lib/thumb/v7e-m+dp/hard\libc.a(lib_a-localeconv.o)
                0x080569bc                localeconv
 .text          0x080569c4        0x0 c:/users/jaejunmin/downloads/peak-devpack/compiler/10 2020-q4-major/bin/../lib/gcc/arm-none-eabi/10.2.1/../../../../arm-none-eabi/lib/thumb/v7e-m+dp/hard\libc.a(lib_a-lock.o)
 .text.__retarget_lock_init
                0x080569c4        0x4 c:/users/jaejunmin/downloads/peak-devpack/compiler/10 2020-q4-major/bin/../lib/gcc/arm-none-eabi/10.2.1/../../../../arm-none-eabi/lib/thumb/v7e-m+dp/hard\libc.a(lib_a-lock.o)
                0x080569c4                __retarget_lock_init
 .text.__retarget_lock_init_recursive
                0x080569c8        0x4 c:/users/jaejunmin/downloads/peak-devpack/compiler/10 2020-q4-major/bin/../lib/gcc/arm-none-eabi/10.2.1/../../../../arm-none-eabi/lib/thumb/v7e-m+dp/hard\libc.a(lib_a-lock.o)
                0x080569c8                __retarget_lock_init_recursive
 .text.__retarget_lock_close
                0x080569cc        0x4 c:/users/jaejunmin/downloads/peak-devpack/compiler/10 2020-q4-major/bin/../lib/gcc/arm-none-eabi/10.2.1/../../../../arm-none-eabi/lib/thumb/v7e-m+dp/hard\libc.a(lib_a-lock.o)
                0x080569cc                __retarget_lock_close
 .text.__retarget_lock_close_recursive
                0x080569d0        0x4 c:/users/jaejunmin/downloads/peak-devpack/compiler/10 2020-q4-major/bin/../lib/gcc/arm-none-eabi/10.2.1/../../../../arm-none-eabi/lib/thumb/v7e-m+dp/hard\libc.a(lib_a-lock.o)
                0x080569d0                __retarget_lock_close_recursive
 .text.__retarget_lock_acquire
                0x080569d4        0x4 c:/users/jaejunmin/downloads/peak-devpack/compiler/10 2020-q4-major/bin/../lib/gcc/arm-none-eabi/10.2.1/../../../../arm-none-eabi/lib/thumb/v7e-m+dp/hard\libc.a(lib_a-lock.o)
                0x080569d4                __retarget_lock_acquire
 .text.__retarget_lock_acquire_recursive
                0x080569d8        0x4 c:/users/jaejunmin/downloads/peak-devpack/compiler/10 2020-q4-major/bin/../lib/gcc/arm-none-eabi/10.2.1/../../../../arm-none-eabi/lib/thumb/v7e-m+dp/hard\libc.a(lib_a-lock.o)
                0x080569d8                __retarget_lock_acquire_recursive
 .text.__retarget_lock_try_acquire
                0x080569dc        0x4 c:/users/jaejunmin/downloads/peak-devpack/compiler/10 2020-q4-major/bin/../lib/gcc/arm-none-eabi/10.2.1/../../../../arm-none-eabi/lib/thumb/v7e-m+dp/hard\libc.a(lib_a-lock.o)
                0x080569dc                __retarget_lock_try_acquire
 .text.__retarget_lock_try_acquire_recursive
                0x080569e0        0x4 c:/users/jaejunmin/downloads/peak-devpack/compiler/10 2020-q4-major/bin/../lib/gcc/arm-none-eabi/10.2.1/../../../../arm-none-eabi/lib/thumb/v7e-m+dp/hard\libc.a(lib_a-lock.o)
                0x080569e0                __retarget_lock_try_acquire_recursive
 .text.__retarget_lock_release
                0x080569e4        0x4 c:/users/jaejunmin/downloads/peak-devpack/compiler/10 2020-q4-major/bin/../lib/gcc/arm-none-eabi/10.2.1/../../../../arm-none-eabi/lib/thumb/v7e-m+dp/hard\libc.a(lib_a-lock.o)
                0x080569e4                __retarget_lock_release
 .text.__retarget_lock_release_recursive
                0x080569e8        0x4 c:/users/jaejunmin/downloads/peak-devpack/compiler/10 2020-q4-major/bin/../lib/gcc/arm-none-eabi/10.2.1/../../../../arm-none-eabi/lib/thumb/v7e-m+dp/hard\libc.a(lib_a-lock.o)
                0x080569e8                __retarget_lock_release_recursive
 .text          0x080569ec        0x0 c:/users/jaejunmin/downloads/peak-devpack/compiler/10 2020-q4-major/bin/../lib/gcc/arm-none-eabi/10.2.1/../../../../arm-none-eabi/lib/thumb/v7e-m+dp/hard\libc.a(lib_a-makebuf.o)
 .text.__smakebuf_r
                0x080569ec       0xe0 c:/users/jaejunmin/downloads/peak-devpack/compiler/10 2020-q4-major/bin/../lib/gcc/arm-none-eabi/10.2.1/../../../../arm-none-eabi/lib/thumb/v7e-m+dp/hard\libc.a(lib_a-makebuf.o)
                0x080569ec                __smakebuf_r
 .text.__swhatbuf_r
                0x08056acc       0x60 c:/users/jaejunmin/downloads/peak-devpack/compiler/10 2020-q4-major/bin/../lib/gcc/arm-none-eabi/10.2.1/../../../../arm-none-eabi/lib/thumb/v7e-m+dp/hard\libc.a(lib_a-makebuf.o)
                0x08056acc                __swhatbuf_r
 .text          0x08056b2c        0x0 c:/users/jaejunmin/downloads/peak-devpack/compiler/10 2020-q4-major/bin/../lib/gcc/arm-none-eabi/10.2.1/../../../../arm-none-eabi/lib/thumb/v7e-m+dp/hard\libc.a(lib_a-mallocr.o)
 .text._malloc_r
                0x08056b2c      0x560 c:/users/jaejunmin/downloads/peak-devpack/compiler/10 2020-q4-major/bin/../lib/gcc/arm-none-eabi/10.2.1/../../../../arm-none-eabi/lib/thumb/v7e-m+dp/hard\libc.a(lib_a-mallocr.o)
                0x08056b2c                _malloc_r
 *fill*         0x0805708c        0x4 
 .text          0x08057090       0xa0 c:/users/jaejunmin/downloads/peak-devpack/compiler/10 2020-q4-major/bin/../lib/gcc/arm-none-eabi/10.2.1/../../../../arm-none-eabi/lib/thumb/v7e-m+dp/hard\libc.a(lib_a-memchr.o)
                0x08057090                memchr
 .text          0x08057130        0x0 c:/users/jaejunmin/downloads/peak-devpack/compiler/10 2020-q4-major/bin/../lib/gcc/arm-none-eabi/10.2.1/../../../../arm-none-eabi/lib/thumb/v7e-m+dp/hard\libc.a(lib_a-mlock.o)
 .text.__malloc_lock
                0x08057130        0xc c:/users/jaejunmin/downloads/peak-devpack/compiler/10 2020-q4-major/bin/../lib/gcc/arm-none-eabi/10.2.1/../../../../arm-none-eabi/lib/thumb/v7e-m+dp/hard\libc.a(lib_a-mlock.o)
                0x08057130                __malloc_lock
 .text.__malloc_unlock
                0x0805713c        0xc c:/users/jaejunmin/downloads/peak-devpack/compiler/10 2020-q4-major/bin/../lib/gcc/arm-none-eabi/10.2.1/../../../../arm-none-eabi/lib/thumb/v7e-m+dp/hard\libc.a(lib_a-mlock.o)
                0x0805713c                __malloc_unlock
 .text          0x08057148        0x0 c:/users/jaejunmin/downloads/peak-devpack/compiler/10 2020-q4-major/bin/../lib/gcc/arm-none-eabi/10.2.1/../../../../arm-none-eabi/lib/thumb/v7e-m+dp/hard\libc.a(lib_a-mprec.o)
 .text._Balloc  0x08057148       0x4c c:/users/jaejunmin/downloads/peak-devpack/compiler/10 2020-q4-major/bin/../lib/gcc/arm-none-eabi/10.2.1/../../../../arm-none-eabi/lib/thumb/v7e-m+dp/hard\libc.a(lib_a-mprec.o)
                0x08057148                _Balloc
 .text._Bfree   0x08057194       0x14 c:/users/jaejunmin/downloads/peak-devpack/compiler/10 2020-q4-major/bin/../lib/gcc/arm-none-eabi/10.2.1/../../../../arm-none-eabi/lib/thumb/v7e-m+dp/hard\libc.a(lib_a-mprec.o)
                0x08057194                _Bfree
 .text.__multadd
                0x080571a8       0xa8 c:/users/jaejunmin/downloads/peak-devpack/compiler/10 2020-q4-major/bin/../lib/gcc/arm-none-eabi/10.2.1/../../../../arm-none-eabi/lib/thumb/v7e-m+dp/hard\libc.a(lib_a-mprec.o)
                0x080571a8                __multadd
 .text.__s2b    0x08057250       0xb4 c:/users/jaejunmin/downloads/peak-devpack/compiler/10 2020-q4-major/bin/../lib/gcc/arm-none-eabi/10.2.1/../../../../arm-none-eabi/lib/thumb/v7e-m+dp/hard\libc.a(lib_a-mprec.o)
                0x08057250                __s2b
 .text.__hi0bits
                0x08057304       0x40 c:/users/jaejunmin/downloads/peak-devpack/compiler/10 2020-q4-major/bin/../lib/gcc/arm-none-eabi/10.2.1/../../../../arm-none-eabi/lib/thumb/v7e-m+dp/hard\libc.a(lib_a-mprec.o)
                0x08057304                __hi0bits
 .text.__lo0bits
                0x08057344       0x60 c:/users/jaejunmin/downloads/peak-devpack/compiler/10 2020-q4-major/bin/../lib/gcc/arm-none-eabi/10.2.1/../../../../arm-none-eabi/lib/thumb/v7e-m+dp/hard\libc.a(lib_a-mprec.o)
                0x08057344                __lo0bits
 .text.__i2b    0x080573a4       0x5c c:/users/jaejunmin/downloads/peak-devpack/compiler/10 2020-q4-major/bin/../lib/gcc/arm-none-eabi/10.2.1/../../../../arm-none-eabi/lib/thumb/v7e-m+dp/hard\libc.a(lib_a-mprec.o)
                0x080573a4                __i2b
 .text.__multiply
                0x08057400      0x158 c:/users/jaejunmin/downloads/peak-devpack/compiler/10 2020-q4-major/bin/../lib/gcc/arm-none-eabi/10.2.1/../../../../arm-none-eabi/lib/thumb/v7e-m+dp/hard\libc.a(lib_a-mprec.o)
                0x08057400                __multiply
 .text.__pow5mult
                0x08057558       0xc0 c:/users/jaejunmin/downloads/peak-devpack/compiler/10 2020-q4-major/bin/../lib/gcc/arm-none-eabi/10.2.1/../../../../arm-none-eabi/lib/thumb/v7e-m+dp/hard\libc.a(lib_a-mprec.o)
                0x08057558                __pow5mult
 .text.__lshift
                0x08057618       0xf0 c:/users/jaejunmin/downloads/peak-devpack/compiler/10 2020-q4-major/bin/../lib/gcc/arm-none-eabi/10.2.1/../../../../arm-none-eabi/lib/thumb/v7e-m+dp/hard\libc.a(lib_a-mprec.o)
                0x08057618                __lshift
 .text.__mcmp   0x08057708       0x44 c:/users/jaejunmin/downloads/peak-devpack/compiler/10 2020-q4-major/bin/../lib/gcc/arm-none-eabi/10.2.1/../../../../arm-none-eabi/lib/thumb/v7e-m+dp/hard\libc.a(lib_a-mprec.o)
                0x08057708                __mcmp
 .text.__mdiff  0x0805774c      0x14c c:/users/jaejunmin/downloads/peak-devpack/compiler/10 2020-q4-major/bin/../lib/gcc/arm-none-eabi/10.2.1/../../../../arm-none-eabi/lib/thumb/v7e-m+dp/hard\libc.a(lib_a-mprec.o)
                0x0805774c                __mdiff
 .text.__ulp    0x08057898       0x60 c:/users/jaejunmin/downloads/peak-devpack/compiler/10 2020-q4-major/bin/../lib/gcc/arm-none-eabi/10.2.1/../../../../arm-none-eabi/lib/thumb/v7e-m+dp/hard\libc.a(lib_a-mprec.o)
                0x08057898                __ulp
 .text.__b2d    0x080578f8       0xc0 c:/users/jaejunmin/downloads/peak-devpack/compiler/10 2020-q4-major/bin/../lib/gcc/arm-none-eabi/10.2.1/../../../../arm-none-eabi/lib/thumb/v7e-m+dp/hard\libc.a(lib_a-mprec.o)
                0x080578f8                __b2d
 .text.__d2b    0x080579b8       0xd0 c:/users/jaejunmin/downloads/peak-devpack/compiler/10 2020-q4-major/bin/../lib/gcc/arm-none-eabi/10.2.1/../../../../arm-none-eabi/lib/thumb/v7e-m+dp/hard\libc.a(lib_a-mprec.o)
                0x080579b8                __d2b
 .text.__ratio  0x08057a88       0x64 c:/users/jaejunmin/downloads/peak-devpack/compiler/10 2020-q4-major/bin/../lib/gcc/arm-none-eabi/10.2.1/../../../../arm-none-eabi/lib/thumb/v7e-m+dp/hard\libc.a(lib_a-mprec.o)
                0x08057a88                __ratio
 .text._mprec_log10
                0x08057aec       0x28 c:/users/jaejunmin/downloads/peak-devpack/compiler/10 2020-q4-major/bin/../lib/gcc/arm-none-eabi/10.2.1/../../../../arm-none-eabi/lib/thumb/v7e-m+dp/hard\libc.a(lib_a-mprec.o)
                0x08057aec                _mprec_log10
 .text.__copybits
                0x08057b14       0x5c c:/users/jaejunmin/downloads/peak-devpack/compiler/10 2020-q4-major/bin/../lib/gcc/arm-none-eabi/10.2.1/../../../../arm-none-eabi/lib/thumb/v7e-m+dp/hard\libc.a(lib_a-mprec.o)
                0x08057b14                __copybits
 .text.__any_on
                0x08057b70       0x64 c:/users/jaejunmin/downloads/peak-devpack/compiler/10 2020-q4-major/bin/../lib/gcc/arm-none-eabi/10.2.1/../../../../arm-none-eabi/lib/thumb/v7e-m+dp/hard\libc.a(lib_a-mprec.o)
                0x08057b70                __any_on
 .text          0x08057bd4        0x0 c:/users/jaejunmin/downloads/peak-devpack/compiler/10 2020-q4-major/bin/../lib/gcc/arm-none-eabi/10.2.1/../../../../arm-none-eabi/lib/thumb/v7e-m+dp/hard\libc.a(lib_a-reallocr.o)
 .text._realloc_r
                0x08057bd4      0x3d8 c:/users/jaejunmin/downloads/peak-devpack/compiler/10 2020-q4-major/bin/../lib/gcc/arm-none-eabi/10.2.1/../../../../arm-none-eabi/lib/thumb/v7e-m+dp/hard\libc.a(lib_a-reallocr.o)
                0x08057bd4                _realloc_r
 .text          0x08057fac        0x0 c:/users/jaejunmin/downloads/peak-devpack/compiler/10 2020-q4-major/bin/../lib/gcc/arm-none-eabi/10.2.1/../../../../arm-none-eabi/lib/thumb/v7e-m+dp/hard\libc.a(lib_a-s_frexp.o)
 *fill*         0x08057fac        0x4 
 .text.frexp    0x08057fb0       0x78 c:/users/jaejunmin/downloads/peak-devpack/compiler/10 2020-q4-major/bin/../lib/gcc/arm-none-eabi/10.2.1/../../../../arm-none-eabi/lib/thumb/v7e-m+dp/hard\libc.a(lib_a-s_frexp.o)
                0x08057fb0                frexp
 .text          0x08058028        0x0 c:/users/jaejunmin/downloads/peak-devpack/compiler/10 2020-q4-major/bin/../lib/gcc/arm-none-eabi/10.2.1/../../../../arm-none-eabi/lib/thumb/v7e-m+dp/hard\libc.a(lib_a-sbrkr.o)
 .text._sbrk_r  0x08058028       0x24 c:/users/jaejunmin/downloads/peak-devpack/compiler/10 2020-q4-major/bin/../lib/gcc/arm-none-eabi/10.2.1/../../../../arm-none-eabi/lib/thumb/v7e-m+dp/hard\libc.a(lib_a-sbrkr.o)
                0x08058028                _sbrk_r
 .text          0x0805804c        0x0 c:/users/jaejunmin/downloads/peak-devpack/compiler/10 2020-q4-major/bin/../lib/gcc/arm-none-eabi/10.2.1/../../../../arm-none-eabi/lib/thumb/v7e-m+dp/hard\libc.a(lib_a-stdio.o)
 .text.__sread  0x0805804c       0x24 c:/users/jaejunmin/downloads/peak-devpack/compiler/10 2020-q4-major/bin/../lib/gcc/arm-none-eabi/10.2.1/../../../../arm-none-eabi/lib/thumb/v7e-m+dp/hard\libc.a(lib_a-stdio.o)
                0x0805804c                __sread
 .text.__seofread
                0x08058070        0x4 c:/users/jaejunmin/downloads/peak-devpack/compiler/10 2020-q4-major/bin/../lib/gcc/arm-none-eabi/10.2.1/../../../../arm-none-eabi/lib/thumb/v7e-m+dp/hard\libc.a(lib_a-stdio.o)
                0x08058070                __seofread
 .text.__swrite
                0x08058074       0x40 c:/users/jaejunmin/downloads/peak-devpack/compiler/10 2020-q4-major/bin/../lib/gcc/arm-none-eabi/10.2.1/../../../../arm-none-eabi/lib/thumb/v7e-m+dp/hard\libc.a(lib_a-stdio.o)
                0x08058074                __swrite
 .text.__sseek  0x080580b4       0x20 c:/users/jaejunmin/downloads/peak-devpack/compiler/10 2020-q4-major/bin/../lib/gcc/arm-none-eabi/10.2.1/../../../../arm-none-eabi/lib/thumb/v7e-m+dp/hard\libc.a(lib_a-stdio.o)
                0x080580b4                __sseek
 .text.__sclose
                0x080580d4        0x8 c:/users/jaejunmin/downloads/peak-devpack/compiler/10 2020-q4-major/bin/../lib/gcc/arm-none-eabi/10.2.1/../../../../arm-none-eabi/lib/thumb/v7e-m+dp/hard\libc.a(lib_a-stdio.o)
                0x080580d4                __sclose
 .text          0x080580dc        0x0 c:/users/jaejunmin/downloads/peak-devpack/compiler/10 2020-q4-major/bin/../lib/gcc/arm-none-eabi/10.2.1/../../../../arm-none-eabi/lib/thumb/v7e-m+dp/hard\libc.a(lib_a-strnlen.o)
 .text.strnlen  0x080580dc       0x24 c:/users/jaejunmin/downloads/peak-devpack/compiler/10 2020-q4-major/bin/../lib/gcc/arm-none-eabi/10.2.1/../../../../arm-none-eabi/lib/thumb/v7e-m+dp/hard\libc.a(lib_a-strnlen.o)
                0x080580dc                strnlen
 .text          0x08058100        0x0 c:/users/jaejunmin/downloads/peak-devpack/compiler/10 2020-q4-major/bin/../lib/gcc/arm-none-eabi/10.2.1/../../../../arm-none-eabi/lib/thumb/v7e-m+dp/hard\libc.a(lib_a-svfiprintf.o)
 .text.__ssprint_r
                0x08058100       0xf8 c:/users/jaejunmin/downloads/peak-devpack/compiler/10 2020-q4-major/bin/../lib/gcc/arm-none-eabi/10.2.1/../../../../arm-none-eabi/lib/thumb/v7e-m+dp/hard\libc.a(lib_a-svfiprintf.o)
                0x08058100                __ssprint_r
 .text._svfiprintf_r
                0x080581f8      0xb9c c:/users/jaejunmin/downloads/peak-devpack/compiler/10 2020-q4-major/bin/../lib/gcc/arm-none-eabi/10.2.1/../../../../arm-none-eabi/lib/thumb/v7e-m+dp/hard\libc.a(lib_a-svfiprintf.o)
                0x080581f8                _svfiprintf_r