Archive member included to satisfy reference by file (symbol)

./lib/libRTX_CM4F.a(rtx_msgqueue.o)
                              ./obj/sys_arch.o (osMessageQueueNew)
./lib/libRTX_CM4F.a(rtx_mempool.o)
                              ./lib/libRTX_CM4F.a(rtx_msgqueue.o) (osRtxMemoryPoolInit)
./lib/libRTX_CM4F.a(rtx_memory.o)
                              ./lib/libRTX_CM4F.a(rtx_msgqueue.o) (osRtxMemoryAlloc)
./lib/libRTX_CM4F.a(rtx_semaphore.o)
                              ./obj/sys_arch.o (osSemaphoreNew)
./lib/libRTX_CM4F.a(rtx_mutex.o)
                              ./obj/sys_arch.o (osMutexNew)
./lib/libRTX_CM4F.a(rtx_delay.o)
                              ./obj/sys_arch.o (osDelay)
./lib/libRTX_CM4F.a(rtx_thread.o)
                              ./lib/libRTX_CM4F.a(rtx_msgqueue.o) (osRtxThreadListPut)
./lib/libRTX_CM4F.a(rtx_kernel.o)
                              ./obj/rtx_lib.o (osKernelInitialize)
./lib/libRTX_CM4F.a(irq_cm4f.o)
                              ./obj/rtx_lib.o (irqRtxLib)
./lib/libRTX_CM4F.a(os_systick.o)
                              ./lib/libRTX_CM4F.a(rtx_kernel.o) (OS_Tick_Setup)
./lib/libRTX_CM4F.a(rtx_evr.o)
                              ./lib/libRTX_CM4F.a(rtx_memory.o) (EvrRtxMemoryInit)
./lib/libRTX_CM4F.a(rtx_system.o)
                              ./lib/libRTX_CM4F.a(irq_cm4f.o) (osRtxTick_Handler)
./lib/libRTX_CM4F.a(rtx_timer.o)
                              ./lib/libRTX_CM4F.a(rtx_thread.o) (osRtxTimerThread)
c:/users/jaejunmin/downloads/peak-devpack/compiler/10 2020-q4-major/bin/../lib/gcc/arm-none-eabi/10.2.1/../../../../arm-none-eabi/lib/thumb/v7e-m+dp/hard\libc.a(lib_a-atoi.o)
                              ./obj/netif.o (atoi)
c:/users/jaejunmin/downloads/peak-devpack/compiler/10 2020-q4-major/bin/../lib/gcc/arm-none-eabi/10.2.1/../../../../arm-none-eabi/lib/thumb/v7e-m+dp/hard\libc.a(lib_a-ctype_.o)
                              ./obj/ip4_addr.o (_ctype_)
c:/users/jaejunmin/downloads/peak-devpack/compiler/10 2020-q4-major/bin/../lib/gcc/arm-none-eabi/10.2.1/../../../../arm-none-eabi/lib/thumb/v7e-m+dp/hard\libc.a(lib_a-exit.o)
                              c:/users/jaejunmin/downloads/peak-devpack/compiler/10 2020-q4-major/bin/../lib/gcc/arm-none-eabi/10.2.1/../../../../arm-none-eabi/lib/thumb/v7e-m+dp/hard/crt0.o (exit)
c:/users/jaejunmin/downloads/peak-devpack/compiler/10 2020-q4-major/bin/../lib/gcc/arm-none-eabi/10.2.1/../../../../arm-none-eabi/lib/thumb/v7e-m+dp/hard\libc.a(lib_a-impure.o)
                              c:/users/jaejunmin/downloads/peak-devpack/compiler/10 2020-q4-major/bin/../lib/gcc/arm-none-eabi/10.2.1/../../../../arm-none-eabi/lib/thumb/v7e-m+dp/hard\libc.a(lib_a-exit.o) (_global_impure_ptr)
c:/users/jaejunmin/downloads/peak-devpack/compiler/10 2020-q4-major/bin/../lib/gcc/arm-none-eabi/10.2.1/../../../../arm-none-eabi/lib/thumb/v7e-m+dp/hard\libc.a(lib_a-init.o)
                              c:/users/jaejunmin/downloads/peak-devpack/compiler/10 2020-q4-major/bin/../lib/gcc/arm-none-eabi/10.2.1/../../../../arm-none-eabi/lib/thumb/v7e-m+dp/hard/crt0.o (__libc_init_array)
c:/users/jaejunmin/downloads/peak-devpack/compiler/10 2020-q4-major/bin/../lib/gcc/arm-none-eabi/10.2.1/../../../../arm-none-eabi/lib/thumb/v7e-m+dp/hard\libc.a(lib_a-memcmp.o)
                              ./obj/ethernet.o (memcmp)
c:/users/jaejunmin/downloads/peak-devpack/compiler/10 2020-q4-major/bin/../lib/gcc/arm-none-eabi/10.2.1/../../../../arm-none-eabi/lib/thumb/v7e-m+dp/hard\libc.a(lib_a-memcpy.o)
                              ./obj/hardware.o (memcpy)
c:/users/jaejunmin/downloads/peak-devpack/compiler/10 2020-q4-major/bin/../lib/gcc/arm-none-eabi/10.2.1/../../../../arm-none-eabi/lib/thumb/v7e-m+dp/hard\libc.a(lib_a-memmove.o)
                              ./obj/def.o (memmove)
c:/users/jaejunmin/downloads/peak-devpack/compiler/10 2020-q4-major/bin/../lib/gcc/arm-none-eabi/10.2.1/../../../../arm-none-eabi/lib/thumb/v7e-m+dp/hard\libc.a(lib_a-memset.o)
                              c:/users/jaejunmin/downloads/peak-devpack/compiler/10 2020-q4-major/bin/../lib/gcc/arm-none-eabi/10.2.1/../../../../arm-none-eabi/lib/thumb/v7e-m+dp/hard/crt0.o (memset)
c:/users/jaejunmin/downloads/peak-devpack/compiler/10 2020-q4-major/bin/../lib/gcc/arm-none-eabi/10.2.1/../../../../arm-none-eabi/lib/thumb/v7e-m+dp/hard\libc.a(lib_a-printf.o)
                              ./obj/udp_total.o (printf)
c:/users/jaejunmin/downloads/peak-devpack/compiler/10 2020-q4-major/bin/../lib/gcc/arm-none-eabi/10.2.1/../../../../arm-none-eabi/lib/thumb/v7e-m+dp/hard\libc.a(lib_a-puts.o)
                              ./obj/udp_total.o (puts)
c:/users/jaejunmin/downloads/peak-devpack/compiler/10 2020-q4-major/bin/../lib/gcc/arm-none-eabi/10.2.1/../../../../arm-none-eabi/lib/thumb/v7e-m+dp/hard\libc.a(lib_a-rand.o)
                              ./obj/dhcp.o (rand)
[...]
Memory Configuration

Name             Origin             Length             Attributes
FLASH            0x08008000         0x001f8000         xr
RAM              0x20000000         0x00080000         xrw
SDRAM            0xc0000000         0x02000000         xrw
*default*        0x00000000         0xffffffff

Linker script and memory map

LOAD c:/users/jaejunmin/downloads/peak-devpack/compiler/10 2020-q4-major/bin/../lib/gcc/arm-none-eabi/10.2.1/thumb/v7e-m+dp/hard/crti.o
LOAD c:/users/jaejunmin/downloads/peak-devpack/compiler/10 2020-q4-major/bin/../lib/gcc/arm-none-eabi/10.2.1/thumb/v7e-m+dp/hard/crtbegin.o
LOAD c:/users/jaejunmin/downloads/peak-devpack/compiler/10 2020-q4-major/bin/../lib/gcc/arm-none-eabi/10.2.1/../../../../arm-none-eabi/lib/thumb/v7e-m+dp/hard/crt0.o
LOAD ./obj/startup_router_pro_fd.o
LOAD ./obj/system_router_pro_fd.o
LOAD ./obj/main.o
LOAD ./obj/can_user.o
LOAD ./obj/hardware.o
LOAD ./obj/can.o
LOAD ./obj/eeprom.o
LOAD ./obj/RTX_Config.o
LOAD ./obj/rtx_lib.o
LOAD ./obj/sys_arch.o
LOAD ./obj/ethernetif.o
LOAD ./obj/udp_total.o
LOAD ./obj/reset.o
LOAD ./obj/httpd.o
LOAD ./obj/fs.o
LOAD ./obj/dhcp.o
LOAD ./obj/etharp.o
LOAD ./obj/icmp.o
LOAD ./obj/ip4.o
LOAD ./obj/ip4_addr.o
LOAD ./obj/ip4_frag.o
LOAD ./obj/tcpip.o
LOAD ./obj/init.o
LOAD ./obj/mem.o
LOAD ./obj/memp.o
LOAD ./obj/pbuf.o
LOAD ./obj/timeouts.o
LOAD ./obj/def.o
LOAD ./obj/netif.o
LOAD ./obj/tcp_out.o
LOAD ./obj/tcp_in.o
LOAD ./obj/tcp.o
LOAD ./obj/ip.o
LOAD ./obj/udp.o
LOAD ./obj/ethernet.o
LOAD ./obj/stm32f7xx_hal_eth.o
LOAD ./obj/stm32f7xx_hal_gpio.o
LOAD ./obj/stm32f7xx_hal_rcc.o
LOAD ./obj/stm32f7xx_hal.o
LOAD ./obj/stm32f7xx_hal_cortex.o
LOAD ./lib/libRTX_CM4F.a
LOAD c:/users/jaejunmin/downloads/peak-devpack/compiler/10 2020-q4-major/bin/../lib/gcc/arm-none-eabi/10.2.1/../../../../arm-none-eabi/lib/thumb/v7e-m+dp/hard\libm.a
LOAD c:/users/jaejunmin/downloads/peak-devpack/compiler/10 2020-q4-major/bin/../lib/gcc/arm-none-eabi/10.2.1/../../../../arm-none-eabi/lib/thumb/v7e-m+dp/hard\libc.a
LOAD c:/users/jaejunmin/downloads/peak-devpack/compiler/10 2020-q4-major/bin/../lib/gcc/arm-none-eabi/10.2.1/thumb/v7e-m+dp/hard\libgcc.a
LOAD c:/users/jaejunmin/downloads/peak-devpack/compiler/10 2020-q4-major/bin/../lib/gcc/arm-none-eabi/10.2.1/../../../../arm-none-eabi/lib/thumb/v7e-m+dp/hard\libstdc++.a
START GROUP
LOAD c:/users/jaejunmin/downloads/peak-devpack/compiler/10 2020-q4-major/bin/../lib/gcc/arm-none-eabi/10.2.1/thumb/v7e-m+dp/hard\libgcc.a
LOAD c:/users/jaejunmin/downloads/peak-devpack/compiler/10 2020-q4-major/bin/../lib/gcc/arm-none-eabi/10.2.1/../../../../arm-none-eabi/lib/thumb/v7e-m+dp/hard\libg.a
LOAD c:/users/jaejunmin/downloads/peak-devpack/compiler/10 2020-q4-major/bin/../lib/gcc/arm-none-eabi/10.2.1/../../../../arm-none-eabi/lib/thumb/v7e-m+dp/hard\libc.a
END GROUP
START GROUP
LOAD c:/users/jaejunmin/downloads/peak-devpack/compiler/10 2020-q4-major/bin/../lib/gcc/arm-none-eabi/10.2.1/thumb/v7e-m+dp/hard\libgcc.a
LOAD c:/users/jaejunmin/downloads/peak-devpack/compiler/10 2020-q4-major/bin/../lib/gcc/arm-none-eabi/10.2.1/../../../../arm-none-eabi/lib/thumb/v7e-m+dp/hard\libc.a
LOAD c:/users/jaejunmin/downloads/peak-devpack/compiler/10 2020-q4-major/bin/../lib/gcc/arm-none-eabi/10.2.1/../../../../arm-none-eabi/lib/thumb/v7e-m+dp/hard\libnosys.a
END GROUP
LOAD c:/users/jaejunmin/downloads/peak-devpack/compiler/10 2020-q4-major/bin/../lib/gcc/arm-none-eabi/10.2.1/thumb/v7e-m+dp/hard/crtend.o
LOAD c:/users/jaejunmin/downloads/peak-devpack/compiler/10 2020-q4-major/bin/../lib/gcc/arm-none-eabi/10.2.1/thumb/v7e-m+dp/hard/crtn.o
                0x08008000                __ROM_BASE = 0x8008000
                0x001f8000                __ROM_SIZE = 0x1f8000
                0x20000000                __RAM_BASE = 0x20000000
                0x00080000                __RAM_SIZE = 0x80000
                0xc0000000                __SDRAM_BASE = 0xc0000000
                0x02000000                __SDRAM_SIZE = 0x2000000
                0x00000400                __STACK_SIZE = 0x400
                0x00000008                __HEAP_SIZE = 0x8

.text           0x08008000    0x18eb4
 *(.vectors)
 .vectors       0x08008000      0x1f8 ./obj/startup_router_pro_fd.o
                0x08008000                __Vectors
                0x08008200                . = ALIGN (0x200)
 *fill*         0x080081f8        0x8 
 *(.pFlashInfo)
 *(.text*)
 .text          0x08008200        0x0 c:/users/jaejunmin/downloads/peak-devpack/compiler/10 2020-q4-major/bin/../lib/gcc/arm-none-eabi/10.2.1/thumb/v7e-m+dp/hard/crti.o
 .text          0x08008200       0x40 c:/users/jaejunmin/downloads/peak-devpack/compiler/10 2020-q4-major/bin/../lib/gcc/arm-none-eabi/10.2.1/thumb/v7e-m+dp/hard/crtbegin.o
 .text          0x08008240       0x7c c:/users/jaejunmin/downloads/peak-devpack/compiler/10 2020-q4-major/bin/../lib/gcc/arm-none-eabi/10.2.1/../../../../arm-none-eabi/lib/thumb/v7e-m+dp/hard/crt0.o
                0x08008240                _stack_init
                0x08008248                _start
                0x08008248                _mainCRTStartup
 .text          0x080082bc       0xa0 ./obj/startup_router_pro_fd.o
                0x080082bc                RTC_Alarm_IRQHandler
                0x080082bc                EXTI2_IRQHandler
                0x080082bc                TIM8_CC_IRQHandler
                0x080082bc                DebugMon_Handler
                0x080082bc                UART8_IRQHandler
                0x080082bc                SPI4_IRQHandler
                0x080082bc                TIM1_CC_IRQHandler
                0x080082bc                DMA2_Stream5_IRQHandler
                0x080082bc                HardFault_Handler
                0x080082bc                DMA1_Stream5_IRQHandler
                0x080082bc                CAN3_RX1_IRQHandler
                0x080082bc                PVD_IRQHandler
                0x080082bc                TAMP_STAMP_IRQHandler
                0x080082bc                NMI_Handler
                0x080082bc                CAN2_RX1_IRQHandler
                0x080082bc                EXTI3_IRQHandler
                0x080082bc                TIM8_TRG_COM_TIM14_IRQHandler
                0x080082bc                DFSDM1_FLT1_IRQHandler
                0x080082bc                TIM1_UP_TIM10_IRQHandler
                0x080082bc                TIM8_UP_TIM13_IRQHandler
                0x080082bc                I2C3_ER_IRQHandler
                0x080082bc                DFSDM1_FLT2_IRQHandler
                0x080082bc                EXTI0_IRQHandler
                0x080082bc                I2C2_EV_IRQHandler
                0x080082bc                DMA1_Stream2_IRQHandler
                0x080082bc                CAN1_RX0_IRQHandler
                0x080082bc                FPU_IRQHandler
                0x080082bc                OTG_HS_WKUP_IRQHandler
                0x080082bc                CAN3_SCE_IRQHandler
                0x080082bc                UsageFault_Handler
                0x080082bc                CAN2_SCE_IRQHandler
                0x080082bc                DMA2_Stream2_IRQHandler
                0x080082bc                SPI1_IRQHandler
                0x080082bc                TIM6_DAC_IRQHandler
                0x080082bc                TIM1_BRK_TIM9_IRQHandler
                0x080082bc                DCMI_IRQHandler
                0x080082bc                CAN2_RX0_IRQHandler
                0x080082bc                DMA2_Stream3_IRQHandler
                0x080082bc                SAI2_IRQHandler
                0x080082bc                DFSDM1_FLT3_IRQHandler
                0x080082bc                USART6_IRQHandler
                0x080082bc                CAN3_RX0_IRQHandler
                0x080082bc                USART3_IRQHandler
                0x080082bc                SAI1_IRQHandler
                0x080082bc                CAN1_RX1_IRQHandler
                0x080082bc                UART5_IRQHandler
                0x080082bc                DMA2_Stream0_IRQHandler
                0x080082bc                TIM4_IRQHandler
                0x080082bc                QUADSPI_IRQHandler
                0x080082bc                I2C1_EV_IRQHandler
                0x080082bc                DMA1_Stream6_IRQHandler
                0x080082bc                DMA1_Stream1_IRQHandler
                0x080082bc                UART4_IRQHandler
                0x080082bc                TIM3_IRQHandler
                0x080082bc                RCC_IRQHandler
                0x080082bc                TIM8_BRK_TIM12_IRQHandler
                0x080082bc                Default_Handler
                0x080082bc                CEC_IRQHandler
                0x080082bc                EXTI15_10_IRQHandler
                0x080082bc                ADC_IRQHandler
                0x080082bc                DMA1_Stream7_IRQHandler
                0x080082bc                SPI5_IRQHandler
                0x080082bc                TIM7_IRQHandler
                0x080082bc                SDMMC1_IRQHandler
                0x080082bc                CAN2_TX_IRQHandler
                0x080082bc                TIM5_IRQHandler
                0x080082bc                DMA2_Stream7_IRQHandler
                0x080082bc                I2C3_EV_IRQHandler
                0x080082bc                EXTI9_5_IRQHandler
                0x080082bc                RTC_WKUP_IRQHandler
                0x080082bc                ETH_WKUP_IRQHandler
                0x080082bc                SPDIF_RX_IRQHandler
                0x080082bc                SPI2_IRQHandler
                0x080082bc                OTG_HS_EP1_IN_IRQHandler
                0x080082bc                MemManage_Handler
                0x080082bc                DMA1_Stream0_IRQHandler
                0x080082bc                CAN1_TX_IRQHandler
                0x080082bc                EXTI4_IRQHandler
                0x080082bc                RNG_IRQHandler
                0x080082bc                OTG_HS_EP1_OUT_IRQHandler
                0x080082bc                WWDG_IRQHandler
                0x080082bc                SPI6_IRQHandler
                0x080082bc                I2C4_EV_IRQHandler
                0x080082bc                MDIOS_IRQHandler
                0x080082bc                CAN3_TX_IRQHandler
                0x080082bc                TIM2_IRQHandler
                0x080082bc                OTG_FS_WKUP_IRQHandler
                0x080082bc                TIM1_TRG_COM_TIM11_IRQHandler
                0x080082bc                OTG_HS_IRQHandler
                0x080082bc                DMA2D_IRQHandler
                0x080082bc                EXTI1_IRQHandler
                0x080082bc                SDMMC2_IRQHandler
                0x080082bc                UART7_IRQHandler
                0x080082bc                USART2_IRQHandler
                0x080082bc                DFSDM1_FLT0_IRQHandler
                0x080082bc                I2C2_ER_IRQHandler
                0x080082bc                DMA2_Stream1_IRQHandler
                0x080082bc                CAN1_SCE_IRQHandler
                0x080082bc                FLASH_IRQHandler
                0x080082bc                DMA2_Stream4_IRQHandler
                0x080082bc                BusFault_Handler
                0x080082bc                USART1_IRQHandler
                0x080082bc                OTG_FS_IRQHandler
                0x080082bc                SPI3_IRQHandler
                0x080082bc                DMA1_Stream4_IRQHandler
                0x080082bc                I2C1_ER_IRQHandler
                0x080082bc                FMC_IRQHandler
                0x080082bc                LPTIM1_IRQHandler
                0x080082bc                I2C4_ER_IRQHandler
                0x080082bc                DMA2_Stream6_IRQHandler
                0x080082bc                DMA1_Stream3_IRQHandler
                0x080082c0                Reset_Handler
 .text          0x0800835c       0x9c ./obj/system_router_pro_fd.o
                0x0800835c                SystemCoreClockUpdate
                0x080083cc                SystemInit
 .text          0x080083f8        0x0 ./obj/main.o
 .text.startup  0x080083f8      0x114 ./obj/main.o
                0x080083f8                main
 .text          0x0800850c      0x10c ./obj/can_user.o
                0x0800850c                CAN_UserRead
                0x08008554                CAN_UserInvokeBootloader
                0x0800857c                CAN_UserInit
 .text          0x08008618      0x3ac ./obj/hardware.o
                0x08008640                HW_PassUsbToHost
                0x08008664                HW_PassUsbToMe
                0x080086b4                HW_ResetModule
                0x080086d0                HW_GetAIN
                0x08008704                HW_GetDIN
                0x08008724                HW_SetDOUT
                0x08008738                HW_GetModuleID
                0x08008758                HW_JumpToBootloader
                0x080087a4                HW_SetLED
                0x0800890c                HW_EnterPowerDown
                0x080089b4                HW_Init
 .text          0x080089c4      0x6a8 ./obj/can.o
                0x080089c4                __WaitMicros
                0x080089d8                CAN_Write
                0x08008b94                CAN_Read
                0x08008c3c                CAN_FilterAdd
                0x08008d30                CAN_FilterRem
                0x08008e2c                CAN_FilterReset
                0x08008e78                CAN_UnInitialize
                0x08008ea0                CAN_Initialize
                0x08009034                CAN_Startup
 .text          0x0800906c      0x328 ./obj/eeprom.o
                0x08009168                EEPROM_Read
                0x080092b8                EEPROM_Write
                0x0800934c                EEPROM_FlushCache
                0x0800937c                EEPROM_Init
 .text          0x08009394        0x8 ./obj/RTX_Config.o
                0x08009394                osRtxIdleThread
                0x08009398                osRtxErrorNotify
 .text          0x0800939c        0x4 ./obj/rtx_lib.o
                0x0800939c                software_init_hook
 .text          0x080093a0      0x1d0 ./obj/sys_arch.o
                0x080093a0                HAL_Delay
                0x080093a8                HAL_GetTick
                0x080093bc                sys_now
                0x080093d0                sys_init
                0x080093d4                sys_thread_new
                0x08009400                sys_mutex_new
                0x0800941c                sys_mutex_lock
                0x08009428                sys_mutex_unlock
                0x08009430                sys_mbox_new
                0x0800944c                sys_mbox_post
                0x08009468                sys_mbox_trypost
                0x08009488                sys_mbox_trypost_fromisr
                0x080094a8                sys_arch_mbox_fetch
                0x080094e4                sys_sem_new
                0x08009500                sys_mbox_free
                0x08009508                sys_sem_signal
                0x08009510                sys_sem_free
                0x08009518                sys_arch_mbox_tryfetch
                0x0800953c                sys_arch_sem_wait
                0x08009568                sys_mutex_free
 .text          0x08009570      0x448 ./obj/ethernetif.o
                0x08009628                ethernetif_input
                0x08009728                HAL_ETH_MspInit
                0x080097f4                HAL_ETH_MspDeInit
                0x08009860                HAL_ETH_RxCpltCallback
                0x0800986c                ETH_IRQHandler
                0x08009878                ethernetif_enter_sleep
                0x080098a4                ethernetif_init
 .text          0x080099b8      0x168 ./obj/udp_total.o
                0x080099dc                udp_receive_callback
                0x08009a5c                udp_total_connect
                0x08009aa4                udp_client_send
 .text          0x08009b20       0x5c ./obj/reset.o
                0x08009b20                write_boot_flag_soft_reset
                0x08009b30                clear_boot_flag
                0x08009b3c                is_soft_reset
                0x08009b54                MX_RTC_Init
 .text          0x08009b7c      0x5f0 ./obj/httpd.o
                0x0800a134                httpd_init
 .text          0x0800a16c       0x58 ./obj/fs.o
                0x0800a16c                fs_open
                0x0800a1b8                fs_close
                0x0800a1bc                fs_bytes_left
 .text          0x0800a1c4     0x1524 ./obj/dhcp.o
                0x0800aef4                dhcp_set_struct
                0x0800af08                dhcp_cleanup
                0x0800af1c                dhcp_inform
                0x0800affc                dhcp_network_changed
                0x0800b024                dhcp_arp_reply
                0x0800b134                dhcp_renew
                0x0800b27c                dhcp_release_and_stop
                0x0800b3b8                dhcp_start
                0x0800b454                dhcp_coarse_tmr
                0x0800b634                dhcp_fine_tmr
                0x0800b6c0                dhcp_release
                0x0800b6cc                dhcp_stop
                0x0800b6d0                dhcp_supplied_address
 .text          0x0800b6e8      0x760 ./obj/etharp.o
                0x0800b964                etharp_tmr
                0x0800b9f8                etharp_cleanup_netif
                0x0800ba28                etharp_find_addr
                0x0800ba6c                etharp_get_entry
                0x0800baac                etharp_input
                0x0800bbe8                etharp_query
                0x0800bd1c                etharp_output
                0x0800be1c                etharp_request
 .text          0x0800be48      0x190 ./obj/icmp.o
                0x0800bec4                icmp_input
                0x0800bfc8                icmp_dest_unreach
                0x0800bfd0                icmp_time_exceeded
 .text          0x0800bfd8      0x374 ./obj/ip4.o
                0x0800bfd8                ip4_route
                0x0800c048                ip4_input
                0x0800c220                ip4_output_if_src
                0x0800c2e4                ip4_output_if
                0x0800c308                ip4_output
 .text          0x0800c34c      0x298 ./obj/ip4_addr.o
                0x0800c34c                ip4_addr_isbroadcast_u32
                0x0800c388                ip4_addr_netmask_valid
                0x0800c3b4                ip4addr_aton
                0x0800c4f0                ipaddr_addr
                0x0800c510                ip4addr_ntoa_r
                0x0800c5d8                ip4addr_ntoa
 .text          0x0800c5e4      0x688 ./obj/ip4_frag.o
                0x0800c700                ip_reass_tmr
                0x0800c730                ip4_reass
                0x0800cab4                ip4_frag
 .text          0x0800cc6c      0x310 ./obj/tcpip.o
                0x0800cd1c                tcpip_inpkt
                0x0800cd5c                tcpip_input
                0x0800cdd4                tcpip_callback
                0x0800ce00                tcpip_try_callback
                0x0800ce3c                tcpip_send_msg_wait_sem
                0x0800ce5c                tcpip_api_call
                0x0800ce80                tcpip_callbackmsg_new
                0x0800ce98                tcpip_callbackmsg_delete
                0x0800cea0                tcpip_callbackmsg_trycallback
                0x0800ceac                tcpip_callbackmsg_trycallback_fromisr
                0x0800ceb8                tcpip_init
                0x0800cefc                pbuf_free_callback
                0x0800cf3c                mem_free_callback
 .text          0x0800cf7c       0x24 ./obj/init.o
                0x0800cf7c                lwip_init
 .text          0x0800cfa0      0x374 ./obj/mem.o
                0x0800cfa0                mem_init
                0x0800cfd8                mem_free
                0x0800d0ec                mem_trim
                0x0800d200                mem_malloc
                0x0800d2ec                mem_calloc
 .text          0x0800d314      0x138 ./obj/memp.o
                0x0800d314                memp_init_pool
                0x0800d344                memp_init
                0x0800d39c                memp_malloc_pool
                0x0800d3c4                memp_malloc
                0x0800d3fc                memp_free_pool
                0x0800d41c                memp_free
 .text          0x0800d44c      0x9ec ./obj/pbuf.o
                0x0800d5b0                pbuf_alloc
                0x0800d70c                pbuf_alloc_reference
                0x0800d730                pbuf_alloced_custom
                0x0800d768                pbuf_realloc
                0x0800d7c8                pbuf_add_header
                0x0800d81c                pbuf_add_header_force
                0x0800d86c                pbuf_remove_header
                0x0800d8a8                pbuf_header
                0x0800d914                pbuf_header_force
                0x0800d984                pbuf_free_header
                0x0800d9cc                pbuf_free
                0x0800d9d4                pbuf_clen
                0x0800d9e8                pbuf_ref
                0x0800da04                pbuf_cat
                0x0800da2c                pbuf_chain
                0x0800da70                pbuf_dechain
                0x0800da98                pbuf_copy
                0x0800dab0                pbuf_copy_partial
                0x0800db1c                pbuf_get_contiguous
                0x0800db68                pbuf_skip
                0x0800db84                pbuf_take
                0x0800dbd4                pbuf_take_at
                0x0800dc44                pbuf_coalesce
                0x0800dcac                pbuf_clone
                0x0800dcd0                pbuf_get_at
                0x0800dcec                pbuf_try_get_at
                0x0800dd0c                pbuf_put_at
                0x0800dd28                pbuf_memcmp
                0x0800dd98                pbuf_memfind
                0x0800ddd8                pbuf_strstr
 .text          0x0800de38      0x204 ./obj/timeouts.o
                0x0800dee8                tcp_timer_needed
                0x0800df24                sys_timeouts_init
                0x0800df54                sys_timeout
                0x0800df70                sys_untimeout
                0x0800dfac                sys_check_timeouts
                0x0800dff0                sys_restart_timeouts
                0x0800e018                sys_timeouts_sleeptime
 .text          0x0800e03c      0x17c ./obj/def.o
                0x0800e03c                lwip_htons
                0x0800e044                lwip_htonl
                0x0800e048                lwip_strnstr
                0x0800e098                lwip_stricmp
                0x0800e0ec                lwip_strnicmp
                0x0800e128                lwip_itoa
 .text          0x0800e1b8      0x414 ./obj/netif.o
                0x0800e20c                netif_init
                0x0800e210                netif_input
                0x0800e224                netif_set_ipaddr
                0x0800e27c                netif_set_netmask
                0x0800e294                netif_set_gw
                0x0800e2ac                netif_set_addr
                0x0800e310                netif_add
                0x0800e3c4                netif_add_noaddr
                0x0800e3e0                netif_remove
                0x0800e460                netif_set_default
                0x0800e46c                netif_set_up
                0x0800e4a0                netif_set_down
                0x0800e4bc                netif_set_link_up
                0x0800e4fc                netif_set_link_down
                0x0800e510                netif_index_to_name
                0x0800e550                netif_get_by_index
                0x0800e574                netif_find
                0x0800e5b8                netif_name_to_index
 .text          0x0800e5cc      0xde0 ./obj/tcp_out.o
                0x0800e7a4                tcp_write
                0x0800eb64                tcp_split_unsent_seg
                0x0800eca4                tcp_enqueue_flags
                0x0800ed28                tcp_send_fin
                0x0800ed6c                tcp_rexmit_rto_prepare
                0x0800edd0                tcp_rexmit
                0x0800ee38                tcp_rexmit_fast
                0x0800ee90                tcp_rst
                0x0800eee0                tcp_send_empty_ack
                0x0800ef3c                tcp_output
                0x0800f260                tcp_rexmit_rto_commit
                0x0800f274                tcp_rexmit_rto
                0x0800f298                tcp_keepalive
                0x0800f2e4                tcp_zero_window_probe
 .text          0x0800f3ac     0x1260 ./obj/tcp_in.o
                0x0800fd14                tcp_input
                0x080105fc                tcp_trigger_input_pcb_close
 .text          0x0801060c     0x102c ./obj/tcp.o
                0x080106b4                tcp_init
                0x080106cc                tcp_free
                0x080106d4                tcp_bind
                0x08010774                tcp_bind_netif
                0x08010784                tcp_listen_with_backlog_and_err
                0x0801082c                tcp_listen_with_backlog
                0x08010834                tcp_update_rcv_ann_wnd
                0x08010878                tcp_recved
                0x080108e0                tcp_connect
                0x080109f4                tcp_txnow
                0x08010a1c                tcp_segs_free
                0x08010a40                tcp_seg_free
                0x08010a5c                tcp_setprio
                0x08010a64                tcp_seg_copy
                0x08010a8c                tcp_arg
                0x08010a94                tcp_recv
                0x08010a9c                tcp_sent
                0x08010aa4                tcp_err
                0x08010aac                tcp_accept
                0x08010ab8                tcp_poll
                0x08010ac4                tcp_pcb_purge
                0x08010b50                tcp_slowtmr
                0x08010f20                tcp_pcb_remove
                0x08010f7c                tcp_abandon
                0x080110a0                tcp_abort
                0x080110f8                tcp_alloc
                0x08011238                tcp_new
                0x08011240                tcp_new_ip_type
                0x08011370                tcp_close
                0x0801138c                tcp_shutdown
                0x080113e4                tcp_recv_null
                0x08011420                tcp_process_refused_data
                0x0801148c                tcp_fasttmr
                0x080114fc                tcp_tmr
                0x08011520                tcp_next_iss
                0x08011538                tcp_eff_send_mss_netif
                0x08011554                tcp_netif_ip_addr_changed
                0x080115d4                tcp_debug_state_str
                0x080115e4                tcp_tcp_get_tcp_addrinfo
                0x08011614                tcp_free_ooseq
 .text          0x08011638        0x0 ./obj/ip.o
 .text          0x08011638      0x5a8 ./obj/udp.o
                0x08011638                udp_init
                0x08011650                udp_input
                0x080117c4                udp_bind
                0x080118a8                udp_sendto_if_src
                0x080119e8                udp_sendto_if
                0x08011a40                udp_sendto
                0x08011a94                udp_send
                0x08011aa8                udp_bind_netif
                0x08011ab8                udp_connect
                0x08011b18                udp_disconnect
                0x08011b2c                udp_recv
                0x08011b34                udp_remove
                0x08011b70                udp_new
                0x08011b8c                udp_new_ip_type
                0x08011ba8                udp_netif_ip_addr_changed
 .text          0x08011be0       0xf4 ./obj/ethernet.o
                0x08011be0                ethernet_input
                0x08011c84                ethernet_output
 .text          0x08011cd4      0xad0 ./obj/stm32f7xx_hal_eth.o
                0x08011dc0                HAL_ETH_DMATxDescListInit
                0x08011e4c                HAL_ETH_DMARxDescListInit
                0x08011ed0                HAL_ETH_DeInit
                0x08011eec                HAL_ETH_TransmitFrame
                0x08011ff4                HAL_ETH_GetReceivedFrame
                0x0801208c                HAL_ETH_GetReceivedFrame_IT
                0x0801212c                HAL_ETH_TxCpltCallback
                0x08012134                HAL_ETH_ErrorCallback
                0x08012138                HAL_ETH_IRQHandler
                0x080121b4                HAL_ETH_ReadPHYRegister
                0x08012228                HAL_ETH_WritePHYRegister
                0x08012298                HAL_ETH_Init
                0x080124ac                HAL_ETH_Start
                0x08012544                HAL_ETH_Stop
                0x080125e0                HAL_ETH_ConfigMAC
                0x080126f8                HAL_ETH_ConfigDMA
                0x0801279c                HAL_ETH_GetState
 .text          0x080127a4      0x474 ./obj/stm32f7xx_hal_gpio.o
                0x080127a4                HAL_GPIO_Init
                0x08012a30                HAL_GPIO_DeInit
                0x08012bb0                HAL_GPIO_ReadPin
                0x08012bbc                HAL_GPIO_WritePin
                0x08012bc4                HAL_GPIO_TogglePin
                0x08012bd0                HAL_GPIO_LockPin
                0x08012bfc                HAL_GPIO_EXTI_Callback
                0x08012c00                HAL_GPIO_EXTI_IRQHandler
 .text          0x08012c18      0x8e0 ./obj/stm32f7xx_hal_rcc.o
                0x08012c18                HAL_RCC_DeInit
                0x08012d50                HAL_RCC_OscConfig
                0x0801313c                HAL_RCC_MCOConfig
                0x080131d4                HAL_RCC_EnableCSS
                0x080131e4                HAL_RCC_DisableCSS
                0x080131f4                HAL_RCC_GetSysClockFreq
                0x0801325c                HAL_RCC_ClockConfig
                0x0801339c                HAL_RCC_GetHCLKFreq
                0x080133a8                HAL_RCC_GetPCLK1Freq
                0x080133c8                HAL_RCC_GetPCLK2Freq
                0x080133e8                HAL_RCC_GetOscConfig
                0x08013494                HAL_RCC_GetClockConfig
                0x080134d8                HAL_RCC_CSSCallback
                0x080134dc                HAL_RCC_NMI_IRQHandler
 .text          0x080134f8      0x24c ./obj/stm32f7xx_hal.o
                0x080134f8                HAL_MspInit
                0x080134fc                HAL_MspDeInit
                0x08013500                HAL_DeInit
                0x0801352c                HAL_InitTick
                0x0801356c                HAL_Init
                0x08013598                HAL_IncTick
                0x080135bc                HAL_GetTickPrio
                0x080135c8                HAL_SetTickFreq
                0x080135ec                HAL_GetTickFreq
                0x0801361c                HAL_SuspendTick
                0x0801362c                HAL_ResumeTick
                0x0801363c                HAL_GetHalVersion
                0x08013644                HAL_GetREVID
                0x08013650                HAL_GetDEVID
                0x08013660                HAL_GetUIDw0
                0x0801366c                HAL_GetUIDw1
                0x08013678                HAL_GetUIDw2
                0x08013684                HAL_DBGMCU_EnableDBGSleepMode
                0x08013694                HAL_DBGMCU_DisableDBGSleepMode
                0x080136a4                HAL_DBGMCU_EnableDBGStopMode
                0x080136b4                HAL_DBGMCU_DisableDBGStopMode
                0x080136c4                HAL_DBGMCU_EnableDBGStandbyMode
                0x080136d4                HAL_DBGMCU_DisableDBGStandbyMode
                0x080136e4                HAL_EnableCompensationCell
                0x080136f4                HAL_DisableCompensationCell
                0x08013704                HAL_EnableFMCMemorySwapping
                0x08013714                HAL_DisableFMCMemorySwapping
                0x08013724                HAL_EnableMemorySwappingBank
                0x08013734                HAL_DisableMemorySwappingBank
 .text          0x08013744      0x2f0 ./obj/stm32f7xx_hal_cortex.o
                0x08013744                HAL_NVIC_SetPriorityGrouping
                0x08013768                HAL_NVIC_SetPriority
                0x080137e4                HAL_NVIC_EnableIRQ
                0x08013800                HAL_NVIC_DisableIRQ
                0x08013828                HAL_NVIC_SystemReset
                0x0801384c                HAL_SYSTICK_Config
                0x08013878                HAL_MPU_Disable
                0x08013894                HAL_MPU_Enable
                0x080138b4                HAL_MPU_ConfigRegion
                0x08013918                HAL_NVIC_GetPriorityGrouping
                0x08013928                HAL_NVIC_GetPriority
                0x08013988                HAL_NVIC_SetPendingIRQ
                0x080139a8                HAL_NVIC_GetPendingIRQ
                0x080139cc                HAL_NVIC_ClearPendingIRQ
                0x080139ec                HAL_NVIC_GetActive
                0x08013a10                HAL_SYSTICK_CLKSourceConfig
                0x08013a28                HAL_SYSTICK_Callback
                0x08013a2c                HAL_SYSTICK_IRQHandler
 .text          0x08013a34      0xa1c ./lib/libRTX_CM4F.a(rtx_msgqueue.o)
                0x080141a4                osMessageQueueNew
                0x080141e4                osMessageQueueGetName
                0x08014214                osMessageQueuePut
                0x080142b0                osMessageQueueGet
                0x08014340                osMessageQueueGetCapacity
                0x08014368                osMessageQueueGetMsgSize
                0x08014390                osMessageQueueGetCount
                0x080143b8                osMessageQueueGetSpace
                0x080143e0                osMessageQueueReset
                0x08014418                osMessageQueueDelete
 .text          0x08014450      0x6e0 ./lib/libRTX_CM4F.a(rtx_mempool.o)
                0x0801450c                osRtxMemoryPoolInit
                0x08014570                osRtxMemoryPoolAlloc
                0x08014654                osRtxMemoryPoolFree
                0x08014904                osMemoryPoolNew
                0x08014944                osMemoryPoolGetName
                0x08014974                osMemoryPoolAlloc
                0x080149e0                osMemoryPoolFree
                0x08014a58                osMemoryPoolGetCapacity
                0x08014a80                osMemoryPoolGetBlockSize
                0x08014aa8                osMemoryPoolGetCount
                0x08014ad0                osMemoryPoolGetSpace
                0x08014af8                osMemoryPoolDelete
 .text          0x08014b30      0x128 ./lib/libRTX_CM4F.a(rtx_memory.o)
                0x08014b30                osRtxMemoryInit
                0x08014b74                osRtxMemoryAlloc
                0x08014bf4                osRtxMemoryFree
 .text          0x08014c58      0x490 ./lib/libRTX_CM4F.a(rtx_semaphore.o)
                0x08014f10                osSemaphoreNew
                0x08014f50                osSemaphoreGetName
                0x08014f80                osSemaphoreAcquire
                0x08015000                osSemaphoreRelease
                0x08015088                osSemaphoreGetCount
                0x080150b0                osSemaphoreDelete
 .text          0x080150e8      0x50c ./lib/libRTX_CM4F.a(rtx_mutex.o)
                0x0801544c                osRtxMutexOwnerRelease
                0x080154b0                osMutexNew
                0x080154e8                osMutexGetName
                0x08015518                osMutexAcquire
                0x08015554                osMutexRelease
                0x0801558c                osMutexGetOwner
                0x080155bc                osMutexDelete
 .text          0x080155f4       0xe0 ./lib/libRTX_CM4F.a(rtx_delay.o)
                0x08015664                osDelay
                0x0801569c                osDelayUntil
 .text          0x080156d4     0x1628 ./lib/libRTX_CM4F.a(rtx_thread.o)
                0x080157c4                osThreadExit
                0x08015b64                osRtxThreadListPut
                0x08015bac                osRtxThreadListGet
                0x08015bc0                osRtxThreadListSort
                0x08015c30                osRtxThreadListRemove
                0x08015c44                osRtxThreadReadyPut
                0x08015c9c                osRtxThreadDelayTick
                0x08015df0                osRtxThreadRegPtr
                0x08015e04                osRtxThreadStackCheck
                0x08015e2c                osRtxThreadSwitch
                0x08015e4c                osRtxThreadDispatch
                0x08015ef8                osRtxThreadWaitExit
                0x080163c4                osRtxThreadWaitEnter
                0x08016834                osRtxThreadStartup
                0x08016874                osThreadNew
                0x080168b4                osThreadGetName
                0x080168e4                osThreadGetId
                0x0801691c                osThreadGetState
                0x08016950                osThreadGetStackSize
                0x08016980                osThreadGetStackSpace
                0x080169b0                osThreadSetPriority
                0x080169ec                osThreadGetPriority
                0x08016a20                osThreadYield
                0x08016a54                osThreadSuspend
                0x08016a8c                osThreadResume
                0x08016ac4                osThreadDetach
                0x08016afc                osThreadJoin
                0x08016b34                osThreadTerminate
                0x08016b6c                osThreadGetCount
                0x08016b98                osThreadEnumerate
                0x08016bcc                osThreadFlagsSet
                0x08016c58                osThreadFlagsClear
                0x08016c90                osThreadFlagsGet
                0x08016cbc                osThreadFlagsWait
 .text          0x08016cfc      0x748 ./lib/libRTX_CM4F.a(rtx_kernel.o)
                0x0801717c                osRtxKernelPreInit
                0x08017180                osKernelInitialize
                0x080171b8                osKernelGetInfo
                0x08017200                osKernelGetState
                0x08017240                osKernelStart
                0x08017274                osKernelLock
                0x080172a8                osKernelUnlock
                0x080172dc                osKernelRestoreLock
                0x08017314                osKernelSuspend
                0x08017348                osKernelResume
                0x08017380                osKernelGetTickCount
                0x080173b4                osKernelGetTickFreq
                0x080173ec                osKernelGetSysTimerCount
                0x08017410                osKernelGetSysTimerFreq
 .text          0x08017444       0xc4 ./lib/libRTX_CM4F.a(irq_cm4f.o)
                0x08017444                SVC_Handler
                0x080174dc                PendSV_Handler
                0x080174ec                SysTick_Handler
 .text          0x08017508       0xec ./lib/libRTX_CM4F.a(os_systick.o)
                0x08017508                OS_Tick_Setup
                0x08017550                OS_Tick_Enable
                0x0801757c                OS_Tick_Disable
                0x080175a8                OS_Tick_AcknowledgeIRQ
                0x080175b4                OS_Tick_GetIRQn
                0x080175bc                OS_Tick_GetClock
                0x080175c8                OS_Tick_GetInterval
                0x080175d4                OS_Tick_GetCount
                0x080175e4                OS_Tick_GetOverflow
 .text          0x080175f4      0x2b0 ./lib/libRTX_CM4F.a(rtx_evr.o)
                0x080175f4                EvrRtxMemoryInit
                0x080175f8                EvrRtxMemoryAlloc
                0x080175fc                EvrRtxMemoryFree
                0x08017600                EvrRtxMemoryBlockInit
                0x08017604                EvrRtxMemoryBlockAlloc
                0x08017608                EvrRtxMemoryBlockFree
                0x0801760c                EvrRtxKernelError
                0x08017610                EvrRtxKernelInitialize
                0x08017614                EvrRtxKernelInitialized
                0x08017618                EvrRtxKernelGetInfo
                0x0801761c                EvrRtxKernelInfoRetrieved
                0x08017620                EvrRtxKernelGetState
                0x08017624                EvrRtxKernelStart
                0x08017628                EvrRtxKernelStarted
                0x0801762c                EvrRtxKernelLock
                0x08017630                EvrRtxKernelLocked
                0x08017634                EvrRtxKernelUnlock
                0x08017638                EvrRtxKernelUnlocked
                0x0801763c                EvrRtxKernelRestoreLock
                0x08017640                EvrRtxKernelLockRestored
                0x08017644                EvrRtxKernelSuspend
                0x08017648                EvrRtxKernelSuspended
                0x0801764c                EvrRtxKernelResume
                0x08017650                EvrRtxKernelResumed
                0x08017654                EvrRtxKernelGetTickCount
                0x08017658                EvrRtxKernelGetTickFreq
                0x0801765c                EvrRtxKernelGetSysTimerCount
                0x08017660                EvrRtxKernelGetSysTimerFreq
                0x08017664                EvrRtxThreadError
                0x08017668                EvrRtxThreadNew
                0x0801766c                EvrRtxThreadCreated
                0x08017670                EvrRtxThreadGetName
                0x08017674                EvrRtxThreadGetId
                0x08017678                EvrRtxThreadGetState
                0x0801767c                EvrRtxThreadGetStackSize
                0x08017680                EvrRtxThreadGetStackSpace
                0x08017684                EvrRtxThreadSetPriority
                0x08017688                EvrRtxThreadPriorityUpdated
                0x0801768c                EvrRtxThreadGetPriority
                0x08017690                EvrRtxThreadYield
                0x08017694                EvrRtxThreadSuspend
                0x08017698                EvrRtxThreadSuspended
                0x0801769c                EvrRtxThreadResume
                0x080176a0                EvrRtxThreadResumed
                0x080176a4                EvrRtxThreadDetach
                0x080176a8                EvrRtxThreadDetached
                0x080176ac                EvrRtxThreadJoin
                0x080176b0                EvrRtxThreadJoinPending
                0x080176b4                EvrRtxThreadJoined
                0x080176b8                EvrRtxThreadBlocked
                0x080176bc                EvrRtxThreadUnblocked
                0x080176c0                EvrRtxThreadPreempted
                0x080176c4                EvrRtxThreadSwitched
                0x080176c8                EvrRtxThreadExit
                0x080176cc                EvrRtxThreadTerminate
                0x080176d0                EvrRtxThreadDestroyed
                0x080176d4                EvrRtxThreadGetCount
                0x080176d8                EvrRtxThreadEnumerate
                0x080176dc                EvrRtxThreadFlagsError
                0x080176e0                EvrRtxThreadFlagsSet
                0x080176e4                EvrRtxThreadFlagsSetDone
                0x080176e8                EvrRtxThreadFlagsClear
                0x080176ec                EvrRtxThreadFlagsClearDone
                0x080176f0                EvrRtxThreadFlagsGet
                0x080176f4                EvrRtxThreadFlagsWait
                0x080176f8                EvrRtxThreadFlagsWaitPending
                0x080176fc                EvrRtxThreadFlagsWaitTimeout
                0x08017700                EvrRtxThreadFlagsWaitCompleted
                0x08017704                EvrRtxThreadFlagsWaitNotCompleted
                0x08017708                EvrRtxDelayError
                0x0801770c                EvrRtxDelay
                0x08017710                EvrRtxDelayUntil
                0x08017714                EvrRtxDelayStarted
                0x08017718                EvrRtxDelayUntilStarted
                0x0801771c                EvrRtxDelayCompleted
                0x08017720                EvrRtxTimerError
                0x08017724                EvrRtxTimerCallback
                0x08017728                EvrRtxTimerNew
                0x0801772c                EvrRtxTimerCreated
                0x08017730                EvrRtxTimerGetName
                0x08017734                EvrRtxTimerStart
                0x08017738                EvrRtxTimerStarted
                0x0801773c                EvrRtxTimerStop
                0x08017740                EvrRtxTimerStopped
                0x08017744                EvrRtxTimerIsRunning
                0x08017748                EvrRtxTimerDelete
                0x0801774c                EvrRtxTimerDestroyed
                0x08017750                EvrRtxEventFlagsError
                0x08017754                EvrRtxEventFlagsNew
                0x08017758                EvrRtxEventFlagsCreated
                0x0801775c                EvrRtxEventFlagsGetName
                0x08017760                EvrRtxEventFlagsSet
                0x08017764                EvrRtxEventFlagsSetDone
                0x08017768                EvrRtxEventFlagsClear
                0x0801776c                EvrRtxEventFlagsClearDone
                0x08017770                EvrRtxEventFlagsGet
                0x08017774                EvrRtxEventFlagsWait
                0x08017778                EvrRtxEventFlagsWaitPending
                0x0801777c                EvrRtxEventFlagsWaitTimeout
                0x08017780                EvrRtxEventFlagsWaitCompleted
                0x08017784                EvrRtxEventFlagsWaitNotCompleted
                0x08017788                EvrRtxEventFlagsDelete
                0x0801778c                EvrRtxEventFlagsDestroyed
                0x08017790                EvrRtxMutexError
                0x08017794                EvrRtxMutexNew
                0x08017798                EvrRtxMutexCreated
                0x0801779c                EvrRtxMutexGetName
                0x080177a0                EvrRtxMutexAcquire
                0x080177a4                EvrRtxMutexAcquirePending
                0x080177a8                EvrRtxMutexAcquireTimeout
                0x080177ac                EvrRtxMutexAcquired
                0x080177b0                EvrRtxMutexNotAcquired
                0x080177b4                EvrRtxMutexRelease
                0x080177b8                EvrRtxMutexReleased
                0x080177bc                EvrRtxMutexGetOwner
                0x080177c0                EvrRtxMutexDelete
                0x080177c4                EvrRtxMutexDestroyed
                0x080177c8                EvrRtxSemaphoreError
                0x080177cc                EvrRtxSemaphoreNew
                0x080177d0                EvrRtxSemaphoreCreated
                0x080177d4                EvrRtxSemaphoreGetName
                0x080177d8                EvrRtxSemaphoreAcquire
                0x080177dc                EvrRtxSemaphoreAcquirePending
                0x080177e0                EvrRtxSemaphoreAcquireTimeout
                0x080177e4                EvrRtxSemaphoreAcquired
                0x080177e8                EvrRtxSemaphoreNotAcquired
                0x080177ec                EvrRtxSemaphoreRelease
                0x080177f0                EvrRtxSemaphoreReleased
                0x080177f4                EvrRtxSemaphoreGetCount
                0x080177f8                EvrRtxSemaphoreDelete
                0x080177fc                EvrRtxSemaphoreDestroyed
                0x08017800                EvrRtxMemoryPoolError
                0x08017804                EvrRtxMemoryPoolNew
                0x08017808                EvrRtxMemoryPoolCreated
                0x0801780c                EvrRtxMemoryPoolGetName
                0x08017810                EvrRtxMemoryPoolAlloc
                0x08017814                EvrRtxMemoryPoolAllocPending
                0x08017818                EvrRtxMemoryPoolAllocTimeout
                0x0801781c                EvrRtxMemoryPoolAllocated
                0x08017820                EvrRtxMemoryPoolAllocFailed
                0x08017824                EvrRtxMemoryPoolFree
                0x08017828                EvrRtxMemoryPoolDeallocated
                0x0801782c                EvrRtxMemoryPoolFreeFailed
                0x08017830                EvrRtxMemoryPoolGetCapacity
                0x08017834                EvrRtxMemoryPoolGetBlockSize
                0x08017838                EvrRtxMemoryPoolGetCount
                0x0801783c                EvrRtxMemoryPoolGetSpace
                0x08017840                EvrRtxMemoryPoolDelete
                0x08017844                EvrRtxMemoryPoolDestroyed
                0x08017848                EvrRtxMessageQueueError
                0x0801784c                EvrRtxMessageQueueNew
                0x08017850                EvrRtxMessageQueueCreated
                0x08017854                EvrRtxMessageQueueGetName
                0x08017858                EvrRtxMessageQueuePut
                0x0801785c                EvrRtxMessageQueuePutPending
                0x08017860                EvrRtxMessageQueuePutTimeout
                0x08017864                EvrRtxMessageQueueInsertPending
                0x08017868                EvrRtxMessageQueueInserted
                0x0801786c                EvrRtxMessageQueueNotInserted
                0x08017870                EvrRtxMessageQueueGet
                0x08017874                EvrRtxMessageQueueGetPending
                0x08017878                EvrRtxMessageQueueGetTimeout
                0x0801787c                EvrRtxMessageQueueRetrieved
                0x08017880                EvrRtxMessageQueueNotRetrieved
                0x08017884                EvrRtxMessageQueueGetCapacity
                0x08017888                EvrRtxMessageQueueGetMsgSize
                0x0801788c                EvrRtxMessageQueueGetCount
                0x08017890                EvrRtxMessageQueueGetSpace
                0x08017894                EvrRtxMessageQueueReset
                0x08017898                EvrRtxMessageQueueResetDone
                0x0801789c                EvrRtxMessageQueueDelete
                0x080178a0                EvrRtxMessageQueueDestroyed
 .text          0x080178a4      0x198 ./lib/libRTX_CM4F.a(rtx_system.o)
                0x080178a4                osRtxTick_Handler
                0x08017920                osRtxPendSV_Handler
                0x080179c8                osRtxPostProcess
 .text          0x08017a3c      0x4a8 ./lib/libRTX_CM4F.a(rtx_timer.o)
                0x08017d4c                osRtxTimerThread
                0x08017d94                osTimerNew
                0x08017dd8                osTimerGetName
                0x08017e08                osTimerStart
                0x08017e44                osTimerStop
                0x08017e7c                osTimerIsRunning
                0x08017eac                osTimerDelete
 .text          0x08017ee4        0x0 c:/users/jaejunmin/downloads/peak-devpack/compiler/10 2020-q4-major/bin/../lib/gcc/arm-none-eabi/10.2.1/../../../../arm-none-eabi/lib/thumb/v7e-m+dp/hard\libc.a(lib_a-atoi.o)
 .text.atoi     0x08017ee4        0x8 c:/users/jaejunmin/downloads/peak-devpack/compiler/10 2020-q4-major/bin/../lib/gcc/arm-none-eabi/10.2.1/../../../../arm-none-eabi/lib/thumb/v7e-m+dp/hard\libc.a(lib_a-atoi.o)
                0x08017ee4                atoi
 .text._atoi_r  0x08017eec        0x8 c:/users/jaejunmin/downloads/peak-devpack/compiler/10 2020-q4-major/bin/../lib/gcc/arm-none-eabi/10.2.1/../../../../arm-none-eabi/lib/thumb/v7e-m+dp/hard\libc.a(lib_a-atoi.o)
                0x08017eec                _atoi_r
 .text          0x08017ef4        0x0 c:/users/jaejunmin/downloads/peak-devpack/compiler/10 2020-q4-major/bin/../lib/gcc/arm-none-eabi/10.2.1/../../../../arm-none-eabi/lib/thumb/v7e-m+dp/hard\libc.a(lib_a-ctype_.o)
 .text          0x08017ef4        0x0 c:/users/jaejunmin/downloads/peak-devpack/compiler/10 2020-q4-major/bin/../lib/gcc/arm-none-eabi/10.2.1/../../../../arm-none-eabi/lib/thumb/v7e-m+dp/hard\libc.a(lib_a-exit.o)
 .text.exit     0x08017ef4       0x20 c:/users/jaejunmin/downloads/peak-devpack/compiler/10 2020-q4-major/bin/../lib/gcc/arm-none-eabi/10.2.1/../../../../arm-none-eabi/lib/thumb/v7e-m+dp/hard\libc.a(lib_a-exit.o)
                0x08017ef4                exit
 .text          0x08017f14        0x0 c:/users/jaejunmin/downloads/peak-devpack/compiler/10 2020-q4-major/bin/../lib/gcc/arm-none-eabi/10.2.1/../../../../arm-none-eabi/lib/thumb/v7e-m+dp/hard\libc.a(lib_a-impure.o)
 .text          0x08017f14        0x0 c:/users/jaejunmin/downloads/peak-devpack/compiler/10 2020-q4-major/bin/../lib/gcc/arm-none-eabi/10.2.1/../../../../arm-none-eabi/lib/thumb/v7e-m+dp/hard\libc.a(lib_a-init.o)
 .text.__libc_init_array
                0x08017f14       0x48 c:/users/jaejunmin/downloads/peak-devpack/compiler/10 2020-q4-major/bin/../lib/gcc/arm-none-eabi/10.2.1/../../../../arm-none-eabi/lib/thumb/v7e-m+dp/hard\libc.a(lib_a-init.o)
                0x08017f14                __libc_init_array
 .text          0x08017f5c        0x0 c:/users/jaejunmin/downloads/peak-devpack/compiler/10 2020-q4-major/bin/../lib/gcc/arm-none-eabi/10.2.1/../../../../arm-none-eabi/lib/thumb/v7e-m+dp/hard\libc.a(lib_a-memcmp.o)
 .text.memcmp   0x08017f5c       0x64 c:/users/jaejunmin/downloads/peak-devpack/compiler/10 2020-q4-major/bin/../lib/gcc/arm-none-eabi/10.2.1/../../../../arm-none-eabi/lib/thumb/v7e-m+dp/hard\libc.a(lib_a-memcmp.o)
                0x08017f5c                memcmp
 .text          0x08017fc0      0x134 c:/users/jaejunmin/downloads/peak-devpack/compiler/10 2020-q4-major/bin/../lib/gcc/arm-none-eabi/10.2.1/../../../../arm-none-eabi/lib/thumb/v7e-m+dp/hard\libc.a(lib_a-memcpy.o)
                0x08017fc0                memcpy
 .text          0x080180f4        0x0 c:/users/jaejunmin/downloads/peak-devpack/compiler/10 2020-q4-major/bin/../lib/gcc/arm-none-eabi/10.2.1/../../../../arm-none-eabi/lib/thumb/v7e-m+dp/hard\libc.a(lib_a-memmove.o)
 .text.memmove  0x080180f4       0xf8 c:/users/jaejunmin/downloads/peak-devpack/compiler/10 2020-q4-major/bin/../lib/gcc/arm-none-eabi/10.2.1/../../../../arm-none-eabi/lib/thumb/v7e-m+dp/hard\libc.a(lib_a-memmove.o)
                0x080180f4                memmove
 .text          0x080181ec        0x0 c:/users/jaejunmin/downloads/peak-devpack/compiler/10 2020-q4-major/bin/../lib/gcc/arm-none-eabi/10.2.1/../../../../arm-none-eabi/lib/thumb/v7e-m+dp/hard\libc.a(lib_a-memset.o)
 .text.memset   0x080181ec       0xa4 c:/users/jaejunmin/downloads/peak-devpack/compiler/10 2020-q4-major/bin/../lib/gcc/arm-none-eabi/10.2.1/../../../../arm-none-eabi/lib/thumb/v7e-m+dp/hard\libc.a(lib_a-memset.o)
                0x080181ec                memset
 .text          0x08018290        0x0 c:/users/jaejunmin/downloads/peak-devpack/compiler/10 2020-q4-major/bin/../lib/gcc/arm-none-eabi/10.2.1/../../../../arm-none-eabi/lib/thumb/v7e-m+dp/hard\libc.a(lib_a-printf.o)
 .text._printf_r
                0x08018290       0x20 c:/users/jaejunmin/downloads/peak-devpack/compiler/10 2020-q4-major/bin/../lib/gcc/arm-none-eabi/10.2.1/../../../../arm-none-eabi/lib/thumb/v7e-m+dp/hard\libc.a(lib_a-printf.o)
                0x08018290                _printf_r
 .text.printf   0x080182b0       0x28 c:/users/jaejunmin/downloads/peak-devpack/compiler/10 2020-q4-major/bin/../lib/gcc/arm-none-eabi/10.2.1/../../../../arm-none-eabi/lib/thumb/v7e-m+dp/hard\libc.a(lib_a-printf.o)
                0x080182b0                printf
 .text          0x080182d8        0x0 c:/users/jaejunmin/downloads/peak-devpack/compiler/10 2020-q4-major/bin/../lib/gcc/arm-none-eabi/10.2.1/../../../../arm-none-eabi/lib/thumb/v7e-m+dp/hard\libc.a(lib_a-puts.o)
 .text._puts_r  0x080182d8       0x9c c:/users/jaejunmin/downloads/peak-devpack/compiler/10 2020-q4-major/bin/../lib/gcc/arm-none-eabi/10.2.1/../../../../arm-none-eabi/lib/thumb/v7e-m+dp/hard\libc.a(lib_a-puts.o)
                0x080182d8                _puts_r
 .text.puts     0x08018374       0x10 c:/users/jaejunmin/downloads/peak-devpack/compiler/10 2020-q4-major/bin/../lib/gcc/arm-none-eabi/10.2.1/../../../../arm-none-eabi/lib/thumb/v7e-m+dp/hard\libc.a(lib_a-puts.o)
                0x08018374                puts
 .text          0x08018384        0x0 c:/users/jaejunmin/downloads/peak-devpack/compiler/10 2020-q4-major/bin/../lib/gcc/arm-none-eabi/10.2.1/../../../../arm-none-eabi/lib/thumb/v7e-m+dp/hard\libc.a(lib_a-rand.o)
 .text.srand    0x08018384       0x10 c:/users/jaejunmin/downloads/peak-devpack/compiler/10 2020-q4-major/bin/../lib/gcc/arm-none-eabi/10.2.1/../../../../arm-none-eabi/lib/thumb/v7e-m+dp/hard\libc.a(lib_a-rand.o)
                0x08018384                srand
 .text.rand     0x08018394       0x3c c:/users/jaejunmin/downloads/peak-devpack/compiler/10 2020-q4-major/bin/../lib/gcc/arm-none-eabi/10.2.1/../../../../arm-none-eabi/lib/thumb/v7e-m+dp/hard\libc.a(lib_a-rand.o)
                0x08018394                rand
 .text          0x080183d0        0x0 c:/users/jaejunmin/downloads/peak-devpack/compiler/10 2020-q4-major/bin/../lib/gcc/arm-none-eabi/10.2.1/../../../../arm-none-eabi/lib/thumb/v7e-m+dp/hard\libc.a(lib_a-strchr.o)
 .text.strchr   0x080183d0       0xcc c:/users/jaejunmin/downloads/peak-devpack/compiler/10 2020-q4-major/bin/../lib/gcc/arm-none-eabi/10.2.1/../../../../arm-none-eabi/lib/thumb/v7e-m+dp/hard\libc.a(lib_a-strchr.o)
                0x080183d0                strchr
 *fill*         0x0801849c        0x4 
 .text          0x080184a0      0x2dc c:/users/jaejunmin/downloads/peak-devpack/compiler/10 2020-q4-major/bin/../lib/gcc/arm-none-eabi/10.2.1/../../../../arm-none-eabi/lib/thumb/v7e-m+dp/hard\libc.a(lib_a-strcmp.o)
                0x080184a8                strcmp
 *fill*         0x0801877c        0x4 
 .text          0x08018780       0xdc c:/users/jaejunmin/downloads/peak-devpack/compiler/10 2020-q4-major/bin/../lib/gcc/arm-none-eabi/10.2.1/../../../../arm-none-eabi/lib/thumb/v7e-m+dp/hard\libc.a(lib_a-strlen.o)
                0x08018780                strlen
 .text          0x0801885c        0x0 c:/users/jaejunmin/downloads/peak-devpack/compiler/10 2020-q4-major/bin/../lib/gcc/arm-none-eabi/10.2.1/../../../../arm-none-eabi/lib/thumb/v7e-m+dp/hard\libc.a(lib_a-strncmp.o)
 .text.strncmp  0x0801885c       0x80 c:/users/jaejunmin/downloads/peak-devpack/compiler/10 2020-q4-major/bin/../lib/gcc/arm-none-eabi/10.2.1/../../../../arm-none-eabi/lib/thumb/v7e-m+dp/hard\libc.a(lib_a-strncmp.o)
                0x0801885c                strncmp
 .text          0x080188dc        0x0 c:/users/jaejunmin/downloads/peak-devpack/compiler/10 2020-q4-major/bin/../lib/gcc/arm-none-eabi/10.2.1/../../../../arm-none-eabi/lib/thumb/v7e-m+dp/hard\libc.a(lib_a-strncpy.o)
 .text.strncpy  0x080188dc       0x64 c:/users/jaejunmin/downloads/peak-devpack/compiler/10 2020-q4-major/bin/../lib/gcc/arm-none-eabi/10.2.1/../../../../arm-none-eabi/lib/thumb/v7e-m+dp/hard\libc.a(lib_a-strncpy.o)
                0x080188dc                strncpy
 .text          0x08018940        0x0 c:/users/jaejunmin/downloads/peak-devpack/compiler/10 2020-q4-major/bin/../lib/gcc/arm-none-eabi/10.2.1/../../../../arm-none-eabi/lib/thumb/v7e-m+dp/hard\libc.a(lib_a-strtol.o)
 .text._strtol_l.part.0
                0x08018940      0x120 c:/users/jaejunmin/downloads/peak-devpack/compiler/10 2020-q4-major/bin/../lib/gcc/arm-none-eabi/10.2.1/../../../../arm-none-eabi/lib/thumb/v7e-m+dp/hard\libc.a(lib_a-strtol.o)
 .text._strtol_r
                0x08018a60       0x1c c:/users/jaejunmin/downloads/peak-devpack/compiler/10 2020-q4-major/bin/../lib/gcc/arm-none-eabi/10.2.1/../../../../arm-none-eabi/lib/thumb/v7e-m+dp/hard\libc.a(lib_a-strtol.o)
                0x08018a60                _strtol_r
 .text.strtol_l
                0x08018a7c       0x2c c:/users/jaejunmin/downloads/peak-devpack/compiler/10 2020-q4-major/bin/../lib/gcc/arm-none-eabi/10.2.1/../../../../arm-none-eabi/lib/thumb/v7e-m+dp/hard\libc.a(lib_a-strtol.o)
                0x08018a7c                strtol_l
 .text.strtol   0x08018aa8       0x2c c:/users/jaejunmin/downloads/peak-devpack/compiler/10 2020-q4-major/bin/../lib/gcc/arm-none-eabi/10.2.1/../../../../arm-none-eabi/lib/thumb/v7e-m+dp/hard\libc.a(lib_a-strtol.o)
                0x08018aa8                strtol
 .text          0x08018ad4        0x0 c:/users/jaejunmin/downloads/peak-devpack/compiler/10 2020-q4-major/bin/../lib/gcc/arm-none-eabi/10.2.1/../../../../arm-none-eabi/lib/thumb/v7e-m+dp/hard\libc.a(lib_a-vfprintf.o)
 *fill*         0x08018ad4        0x4 
 .text._vfprintf_r
                0x08018ad8     0x1aa0 c:/users/jaejunmin/downloads/peak-devpack/compiler/10 2020-q4-major/bin/../lib/gcc/arm-none-eabi/10.2.1/../../../../arm-none-eabi/lib/thumb/v7e-m+dp/hard\libc.a(lib_a-vfprintf.o)
                0x08018ad8                _vfprintf_r
 .text.vfprintf
                0x0801a578       0x1c c:/users/jaejunmin/downloads/peak-devpack/compiler/10 2020-q4-major/bin/../lib/gcc/arm-none-eabi/10.2.1/../../../../arm-none-eabi/lib/thumb/v7e-m+dp/hard\libc.a(lib_a-vfprintf.o)
                0x0801a578                vfprintf
 .text.__sbprintf
                0x0801a594       0x80 c:/users/jaejunmin/downloads/peak-devpack/compiler/10 2020-q4-major/bin/../lib/gcc/arm-none-eabi/10.2.1/../../../../arm-none-eabi/lib/thumb/v7e-m+dp/hard\libc.a(lib_a-vfprintf.o)
 .text          0x0801a614        0x0 c:/users/jaejunmin/downloads/peak-devpack/compiler/10 2020-q4-major/bin/../lib/gcc/arm-none-eabi/10.2.1/../../../../arm-none-eabi/lib/thumb/v7e-m+dp/hard\libc.a(lib_a-wsetup.o)
 .text.__swsetup_r
                0x0801a614       0xd4 c:/users/jaejunmin/downloads/peak-devpack/compiler/10 2020-q4-major/bin/../lib/gcc/arm-none-eabi/10.2.1/../../../../arm-none-eabi/lib/thumb/v7e-m+dp/hard\libc.a(lib_a-wsetup.o)
                0x0801a614                __swsetup_r
 .text          0x0801a6e8        0x0 c:/users/jaejunmin/downloads/peak-devpack/compiler/10 2020-q4-major/bin/../lib/gcc/arm-none-eabi/10.2.1/../../../../arm-none-eabi/lib/thumb/v7e-m+dp/hard\libc.a(lib_a-__call_atexit.o)
 .text.startup.register_fini
                0x0801a6e8       0x14 c:/users/jaejunmin/downloads/peak-devpack/compiler/10 2020-q4-major/bin/../lib/gcc/arm-none-eabi/10.2.1/../../../../arm-none-eabi/lib/thumb/v7e-m+dp/hard\libc.a(lib_a-__call_atexit.o)
 .text.__call_exitprocs
                0x0801a6fc       0xcc c:/users/jaejunmin/downloads/peak-devpack/compiler/10 2020-q4-major/bin/../lib/gcc/arm-none-eabi/10.2.1/../../../../arm-none-eabi/lib/thumb/v7e-m+dp/hard\libc.a(lib_a-__call_atexit.o)
                0x0801a6fc                __call_exitprocs
 .text          0x0801a7c8        0x0 c:/users/jaejunmin/downloads/peak-devpack/compiler/10 2020-q4-major/bin/../lib/gcc/arm-none-eabi/10.2.1/../../../../arm-none-eabi/lib/thumb/v7e-m+dp/hard\libc.a(lib_a-atexit.o)
 .text.atexit   0x0801a7c8        0xc c:/users/jaejunmin/downloads/peak-devpack/compiler/10 2020-q4-major/bin/../lib/gcc/arm-none-eabi/10.2.1/../../../../arm-none-eabi/lib/thumb/v7e-m+dp/hard\libc.a(lib_a-atexit.o)
                0x0801a7c8                atexit
 .text          0x0801a7d4        0x0 c:/users/jaejunmin/downloads/peak-devpack/compiler/10 2020-q4-major/bin/../lib/gcc/arm-none-eabi/10.2.1/../../../../arm-none-eabi/lib/thumb/v7e-m+dp/hard\libc.a(lib_a-dtoa.o)
 .text.quorem   0x0801a7d4      0x128 c:/users/jaejunmin/downloads/peak-devpack/compiler/10 2020-q4-major/bin/../lib/gcc/arm-none-eabi/10.2.1/../../../../arm-none-eabi/lib/thumb/v7e-m+dp/hard\libc.a(lib_a-dtoa.o)
 *fill*         0x0801a8fc        0x4 
 .text._dtoa_r  0x0801a900      0xcd8 c:/users/jaejunmin/downloads/peak-devpack/compiler/10 2020-q4-major/bin/../lib/gcc/arm-none-eabi/10.2.1/../../../../arm-none-eabi/lib/thumb/v7e-m+dp/hard\libc.a(lib_a-dtoa.o)
                0x0801a900                _dtoa_r
 .text          0x0801b5d8        0x0 c:/users/jaejunmin/downloads/peak-devpack/compiler/10 2020-q4-major/bin/../lib/gcc/arm-none-eabi/10.2.1/../../../../arm-none-eabi/lib/thumb/v7e-m+dp/hard\libc.a(lib_a-errno.o)
 .text.__errno  0x0801b5d8        0xc c:/users/jaejunmin/downloads/peak-devpack/compiler/10 2020-q4-major/bin/../lib/gcc/arm-none-eabi/10.2.1/../../../../arm-none-eabi/lib/thumb/v7e-m+dp/hard\libc.a(lib_a-errno.o)
                0x0801b5d8                __errno
 .text          0x0801b5e4        0x0 c:/users/jaejunmin/downloads/peak-devpack/compiler/10 2020-q4-major/bin/../lib/gcc/arm-none-eabi/10.2.1/../../../../arm-none-eabi/lib/thumb/v7e-m+dp/hard\libc.a(lib_a-fflush.o)
 .text.__sflush_r
                0x0801b5e4      0x130 c:/users/jaejunmin/downloads/peak-devpack/compiler/10 2020-q4-major/bin/../lib/gcc/arm-none-eabi/10.2.1/../../../../arm-none-eabi/lib/thumb/v7e-m+dp/hard\libc.a(lib_a-fflush.o)
                0x0801b5e4                __sflush_r
 .text._fflush_r
                0x0801b714       0x5c c:/users/jaejunmin/downloads/peak-devpack/compiler/10 2020-q4-major/bin/../lib/gcc/arm-none-eabi/10.2.1/../../../../arm-none-eabi/lib/thumb/v7e-m+dp/hard\libc.a(lib_a-fflush.o)
                0x0801b714                _fflush_r
 .text.fflush   0x0801b770       0x74 c:/users/jaejunmin/downloads/peak-devpack/compiler/10 2020-q4-major/bin/../lib/gcc/arm-none-eabi/10.2.1/../../../../arm-none-eabi/lib/thumb/v7e-m+dp/hard\libc.a(lib_a-fflush.o)
                0x0801b770                fflush
 .text          0x0801b7e4        0x0 c:/users/jaejunmin/downloads/peak-devpack/compiler/10 2020-q4-major/bin/../lib/gcc/arm-none-eabi/10.2.1/../../../../arm-none-eabi/lib/thumb/v7e-m+dp/hard\libc.a(lib_a-findfp.o)
 .text._cleanup_r
                0x0801b7e4        0xc c:/users/jaejunmin/downloads/peak-devpack/compiler/10 2020-q4-major/bin/../lib/gcc/arm-none-eabi/10.2.1/../../../../arm-none-eabi/lib/thumb/v7e-m+dp/hard\libc.a(lib_a-findfp.o)
                0x0801b7e4                _cleanup_r
 .text.__fp_lock
                0x0801b7f0       0x1c c:/users/jaejunmin/downloads/peak-devpack/compiler/10 2020-q4-major/bin/../lib/gcc/arm-none-eabi/10.2.1/../../../../arm-none-eabi/lib/thumb/v7e-m+dp/hard\libc.a(lib_a-findfp.o)
 .text.__fp_unlock
                0x0801b80c       0x1c c:/users/jaejunmin/downloads/peak-devpack/compiler/10 2020-q4-major/bin/../lib/gcc/arm-none-eabi/10.2.1/../../../../arm-none-eabi/lib/thumb/v7e-m+dp/hard\libc.a(lib_a-findfp.o)
 .text.__sfmoreglue
                0x0801b828       0x30 c:/users/jaejunmin/downloads/peak-devpack/compiler/10 2020-q4-major/bin/../lib/gcc/arm-none-eabi/10.2.1/../../../../arm-none-eabi/lib/thumb/v7e-m+dp/hard\libc.a(lib_a-findfp.o)
                0x0801b828                __sfmoreglue
 .text._cleanup
                0x0801b858       0x14 c:/users/jaejunmin/downloads/peak-devpack/compiler/10 2020-q4-major/bin/../lib/gcc/arm-none-eabi/10.2.1/../../../../arm-none-eabi/lib/thumb/v7e-m+dp/hard\libc.a(lib_a-findfp.o)
                0x0801b858                _cleanup
 .text.__sinit  0x0801b86c      0x10c c:/users/jaejunmin/downloads/peak-devpack/compiler/10 2020-q4-major/bin/../lib/gcc/arm-none-eabi/10.2.1/../../../../arm-none-eabi/lib/thumb/v7e-m+dp/hard\libc.a(lib_a-findfp.o)
                0x0801b86c                __sinit
 .text.__sfp    0x0801b978       0xc8 c:/users/jaejunmin/downloads/peak-devpack/compiler/10 2020-q4-major/bin/../lib/gcc/arm-none-eabi/10.2.1/../../../../arm-none-eabi/lib/thumb/v7e-m+dp/hard\libc.a(lib_a-findfp.o)
                0x0801b978                __sfp
 .text.__sfp_lock_acquire
                0x0801ba40        0xc c:/users/jaejunmin/downloads/peak-devpack/compiler/10 2020-q4-major/bin/../lib/gcc/arm-none-eabi/10.2.1/../../../../arm-none-eabi/lib/thumb/v7e-m+dp/hard\libc.a(lib_a-findfp.o)
                0x0801ba40                __sfp_lock_acquire
 .text.__sfp_lock_release
                0x0801ba4c        0xc c:/users/jaejunmin/downloads/peak-devpack/compiler/10 2020-q4-major/bin/../lib/gcc/arm-none-eabi/10.2.1/../../../../arm-none-eabi/lib/thumb/v7e-m+dp/hard\libc.a(lib_a-findfp.o)
                0x0801ba4c                __sfp_lock_release
 .text.__sinit_lock_acquire
                0x0801ba58        0xc c:/users/jaejunmin/downloads/peak-devpack/compiler/10 2020-q4-major/bin/../lib/gcc/arm-none-eabi/10.2.1/../../../../arm-none-eabi/lib/thumb/v7e-m+dp/hard\libc.a(lib_a-findfp.o)
                0x0801ba58                __sinit_lock_acquire
 .text.__sinit_lock_release
                0x0801ba64        0xc c:/users/jaejunmin/downloads/peak-devpack/compiler/10 2020-q4-major/bin/../lib/gcc/arm-none-eabi/10.2.1/../../../../arm-none-eabi/lib/thumb/v7e-m+dp/hard\libc.a(lib_a-findfp.o)
                0x0801ba64                __sinit_lock_release
 .text.__fp_lock_all
                0x0801ba70       0x24 c:/users/jaejunmin/downloads/peak-devpack/compiler/10 2020-q4-major/bin/../lib/gcc/arm-none-eabi/10.2.1/../../../../arm-none-eabi/lib/thumb/v7e-m+dp/hard\libc.a(lib_a-findfp.o)
                0x0801ba70                __fp_lock_all
 .text.__fp_unlock_all
                0x0801ba94       0x24 c:/users/jaejunmin/downloads/peak-devpack/compiler/10 2020-q4-major/bin/../lib/gcc/arm-none-eabi/10.2.1/../../../../arm-none-eabi/lib/thumb/v7e-m+dp/hard\libc.a(lib_a-findfp.o)
                0x0801ba94                __fp_unlock_all
 .text          0x0801bab8        0x0 c:/users/jaejunmin/downloads/peak-devpack/compiler/10 2020-q4-major/bin/../lib/gcc/arm-none-eabi/10.2.1/../../../../arm-none-eabi/lib/thumb/v7e-m+dp/hard\libc.a(lib_a-fini.o)
 .text.__libc_fini_array
                0x0801bab8       0x2c c:/users/jaejunmin/downloads/peak-devpack/compiler/10 2020-q4-major/bin/../lib/gcc/arm-none-eabi/10.2.1/../../../../arm-none-eabi/lib/thumb/v7e-m+dp/hard\libc.a(lib_a-fini.o)
                0x0801bab8                __libc_fini_array
 .text          0x0801bae4        0x0 c:/users/jaejunmin/downloads/peak-devpack/compiler/10 2020-q4-major/bin/../lib/gcc/arm-none-eabi/10.2.1/../../../../arm-none-eabi/lib/thumb/v7e-m+dp/hard\libc.a(lib_a-freer.o)
 .text._malloc_trim_r
                0x0801bae4       0xa0 c:/users/jaejunmin/downloads/peak-devpack/compiler/10 2020-q4-major/bin/../lib/gcc/arm-none-eabi/10.2.1/../../../../arm-none-eabi/lib/thumb/v7e-m+dp/hard\libc.a(lib_a-freer.o)
                0x0801bae4                _malloc_trim_r
 .text._free_r  0x0801bb84      0x20c c:/users/jaejunmin/downloads/peak-devpack/compiler/10 2020-q4-major/bin/../lib/gcc/arm-none-eabi/10.2.1/../../../../arm-none-eabi/lib/thumb/v7e-m+dp/hard\libc.a(lib_a-freer.o)
                0x0801bb84                _free_r
 .text          0x0801bd90        0x0 c:/users/jaejunmin/downloads/peak-devpack/compiler/10 2020-q4-major/bin/../lib/gcc/arm-none-eabi/10.2.1/../../../../arm-none-eabi/lib/thumb/v7e-m+dp/hard\libc.a(lib_a-fvwrite.o)
 .text.__sfvwrite_r
                0x0801bd90      0x2f0 c:/users/jaejunmin/downloads/peak-devpack/compiler/10 2020-q4-major/bin/../lib/gcc/arm-none-eabi/10.2.1/../../../../arm-none-eabi/lib/thumb/v7e-m+dp/hard\libc.a(lib_a-fvwrite.o)
                0x0801bd90                __sfvwrite_r
 .text          0x0801c080        0x0 c:/users/jaejunmin/downloads/peak-devpack/compiler/10 2020-q4-major/bin/../lib/gcc/arm-none-eabi/10.2.1/../../../../arm-none-eabi/lib/thumb/v7e-m+dp/hard\libc.a(lib_a-fwalk.o)
 .text._fwalk   0x0801c080       0x40 c:/users/jaejunmin/downloads/peak-devpack/compiler/10 2020-q4-major/bin/../lib/gcc/arm-none-eabi/10.2.1/../../../../arm-none-eabi/lib/thumb/v7e-m+dp/hard\libc.a(lib_a-fwalk.o)
                0x0801c080                _fwalk
 .text._fwalk_reent
                0x0801c0c0       0x48 c:/users/jaejunmin/downloads/peak-devpack/compiler/10 2020-q4-major/bin/../lib/gcc/arm-none-eabi/10.2.1/../../../../arm-none-eabi/lib/thumb/v7e-m+dp/hard\libc.a(lib_a-fwalk.o)
                0x0801c0c0                _fwalk_reent
 .text          0x0801c108        0x0 c:/users/jaejunmin/downloads/peak-devpack/compiler/10 2020-q4-major/bin/../lib/gcc/arm-none-eabi/10.2.1/../../../../arm-none-eabi/lib/thumb/v7e-m+dp/hard\libc.a(lib_a-localeconv.o)
 .text.__localeconv_l
                0x0801c108        0x4 c:/users/jaejunmin/downloads/peak-devpack/compiler/10 2020-q4-major/bin/../lib/gcc/arm-none-eabi/10.2.1/../../../../arm-none-eabi/lib/thumb/v7e-m+dp/hard\libc.a(lib_a-localeconv.o)
                0x0801c108                __localeconv_l
 .text._localeconv_r
                0x0801c10c        0x8 c:/users/jaejunmin/downloads/peak-devpack/compiler/10 2020-q4-major/bin/../lib/gcc/arm-none-eabi/10.2.1/../../../../arm-none-eabi/lib/thumb/v7e-m+dp/hard\libc.a(lib_a-localeconv.o)
                0x0801c10c                _localeconv_r
 .text.localeconv
                0x0801c114        0x8 c:/users/jaejunmin/downloads/peak-devpack/compiler/10 2020-q4-major/bin/../lib/gcc/arm-none-eabi/10.2.1/../../../../arm-none-eabi/lib/thumb/v7e-m+dp/hard\libc.a(lib_a-localeconv.o)
                0x0801c114                localeconv
 .text          0x0801c11c        0x0 c:/users/jaejunmin/downloads/peak-devpack/compiler/10 2020-q4-major/bin/../lib/gcc/arm-none-eabi/10.2.1/../../../../arm-none-eabi/lib/thumb/v7e-m+dp/hard\libc.a(lib_a-lock.o)
 .text.__retarget_lock_init
                0x0801c11c        0x4 c:/users/jaejunmin/downloads/peak-devpack/compiler/10 2020-q4-major/bin/../lib/gcc/arm-none-eabi/10.2.1/../../../../arm-none-eabi/lib/thumb/v7e-m+dp/hard\libc.a(lib_a-lock.o)
                0x0801c11c                __retarget_lock_init
 .text.__retarget_lock_init_recursive
                0x0801c120        0x4 c:/users/jaejunmin/downloads/peak-devpack/compiler/10 2020-q4-major/bin/../lib/gcc/arm-none-eabi/10.2.1/../../../../arm-none-eabi/lib/thumb/v7e-m+dp/hard\libc.a(lib_a-lock.o)
                0x0801c120                __retarget_lock_init_recursive
 .text.__retarget_lock_close
                0x0801c124        0x4 c:/users/jaejunmin/downloads/peak-devpack/compiler/10 2020-q4-major/bin/../lib/gcc/arm-none-eabi/10.2.1/../../../../arm-none-eabi/lib/thumb/v7e-m+dp/hard\libc.a(lib_a-lock.o)
                0x0801c124                __retarget_lock_close
 .text.__retarget_lock_close_recursive
                0x0801c128        0x4 c:/users/jaejunmin/downloads/peak-devpack/compiler/10 2020-q4-major/bin/../lib/gcc/arm-none-eabi/10.2.1/../../../../arm-none-eabi/lib/thumb/v7e-m+dp/hard\libc.a(lib_a-lock.o)
                0x0801c128                __retarget_lock_close_recursive
 .text.__retarget_lock_acquire
                0x0801c12c        0x4 c:/users/jaejunmin/downloads/peak-devpack/compiler/10 2020-q4-major/bin/../lib/gcc/arm-none-eabi/10.2.1/../../../../arm-none-eabi/lib/thumb/v7e-m+dp/hard\libc.a(lib_a-lock.o)
                0x0801c12c                __retarget_lock_acquire
 .text.__retarget_lock_acquire_recursive
                0x0801c130        0x4 c:/users/jaejunmin/downloads/peak-devpack/compiler/10 2020-q4-major/bin/../lib/gcc/arm-none-eabi/10.2.1/../../../../arm-none-eabi/lib/thumb/v7e-m+dp/hard\libc.a(lib_a-lock.o)
                0x0801c130                __retarget_lock_acquire_recursive
 .text.__retarget_lock_try_acquire
                0x0801c134        0x4 c:/users/jaejunmin/downloads/peak-devpack/compiler/10 2020-q4-major/bin/../lib/gcc/arm-none-eabi/10.2.1/../../../../arm-none-eabi/lib/thumb/v7e-m+dp/hard\libc.a(lib_a-lock.o)
                0x0801c134                __retarget_lock_try_acquire
 .text.__retarget_lock_try_acquire_recursive
                0x0801c138        0x4 c:/users/jaejunmin/downloads/peak-devpack/compiler/10 2020-q4-major/bin/../lib/gcc/arm-none-eabi/10.2.1/../../../../arm-none-eabi/lib/thumb/v7e-m+dp/hard\libc.a(lib_a-lock.o)
                0x0801c138                __retarget_lock_try_acquire_recursive
 .text.__retarget_lock_release
                0x0801c13c        0x4 c:/users/jaejunmin/downloads/peak-devpack/compiler/10 2020-q4-major/bin/../lib/gcc/arm-none-eabi/10.2.1/../../../../arm-none-eabi/lib/thumb/v7e-m+dp/hard\libc.a(lib_a-lock.o)
                0x0801c13c                __retarget_lock_release
 .text.__retarget_lock_release_recursive
                0x0801c140        0x4 c:/users/jaejunmin/downloads/peak-devpack/compiler/10 2020-q4-major/bin/../lib/gcc/arm-none-eabi/10.2.1/../../../../arm-none-eabi/lib/thumb/v7e-m+dp/hard\libc.a(lib_a-lock.o)
                0x0801c140                __retarget_lock_release_recursive
 .text          0x0801c144        0x0 c:/users/jaejunmin/downloads/peak-devpack/compiler/10 2020-q4-major/bin/../lib/gcc/arm-none-eabi/10.2.1/../../../../arm-none-eabi/lib/thumb/v7e-m+dp/hard\libc.a(lib_a-makebuf.o)
 .text.__smakebuf_r
                0x0801c144       0xe0 c:/users/jaejunmin/downloads/peak-devpack/compiler/10 2020-q4-major/bin/../lib/gcc/arm-none-eabi/10.2.1/../../../../arm-none-eabi/lib/thumb/v7e-m+dp/hard\libc.a(lib_a-makebuf.o)
                0x0801c144                __smakebuf_r
 .text.__swhatbuf_r
                0x0801c224       0x60 c:/users/jaejunmin/downloads/peak-devpack/compiler/10 2020-q4-major/bin/../lib/gcc/arm-none-eabi/10.2.1/../../../../arm-none-eabi/lib/thumb/v7e-m+dp/hard\libc.a(lib_a-makebuf.o)
                0x0801c224                __swhatbuf_r
 .text          0x0801c284        0x0 c:/users/jaejunmin/downloads/peak-devpack/compiler/10 2020-q4-major/bin/../lib/gcc/arm-none-eabi/10.2.1/../../../../arm-none-eabi/lib/thumb/v7e-m+dp/hard\libc.a(lib_a-mallocr.o)
 .text._malloc_r
                0x0801c284      0x560 c:/users/jaejunmin/downloads/peak-devpack/compiler/10 2020-q4-major/bin/../lib/gcc/arm-none-eabi/10.2.1/../../../../arm-none-eabi/lib/thumb/v7e-m+dp/hard\libc.a(lib_a-mallocr.o)
                0x0801c284                _malloc_r
 *fill*         0x0801c7e4        0xc 
 .text          0x0801c7f0       0xa0 c:/users/jaejunmin/downloads/peak-devpack/compiler/10 2020-q4-major/bin/../lib/gcc/arm-none-eabi/10.2.1/../../../../arm-none-eabi/lib/thumb/v7e-m+dp/hard\libc.a(lib_a-memchr.o)
                0x0801c7f0                memchr
 .text          0x0801c890        0x0 c:/users/jaejunmin/downloads/peak-devpack/compiler/10 2020-q4-major/bin/../lib/gcc/arm-none-eabi/10.2.1/../../../../arm-none-eabi/lib/thumb/v7e-m+dp/hard\libc.a(lib_a-mlock.o)
 .text.__malloc_lock
                0x0801c890        0xc c:/users/jaejunmin/downloads/peak-devpack/compiler/10 2020-q4-major/bin/../lib/gcc/arm-none-eabi/10.2.1/../../../../arm-none-eabi/lib/thumb/v7e-m+dp/hard\libc.a(lib_a-mlock.o)
                0x0801c890                __malloc_lock
 .text.__malloc_unlock
                0x0801c89c        0xc c:/users/jaejunmin/downloads/peak-devpack/compiler/10 2020-q4-major/bin/../lib/gcc/arm-none-eabi/10.2.1/../../../../arm-none-eabi/lib/thumb/v7e-m+dp/hard\libc.a(lib_a-mlock.o)
                0x0801c89c                __malloc_unlock
 .text          0x0801c8a8        0x0 c:/users/jaejunmin/downloads/peak-devpack/compiler/10 2020-q4-major/bin/../lib/gcc/arm-none-eabi/10.2.1/../../../../arm-none-eabi/lib/thumb/v7e-m+dp/hard\libc.a(lib_a-mprec.o)
 .text._Balloc  0x0801c8a8       0x4c c:/users/jaejunmin/downloads/peak-devpack/compiler/10 2020-q4-major/bin/../lib/gcc/arm-none-eabi/10.2.1/../../../../arm-none-eabi/lib/thumb/v7e-m+dp/hard\libc.a(lib_a-mprec.o)
                0x0801c8a8                _Balloc
 .text._Bfree   0x0801c8f4       0x14 c:/users/jaejunmin/downloads/peak-devpack/compiler/10 2020-q4-major/bin/../lib/gcc/arm-none-eabi/10.2.1/../../../../arm-none-eabi/lib/thumb/v7e-m+dp/hard\libc.a(lib_a-mprec.o)
                0x0801c8f4                _Bfree
 .text.__multadd
                0x0801c908       0xa8 c:/users/jaejunmin/downloads/peak-devpack/compiler/10 2020-q4-major/bin/../lib/gcc/arm-none-eabi/10.2.1/../../../../arm-none-eabi/lib/thumb/v7e-m+dp/hard\libc.a(lib_a-mprec.o)
                0x0801c908                __multadd
 .text.__s2b    0x0801c9b0       0xb4 c:/users/jaejunmin/downloads/peak-devpack/compiler/10 2020-q4-major/bin/../lib/gcc/arm-none-eabi/10.2.1/../../../../arm-none-eabi/lib/thumb/v7e-m+dp/hard\libc.a(lib_a-mprec.o)
                0x0801c9b0                __s2b
 .text.__hi0bits
                0x0801ca64       0x40 c:/users/jaejunmin/downloads/peak-devpack/compiler/10 2020-q4-major/bin/../lib/gcc/arm-none-eabi/10.2.1/../../../../arm-none-eabi/lib/thumb/v7e-m+dp/hard\libc.a(lib_a-mprec.o)
                0x0801ca64                __hi0bits
 .text.__lo0bits
                0x0801caa4       0x60 c:/users/jaejunmin/downloads/peak-devpack/compiler/10 2020-q4-major/bin/../lib/gcc/arm-none-eabi/10.2.1/../../../../arm-none-eabi/lib/thumb/v7e-m+dp/hard\libc.a(lib_a-mprec.o)
                0x0801caa4                __lo0bits
 .text.__i2b    0x0801cb04       0x5c c:/users/jaejunmin/downloads/peak-devpack/compiler/10 2020-q4-major/bin/../lib/gcc/arm-none-eabi/10.2.1/../../../../arm-none-eabi/lib/thumb/v7e-m+dp/hard\libc.a(lib_a-mprec.o)
                0x0801cb04                __i2b
 .text.__multiply
                0x0801cb60      0x158 c:/users/jaejunmin/downloads/peak-devpack/compiler/10 2020-q4-major/bin/../lib/gcc/arm-none-eabi/10.2.1/../../../../arm-none-eabi/lib/thumb/v7e-m+dp/hard\libc.a(lib_a-mprec.o)
                0x0801cb60                __multiply
 .text.__pow5mult
                0x0801ccb8       0xc0 c:/users/jaejunmin/downloads/peak-devpack/compiler/10 2020-q4-major/bin/../lib/gcc/arm-none-eabi/10.2.1/../../../../arm-none-eabi/lib/thumb/v7e-m+dp/hard\libc.a(lib_a-mprec.o)
                0x0801ccb8                __pow5mult
 .text.__lshift
                0x0801cd78       0xf0 c:/users/jaejunmin/downloads/peak-devpack/compiler/10 2020-q4-major/bin/../lib/gcc/arm-none-eabi/10.2.1/../../../../arm-none-eabi/lib/thumb/v7e-m+dp/hard\libc.a(lib_a-mprec.o)
                0x0801cd78                __lshift
 .text.__mcmp   0x0801ce68       0x44 c:/users/jaejunmin/downloads/peak-devpack/compiler/10 2020-q4-major/bin/../lib/gcc/arm-none-eabi/10.2.1/../../../../arm-none-eabi/lib/thumb/v7e-m+dp/hard\libc.a(lib_a-mprec.o)
                0x0801ce68                __mcmp
 .text.__mdiff  0x0801ceac      0x14c c:/users/jaejunmin/downloads/peak-devpack/compiler/10 2020-q4-major/bin/../lib/gcc/arm-none-eabi/10.2.1/../../../../arm-none-eabi/lib/thumb/v7e-m+dp/hard\libc.a(lib_a-mprec.o)
                0x0801ceac                __mdiff
 .text.__ulp    0x0801cff8       0x60 c:/users/jaejunmin/downloads/peak-devpack/compiler/10 2020-q4-major/bin/../lib/gcc/arm-none-eabi/10.2.1/../../../../arm-none-eabi/lib/thumb/v7e-m+dp/hard\libc.a(lib_a-mprec.o)
                0x0801cff8                __ulp
 .text.__b2d    0x0801d058       0xc0 c:/users/jaejunmin/downloads/peak-devpack/compiler/10 2020-q4-major/bin/../lib/gcc/arm-none-eabi/10.2.1/../../../../arm-none-eabi/lib/thumb/v7e-m+dp/hard\libc.a(lib_a-mprec.o)
                0x0801d058                __b2d
 .text.__d2b    0x0801d118       0xd0 c:/users/jaejunmin/downloads/peak-devpack/compiler/10 2020-q4-major/bin/../lib/gcc/arm-none-eabi/10.2.1/../../../../arm-none-eabi/lib/thumb/v7e-m+dp/hard\libc.a(lib_a-mprec.o)
                0x0801d118                __d2b
 .text.__ratio  0x0801d1e8       0x64 c:/users/jaejunmin/downloads/peak-devpack/compiler/10 2020-q4-major/bin/../lib/gcc/arm-none-eabi/10.2.1/../../../../arm-none-eabi/lib/thumb/v7e-m+dp/hard\libc.a(lib_a-mprec.o)
                0x0801d1e8                __ratio
 .text._mprec_log10
                0x0801d24c       0x28 c:/users/jaejunmin/downloads/peak-devpack/compiler/10 2020-q4-major/bin/../lib/gcc/arm-none-eabi/10.2.1/../../../../arm-none-eabi/lib/thumb/v7e-m+dp/hard\libc.a(lib_a-mprec.o)
                0x0801d24c                _mprec_log10
 .text.__copybits
                0x0801d274       0x5c c:/users/jaejunmin/downloads/peak-devpack/compiler/10 2020-q4-major/bin/../lib/gcc/arm-none-eabi/10.2.1/../../../../arm-none-eabi/lib/thumb/v7e-m+dp/hard\libc.a(lib_a-mprec.o)
                0x0801d274                __copybits
 .text.__any_on
                0x0801d2d0       0x64 c:/users/jaejunmin/downloads/peak-devpack/compiler/10 2020-q4-major/bin/../lib/gcc/arm-none-eabi/10.2.1/../../../../arm-none-eabi/lib/thumb/v7e-m+dp/hard\libc.a(lib_a-mprec.o)
                0x0801d2d0                __any_on
 .text          0x0801d334        0x0 c:/users/jaejunmin/downloads/peak-devpack/compiler/10 2020-q4-major/bin/../lib/gcc/arm-none-eabi/10.2.1/../../../../arm-none-eabi/lib/thumb/v7e-m+dp/hard\libc.a(lib_a-reallocr.o)
 .text._realloc_r
                0x0801d334      0x3d8 c:/users/jaejunmin/downloads/peak-devpack/compiler/10 2020-q4-major/bin/../lib/gcc/arm-none-eabi/10.2.1/../../../../arm-none-eabi/lib/thumb/v7e-m+dp/hard\libc.a(lib_a-reallocr.o)
                0x0801d334                _realloc_r
 .text          0x0801d70c        0x0 c:/users/jaejunmin/downloads/peak-devpack/compiler/10 2020-q4-major/bin/../lib/gcc/arm-none-eabi/10.2.1/../../../../arm-none-eabi/lib/thumb/v7e-m+dp/hard\libc.a(lib_a-s_frexp.o)
 *fill*         0x0801d70c        0x4 
 .text.frexp    0x0801d710       0x78 c:/users/jaejunmin/downloads/peak-devpack/compiler/10 2020-q4-major/bin/../lib/gcc/arm-none-eabi/10.2.1/../../../../arm-none-eabi/lib/thumb/v7e-m+dp/hard\libc.a(lib_a-s_frexp.o)
                0x0801d710                frexp
 .text          0x0801d788        0x0 c:/users/jaejunmin/downloads/peak-devpack/compiler/10 2020-q4-major/bin/../lib/gcc/arm-none-eabi/10.2.1/../../../../arm-none-eabi/lib/thumb/v7e-m+dp/hard\libc.a(lib_a-sbrkr.o)
 .text._sbrk_r  0x0801d788       0x24 c:/users/jaejunmin/downloads/peak-devpack/compiler/10 2020-q4-major/bin/../lib/gcc/arm-none-eabi/10.2.1/../../../../arm-none-eabi/lib/thumb/v7e-m+dp/hard\libc.a(lib_a-sbrkr.o)
                0x0801d788                _sbrk_r
 .text          0x0801d7ac        0x0 c:/users/jaejunmin/downloads/peak-devpack/compiler/10 2020-q4-major/bin/../lib/gcc/arm-none-eabi/10.2.1/../../../../arm-none-eabi/lib/thumb/v7e-m+dp/hard\libc.a(lib_a-stdio.o)
 .text.__sread  0x0801d7ac       0x24 c:/users/jaejunmin/downloads/peak-devpack/compiler/10 2020-q4-major/bin/../lib/gcc/arm-none-eabi/10.2.1/../../../../arm-none-eabi/lib/thumb/v7e-m+dp/hard\libc.a(lib_a-stdio.o)
                0x0801d7ac                __sread
 .text.__seofread
                0x0801d7d0        0x4 c:/users/jaejunmin/downloads/peak-devpack/compiler/10 2020-q4-major/bin/../lib/gcc/arm-none-eabi/10.2.1/../../../../arm-none-eabi/lib/thumb/v7e-m+dp/hard\libc.a(lib_a-stdio.o)
                0x0801d7d0                __seofread
 .text.__swrite
                0x0801d7d4       0x40 c:/users/jaejunmin/downloads/peak-devpack/compiler/10 2020-q4-major/bin/../lib/gcc/arm-none-eabi/10.2.1/../../../../arm-none-eabi/lib/thumb/v7e-m+dp/hard\libc.a(lib_a-stdio.o)
                0x0801d7d4                __swrite
 .text.__sseek  0x0801d814       0x20 c:/users/jaejunmin/downloads/peak-devpack/compiler/10 2020-q4-major/bin/../lib/gcc/arm-none-eabi/10.2.1/../../../../arm-none-eabi/lib/thumb/v7e-m+dp/hard\libc.a(lib_a-stdio.o)
                0x0801d814                __sseek
 .text.__sclose
                0x0801d834        0x8 c:/users/jaejunmin/downloads/peak-devpack/compiler/10 2020-q4-major/bin/../lib/gcc/arm-none-eabi/10.2.1/../../../../arm-none-eabi/lib/thumb/v7e-m+dp/hard\libc.a(lib_a-stdio.o)
                0x0801d834                __sclose
 .text          0x0801d83c        0x0 c:/users/jaejunmin/downloads/peak-devpack/compiler/10 2020-q4-major/bin/../lib/gcc/arm-none-eabi/10.2.1/../../../../arm-none-eabi/lib/thumb/v7e-m+dp/hard\libc.a(lib_a-vfiprintf.o)
 .text.__sprint_r.part.0
                0x0801d83c       0x78 c:/users/jaejunmin/downloads/peak-devpack/compiler/10 2020-q4-major/bin/../lib/gcc/arm-none-eabi/10.2.1/../../../../arm-none-eabi/lib/thumb/v7e-m+dp/hard\libc.a(lib_a-vfiprintf.o)
 .text.__sprint_r
                0x0801d8b4       0x18 c:/users/jaejunmin/downloads/peak-devpack/compiler/10 2020-q4-major/bin/../lib/gcc/arm-none-eabi/10.2.1/../../../../arm-none-eabi/lib/thumb/v7e-m+dp/hard\libc.a(lib_a-vfiprintf.o)
                0x0801d8b4                __sprint_r
 .text._vfiprintf_r
                0x0801d8cc      0xdf4 c:/users/jaejunmin/downloads/peak-devpack/compiler/10 2020-q4-major/bin/../lib/gcc/arm-none-eabi/10.2.1/../../../../arm-none-eabi/lib/thumb/v7e-m+dp/hard\libc.a(lib_a-vfiprintf.o)
                0x0801d8cc                _vfiprintf_r
 .text.vfiprintf
                0x0801e6c0       0x1c c:/users/jaejunmin/downloads/peak-devpack/compiler/10 2020-q4-major/bin/../lib/gcc/arm-none-eabi/10.2.1/../../../../arm-none-eabi/lib/thumb/v7e-m+dp/hard\libc.a(lib_a-vfiprintf.o)
                0x0801e6c0                vfiprintf
 .text.__sbprintf
                0x0801e6dc       0x80 c:/users/jaejunmin/downloads/peak-devpack/compiler/10 2020-q4-major/bin/../lib/gcc/arm-none-eabi/10.2.1/../../../../arm-none-eabi/lib/thumb/v7e-m+dp/hard\libc.a(lib_a-vfiprintf.o)
 .text          0x0801e75c        0x0 c:/users/jaejunmin/downloads/peak-devpack/compiler/10 2020-q4-major/bin/../lib/gcc/arm-none-eabi/10.2.1/../../../../arm-none-eabi/lib/thumb/v7e-m+dp/hard\libc.a(lib_a-writer.o)
 .text._write_r
                0x0801e75c       0x2c c:/users/jaejunmin/downloads/peak-devpack/compiler/10 2020-q4-major/bin/../lib/gcc/arm-none-eabi/10.2.1/../../../../arm-none-eabi/lib/thumb/v7e-m+dp/hard\libc.a(lib_a-writer.o)
                0x0801e75c                _write_r
 .text          0x0801e788        0x0 c:/users/jaejunmin/downloads/peak-devpack/compiler/10 2020-q4-major/bin/../lib/gcc/arm-none-eabi/10.2.1/../../../../arm-none-eabi/lib/thumb/v7e-m+dp/hard\libc.a(lib_a-__atexit.o)
 .text.__register_exitproc
                0x0801e788       0x8c c:/users/jaejunmin/downloads/peak-devpack/compiler/10 2020-q4-major/bin/../lib/gcc/arm-none-eabi/10.2.1/../../../../arm-none-eabi/lib/thumb/v7e-m+dp/hard\libc.a(lib_a-__atexit.o)
                0x0801e788                __register_exitproc
 .text          0x0801e814        0x0 c:/users/jaejunmin/downloads/peak-devpack/compiler/10 2020-q4-major/bin/../lib/gcc/arm-none-eabi/10.2.1/../../../../arm-none-eabi/lib/thumb/v7e-m+dp/hard\libc.a(lib_a-assert.o)
 .text.__assert_func
                0x0801e814       0x40 c:/users/jaejunmin/downloads/peak-devpack/compiler/10 2020-q4-major/bin/../lib/gcc/arm-none-eabi/10.2.1/../../../../arm-none-eabi/lib/thumb/v7e-m+dp/hard\libc.a(lib_a-assert.o)
                0x0801e814                __assert_func
 .text.__assert
                0x0801e854        0xc c:/users/jaejunmin/downloads/peak-devpack/compiler/10 2020-q4-major/bin/../lib/gcc/arm-none-eabi/10.2.1/../../../../arm-none-eabi/lib/thumb/v7e-m+dp/hard\libc.a(lib_a-assert.o)
                0x0801e854                __assert
 .text          0x0801e860        0x0 c:/users/jaejunmin/downloads/peak-devpack/compiler/10 2020-q4-major/bin/../lib/gcc/arm-none-eabi/10.2.1/../../../../arm-none-eabi/lib/thumb/v7e-m+dp/hard\libc.a(lib_a-callocr.o)
 .text._calloc_r
                0x0801e860       0x60 c:/users/jaejunmin/downloads/peak-devpack/compiler/10 2020-q4-major/bin/../lib/gcc/arm-none-eabi/10.2.1/../../../../arm-none-eabi/lib/thumb/v7e-m+dp/hard\libc.a(lib_a-callocr.o)
                0x0801e860                _calloc_r
 .text          0x0801e8c0        0x0 c:/users/jaejunmin/downloads/peak-devpack/compiler/10 2020-q4-major/bin/../lib/gcc/arm-none-eabi/10.2.1/../../../../arm-none-eabi/lib/thumb/v7e-m+dp/hard\libc.a(lib_a-closer.o)
 .text._close_r
                0x0801e8c0       0x24 c:/users/jaejunmin/downloads/peak-devpack/compiler/10 2020-q4-major/bin/../lib/gcc/arm-none-eabi/10.2.1/../../../../arm-none-eabi/lib/thumb/v7e-m+dp/hard\libc.a(lib_a-closer.o)
                0x0801e8c0                _close_r
 .text          0x0801e8e4        0x0 c:/users/jaejunmin/downloads/peak-devpack/compiler/10 2020-q4-major/bin/../lib/gcc/arm-none-eabi/10.2.1/../../../../arm-none-eabi/lib/thumb/v7e-m+dp/hard\libc.a(lib_a-fclose.o)
 .text._fclose_r
                0x0801e8e4       0xcc c:/users/jaejunmin/downloads/peak-devpack/compiler/10 2020-q4-major/bin/../lib/gcc/arm-none-eabi/10.2.1/../../../../arm-none-eabi/lib/thumb/v7e-m+dp/hard\libc.a(lib_a-fclose.o)
                0x0801e8e4                _fclose_r
 .text.fclose   0x0801e9b0       0x10 c:/users/jaejunmin/downloads/peak-devpack/compiler/10 2020-q4-major/bin/../lib/gcc/arm-none-eabi/10.2.1/../../../../arm-none-eabi/lib/thumb/v7e-m+dp/hard\libc.a(lib_a-fclose.o)
                0x0801e9b0                fclose