   1              		.cpu cortex-m7
   2              		.eabi_attribute 28, 1
   3              		.eabi_attribute 20, 1
   4              		.eabi_attribute 21, 1
   5              		.eabi_attribute 23, 3
   6              		.eabi_attribute 24, 1
   7              		.eabi_attribute 25, 1
   8              		.eabi_attribute 26, 1
   9              		.eabi_attribute 30, 2
  10              		.eabi_attribute 34, 1
  11              		.eabi_attribute 18, 4
  12              		.file	"backup.c"
  13              		.text
  14              	.Ltext0:
  15              		.cfi_sections	.debug_frame
  16              		.align	1
  17              		.p2align 2,,3
  18              		.global	FLASH_Backup_Erase
  19              		.arch armv7e-m
  20              		.syntax unified
  21              		.thumb
  22              		.thumb_func
  23              		.fpu fpv5-d16
  25              	FLASH_Backup_Erase:
  26              	.LVL0:
  27              	.LFB169:
  28              		.file 1 "./src/backup.c"
   1:./src/backup.c **** #include "backup.h"
   2:./src/backup.c **** #include "main.h"
   3:./src/backup.c **** #include "flash_if.h"
   4:./src/backup.c **** #include "tftpserver.h"
   5:./src/backup.c **** #include "firmware_tag.h"
   6:./src/backup.c **** 
   7:./src/backup.c **** #include "stm32f7xx_hal_flash_ex.h"
   8:./src/backup.c **** #include "stm32f7xx_hal_crc.h"
   9:./src/backup.c **** #include "stm32f7xx_hal_crc_ex.h"
  10:./src/backup.c **** 
  11:./src/backup.c **** #define TAG_ADDRESS  ((FirmwareTag*) USER_FLASH_FIRST_PAGE_ADDRESS)
  12:./src/backup.c **** int8_t FLASH_Backup_Erase(uint32_t StartSector) {
  29              		.loc 1 12 49 view -0
  30              		.cfi_startproc
  31              		@ args = 0, pretend = 0, frame = 24
  32              		@ frame_needed = 0, uses_anonymous_args = 0
  13:./src/backup.c **** 	uint32_t FlashAddress;
  33              		.loc 1 13 2 view .LVU1
  14:./src/backup.c **** 
  15:./src/backup.c **** 	FlashAddress = StartSector;
  34              		.loc 1 15 2 view .LVU2
  12:./src/backup.c **** 	uint32_t FlashAddress;
  35              		.loc 1 12 49 is_stmt 0 view .LVU3
  36 0000 30B5     		push	{r4, r5, lr}
  37              	.LCFI0:
  38              		.cfi_def_cfa_offset 12
  39              		.cfi_offset 4, -12
  40              		.cfi_offset 5, -8
  41              		.cfi_offset 14, -4
  16:./src/backup.c **** 
  17:./src/backup.c **** 	/* Device voltage range supposed to be [2.7V to 3.6V], the operation will
  18:./src/backup.c **** 	 be done by word */
  19:./src/backup.c **** 
  20:./src/backup.c **** 	if (FlashAddress <= (uint32_t) BACKUP_FLASH_LAST_PAGE_ADDRESS) {
  42              		.loc 1 20 5 view .LVU4
  43 0002 134D     		ldr	r5, .L8
  44              	.LVL1:
  45              		.loc 1 20 2 is_stmt 1 view .LVU5
  12:./src/backup.c **** 	uint32_t FlashAddress;
  46              		.loc 1 12 49 is_stmt 0 view .LVU6
  47 0004 87B0     		sub	sp, sp, #28
  48              	.LCFI1:
  49              		.cfi_def_cfa_offset 40
  50              		.loc 1 20 5 view .LVU7
  51 0006 A842     		cmp	r0, r5
  52 0008 02D9     		bls	.L7
  21:./src/backup.c **** 		FLASH_EraseInitTypeDef FLASH_EraseInitStruct;
  22:./src/backup.c **** 		uint32_t sectornb = 0;
  23:./src/backup.c **** 
  24:./src/backup.c **** 		FLASH_EraseInitStruct.TypeErase = FLASH_TYPEERASE_SECTORS;
  25:./src/backup.c **** 		FLASH_EraseInitStruct.Sector = GetSectorNumber(FlashAddress);
  26:./src/backup.c **** 		FLASH_EraseInitStruct.NbSectors = GetSectorNumber(BACKUP_FLASH_LAST_PAGE_ADDRESS) - GetSectorNumb
  27:./src/backup.c **** 		FLASH_EraseInitStruct.VoltageRange = FLASH_VOLTAGE_RANGE_3;
  28:./src/backup.c **** 
  29:./src/backup.c **** 		if (HAL_FLASHEx_Erase(&FLASH_EraseInitStruct, &sectornb) != HAL_OK)
  30:./src/backup.c **** 			return (1);
  31:./src/backup.c **** 	} else {
  32:./src/backup.c **** 		return (1);
  53              		.loc 1 32 10 view .LVU8
  54 000a 0120     		movs	r0, #1
  55              	.LVL2:
  33:./src/backup.c **** 	}
  34:./src/backup.c **** 
  35:./src/backup.c **** 	return (0);
  36:./src/backup.c **** }
  56              		.loc 1 36 1 view .LVU9
  57 000c 07B0     		add	sp, sp, #28
  58              	.LCFI2:
  59              		.cfi_remember_state
  60              		.cfi_def_cfa_offset 12
  61              		@ sp needed
  62 000e 30BD     		pop	{r4, r5, pc}
  63              	.LVL3:
  64              	.L7:
  65              	.LCFI3:
  66              		.cfi_restore_state
  67              	.LBB2:
  21:./src/backup.c **** 		FLASH_EraseInitTypeDef FLASH_EraseInitStruct;
  68              		.loc 1 21 3 is_stmt 1 view .LVU10
  22:./src/backup.c **** 
  69              		.loc 1 22 3 view .LVU11
  22:./src/backup.c **** 
  70              		.loc 1 22 12 is_stmt 0 view .LVU12
  71 0010 0023     		movs	r3, #0
  72 0012 0446     		mov	r4, r0
  24:./src/backup.c **** 		FLASH_EraseInitStruct.Sector = GetSectorNumber(FlashAddress);
  73              		.loc 1 24 35 view .LVU13
  74 0014 CDE90033 		strd	r3, r3, [sp]
  25:./src/backup.c **** 		FLASH_EraseInitStruct.NbSectors = GetSectorNumber(BACKUP_FLASH_LAST_PAGE_ADDRESS) - GetSectorNumb
  75              		.loc 1 25 3 is_stmt 1 view .LVU14
  25:./src/backup.c **** 		FLASH_EraseInitStruct.NbSectors = GetSectorNumber(BACKUP_FLASH_LAST_PAGE_ADDRESS) - GetSectorNumb
  76              		.loc 1 25 34 is_stmt 0 view .LVU15
  77 0018 FFF7FEFF 		bl	GetSectorNumber
  78              	.LVL4:
  25:./src/backup.c **** 		FLASH_EraseInitStruct.NbSectors = GetSectorNumber(BACKUP_FLASH_LAST_PAGE_ADDRESS) - GetSectorNumb
  79              		.loc 1 25 34 view .LVU16
  80 001c 0346     		mov	r3, r0
  26:./src/backup.c **** 		FLASH_EraseInitStruct.VoltageRange = FLASH_VOLTAGE_RANGE_3;
  81              		.loc 1 26 37 view .LVU17
  82 001e 2846     		mov	r0, r5
  25:./src/backup.c **** 		FLASH_EraseInitStruct.NbSectors = GetSectorNumber(BACKUP_FLASH_LAST_PAGE_ADDRESS) - GetSectorNumb
  83              		.loc 1 25 32 view .LVU18
  84 0020 0393     		str	r3, [sp, #12]
  26:./src/backup.c **** 		FLASH_EraseInitStruct.VoltageRange = FLASH_VOLTAGE_RANGE_3;
  85              		.loc 1 26 3 is_stmt 1 view .LVU19
  26:./src/backup.c **** 		FLASH_EraseInitStruct.VoltageRange = FLASH_VOLTAGE_RANGE_3;
  86              		.loc 1 26 37 is_stmt 0 view .LVU20
  87 0022 FFF7FEFF 		bl	GetSectorNumber
  88              	.LVL5:
  89 0026 0346     		mov	r3, r0
  26:./src/backup.c **** 		FLASH_EraseInitStruct.VoltageRange = FLASH_VOLTAGE_RANGE_3;
  90              		.loc 1 26 87 view .LVU21
  91 0028 2046     		mov	r0, r4
  26:./src/backup.c **** 		FLASH_EraseInitStruct.VoltageRange = FLASH_VOLTAGE_RANGE_3;
  92              		.loc 1 26 37 view .LVU22
  93 002a 1C46     		mov	r4, r3
  94              	.LVL6:
  26:./src/backup.c **** 		FLASH_EraseInitStruct.VoltageRange = FLASH_VOLTAGE_RANGE_3;
  95              		.loc 1 26 87 view .LVU23
  96 002c FFF7FEFF 		bl	GetSectorNumber
  97              	.LVL7:
  26:./src/backup.c **** 		FLASH_EraseInitStruct.VoltageRange = FLASH_VOLTAGE_RANGE_3;
  98              		.loc 1 26 87 view .LVU24
  99 0030 0246     		mov	r2, r0
  27:./src/backup.c **** 
 100              		.loc 1 27 38 view .LVU25
 101 0032 0223     		movs	r3, #2
  29:./src/backup.c **** 			return (1);
 102              		.loc 1 29 7 view .LVU26
 103 0034 6946     		mov	r1, sp
 104 0036 01A8     		add	r0, sp, #4
  26:./src/backup.c **** 		FLASH_EraseInitStruct.VoltageRange = FLASH_VOLTAGE_RANGE_3;
 105              		.loc 1 26 85 view .LVU27
 106 0038 A41A     		subs	r4, r4, r2
  27:./src/backup.c **** 
 107              		.loc 1 27 38 view .LVU28
 108 003a 0593     		str	r3, [sp, #20]
  26:./src/backup.c **** 		FLASH_EraseInitStruct.VoltageRange = FLASH_VOLTAGE_RANGE_3;
 109              		.loc 1 26 117 view .LVU29
 110 003c 0134     		adds	r4, r4, #1
  26:./src/backup.c **** 		FLASH_EraseInitStruct.VoltageRange = FLASH_VOLTAGE_RANGE_3;
 111              		.loc 1 26 35 view .LVU30
 112 003e 0494     		str	r4, [sp, #16]
  27:./src/backup.c **** 
 113              		.loc 1 27 3 is_stmt 1 view .LVU31
  29:./src/backup.c **** 			return (1);
 114              		.loc 1 29 3 view .LVU32
  29:./src/backup.c **** 			return (1);
 115              		.loc 1 29 7 is_stmt 0 view .LVU33
 116 0040 FFF7FEFF 		bl	HAL_FLASHEx_Erase
 117              	.LVL8:
  30:./src/backup.c **** 	} else {
 118              		.loc 1 30 11 view .LVU34
 119 0044 0038     		subs	r0, r0, #0
 120 0046 18BF     		it	ne
 121 0048 0120     		movne	r0, #1
 122              	.LBE2:
 123              		.loc 1 36 1 view .LVU35
 124 004a 07B0     		add	sp, sp, #28
 125              	.LCFI4:
 126              		.cfi_def_cfa_offset 12
 127              		@ sp needed
 128 004c 30BD     		pop	{r4, r5, pc}
 129              	.L9:
 130 004e 00BF     		.align	2
 131              	.L8:
 132 0050 FFFF1B08 		.word	136052735
 133              		.cfi_endproc
 134              	.LFE169:
 136              		.align	1
 137              		.p2align 2,,3
 138              		.global	CAL_CRC
 139              		.syntax unified
 140              		.thumb
 141              		.thumb_func
 142              		.fpu fpv5-d16
 144              	CAL_CRC:
 145              	.LFB170:
  37:./src/backup.c **** 
  38:./src/backup.c **** 
  39:./src/backup.c **** uint32_t CAL_CRC(CRC_HandleTypeDef hcrc)
  40:./src/backup.c **** {
 146              		.loc 1 40 1 is_stmt 1 view -0
 147              		.cfi_startproc
 148              		@ args = 36, pretend = 16, frame = 0
 149              		@ frame_needed = 0, uses_anonymous_args = 0
  41:./src/backup.c **** 	HAL_CRC_DeInit(&hcrc);
 150              		.loc 1 41 2 view .LVU37
  40:./src/backup.c **** 	HAL_CRC_DeInit(&hcrc);
 151              		.loc 1 40 1 is_stmt 0 view .LVU38
 152 0054 84B0     		sub	sp, sp, #16
 153              	.LCFI5:
 154              		.cfi_def_cfa_offset 16
 155 0056 10B5     		push	{r4, lr}
 156              	.LCFI6:
 157              		.cfi_def_cfa_offset 24
 158              		.cfi_offset 4, -24
 159              		.cfi_offset 14, -20
  40:./src/backup.c **** 	HAL_CRC_DeInit(&hcrc);
 160              		.loc 1 40 1 view .LVU39
 161 0058 02AC     		add	r4, sp, #8
 162 005a 84E80F00 		stm	r4, {r0, r1, r2, r3}
 163              		.loc 1 41 2 view .LVU40
 164 005e 2046     		mov	r0, r4
 165 0060 FFF7FEFF 		bl	HAL_CRC_DeInit
 166              	.LVL9:
  42:./src/backup.c **** 	HAL_CRC_Init(&hcrc);
 167              		.loc 1 42 2 is_stmt 1 view .LVU41
 168 0064 2046     		mov	r0, r4
 169 0066 FFF7FEFF 		bl	HAL_CRC_Init
 170              	.LVL10:
  43:./src/backup.c **** 	__HAL_CRC_DR_RESET(&hcrc);
 171              		.loc 1 43 2 view .LVU42
 172 006a 0299     		ldr	r1, [sp, #8]
  44:./src/backup.c **** 	uint32_t* bin_data = (uint32_t*)(USER_FLASH_FIRST_PAGE_ADDRESS + 0x400);  
  45:./src/backup.c **** 	uint32_t word_count = TAG_ADDRESS->size  / 4; //TAG_ADDRESS->size 
 173              		.loc 1 45 35 is_stmt 0 view .LVU43
 174 006c 114A     		ldr	r2, .L20
  43:./src/backup.c **** 	__HAL_CRC_DR_RESET(&hcrc);
 175              		.loc 1 43 2 view .LVU44
 176 006e 8B68     		ldr	r3, [r1, #8]
 177 0070 43F00103 		orr	r3, r3, #1
 178 0074 8B60     		str	r3, [r1, #8]
  44:./src/backup.c **** 	uint32_t* bin_data = (uint32_t*)(USER_FLASH_FIRST_PAGE_ADDRESS + 0x400);  
 179              		.loc 1 44 2 is_stmt 1 view .LVU45
 180              	.LVL11:
 181              		.loc 1 45 2 view .LVU46
 182              		.loc 1 45 35 is_stmt 0 view .LVU47
 183 0076 1468     		ldr	r4, [r2]
 184              	.LVL12:
  46:./src/backup.c **** 	uint32_t i;
 185              		.loc 1 46 2 is_stmt 1 view .LVU48
  47:./src/backup.c **** 	for (i = 0; i < word_count; i++)
 186              		.loc 1 47 2 view .LVU49
 187              		.loc 1 47 14 view .LVU50
 188              		.loc 1 47 2 is_stmt 0 view .LVU51
 189 0078 A208     		lsrs	r2, r4, #2
 190              	.LVL13:
 191              		.loc 1 47 2 view .LVU52
 192 007a 08D0     		beq	.L15
 193 007c 0E48     		ldr	r0, .L20+4
 194 007e 0F4B     		ldr	r3, .L20+8
 195 0080 1044     		add	r0, r0, r2
 196 0082 8000     		lsls	r0, r0, #2
 197              	.LVL14:
 198              	.L14:
  48:./src/backup.c **** 	{
  49:./src/backup.c **** 	   	hcrc.Instance->DR = bin_data[i];
 199              		.loc 1 49 6 is_stmt 1 discriminator 3 view .LVU53
 200              		.loc 1 49 34 is_stmt 0 discriminator 3 view .LVU54
 201 0084 53F8042B 		ldr	r2, [r3], #4
  47:./src/backup.c **** 	for (i = 0; i < word_count; i++)
 202              		.loc 1 47 2 discriminator 3 view .LVU55
 203 0088 9842     		cmp	r0, r3
 204              		.loc 1 49 24 discriminator 3 view .LVU56
 205 008a 0A60     		str	r2, [r1]
  47:./src/backup.c **** 	for (i = 0; i < word_count; i++)
 206              		.loc 1 47 30 is_stmt 1 discriminator 3 view .LVU57
  47:./src/backup.c **** 	for (i = 0; i < word_count; i++)
 207              		.loc 1 47 14 discriminator 3 view .LVU58
  47:./src/backup.c **** 	for (i = 0; i < word_count; i++)
 208              		.loc 1 47 2 is_stmt 0 discriminator 3 view .LVU59
 209 008c FAD1     		bne	.L14
 210              	.L15:
  50:./src/backup.c **** 	}
  51:./src/backup.c **** 
  52:./src/backup.c **** 	uint32_t remaining =TAG_ADDRESS->size  % 4; //TAG_ADDRESS->size 
 211              		.loc 1 52 2 is_stmt 1 view .LVU60
 212              	.LVL15:
  53:./src/backup.c **** 	if (remaining)
 213              		.loc 1 53 2 view .LVU61
 214              		.loc 1 53 5 is_stmt 0 view .LVU62
 215 008e A307     		lsls	r3, r4, #30
 216 0090 0AD0     		beq	.L13
 217              	.LBB3:
  54:./src/backup.c **** 	{
  55:./src/backup.c **** 	   uint8_t* byte_ptr = (uint8_t*)&bin_data[word_count];
 218              		.loc 1 55 5 is_stmt 1 view .LVU63
 219              	.LVL16:
  56:./src/backup.c **** 	   for (i = 0; i < remaining; i++)
 220              		.loc 1 56 5 view .LVU64
 221              		.loc 1 56 17 view .LVU65
 222 0092 0A4A     		ldr	r2, .L20+8
  55:./src/backup.c **** 	   for (i = 0; i < remaining; i++)
 223              		.loc 1 55 44 is_stmt 0 view .LVU66
 224 0094 24F00303 		bic	r3, r4, #3
 225 0098 1444     		add	r4, r4, r2
 226              	.LVL17:
  55:./src/backup.c **** 	   for (i = 0; i < remaining; i++)
 227              		.loc 1 55 44 view .LVU67
 228 009a 1344     		add	r3, r3, r2
 229              	.LVL18:
 230              	.L17:
  57:./src/backup.c **** 	   {
  58:./src/backup.c **** 	      *(__IO uint8_t*)(&hcrc.Instance->DR) = byte_ptr[i];
 231              		.loc 1 58 8 is_stmt 1 discriminator 3 view .LVU68
 232              		.loc 1 58 55 is_stmt 0 discriminator 3 view .LVU69
 233 009c 13F8012B 		ldrb	r2, [r3], #1	@ zero_extendqisi2
 234              	.LVL19:
  56:./src/backup.c **** 	   {
 235              		.loc 1 56 5 discriminator 3 view .LVU70
 236 00a0 9C42     		cmp	r4, r3
 237              		.loc 1 58 45 discriminator 3 view .LVU71
 238 00a2 0A70     		strb	r2, [r1]
  56:./src/backup.c **** 	   {
 239              		.loc 1 56 32 is_stmt 1 discriminator 3 view .LVU72
 240              	.LVL20:
  56:./src/backup.c **** 	   {
 241              		.loc 1 56 17 discriminator 3 view .LVU73
 242              		.loc 1 58 30 is_stmt 0 discriminator 3 view .LVU74
 243 00a4 0299     		ldr	r1, [sp, #8]
  56:./src/backup.c **** 	   {
 244              		.loc 1 56 5 discriminator 3 view .LVU75
 245 00a6 F9D1     		bne	.L17
 246              	.LVL21:
 247              	.L13:
  56:./src/backup.c **** 	   {
 248              		.loc 1 56 5 discriminator 3 view .LVU76
 249              	.LBE3:
  59:./src/backup.c **** 	   }
  60:./src/backup.c **** 	}
  61:./src/backup.c **** 	return hcrc.Instance->DR;
 250              		.loc 1 61 2 is_stmt 1 view .LVU77
 251              		.loc 1 61 22 is_stmt 0 view .LVU78
 252 00a8 0868     		ldr	r0, [r1]
  62:./src/backup.c **** }
 253              		.loc 1 62 1 view .LVU79
 254 00aa BDE81040 		pop	{r4, lr}
 255              	.LCFI7:
 256              		.cfi_restore 14
 257              		.cfi_restore 4
 258              		.cfi_def_cfa_offset 16
 259 00ae 04B0     		add	sp, sp, #16
 260              	.LCFI8:
 261              		.cfi_def_cfa_offset 0
 262 00b0 7047     		bx	lr
 263              	.L21:
 264 00b2 00BF     		.align	2
 265              	.L20:
 266 00b4 00000408 		.word	134479872
 267 00b8 00010102 		.word	33620224
 268 00bc 00040408 		.word	134480896
 269              		.cfi_endproc
 270              	.LFE170:
 272              	.Letext0:
 273              		.file 2 "c:\\users\\jaejunmin\\downloads\\peak-devpack\\compiler\\10 2020-q4-major\\arm-none-eabi\
 274              		.file 3 "c:\\users\\jaejunmin\\downloads\\peak-devpack\\compiler\\10 2020-q4-major\\arm-none-eabi\
 275              		.file 4 "./inc/stm32f765xx.h"
 276              		.file 5 "./inc/stm32f7xx_hal_def.h"
 277              		.file 6 "./inc/stm32f7xx_hal_flash_ex.h"
 278              		.file 7 "./inc/firmware_tag.h"
 279              		.file 8 "./inc/stm32f7xx_hal_crc.h"
DEFINED SYMBOLS
                            *ABS*:00000000 backup.c
C:\Users\JAEJUN~1\AppData\Local\Temp\ccp1E9FT.s:16     .text:00000000 $t
C:\Users\JAEJUN~1\AppData\Local\Temp\ccp1E9FT.s:25     .text:00000000 FLASH_Backup_Erase
C:\Users\JAEJUN~1\AppData\Local\Temp\ccp1E9FT.s:132    .text:00000050 $d
C:\Users\JAEJUN~1\AppData\Local\Temp\ccp1E9FT.s:136    .text:00000054 $t
C:\Users\JAEJUN~1\AppData\Local\Temp\ccp1E9FT.s:144    .text:00000054 CAL_CRC
C:\Users\JAEJUN~1\AppData\Local\Temp\ccp1E9FT.s:266    .text:000000b4 $d

UNDEFINED SYMBOLS
GetSectorNumber
HAL_FLASHEx_Erase
HAL_CRC_DeInit
HAL_CRC_Init
