   1              		.cpu cortex-m7
   2              		.eabi_attribute 28, 1
   3              		.eabi_attribute 20, 1
   4              		.eabi_attribute 21, 1
   5              		.eabi_attribute 23, 3
   6              		.eabi_attribute 24, 1
   7              		.eabi_attribute 25, 1
   8              		.eabi_attribute 26, 1
   9              		.eabi_attribute 30, 6
  10              		.eabi_attribute 34, 1
  11              		.eabi_attribute 18, 4
  12              		.file	"def.c"
  13              		.text
  14              	.Ltext0:
  15              		.cfi_sections	.debug_frame
  16              		.align	1
  17              		.global	lwip_htons
  18              		.arch armv7e-m
  19              		.syntax unified
  20              		.thumb
  21              		.thumb_func
  22              		.fpu fpv5-d16
  24              	lwip_htons:
  25              	.LFB25:
  26              		.file 1 "./lwip-2.1.2/src/core/def.c"
   1:./lwip-2.1.2/src/core/def.c **** /**
   2:./lwip-2.1.2/src/core/def.c ****  * @file
   3:./lwip-2.1.2/src/core/def.c ****  * Common functions used throughout the stack.
   4:./lwip-2.1.2/src/core/def.c ****  *
   5:./lwip-2.1.2/src/core/def.c ****  * These are reference implementations of the byte swapping functions.
   6:./lwip-2.1.2/src/core/def.c ****  * Again with the aim of being simple, correct and fully portable.
   7:./lwip-2.1.2/src/core/def.c ****  * Byte swapping is the second thing you would want to optimize. You will
   8:./lwip-2.1.2/src/core/def.c ****  * need to port it to your architecture and in your cc.h:
   9:./lwip-2.1.2/src/core/def.c ****  *
  10:./lwip-2.1.2/src/core/def.c ****  * \#define lwip_htons(x) your_htons
  11:./lwip-2.1.2/src/core/def.c ****  * \#define lwip_htonl(x) your_htonl
  12:./lwip-2.1.2/src/core/def.c ****  *
  13:./lwip-2.1.2/src/core/def.c ****  * Note lwip_ntohs() and lwip_ntohl() are merely references to the htonx counterparts.
  14:./lwip-2.1.2/src/core/def.c ****  *
  15:./lwip-2.1.2/src/core/def.c ****  * If you \#define them to htons() and htonl(), you should
  16:./lwip-2.1.2/src/core/def.c ****  * \#define LWIP_DONT_PROVIDE_BYTEORDER_FUNCTIONS to prevent lwIP from
  17:./lwip-2.1.2/src/core/def.c ****  * defining htonx/ntohx compatibility macros.
  18:./lwip-2.1.2/src/core/def.c **** 
  19:./lwip-2.1.2/src/core/def.c ****  * @defgroup sys_nonstandard Non-standard functions
  20:./lwip-2.1.2/src/core/def.c ****  * @ingroup sys_layer
  21:./lwip-2.1.2/src/core/def.c ****  * lwIP provides default implementations for non-standard functions.
  22:./lwip-2.1.2/src/core/def.c ****  * These can be mapped to OS functions to reduce code footprint if desired.
  23:./lwip-2.1.2/src/core/def.c ****  * All defines related to this section must not be placed in lwipopts.h,
  24:./lwip-2.1.2/src/core/def.c ****  * but in arch/cc.h!
  25:./lwip-2.1.2/src/core/def.c ****  * These options cannot be \#defined in lwipopts.h since they are not options
  26:./lwip-2.1.2/src/core/def.c ****  * of lwIP itself, but options of the lwIP port to your system.
  27:./lwip-2.1.2/src/core/def.c ****  */
  28:./lwip-2.1.2/src/core/def.c **** 
  29:./lwip-2.1.2/src/core/def.c **** /*
  30:./lwip-2.1.2/src/core/def.c ****  * Copyright (c) 2001-2004 Swedish Institute of Computer Science.
  31:./lwip-2.1.2/src/core/def.c ****  * All rights reserved.
  32:./lwip-2.1.2/src/core/def.c ****  *
  33:./lwip-2.1.2/src/core/def.c ****  * Redistribution and use in source and binary forms, with or without modification,
  34:./lwip-2.1.2/src/core/def.c ****  * are permitted provided that the following conditions are met:
  35:./lwip-2.1.2/src/core/def.c ****  *
  36:./lwip-2.1.2/src/core/def.c ****  * 1. Redistributions of source code must retain the above copyright notice,
  37:./lwip-2.1.2/src/core/def.c ****  *    this list of conditions and the following disclaimer.
  38:./lwip-2.1.2/src/core/def.c ****  * 2. Redistributions in binary form must reproduce the above copyright notice,
  39:./lwip-2.1.2/src/core/def.c ****  *    this list of conditions and the following disclaimer in the documentation
  40:./lwip-2.1.2/src/core/def.c ****  *    and/or other materials provided with the distribution.
  41:./lwip-2.1.2/src/core/def.c ****  * 3. The name of the author may not be used to endorse or promote products
  42:./lwip-2.1.2/src/core/def.c ****  *    derived from this software without specific prior written permission.
  43:./lwip-2.1.2/src/core/def.c ****  *
  44:./lwip-2.1.2/src/core/def.c ****  * THIS SOFTWARE IS PROVIDED BY THE AUTHOR ``AS IS'' AND ANY EXPRESS OR IMPLIED
  45:./lwip-2.1.2/src/core/def.c ****  * WARRANTIES, INCLUDING, BUT NOT LIMITED TO, THE IMPLIED WARRANTIES OF
  46:./lwip-2.1.2/src/core/def.c ****  * MERCHANTABILITY AND FITNESS FOR A PARTICULAR PURPOSE ARE DISCLAIMED. IN NO EVENT
  47:./lwip-2.1.2/src/core/def.c ****  * SHALL THE AUTHOR BE LIABLE FOR ANY DIRECT, INDIRECT, INCIDENTAL, SPECIAL,
  48:./lwip-2.1.2/src/core/def.c ****  * EXEMPLARY, OR CONSEQUENTIAL DAMAGES (INCLUDING, BUT NOT LIMITED TO, PROCUREMENT
  49:./lwip-2.1.2/src/core/def.c ****  * OF SUBSTITUTE GOODS OR SERVICES; LOSS OF USE, DATA, OR PROFITS; OR BUSINESS
  50:./lwip-2.1.2/src/core/def.c ****  * INTERRUPTION) HOWEVER CAUSED AND ON ANY THEORY OF LIABILITY, WHETHER IN
  51:./lwip-2.1.2/src/core/def.c ****  * CONTRACT, STRICT LIABILITY, OR TORT (INCLUDING NEGLIGENCE OR OTHERWISE) ARISING
  52:./lwip-2.1.2/src/core/def.c ****  * IN ANY WAY OUT OF THE USE OF THIS SOFTWARE, EVEN IF ADVISED OF THE POSSIBILITY
  53:./lwip-2.1.2/src/core/def.c ****  * OF SUCH DAMAGE.
  54:./lwip-2.1.2/src/core/def.c ****  *
  55:./lwip-2.1.2/src/core/def.c ****  * This file is part of the lwIP TCP/IP stack.
  56:./lwip-2.1.2/src/core/def.c ****  *
  57:./lwip-2.1.2/src/core/def.c ****  * Author: Simon Goldschmidt
  58:./lwip-2.1.2/src/core/def.c ****  *
  59:./lwip-2.1.2/src/core/def.c ****  */
  60:./lwip-2.1.2/src/core/def.c **** 
  61:./lwip-2.1.2/src/core/def.c **** #include "lwip/opt.h"
  62:./lwip-2.1.2/src/core/def.c **** #include "lwip/def.h"
  63:./lwip-2.1.2/src/core/def.c **** 
  64:./lwip-2.1.2/src/core/def.c **** #include <string.h>
  65:./lwip-2.1.2/src/core/def.c **** 
  66:./lwip-2.1.2/src/core/def.c **** #if BYTE_ORDER == LITTLE_ENDIAN
  67:./lwip-2.1.2/src/core/def.c **** 
  68:./lwip-2.1.2/src/core/def.c **** #if !defined(lwip_htons)
  69:./lwip-2.1.2/src/core/def.c **** /**
  70:./lwip-2.1.2/src/core/def.c ****  * Convert an u16_t from host- to network byte order.
  71:./lwip-2.1.2/src/core/def.c ****  *
  72:./lwip-2.1.2/src/core/def.c ****  * @param n u16_t in host byte order
  73:./lwip-2.1.2/src/core/def.c ****  * @return n in network byte order
  74:./lwip-2.1.2/src/core/def.c ****  */
  75:./lwip-2.1.2/src/core/def.c **** u16_t
  76:./lwip-2.1.2/src/core/def.c **** lwip_htons(u16_t n)
  77:./lwip-2.1.2/src/core/def.c **** {
  27              		.loc 1 77 1
  28              		.cfi_startproc
  29              		@ args = 0, pretend = 0, frame = 8
  30              		@ frame_needed = 1, uses_anonymous_args = 0
  31              		@ link register save eliminated.
  32 0000 80B4     		push	{r7}
  33              	.LCFI0:
  34              		.cfi_def_cfa_offset 4
  35              		.cfi_offset 7, -4
  36 0002 83B0     		sub	sp, sp, #12
  37              	.LCFI1:
  38              		.cfi_def_cfa_offset 16
  39 0004 00AF     		add	r7, sp, #0
  40              	.LCFI2:
  41              		.cfi_def_cfa_register 7
  42 0006 0346     		mov	r3, r0
  43 0008 FB80     		strh	r3, [r7, #6]	@ movhi
  78:./lwip-2.1.2/src/core/def.c ****   return PP_HTONS(n);
  44              		.loc 1 78 10
  45 000a FB88     		ldrh	r3, [r7, #6]
  46 000c 1B02     		lsls	r3, r3, #8
  47 000e 1AB2     		sxth	r2, r3
  48 0010 FB88     		ldrh	r3, [r7, #6]
  49 0012 1B0A     		lsrs	r3, r3, #8
  50 0014 9BB2     		uxth	r3, r3
  51 0016 1BB2     		sxth	r3, r3
  52 0018 1343     		orrs	r3, r3, r2
  53 001a 1BB2     		sxth	r3, r3
  54 001c 9BB2     		uxth	r3, r3
  79:./lwip-2.1.2/src/core/def.c **** }
  55              		.loc 1 79 1
  56 001e 1846     		mov	r0, r3
  57 0020 0C37     		adds	r7, r7, #12
  58              	.LCFI3:
  59              		.cfi_def_cfa_offset 4
  60 0022 BD46     		mov	sp, r7
  61              	.LCFI4:
  62              		.cfi_def_cfa_register 13
  63              		@ sp needed
  64 0024 5DF8047B 		ldr	r7, [sp], #4
  65              	.LCFI5:
  66              		.cfi_restore 7
  67              		.cfi_def_cfa_offset 0
  68 0028 7047     		bx	lr
  69              		.cfi_endproc
  70              	.LFE25:
  72              		.align	1
  73              		.global	lwip_htonl
  74              		.syntax unified
  75              		.thumb
  76              		.thumb_func
  77              		.fpu fpv5-d16
  79              	lwip_htonl:
  80              	.LFB26:
  80:./lwip-2.1.2/src/core/def.c **** #endif /* lwip_htons */
  81:./lwip-2.1.2/src/core/def.c **** 
  82:./lwip-2.1.2/src/core/def.c **** #if !defined(lwip_htonl)
  83:./lwip-2.1.2/src/core/def.c **** /**
  84:./lwip-2.1.2/src/core/def.c ****  * Convert an u32_t from host- to network byte order.
  85:./lwip-2.1.2/src/core/def.c ****  *
  86:./lwip-2.1.2/src/core/def.c ****  * @param n u32_t in host byte order
  87:./lwip-2.1.2/src/core/def.c ****  * @return n in network byte order
  88:./lwip-2.1.2/src/core/def.c ****  */
  89:./lwip-2.1.2/src/core/def.c **** u32_t
  90:./lwip-2.1.2/src/core/def.c **** lwip_htonl(u32_t n)
  91:./lwip-2.1.2/src/core/def.c **** {
  81              		.loc 1 91 1
  82              		.cfi_startproc
  83              		@ args = 0, pretend = 0, frame = 8
  84              		@ frame_needed = 1, uses_anonymous_args = 0
  85              		@ link register save eliminated.
  86 002a 80B4     		push	{r7}
  87              	.LCFI6:
  88              		.cfi_def_cfa_offset 4
  89              		.cfi_offset 7, -4
  90 002c 83B0     		sub	sp, sp, #12
  91              	.LCFI7:
  92              		.cfi_def_cfa_offset 16
  93 002e 00AF     		add	r7, sp, #0
  94              	.LCFI8:
  95              		.cfi_def_cfa_register 7
  96 0030 7860     		str	r0, [r7, #4]
  92:./lwip-2.1.2/src/core/def.c ****   return PP_HTONL(n);
  97              		.loc 1 92 10
  98 0032 7B68     		ldr	r3, [r7, #4]
  99 0034 1A06     		lsls	r2, r3, #24
 100 0036 7B68     		ldr	r3, [r7, #4]
 101 0038 1B02     		lsls	r3, r3, #8
 102 003a 03F47F03 		and	r3, r3, #16711680
 103 003e 1A43     		orrs	r2, r2, r3
 104 0040 7B68     		ldr	r3, [r7, #4]
 105 0042 1B0A     		lsrs	r3, r3, #8
 106 0044 03F47F43 		and	r3, r3, #65280
 107 0048 1A43     		orrs	r2, r2, r3
 108 004a 7B68     		ldr	r3, [r7, #4]
 109 004c 1B0E     		lsrs	r3, r3, #24
 110 004e 1343     		orrs	r3, r3, r2
  93:./lwip-2.1.2/src/core/def.c **** }
 111              		.loc 1 93 1
 112 0050 1846     		mov	r0, r3
 113 0052 0C37     		adds	r7, r7, #12
 114              	.LCFI9:
 115              		.cfi_def_cfa_offset 4
 116 0054 BD46     		mov	sp, r7
 117              	.LCFI10:
 118              		.cfi_def_cfa_register 13
 119              		@ sp needed
 120 0056 5DF8047B 		ldr	r7, [sp], #4
 121              	.LCFI11:
 122              		.cfi_restore 7
 123              		.cfi_def_cfa_offset 0
 124 005a 7047     		bx	lr
 125              		.cfi_endproc
 126              	.LFE26:
 128              		.align	1
 129              		.global	lwip_strnstr
 130              		.syntax unified
 131              		.thumb
 132              		.thumb_func
 133              		.fpu fpv5-d16
 135              	lwip_strnstr:
 136              	.LFB27:
  94:./lwip-2.1.2/src/core/def.c **** #endif /* lwip_htonl */
  95:./lwip-2.1.2/src/core/def.c **** 
  96:./lwip-2.1.2/src/core/def.c **** #endif /* BYTE_ORDER == LITTLE_ENDIAN */
  97:./lwip-2.1.2/src/core/def.c **** 
  98:./lwip-2.1.2/src/core/def.c **** #ifndef lwip_strnstr
  99:./lwip-2.1.2/src/core/def.c **** /**
 100:./lwip-2.1.2/src/core/def.c ****  * @ingroup sys_nonstandard
 101:./lwip-2.1.2/src/core/def.c ****  * lwIP default implementation for strnstr() non-standard function.
 102:./lwip-2.1.2/src/core/def.c ****  * This can be \#defined to strnstr() depending on your platform port.
 103:./lwip-2.1.2/src/core/def.c ****  */
 104:./lwip-2.1.2/src/core/def.c **** char *
 105:./lwip-2.1.2/src/core/def.c **** lwip_strnstr(const char *buffer, const char *token, size_t n)
 106:./lwip-2.1.2/src/core/def.c **** {
 137              		.loc 1 106 1
 138              		.cfi_startproc
 139              		@ args = 0, pretend = 0, frame = 24
 140              		@ frame_needed = 1, uses_anonymous_args = 0
 141 005c 80B5     		push	{r7, lr}
 142              	.LCFI12:
 143              		.cfi_def_cfa_offset 8
 144              		.cfi_offset 7, -8
 145              		.cfi_offset 14, -4
 146 005e 86B0     		sub	sp, sp, #24
 147              	.LCFI13:
 148              		.cfi_def_cfa_offset 32
 149 0060 00AF     		add	r7, sp, #0
 150              	.LCFI14:
 151              		.cfi_def_cfa_register 7
 152 0062 F860     		str	r0, [r7, #12]
 153 0064 B960     		str	r1, [r7, #8]
 154 0066 7A60     		str	r2, [r7, #4]
 107:./lwip-2.1.2/src/core/def.c ****   const char *p;
 108:./lwip-2.1.2/src/core/def.c ****   size_t tokenlen = strlen(token);
 155              		.loc 1 108 21
 156 0068 B868     		ldr	r0, [r7, #8]
 157 006a FFF7FEFF 		bl	strlen
 158 006e 3861     		str	r0, [r7, #16]
 109:./lwip-2.1.2/src/core/def.c ****   if (tokenlen == 0) {
 159              		.loc 1 109 6
 160 0070 3B69     		ldr	r3, [r7, #16]
 161 0072 002B     		cmp	r3, #0
 162 0074 01D1     		bne	.L6
 110:./lwip-2.1.2/src/core/def.c ****     return LWIP_CONST_CAST(char *, buffer);
 163              		.loc 1 110 12
 164 0076 FB68     		ldr	r3, [r7, #12]
 165 0078 22E0     		b	.L7
 166              	.L6:
 111:./lwip-2.1.2/src/core/def.c ****   }
 112:./lwip-2.1.2/src/core/def.c ****   for (p = buffer; *p && (p + tokenlen <= buffer + n); p++) {
 167              		.loc 1 112 10
 168 007a FB68     		ldr	r3, [r7, #12]
 169 007c 7B61     		str	r3, [r7, #20]
 170              		.loc 1 112 3
 171 007e 12E0     		b	.L8
 172              	.L11:
 113:./lwip-2.1.2/src/core/def.c ****     if ((*p == *token) && (strncmp(p, token, tokenlen) == 0)) {
 173              		.loc 1 113 10
 174 0080 7B69     		ldr	r3, [r7, #20]
 175 0082 1A78     		ldrb	r2, [r3]	@ zero_extendqisi2
 176              		.loc 1 113 16
 177 0084 BB68     		ldr	r3, [r7, #8]
 178 0086 1B78     		ldrb	r3, [r3]	@ zero_extendqisi2
 179              		.loc 1 113 8
 180 0088 9A42     		cmp	r2, r3
 181 008a 09D1     		bne	.L9
 182              		.loc 1 113 28 discriminator 1
 183 008c 3A69     		ldr	r2, [r7, #16]
 184 008e B968     		ldr	r1, [r7, #8]
 185 0090 7869     		ldr	r0, [r7, #20]
 186 0092 FFF7FEFF 		bl	strncmp
 187 0096 0346     		mov	r3, r0
 188              		.loc 1 113 24 discriminator 1
 189 0098 002B     		cmp	r3, #0
 190 009a 01D1     		bne	.L9
 114:./lwip-2.1.2/src/core/def.c ****       return LWIP_CONST_CAST(char *, p);
 191              		.loc 1 114 14
 192 009c 7B69     		ldr	r3, [r7, #20]
 193 009e 0FE0     		b	.L7
 194              	.L9:
 112:./lwip-2.1.2/src/core/def.c ****     if ((*p == *token) && (strncmp(p, token, tokenlen) == 0)) {
 195              		.loc 1 112 57 discriminator 2
 196 00a0 7B69     		ldr	r3, [r7, #20]
 197 00a2 0133     		adds	r3, r3, #1
 198 00a4 7B61     		str	r3, [r7, #20]
 199              	.L8:
 112:./lwip-2.1.2/src/core/def.c ****     if ((*p == *token) && (strncmp(p, token, tokenlen) == 0)) {
 200              		.loc 1 112 20 discriminator 1
 201 00a6 7B69     		ldr	r3, [r7, #20]
 202 00a8 1B78     		ldrb	r3, [r3]	@ zero_extendqisi2
 112:./lwip-2.1.2/src/core/def.c ****     if ((*p == *token) && (strncmp(p, token, tokenlen) == 0)) {
 203              		.loc 1 112 3 discriminator 1
 204 00aa 002B     		cmp	r3, #0
 205 00ac 07D0     		beq	.L10
 112:./lwip-2.1.2/src/core/def.c ****     if ((*p == *token) && (strncmp(p, token, tokenlen) == 0)) {
 206              		.loc 1 112 29 discriminator 3
 207 00ae 7A69     		ldr	r2, [r7, #20]
 208 00b0 3B69     		ldr	r3, [r7, #16]
 209 00b2 1A44     		add	r2, r2, r3
 112:./lwip-2.1.2/src/core/def.c ****     if ((*p == *token) && (strncmp(p, token, tokenlen) == 0)) {
 210              		.loc 1 112 50 discriminator 3
 211 00b4 F968     		ldr	r1, [r7, #12]
 212 00b6 7B68     		ldr	r3, [r7, #4]
 213 00b8 0B44     		add	r3, r3, r1
 112:./lwip-2.1.2/src/core/def.c ****     if ((*p == *token) && (strncmp(p, token, tokenlen) == 0)) {
 214              		.loc 1 112 23 discriminator 3
 215 00ba 9A42     		cmp	r2, r3
 216 00bc E0D9     		bls	.L11
 217              	.L10:
 115:./lwip-2.1.2/src/core/def.c ****     }
 116:./lwip-2.1.2/src/core/def.c ****   }
 117:./lwip-2.1.2/src/core/def.c ****   return NULL;
 218              		.loc 1 117 10
 219 00be 0023     		movs	r3, #0
 220              	.L7:
 118:./lwip-2.1.2/src/core/def.c **** }
 221              		.loc 1 118 1
 222 00c0 1846     		mov	r0, r3
 223 00c2 1837     		adds	r7, r7, #24
 224              	.LCFI15:
 225              		.cfi_def_cfa_offset 8
 226 00c4 BD46     		mov	sp, r7
 227              	.LCFI16:
 228              		.cfi_def_cfa_register 13
 229              		@ sp needed
 230 00c6 80BD     		pop	{r7, pc}
 231              		.cfi_endproc
 232              	.LFE27:
 234              		.align	1
 235              		.global	lwip_stricmp
 236              		.syntax unified
 237              		.thumb
 238              		.thumb_func
 239              		.fpu fpv5-d16
 241              	lwip_stricmp:
 242              	.LFB28:
 119:./lwip-2.1.2/src/core/def.c **** #endif
 120:./lwip-2.1.2/src/core/def.c **** 
 121:./lwip-2.1.2/src/core/def.c **** #ifndef lwip_stricmp
 122:./lwip-2.1.2/src/core/def.c **** /**
 123:./lwip-2.1.2/src/core/def.c ****  * @ingroup sys_nonstandard
 124:./lwip-2.1.2/src/core/def.c ****  * lwIP default implementation for stricmp() non-standard function.
 125:./lwip-2.1.2/src/core/def.c ****  * This can be \#defined to stricmp() depending on your platform port.
 126:./lwip-2.1.2/src/core/def.c ****  */
 127:./lwip-2.1.2/src/core/def.c **** int
 128:./lwip-2.1.2/src/core/def.c **** lwip_stricmp(const char *str1, const char *str2)
 129:./lwip-2.1.2/src/core/def.c **** {
 243              		.loc 1 129 1
 244              		.cfi_startproc
 245              		@ args = 0, pretend = 0, frame = 16
 246              		@ frame_needed = 1, uses_anonymous_args = 0
 247              		@ link register save eliminated.
 248 00c8 80B4     		push	{r7}
 249              	.LCFI17:
 250              		.cfi_def_cfa_offset 4
 251              		.cfi_offset 7, -4
 252 00ca 85B0     		sub	sp, sp, #20
 253              	.LCFI18:
 254              		.cfi_def_cfa_offset 24
 255 00cc 00AF     		add	r7, sp, #0
 256              	.LCFI19:
 257              		.cfi_def_cfa_register 7
 258 00ce 7860     		str	r0, [r7, #4]
 259 00d0 3960     		str	r1, [r7]
 260              	.L17:
 130:./lwip-2.1.2/src/core/def.c ****   char c1, c2;
 131:./lwip-2.1.2/src/core/def.c **** 
 132:./lwip-2.1.2/src/core/def.c ****   do {
 133:./lwip-2.1.2/src/core/def.c ****     c1 = *str1++;
 261              		.loc 1 133 15
 262 00d2 7B68     		ldr	r3, [r7, #4]
 263 00d4 5A1C     		adds	r2, r3, #1
 264 00d6 7A60     		str	r2, [r7, #4]
 265              		.loc 1 133 8
 266 00d8 1B78     		ldrb	r3, [r3]
 267 00da FB73     		strb	r3, [r7, #15]
 134:./lwip-2.1.2/src/core/def.c ****     c2 = *str2++;
 268              		.loc 1 134 15
 269 00dc 3B68     		ldr	r3, [r7]
 270 00de 5A1C     		adds	r2, r3, #1
 271 00e0 3A60     		str	r2, [r7]
 272              		.loc 1 134 8
 273 00e2 1B78     		ldrb	r3, [r3]
 274 00e4 BB73     		strb	r3, [r7, #14]
 135:./lwip-2.1.2/src/core/def.c ****     if (c1 != c2) {
 275              		.loc 1 135 8
 276 00e6 FA7B     		ldrb	r2, [r7, #15]	@ zero_extendqisi2
 277 00e8 BB7B     		ldrb	r3, [r7, #14]	@ zero_extendqisi2
 278 00ea 9A42     		cmp	r2, r3
 279 00ec 16D0     		beq	.L13
 280              	.LBB2:
 136:./lwip-2.1.2/src/core/def.c ****       char c1_upc = c1 | 0x20;
 281              		.loc 1 136 12
 282 00ee FB7B     		ldrb	r3, [r7, #15]
 283 00f0 43F02003 		orr	r3, r3, #32
 284 00f4 7B73     		strb	r3, [r7, #13]
 137:./lwip-2.1.2/src/core/def.c ****       if ((c1_upc >= 'a') && (c1_upc <= 'z')) {
 285              		.loc 1 137 10
 286 00f6 7B7B     		ldrb	r3, [r7, #13]	@ zero_extendqisi2
 287 00f8 602B     		cmp	r3, #96
 288 00fa 0CD9     		bls	.L14
 289              		.loc 1 137 27 discriminator 1
 290 00fc 7B7B     		ldrb	r3, [r7, #13]	@ zero_extendqisi2
 291 00fe 7A2B     		cmp	r3, #122
 292 0100 09D8     		bhi	.L14
 293              	.LBB3:
 138:./lwip-2.1.2/src/core/def.c ****         /* characters are not equal an one is in the alphabet range:
 139:./lwip-2.1.2/src/core/def.c ****         downcase both chars and check again */
 140:./lwip-2.1.2/src/core/def.c ****         char c2_upc = c2 | 0x20;
 294              		.loc 1 140 14
 295 0102 BB7B     		ldrb	r3, [r7, #14]
 296 0104 43F02003 		orr	r3, r3, #32
 297 0108 3B73     		strb	r3, [r7, #12]
 141:./lwip-2.1.2/src/core/def.c ****         if (c1_upc != c2_upc) {
 298              		.loc 1 141 12
 299 010a 7A7B     		ldrb	r2, [r7, #13]	@ zero_extendqisi2
 300 010c 3B7B     		ldrb	r3, [r7, #12]	@ zero_extendqisi2
 301 010e 9A42     		cmp	r2, r3
 302 0110 03D0     		beq	.L18
 142:./lwip-2.1.2/src/core/def.c ****           /* still not equal */
 143:./lwip-2.1.2/src/core/def.c ****           /* don't care for < or > */
 144:./lwip-2.1.2/src/core/def.c ****           return 1;
 303              		.loc 1 144 18
 304 0112 0123     		movs	r3, #1
 305 0114 06E0     		b	.L16
 306              	.L14:
 307              	.LBE3:
 145:./lwip-2.1.2/src/core/def.c ****         }
 146:./lwip-2.1.2/src/core/def.c ****       } else {
 147:./lwip-2.1.2/src/core/def.c ****         /* characters are not equal but none is in the alphabet range */
 148:./lwip-2.1.2/src/core/def.c ****         return 1;
 308              		.loc 1 148 16
 309 0116 0123     		movs	r3, #1
 310 0118 04E0     		b	.L16
 311              	.L18:
 137:./lwip-2.1.2/src/core/def.c ****         /* characters are not equal an one is in the alphabet range:
 312              		.loc 1 137 47
 313 011a 00BF     		nop
 314              	.L13:
 315              	.LBE2:
 149:./lwip-2.1.2/src/core/def.c ****       }
 150:./lwip-2.1.2/src/core/def.c ****     }
 151:./lwip-2.1.2/src/core/def.c ****   } while (c1 != 0);
 316              		.loc 1 151 3
 317 011c FB7B     		ldrb	r3, [r7, #15]	@ zero_extendqisi2
 318 011e 002B     		cmp	r3, #0
 319 0120 D7D1     		bne	.L17
 152:./lwip-2.1.2/src/core/def.c ****   return 0;
 320              		.loc 1 152 10
 321 0122 0023     		movs	r3, #0
 322              	.L16:
 153:./lwip-2.1.2/src/core/def.c **** }
 323              		.loc 1 153 1
 324 0124 1846     		mov	r0, r3
 325 0126 1437     		adds	r7, r7, #20
 326              	.LCFI20:
 327              		.cfi_def_cfa_offset 4
 328 0128 BD46     		mov	sp, r7
 329              	.LCFI21:
 330              		.cfi_def_cfa_register 13
 331              		@ sp needed
 332 012a 5DF8047B 		ldr	r7, [sp], #4
 333              	.LCFI22:
 334              		.cfi_restore 7
 335              		.cfi_def_cfa_offset 0
 336 012e 7047     		bx	lr
 337              		.cfi_endproc
 338              	.LFE28:
 340              		.align	1
 341              		.global	lwip_strnicmp
 342              		.syntax unified
 343              		.thumb
 344              		.thumb_func
 345              		.fpu fpv5-d16
 347              	lwip_strnicmp:
 348              	.LFB29:
 154:./lwip-2.1.2/src/core/def.c **** #endif
 155:./lwip-2.1.2/src/core/def.c **** 
 156:./lwip-2.1.2/src/core/def.c **** #ifndef lwip_strnicmp
 157:./lwip-2.1.2/src/core/def.c **** /**
 158:./lwip-2.1.2/src/core/def.c ****  * @ingroup sys_nonstandard
 159:./lwip-2.1.2/src/core/def.c ****  * lwIP default implementation for strnicmp() non-standard function.
 160:./lwip-2.1.2/src/core/def.c ****  * This can be \#defined to strnicmp() depending on your platform port.
 161:./lwip-2.1.2/src/core/def.c ****  */
 162:./lwip-2.1.2/src/core/def.c **** int
 163:./lwip-2.1.2/src/core/def.c **** lwip_strnicmp(const char *str1, const char *str2, size_t len)
 164:./lwip-2.1.2/src/core/def.c **** {
 349              		.loc 1 164 1
 350              		.cfi_startproc
 351              		@ args = 0, pretend = 0, frame = 24
 352              		@ frame_needed = 1, uses_anonymous_args = 0
 353              		@ link register save eliminated.
 354 0130 80B4     		push	{r7}
 355              	.LCFI23:
 356              		.cfi_def_cfa_offset 4
 357              		.cfi_offset 7, -4
 358 0132 87B0     		sub	sp, sp, #28
 359              	.LCFI24:
 360              		.cfi_def_cfa_offset 32
 361 0134 00AF     		add	r7, sp, #0
 362              	.LCFI25:
 363              		.cfi_def_cfa_register 7
 364 0136 F860     		str	r0, [r7, #12]
 365 0138 B960     		str	r1, [r7, #8]
 366 013a 7A60     		str	r2, [r7, #4]
 367              	.L25:
 165:./lwip-2.1.2/src/core/def.c ****   char c1, c2;
 166:./lwip-2.1.2/src/core/def.c **** 
 167:./lwip-2.1.2/src/core/def.c ****   do {
 168:./lwip-2.1.2/src/core/def.c ****     c1 = *str1++;
 368              		.loc 1 168 15
 369 013c FB68     		ldr	r3, [r7, #12]
 370 013e 5A1C     		adds	r2, r3, #1
 371 0140 FA60     		str	r2, [r7, #12]
 372              		.loc 1 168 8
 373 0142 1B78     		ldrb	r3, [r3]
 374 0144 FB75     		strb	r3, [r7, #23]
 169:./lwip-2.1.2/src/core/def.c ****     c2 = *str2++;
 375              		.loc 1 169 15
 376 0146 BB68     		ldr	r3, [r7, #8]
 377 0148 5A1C     		adds	r2, r3, #1
 378 014a BA60     		str	r2, [r7, #8]
 379              		.loc 1 169 8
 380 014c 1B78     		ldrb	r3, [r3]
 381 014e BB75     		strb	r3, [r7, #22]
 170:./lwip-2.1.2/src/core/def.c ****     if (c1 != c2) {
 382              		.loc 1 170 8
 383 0150 FA7D     		ldrb	r2, [r7, #23]	@ zero_extendqisi2
 384 0152 BB7D     		ldrb	r3, [r7, #22]	@ zero_extendqisi2
 385 0154 9A42     		cmp	r2, r3
 386 0156 16D0     		beq	.L20
 387              	.LBB4:
 171:./lwip-2.1.2/src/core/def.c ****       char c1_upc = c1 | 0x20;
 388              		.loc 1 171 12
 389 0158 FB7D     		ldrb	r3, [r7, #23]
 390 015a 43F02003 		orr	r3, r3, #32
 391 015e 7B75     		strb	r3, [r7, #21]
 172:./lwip-2.1.2/src/core/def.c ****       if ((c1_upc >= 'a') && (c1_upc <= 'z')) {
 392              		.loc 1 172 10
 393 0160 7B7D     		ldrb	r3, [r7, #21]	@ zero_extendqisi2
 394 0162 602B     		cmp	r3, #96
 395 0164 0CD9     		bls	.L21
 396              		.loc 1 172 27 discriminator 1
 397 0166 7B7D     		ldrb	r3, [r7, #21]	@ zero_extendqisi2
 398 0168 7A2B     		cmp	r3, #122
 399 016a 09D8     		bhi	.L21
 400              	.LBB5:
 173:./lwip-2.1.2/src/core/def.c ****         /* characters are not equal an one is in the alphabet range:
 174:./lwip-2.1.2/src/core/def.c ****         downcase both chars and check again */
 175:./lwip-2.1.2/src/core/def.c ****         char c2_upc = c2 | 0x20;
 401              		.loc 1 175 14
 402 016c BB7D     		ldrb	r3, [r7, #22]
 403 016e 43F02003 		orr	r3, r3, #32
 404 0172 3B75     		strb	r3, [r7, #20]
 176:./lwip-2.1.2/src/core/def.c ****         if (c1_upc != c2_upc) {
 405              		.loc 1 176 12
 406 0174 7A7D     		ldrb	r2, [r7, #21]	@ zero_extendqisi2
 407 0176 3B7D     		ldrb	r3, [r7, #20]	@ zero_extendqisi2
 408 0178 9A42     		cmp	r2, r3
 409 017a 03D0     		beq	.L26
 177:./lwip-2.1.2/src/core/def.c ****           /* still not equal */
 178:./lwip-2.1.2/src/core/def.c ****           /* don't care for < or > */
 179:./lwip-2.1.2/src/core/def.c ****           return 1;
 410              		.loc 1 179 18
 411 017c 0123     		movs	r3, #1
 412 017e 0CE0     		b	.L23
 413              	.L21:
 414              	.LBE5:
 180:./lwip-2.1.2/src/core/def.c ****         }
 181:./lwip-2.1.2/src/core/def.c ****       } else {
 182:./lwip-2.1.2/src/core/def.c ****         /* characters are not equal but none is in the alphabet range */
 183:./lwip-2.1.2/src/core/def.c ****         return 1;
 415              		.loc 1 183 16
 416 0180 0123     		movs	r3, #1
 417 0182 0AE0     		b	.L23
 418              	.L26:
 172:./lwip-2.1.2/src/core/def.c ****         /* characters are not equal an one is in the alphabet range:
 419              		.loc 1 172 47
 420 0184 00BF     		nop
 421              	.L20:
 422              	.LBE4:
 184:./lwip-2.1.2/src/core/def.c ****       }
 185:./lwip-2.1.2/src/core/def.c ****     }
 186:./lwip-2.1.2/src/core/def.c ****     len--;
 423              		.loc 1 186 8
 424 0186 7B68     		ldr	r3, [r7, #4]
 425 0188 013B     		subs	r3, r3, #1
 426 018a 7B60     		str	r3, [r7, #4]
 187:./lwip-2.1.2/src/core/def.c ****   } while ((len != 0) && (c1 != 0));
 427              		.loc 1 187 3
 428 018c 7B68     		ldr	r3, [r7, #4]
 429 018e 002B     		cmp	r3, #0
 430 0190 02D0     		beq	.L24
 431              		.loc 1 187 23 discriminator 1
 432 0192 FB7D     		ldrb	r3, [r7, #23]	@ zero_extendqisi2
 433 0194 002B     		cmp	r3, #0
 434 0196 D1D1     		bne	.L25
 435              	.L24:
 188:./lwip-2.1.2/src/core/def.c ****   return 0;
 436              		.loc 1 188 10
 437 0198 0023     		movs	r3, #0
 438              	.L23:
 189:./lwip-2.1.2/src/core/def.c **** }
 439              		.loc 1 189 1
 440 019a 1846     		mov	r0, r3
 441 019c 1C37     		adds	r7, r7, #28
 442              	.LCFI26:
 443              		.cfi_def_cfa_offset 4
 444 019e BD46     		mov	sp, r7
 445              	.LCFI27:
 446              		.cfi_def_cfa_register 13
 447              		@ sp needed
 448 01a0 5DF8047B 		ldr	r7, [sp], #4
 449              	.LCFI28:
 450              		.cfi_restore 7
 451              		.cfi_def_cfa_offset 0
 452 01a4 7047     		bx	lr
 453              		.cfi_endproc
 454              	.LFE29:
 456              		.align	1
 457              		.global	lwip_itoa
 458              		.syntax unified
 459              		.thumb
 460              		.thumb_func
 461              		.fpu fpv5-d16
 463              	lwip_itoa:
 464              	.LFB30:
 190:./lwip-2.1.2/src/core/def.c **** #endif
 191:./lwip-2.1.2/src/core/def.c **** 
 192:./lwip-2.1.2/src/core/def.c **** #ifndef lwip_itoa
 193:./lwip-2.1.2/src/core/def.c **** /**
 194:./lwip-2.1.2/src/core/def.c ****  * @ingroup sys_nonstandard
 195:./lwip-2.1.2/src/core/def.c ****  * lwIP default implementation for itoa() non-standard function.
 196:./lwip-2.1.2/src/core/def.c ****  * This can be \#defined to itoa() or snprintf(result, bufsize, "%d", number) depending on your pla
 197:./lwip-2.1.2/src/core/def.c ****  */
 198:./lwip-2.1.2/src/core/def.c **** void
 199:./lwip-2.1.2/src/core/def.c **** lwip_itoa(char *result, size_t bufsize, int number)
 200:./lwip-2.1.2/src/core/def.c **** {
 465              		.loc 1 200 1
 466              		.cfi_startproc
 467              		@ args = 0, pretend = 0, frame = 32
 468              		@ frame_needed = 1, uses_anonymous_args = 0
 469 01a6 80B5     		push	{r7, lr}
 470              	.LCFI29:
 471              		.cfi_def_cfa_offset 8
 472              		.cfi_offset 7, -8
 473              		.cfi_offset 14, -4
 474 01a8 88B0     		sub	sp, sp, #32
 475              	.LCFI30:
 476              		.cfi_def_cfa_offset 40
 477 01aa 00AF     		add	r7, sp, #0
 478              	.LCFI31:
 479              		.cfi_def_cfa_register 7
 480 01ac F860     		str	r0, [r7, #12]
 481 01ae B960     		str	r1, [r7, #8]
 482 01b0 7A60     		str	r2, [r7, #4]
 201:./lwip-2.1.2/src/core/def.c ****   char *res = result;
 483              		.loc 1 201 9
 484 01b2 FB68     		ldr	r3, [r7, #12]
 485 01b4 FB61     		str	r3, [r7, #28]
 202:./lwip-2.1.2/src/core/def.c ****   char *tmp = result + bufsize - 1;
 486              		.loc 1 202 32
 487 01b6 BB68     		ldr	r3, [r7, #8]
 488 01b8 013B     		subs	r3, r3, #1
 489              		.loc 1 202 9
 490 01ba FA68     		ldr	r2, [r7, #12]
 491 01bc 1344     		add	r3, r3, r2
 492 01be BB61     		str	r3, [r7, #24]
 203:./lwip-2.1.2/src/core/def.c ****   int n = (number >= 0) ? number : -number;
 493              		.loc 1 203 7
 494 01c0 7B68     		ldr	r3, [r7, #4]
 495 01c2 002B     		cmp	r3, #0
 496 01c4 B8BF     		it	lt
 497 01c6 5B42     		rsblt	r3, r3, #0
 498 01c8 7B61     		str	r3, [r7, #20]
 204:./lwip-2.1.2/src/core/def.c **** 
 205:./lwip-2.1.2/src/core/def.c ****   /* handle invalid bufsize */
 206:./lwip-2.1.2/src/core/def.c ****   if (bufsize < 2) {
 499              		.loc 1 206 6
 500 01ca BB68     		ldr	r3, [r7, #8]
 501 01cc 012B     		cmp	r3, #1
 502 01ce 06D8     		bhi	.L28
 207:./lwip-2.1.2/src/core/def.c ****     if (bufsize == 1) {
 503              		.loc 1 207 8
 504 01d0 BB68     		ldr	r3, [r7, #8]
 505 01d2 012B     		cmp	r3, #1
 506 01d4 54D1     		bne	.L37
 208:./lwip-2.1.2/src/core/def.c ****       *result = 0;
 507              		.loc 1 208 15
 508 01d6 FB68     		ldr	r3, [r7, #12]
 509 01d8 0022     		movs	r2, #0
 510 01da 1A70     		strb	r2, [r3]
 209:./lwip-2.1.2/src/core/def.c ****     }
 210:./lwip-2.1.2/src/core/def.c ****     return;
 511              		.loc 1 210 5
 512 01dc 50E0     		b	.L37
 513              	.L28:
 211:./lwip-2.1.2/src/core/def.c ****   }
 212:./lwip-2.1.2/src/core/def.c **** 
 213:./lwip-2.1.2/src/core/def.c ****   /* First, add sign */
 214:./lwip-2.1.2/src/core/def.c ****   if (number < 0) {
 514              		.loc 1 214 6
 515 01de 7B68     		ldr	r3, [r7, #4]
 516 01e0 002B     		cmp	r3, #0
 517 01e2 04DA     		bge	.L31
 215:./lwip-2.1.2/src/core/def.c ****     *res++ = '-';
 518              		.loc 1 215 9
 519 01e4 FB69     		ldr	r3, [r7, #28]
 520 01e6 5A1C     		adds	r2, r3, #1
 521 01e8 FA61     		str	r2, [r7, #28]
 522              		.loc 1 215 12
 523 01ea 2D22     		movs	r2, #45
 524 01ec 1A70     		strb	r2, [r3]
 525              	.L31:
 216:./lwip-2.1.2/src/core/def.c ****   }
 217:./lwip-2.1.2/src/core/def.c ****   /* Then create the string from the end and stop if buffer full,
 218:./lwip-2.1.2/src/core/def.c ****      and ensure output string is zero terminated */
 219:./lwip-2.1.2/src/core/def.c ****   *tmp = 0;
 526              		.loc 1 219 8
 527 01ee BB69     		ldr	r3, [r7, #24]
 528 01f0 0022     		movs	r2, #0
 529 01f2 1A70     		strb	r2, [r3]
 220:./lwip-2.1.2/src/core/def.c ****   while ((n != 0) && (tmp > res)) {
 530              		.loc 1 220 9
 531 01f4 1CE0     		b	.L32
 532              	.L34:
 533              	.LBB6:
 221:./lwip-2.1.2/src/core/def.c ****     char val = (char)('0' + (n % 10));
 534              		.loc 1 221 32
 535 01f6 7A69     		ldr	r2, [r7, #20]
 536 01f8 234B     		ldr	r3, .L38
 537 01fa 83FB0213 		smull	r1, r3, r3, r2
 538 01fe 9910     		asrs	r1, r3, #2
 539 0200 D317     		asrs	r3, r2, #31
 540 0202 C91A     		subs	r1, r1, r3
 541 0204 0B46     		mov	r3, r1
 542 0206 9B00     		lsls	r3, r3, #2
 543 0208 0B44     		add	r3, r3, r1
 544 020a 5B00     		lsls	r3, r3, #1
 545 020c D11A     		subs	r1, r2, r3
 546              		.loc 1 221 16
 547 020e CBB2     		uxtb	r3, r1
 548              		.loc 1 221 10
 549 0210 3033     		adds	r3, r3, #48
 550 0212 FB74     		strb	r3, [r7, #19]
 222:./lwip-2.1.2/src/core/def.c ****     tmp--;
 551              		.loc 1 222 8
 552 0214 BB69     		ldr	r3, [r7, #24]
 553 0216 013B     		subs	r3, r3, #1
 554 0218 BB61     		str	r3, [r7, #24]
 223:./lwip-2.1.2/src/core/def.c ****     *tmp = val;
 555              		.loc 1 223 10
 556 021a BB69     		ldr	r3, [r7, #24]
 557 021c FA7C     		ldrb	r2, [r7, #19]
 558 021e 1A70     		strb	r2, [r3]
 224:./lwip-2.1.2/src/core/def.c ****     n = n / 10;
 559              		.loc 1 224 7
 560 0220 7B69     		ldr	r3, [r7, #20]
 561 0222 194A     		ldr	r2, .L38
 562 0224 82FB0312 		smull	r1, r2, r2, r3
 563 0228 9210     		asrs	r2, r2, #2
 564 022a DB17     		asrs	r3, r3, #31
 565 022c D31A     		subs	r3, r2, r3
 566 022e 7B61     		str	r3, [r7, #20]
 567              	.L32:
 568              	.LBE6:
 220:./lwip-2.1.2/src/core/def.c ****     char val = (char)('0' + (n % 10));
 569              		.loc 1 220 9
 570 0230 7B69     		ldr	r3, [r7, #20]
 571 0232 002B     		cmp	r3, #0
 572 0234 03D0     		beq	.L33
 220:./lwip-2.1.2/src/core/def.c ****     char val = (char)('0' + (n % 10));
 573              		.loc 1 220 19 discriminator 1
 574 0236 BA69     		ldr	r2, [r7, #24]
 575 0238 FB69     		ldr	r3, [r7, #28]
 576 023a 9A42     		cmp	r2, r3
 577 023c DBD8     		bhi	.L34
 578              	.L33:
 225:./lwip-2.1.2/src/core/def.c ****   }
 226:./lwip-2.1.2/src/core/def.c ****   if (n) {
 579              		.loc 1 226 6
 580 023e 7B69     		ldr	r3, [r7, #20]
 581 0240 002B     		cmp	r3, #0
 582 0242 03D0     		beq	.L35
 227:./lwip-2.1.2/src/core/def.c ****     /* buffer is too small */
 228:./lwip-2.1.2/src/core/def.c ****     *result = 0;
 583              		.loc 1 228 13
 584 0244 FB68     		ldr	r3, [r7, #12]
 585 0246 0022     		movs	r2, #0
 586 0248 1A70     		strb	r2, [r3]
 229:./lwip-2.1.2/src/core/def.c ****     return;
 587              		.loc 1 229 5
 588 024a 1AE0     		b	.L27
 589              	.L35:
 230:./lwip-2.1.2/src/core/def.c ****   }
 231:./lwip-2.1.2/src/core/def.c ****   if (*tmp == 0) {
 590              		.loc 1 231 7
 591 024c BB69     		ldr	r3, [r7, #24]
 592 024e 1B78     		ldrb	r3, [r3]	@ zero_extendqisi2
 593              		.loc 1 231 6
 594 0250 002B     		cmp	r3, #0
 595 0252 0AD1     		bne	.L36
 232:./lwip-2.1.2/src/core/def.c ****     /* Nothing added? */
 233:./lwip-2.1.2/src/core/def.c ****     *res++ = '0';
 596              		.loc 1 233 9
 597 0254 FB69     		ldr	r3, [r7, #28]
 598 0256 5A1C     		adds	r2, r3, #1
 599 0258 FA61     		str	r2, [r7, #28]
 600              		.loc 1 233 12
 601 025a 3022     		movs	r2, #48
 602 025c 1A70     		strb	r2, [r3]
 234:./lwip-2.1.2/src/core/def.c ****     *res++ = 0;
 603              		.loc 1 234 9
 604 025e FB69     		ldr	r3, [r7, #28]
 605 0260 5A1C     		adds	r2, r3, #1
 606 0262 FA61     		str	r2, [r7, #28]
 607              		.loc 1 234 12
 608 0264 0022     		movs	r2, #0
 609 0266 1A70     		strb	r2, [r3]
 235:./lwip-2.1.2/src/core/def.c ****     return;
 610              		.loc 1 235 5
 611 0268 0BE0     		b	.L27
 612              	.L36:
 236:./lwip-2.1.2/src/core/def.c ****   }
 237:./lwip-2.1.2/src/core/def.c ****   /* move from temporary buffer to output buffer (sign is not moved) */
 238:./lwip-2.1.2/src/core/def.c ****   memmove(res, tmp, (size_t)((result + bufsize) - tmp));
 613              		.loc 1 238 38
 614 026a FA68     		ldr	r2, [r7, #12]
 615 026c BB68     		ldr	r3, [r7, #8]
 616 026e 1A44     		add	r2, r2, r3
 617              		.loc 1 238 49
 618 0270 BB69     		ldr	r3, [r7, #24]
 619 0272 D31A     		subs	r3, r2, r3
 620              		.loc 1 238 3
 621 0274 1A46     		mov	r2, r3
 622 0276 B969     		ldr	r1, [r7, #24]
 623 0278 F869     		ldr	r0, [r7, #28]
 624 027a FFF7FEFF 		bl	memmove
 625 027e 00E0     		b	.L27
 626              	.L37:
 210:./lwip-2.1.2/src/core/def.c ****   }
 627              		.loc 1 210 5
 628 0280 00BF     		nop
 629              	.L27:
 239:./lwip-2.1.2/src/core/def.c **** }
 630              		.loc 1 239 1
 631 0282 2037     		adds	r7, r7, #32
 632              	.LCFI32:
 633              		.cfi_def_cfa_offset 8
 634 0284 BD46     		mov	sp, r7
 635              	.LCFI33:
 636              		.cfi_def_cfa_register 13
 637              		@ sp needed
 638 0286 80BD     		pop	{r7, pc}
 639              	.L39:
 640              		.align	2
 641              	.L38:
 642 0288 67666666 		.word	1717986919
 643              		.cfi_endproc
 644              	.LFE30:
 646              	.Letext0:
 647              		.file 2 "c:\\users\\jaejunmin\\downloads\\peak-devpack\\compiler\\10 2020-q4-major\\lib\\gcc\\arm-
 648              		.file 3 "c:\\users\\jaejunmin\\downloads\\peak-devpack\\compiler\\10 2020-q4-major\\arm-none-eabi\
 649              		.file 4 "c:\\users\\jaejunmin\\downloads\\peak-devpack\\compiler\\10 2020-q4-major\\arm-none-eabi\
 650              		.file 5 "./lwip-2.1.2/src/include/lwip/arch.h"
DEFINED SYMBOLS
                            *ABS*:00000000 def.c
C:\Users\JAEJUN~1\AppData\Local\Temp\ccZAMI0w.s:16     .text:00000000 $t
C:\Users\JAEJUN~1\AppData\Local\Temp\ccZAMI0w.s:24     .text:00000000 lwip_htons
C:\Users\JAEJUN~1\AppData\Local\Temp\ccZAMI0w.s:79     .text:0000002a lwip_htonl
C:\Users\JAEJUN~1\AppData\Local\Temp\ccZAMI0w.s:135    .text:0000005c lwip_strnstr
C:\Users\JAEJUN~1\AppData\Local\Temp\ccZAMI0w.s:241    .text:000000c8 lwip_stricmp
C:\Users\JAEJUN~1\AppData\Local\Temp\ccZAMI0w.s:347    .text:00000130 lwip_strnicmp
C:\Users\JAEJUN~1\AppData\Local\Temp\ccZAMI0w.s:463    .text:000001a6 lwip_itoa
C:\Users\JAEJUN~1\AppData\Local\Temp\ccZAMI0w.s:642    .text:00000288 $d

UNDEFINED SYMBOLS
strlen
strncmp
memmove
