   1              		.cpu cortex-m7
   2              		.eabi_attribute 28, 1
   3              		.eabi_attribute 20, 1
   4              		.eabi_attribute 21, 1
   5              		.eabi_attribute 23, 3
   6              		.eabi_attribute 24, 1
   7              		.eabi_attribute 25, 1
   8              		.eabi_attribute 26, 1
   9              		.eabi_attribute 30, 2
  10              		.eabi_attribute 34, 1
  11              		.eabi_attribute 18, 4
  12              		.file	"err.c"
  13              		.text
  14              	.Ltext0:
  15              		.cfi_sections	.debug_frame
  16              		.align	1
  17              		.p2align 2,,3
  18              		.global	err_to_errno
  19              		.arch armv7e-m
  20              		.syntax unified
  21              		.thumb
  22              		.thumb_func
  23              		.fpu fpv5-d16
  25              	err_to_errno:
  26              	.LVL0:
  27              	.LFB169:
  28              		.file 1 "./lwip-2.1.2/src/api/err.c"
   1:./lwip-2.1.2/src/api/err.c **** /**
   2:./lwip-2.1.2/src/api/err.c ****  * @file
   3:./lwip-2.1.2/src/api/err.c ****  * Error Management module
   4:./lwip-2.1.2/src/api/err.c ****  *
   5:./lwip-2.1.2/src/api/err.c ****  */
   6:./lwip-2.1.2/src/api/err.c **** 
   7:./lwip-2.1.2/src/api/err.c **** /*
   8:./lwip-2.1.2/src/api/err.c ****  * Copyright (c) 2001-2004 Swedish Institute of Computer Science.
   9:./lwip-2.1.2/src/api/err.c ****  * All rights reserved.
  10:./lwip-2.1.2/src/api/err.c ****  *
  11:./lwip-2.1.2/src/api/err.c ****  * Redistribution and use in source and binary forms, with or without modification,
  12:./lwip-2.1.2/src/api/err.c ****  * are permitted provided that the following conditions are met:
  13:./lwip-2.1.2/src/api/err.c ****  *
  14:./lwip-2.1.2/src/api/err.c ****  * 1. Redistributions of source code must retain the above copyright notice,
  15:./lwip-2.1.2/src/api/err.c ****  *    this list of conditions and the following disclaimer.
  16:./lwip-2.1.2/src/api/err.c ****  * 2. Redistributions in binary form must reproduce the above copyright notice,
  17:./lwip-2.1.2/src/api/err.c ****  *    this list of conditions and the following disclaimer in the documentation
  18:./lwip-2.1.2/src/api/err.c ****  *    and/or other materials provided with the distribution.
  19:./lwip-2.1.2/src/api/err.c ****  * 3. The name of the author may not be used to endorse or promote products
  20:./lwip-2.1.2/src/api/err.c ****  *    derived from this software without specific prior written permission.
  21:./lwip-2.1.2/src/api/err.c ****  *
  22:./lwip-2.1.2/src/api/err.c ****  * THIS SOFTWARE IS PROVIDED BY THE AUTHOR ``AS IS'' AND ANY EXPRESS OR IMPLIED
  23:./lwip-2.1.2/src/api/err.c ****  * WARRANTIES, INCLUDING, BUT NOT LIMITED TO, THE IMPLIED WARRANTIES OF
  24:./lwip-2.1.2/src/api/err.c ****  * MERCHANTABILITY AND FITNESS FOR A PARTICULAR PURPOSE ARE DISCLAIMED. IN NO EVENT
  25:./lwip-2.1.2/src/api/err.c ****  * SHALL THE AUTHOR BE LIABLE FOR ANY DIRECT, INDIRECT, INCIDENTAL, SPECIAL,
  26:./lwip-2.1.2/src/api/err.c ****  * EXEMPLARY, OR CONSEQUENTIAL DAMAGES (INCLUDING, BUT NOT LIMITED TO, PROCUREMENT
  27:./lwip-2.1.2/src/api/err.c ****  * OF SUBSTITUTE GOODS OR SERVICES; LOSS OF USE, DATA, OR PROFITS; OR BUSINESS
  28:./lwip-2.1.2/src/api/err.c ****  * INTERRUPTION) HOWEVER CAUSED AND ON ANY THEORY OF LIABILITY, WHETHER IN
  29:./lwip-2.1.2/src/api/err.c ****  * CONTRACT, STRICT LIABILITY, OR TORT (INCLUDING NEGLIGENCE OR OTHERWISE) ARISING
  30:./lwip-2.1.2/src/api/err.c ****  * IN ANY WAY OUT OF THE USE OF THIS SOFTWARE, EVEN IF ADVISED OF THE POSSIBILITY
  31:./lwip-2.1.2/src/api/err.c ****  * OF SUCH DAMAGE.
  32:./lwip-2.1.2/src/api/err.c ****  *
  33:./lwip-2.1.2/src/api/err.c ****  * This file is part of the lwIP TCP/IP stack.
  34:./lwip-2.1.2/src/api/err.c ****  *
  35:./lwip-2.1.2/src/api/err.c ****  * Author: Adam Dunkels <adam@sics.se>
  36:./lwip-2.1.2/src/api/err.c ****  *
  37:./lwip-2.1.2/src/api/err.c ****  */
  38:./lwip-2.1.2/src/api/err.c **** 
  39:./lwip-2.1.2/src/api/err.c **** #include "lwip/err.h"
  40:./lwip-2.1.2/src/api/err.c **** #include "lwip/def.h"
  41:./lwip-2.1.2/src/api/err.c **** #include "lwip/sys.h"
  42:./lwip-2.1.2/src/api/err.c **** 
  43:./lwip-2.1.2/src/api/err.c **** #include "lwip/errno.h"
  44:./lwip-2.1.2/src/api/err.c **** 
  45:./lwip-2.1.2/src/api/err.c **** #if !NO_SYS
  46:./lwip-2.1.2/src/api/err.c **** /** Table to quickly map an lwIP error (err_t) to a socket error
  47:./lwip-2.1.2/src/api/err.c ****   * by using -err as an index */
  48:./lwip-2.1.2/src/api/err.c **** static const int err_to_errno_table[] = {
  49:./lwip-2.1.2/src/api/err.c ****   0,             /* ERR_OK          0      No error, everything OK. */
  50:./lwip-2.1.2/src/api/err.c ****   ENOMEM,        /* ERR_MEM        -1      Out of memory error.     */
  51:./lwip-2.1.2/src/api/err.c ****   ENOBUFS,       /* ERR_BUF        -2      Buffer error.            */
  52:./lwip-2.1.2/src/api/err.c ****   EWOULDBLOCK,   /* ERR_TIMEOUT    -3      Timeout                  */
  53:./lwip-2.1.2/src/api/err.c ****   EHOSTUNREACH,  /* ERR_RTE        -4      Routing problem.         */
  54:./lwip-2.1.2/src/api/err.c ****   EINPROGRESS,   /* ERR_INPROGRESS -5      Operation in progress    */
  55:./lwip-2.1.2/src/api/err.c ****   EINVAL,        /* ERR_VAL        -6      Illegal value.           */
  56:./lwip-2.1.2/src/api/err.c ****   EWOULDBLOCK,   /* ERR_WOULDBLOCK -7      Operation would block.   */
  57:./lwip-2.1.2/src/api/err.c ****   EADDRINUSE,    /* ERR_USE        -8      Address in use.          */
  58:./lwip-2.1.2/src/api/err.c ****   EALREADY,      /* ERR_ALREADY    -9      Already connecting.      */
  59:./lwip-2.1.2/src/api/err.c ****   EISCONN,       /* ERR_ISCONN     -10     Conn already established.*/
  60:./lwip-2.1.2/src/api/err.c ****   ENOTCONN,      /* ERR_CONN       -11     Not connected.           */
  61:./lwip-2.1.2/src/api/err.c ****   -1,            /* ERR_IF         -12     Low-level netif error    */
  62:./lwip-2.1.2/src/api/err.c ****   ECONNABORTED,  /* ERR_ABRT       -13     Connection aborted.      */
  63:./lwip-2.1.2/src/api/err.c ****   ECONNRESET,    /* ERR_RST        -14     Connection reset.        */
  64:./lwip-2.1.2/src/api/err.c ****   ENOTCONN,      /* ERR_CLSD       -15     Connection closed.       */
  65:./lwip-2.1.2/src/api/err.c ****   EIO            /* ERR_ARG        -16     Illegal argument.        */
  66:./lwip-2.1.2/src/api/err.c **** };
  67:./lwip-2.1.2/src/api/err.c **** 
  68:./lwip-2.1.2/src/api/err.c **** int
  69:./lwip-2.1.2/src/api/err.c **** err_to_errno(err_t err)
  70:./lwip-2.1.2/src/api/err.c **** {
  29              		.loc 1 70 1 view -0
  30              		.cfi_startproc
  31              		@ args = 0, pretend = 0, frame = 0
  32              		@ frame_needed = 0, uses_anonymous_args = 0
  33              		@ link register save eliminated.
  71:./lwip-2.1.2/src/api/err.c ****   if ((err > 0) || (-err >= (err_t)LWIP_ARRAYSIZE(err_to_errno_table))) {
  34              		.loc 1 71 3 view .LVU1
  35              		.loc 1 71 17 is_stmt 0 view .LVU2
  36 0000 00F11003 		add	r3, r0, #16
  37              		.loc 1 71 6 view .LVU3
  38 0004 DBB2     		uxtb	r3, r3
  39 0006 102B     		cmp	r3, #16
  40 0008 04D8     		bhi	.L3
  72:./lwip-2.1.2/src/api/err.c ****     return EIO;
  73:./lwip-2.1.2/src/api/err.c ****   }
  74:./lwip-2.1.2/src/api/err.c ****   return err_to_errno_table[-err];
  41              		.loc 1 74 3 is_stmt 1 view .LVU4
  42              		.loc 1 74 28 is_stmt 0 view .LVU5
  43 000a 034B     		ldr	r3, .L5
  44              		.loc 1 74 29 view .LVU6
  45 000c 4042     		rsbs	r0, r0, #0
  46              	.LVL1:
  47              		.loc 1 74 28 view .LVU7
  48 000e 53F82000 		ldr	r0, [r3, r0, lsl #2]
  49 0012 7047     		bx	lr
  50              	.LVL2:
  51              	.L3:
  72:./lwip-2.1.2/src/api/err.c ****     return EIO;
  52              		.loc 1 72 12 view .LVU8
  53 0014 0520     		movs	r0, #5
  54              	.LVL3:
  75:./lwip-2.1.2/src/api/err.c **** }
  55              		.loc 1 75 1 view .LVU9
  56 0016 7047     		bx	lr
  57              	.L6:
  58              		.align	2
  59              	.L5:
  60 0018 00000000 		.word	.LANCHOR0
  61              		.cfi_endproc
  62              	.LFE169:
  64              		.section	.rodata
  65              		.align	2
  66              		.set	.LANCHOR0,. + 0
  69              	err_to_errno_table:
  70 0000 00000000 		.word	0
  71 0004 0C000000 		.word	12
  72 0008 69000000 		.word	105
  73 000c 0B000000 		.word	11
  74 0010 71000000 		.word	113
  75 0014 73000000 		.word	115
  76 0018 16000000 		.word	22
  77 001c 0B000000 		.word	11
  78 0020 62000000 		.word	98
  79 0024 72000000 		.word	114
  80 0028 6A000000 		.word	106
  81 002c 6B000000 		.word	107
  82 0030 FFFFFFFF 		.word	-1
  83 0034 67000000 		.word	103
  84 0038 68000000 		.word	104
  85 003c 6B000000 		.word	107
  86 0040 05000000 		.word	5
  87              		.text
  88              	.Letext0:
  89              		.file 2 "c:\\users\\jaejunmin\\downloads\\peak-devpack\\compiler\\10 2020-q4-major\\arm-none-eabi\
  90              		.file 3 "c:\\users\\jaejunmin\\downloads\\peak-devpack\\compiler\\10 2020-q4-major\\arm-none-eabi\
  91              		.file 4 "./lwip-2.1.2/src/include/lwip/arch.h"
  92              		.file 5 "./lwip-2.1.2/src/include/lwip/err.h"
DEFINED SYMBOLS
                            *ABS*:00000000 err.c
C:\Users\JAEJUN~1\AppData\Local\Temp\ccEaiH1A.s:16     .text:00000000 $t
C:\Users\JAEJUN~1\AppData\Local\Temp\ccEaiH1A.s:25     .text:00000000 err_to_errno
C:\Users\JAEJUN~1\AppData\Local\Temp\ccEaiH1A.s:60     .text:00000018 $d
C:\Users\JAEJUN~1\AppData\Local\Temp\ccEaiH1A.s:65     .rodata:00000000 $d
C:\Users\JAEJUN~1\AppData\Local\Temp\ccEaiH1A.s:69     .rodata:00000000 err_to_errno_table

NO UNDEFINED SYMBOLS
