   1              		.cpu cortex-m7
   2              		.arch armv7e-m
   3              		.fpu fpv5-d16
   4              		.eabi_attribute 28, 1
   5              		.eabi_attribute 20, 1
   6              		.eabi_attribute 21, 1
   7              		.eabi_attribute 23, 3
   8              		.eabi_attribute 24, 1
   9              		.eabi_attribute 25, 1
  10              		.eabi_attribute 26, 1
  11              		.eabi_attribute 30, 2
  12              		.eabi_attribute 34, 1
  13              		.eabi_attribute 18, 4
  14              		.file	"firmware_tag.c"
  15              		.text
  16              	.Ltext0:
  17              		.cfi_sections	.debug_frame
  18              		.file 1 "./src/firmware_tag.c"
  19              		.global	firmware_tag
  20              		.section	.firmware_tag,"aw"
  21              		.align	2
  24              	firmware_tag:
  25 0000 00000100 		.word	65536
  26 0004 FFFFFFFF 		.word	-1
  27 0008 01000100 		.word	65537
  28 000c A5A5A5A5 		.word	-1515870811
  29 0010 77656273 		.ascii	"webserver.bin\000"
  29      65727665 
  29      722E6269 
  29      6E00
  30 001e 00000000 		.space	18
  30      00000000 
  30      00000000 
  30      00000000 
  30      0000
  31              		.text
  32              	.Letext0:
  33              		.file 2 "C:\\ST\\STM32CubeCLT_1.18.0\\GNU-tools-for-STM32\\bin\\../lib/gcc/arm-none-eabi/13.3.1/..
  34              		.file 3 "C:\\ST\\STM32CubeCLT_1.18.0\\GNU-tools-for-STM32\\bin\\../lib/gcc/arm-none-eabi/13.3.1/..
  35              		.file 4 "./inc/firmware_tag.h"
DEFINED SYMBOLS
                            *ABS*:00000000 firmware_tag.c
C:\Users\JAEJUN~1\AppData\Local\Temp\cch48xUn.s:24     .firmware_tag:00000000 firmware_tag
C:\Users\JAEJUN~1\AppData\Local\Temp\cch48xUn.s:21     .firmware_tag:00000000 $d

NO UNDEFINED SYMBOLS
