   1              		.cpu cortex-m7
   2              		.eabi_attribute 28, 1
   3              		.eabi_attribute 20, 1
   4              		.eabi_attribute 21, 1
   5              		.eabi_attribute 23, 3
   6              		.eabi_attribute 24, 1
   7              		.eabi_attribute 25, 1
   8              		.eabi_attribute 26, 1
   9              		.eabi_attribute 30, 2
  10              		.eabi_attribute 34, 1
  11              		.eabi_attribute 18, 4
  12              		.file	"ip.c"
  13              		.text
  14              	.Ltext0:
  15              		.cfi_sections	.debug_frame
  16              		.global	ip_data
  17              		.bss
  18              		.align	2
  21              	ip_data:
  22 0000 00000000 		.space	24
  22      00000000 
  22      00000000 
  22      00000000 
  22      00000000 
  23              		.text
  24              	.Letext0:
  25              		.file 1 "c:\\users\\jaejunmin\\downloads\\peak-devpack\\compiler\\10 2020-q4-major\\arm-none-eabi\
  26              		.file 2 "c:\\users\\jaejunmin\\downloads\\peak-devpack\\compiler\\10 2020-q4-major\\arm-none-eabi\
  27              		.file 3 "./lwip-2.1.2/src/include/lwip/arch.h"
  28              		.file 4 "./lwip-2.1.2/src/include/lwip/ip4_addr.h"
  29              		.file 5 "./lwip-2.1.2/src/include/lwip/ip_addr.h"
  30              		.file 6 "./lwip-2.1.2/src/include/lwip/err.h"
  31              		.file 7 "./lwip-2.1.2/src/include/lwip/pbuf.h"
  32              		.file 8 "./lwip-2.1.2/src/include/lwip/netif.h"
  33              		.file 9 "./lwip-2.1.2/src/include/lwip/prot/ip4.h"
  34              		.file 10 "./lwip-2.1.2/src/include/lwip/ip.h"
  35              		.file 11 "./lwip-2.1.2/src/include/lwip/memp.h"
  36              		.file 12 "./lwip-2.1.2/src/core/ip.c"
DEFINED SYMBOLS
                            *ABS*:00000000 ip.c
C:\Users\JAEJUN~1\AppData\Local\Temp\ccAJXhhT.s:21     .bss:00000000 ip_data
C:\Users\JAEJUN~1\AppData\Local\Temp\ccAJXhhT.s:18     .bss:00000000 $d

NO UNDEFINED SYMBOLS
