   1              		.cpu cortex-m7
   2              		.arch armv7e-m
   3              		.fpu fpv5-d16
   4              		.eabi_attribute 28, 1
   5              		.eabi_attribute 20, 1
   6              		.eabi_attribute 21, 1
   7              		.eabi_attribute 23, 3
   8              		.eabi_attribute 24, 1
   9              		.eabi_attribute 25, 1
  10              		.eabi_attribute 26, 1
  11              		.eabi_attribute 30, 2
  12              		.eabi_attribute 34, 1
  13              		.eabi_attribute 18, 4
  14              		.file	"ip4_addr.c"
  15              		.text
  16              	.Ltext0:
  17              		.cfi_sections	.debug_frame
  18              		.file 1 "./lwip-2.1.2/src/core/ipv4/ip4_addr.c"
  19              		.align	1
  20              		.p2align 2,,3
  21              		.global	ip4_addr_isbroadcast_u32
  22              		.syntax unified
  23              		.thumb
  24              		.thumb_func
  26              	ip4_addr_isbroadcast_u32:
  27              	.LVL0:
  28              	.LFB26:
   1:./lwip-2.1.2/src/core/ipv4/ip4_addr.c **** /**
   2:./lwip-2.1.2/src/core/ipv4/ip4_addr.c ****  * @file
   3:./lwip-2.1.2/src/core/ipv4/ip4_addr.c ****  * This is the IPv4 address tools implementation.
   4:./lwip-2.1.2/src/core/ipv4/ip4_addr.c ****  *
   5:./lwip-2.1.2/src/core/ipv4/ip4_addr.c ****  */
   6:./lwip-2.1.2/src/core/ipv4/ip4_addr.c **** 
   7:./lwip-2.1.2/src/core/ipv4/ip4_addr.c **** /*
   8:./lwip-2.1.2/src/core/ipv4/ip4_addr.c ****  * Copyright (c) 2001-2004 Swedish Institute of Computer Science.
   9:./lwip-2.1.2/src/core/ipv4/ip4_addr.c ****  * All rights reserved.
  10:./lwip-2.1.2/src/core/ipv4/ip4_addr.c ****  *
  11:./lwip-2.1.2/src/core/ipv4/ip4_addr.c ****  * Redistribution and use in source and binary forms, with or without modification,
  12:./lwip-2.1.2/src/core/ipv4/ip4_addr.c ****  * are permitted provided that the following conditions are met:
  13:./lwip-2.1.2/src/core/ipv4/ip4_addr.c ****  *
  14:./lwip-2.1.2/src/core/ipv4/ip4_addr.c ****  * 1. Redistributions of source code must retain the above copyright notice,
  15:./lwip-2.1.2/src/core/ipv4/ip4_addr.c ****  *    this list of conditions and the following disclaimer.
  16:./lwip-2.1.2/src/core/ipv4/ip4_addr.c ****  * 2. Redistributions in binary form must reproduce the above copyright notice,
  17:./lwip-2.1.2/src/core/ipv4/ip4_addr.c ****  *    this list of conditions and the following disclaimer in the documentation
  18:./lwip-2.1.2/src/core/ipv4/ip4_addr.c ****  *    and/or other materials provided with the distribution.
  19:./lwip-2.1.2/src/core/ipv4/ip4_addr.c ****  * 3. The name of the author may not be used to endorse or promote products
  20:./lwip-2.1.2/src/core/ipv4/ip4_addr.c ****  *    derived from this software without specific prior written permission.
  21:./lwip-2.1.2/src/core/ipv4/ip4_addr.c ****  *
  22:./lwip-2.1.2/src/core/ipv4/ip4_addr.c ****  * THIS SOFTWARE IS PROVIDED BY THE AUTHOR ``AS IS'' AND ANY EXPRESS OR IMPLIED
  23:./lwip-2.1.2/src/core/ipv4/ip4_addr.c ****  * WARRANTIES, INCLUDING, BUT NOT LIMITED TO, THE IMPLIED WARRANTIES OF
  24:./lwip-2.1.2/src/core/ipv4/ip4_addr.c ****  * MERCHANTABILITY AND FITNESS FOR A PARTICULAR PURPOSE ARE DISCLAIMED. IN NO EVENT
  25:./lwip-2.1.2/src/core/ipv4/ip4_addr.c ****  * SHALL THE AUTHOR BE LIABLE FOR ANY DIRECT, INDIRECT, INCIDENTAL, SPECIAL,
  26:./lwip-2.1.2/src/core/ipv4/ip4_addr.c ****  * EXEMPLARY, OR CONSEQUENTIAL DAMAGES (INCLUDING, BUT NOT LIMITED TO, PROCUREMENT
  27:./lwip-2.1.2/src/core/ipv4/ip4_addr.c ****  * OF SUBSTITUTE GOODS OR SERVICES; LOSS OF USE, DATA, OR PROFITS; OR BUSINESS
  28:./lwip-2.1.2/src/core/ipv4/ip4_addr.c ****  * INTERRUPTION) HOWEVER CAUSED AND ON ANY THEORY OF LIABILITY, WHETHER IN
  29:./lwip-2.1.2/src/core/ipv4/ip4_addr.c ****  * CONTRACT, STRICT LIABILITY, OR TORT (INCLUDING NEGLIGENCE OR OTHERWISE) ARISING
  30:./lwip-2.1.2/src/core/ipv4/ip4_addr.c ****  * IN ANY WAY OUT OF THE USE OF THIS SOFTWARE, EVEN IF ADVISED OF THE POSSIBILITY
  31:./lwip-2.1.2/src/core/ipv4/ip4_addr.c ****  * OF SUCH DAMAGE.
  32:./lwip-2.1.2/src/core/ipv4/ip4_addr.c ****  *
  33:./lwip-2.1.2/src/core/ipv4/ip4_addr.c ****  * This file is part of the lwIP TCP/IP stack.
  34:./lwip-2.1.2/src/core/ipv4/ip4_addr.c ****  *
  35:./lwip-2.1.2/src/core/ipv4/ip4_addr.c ****  * Author: Adam Dunkels <adam@sics.se>
  36:./lwip-2.1.2/src/core/ipv4/ip4_addr.c ****  *
  37:./lwip-2.1.2/src/core/ipv4/ip4_addr.c ****  */
  38:./lwip-2.1.2/src/core/ipv4/ip4_addr.c **** 
  39:./lwip-2.1.2/src/core/ipv4/ip4_addr.c **** #include "lwip/opt.h"
  40:./lwip-2.1.2/src/core/ipv4/ip4_addr.c **** 
  41:./lwip-2.1.2/src/core/ipv4/ip4_addr.c **** #if LWIP_IPV4
  42:./lwip-2.1.2/src/core/ipv4/ip4_addr.c **** 
  43:./lwip-2.1.2/src/core/ipv4/ip4_addr.c **** #include "lwip/ip_addr.h"
  44:./lwip-2.1.2/src/core/ipv4/ip4_addr.c **** #include "lwip/netif.h"
  45:./lwip-2.1.2/src/core/ipv4/ip4_addr.c **** 
  46:./lwip-2.1.2/src/core/ipv4/ip4_addr.c **** /* used by IP4_ADDR_ANY and IP_ADDR_BROADCAST in ip_addr.h */
  47:./lwip-2.1.2/src/core/ipv4/ip4_addr.c **** const ip_addr_t ip_addr_any = IPADDR4_INIT(IPADDR_ANY);
  48:./lwip-2.1.2/src/core/ipv4/ip4_addr.c **** const ip_addr_t ip_addr_broadcast = IPADDR4_INIT(IPADDR_BROADCAST);
  49:./lwip-2.1.2/src/core/ipv4/ip4_addr.c **** 
  50:./lwip-2.1.2/src/core/ipv4/ip4_addr.c **** /**
  51:./lwip-2.1.2/src/core/ipv4/ip4_addr.c ****  * Determine if an address is a broadcast address on a network interface
  52:./lwip-2.1.2/src/core/ipv4/ip4_addr.c ****  *
  53:./lwip-2.1.2/src/core/ipv4/ip4_addr.c ****  * @param addr address to be checked
  54:./lwip-2.1.2/src/core/ipv4/ip4_addr.c ****  * @param netif the network interface against which the address is checked
  55:./lwip-2.1.2/src/core/ipv4/ip4_addr.c ****  * @return returns non-zero if the address is a broadcast address
  56:./lwip-2.1.2/src/core/ipv4/ip4_addr.c ****  */
  57:./lwip-2.1.2/src/core/ipv4/ip4_addr.c **** u8_t
  58:./lwip-2.1.2/src/core/ipv4/ip4_addr.c **** ip4_addr_isbroadcast_u32(u32_t addr, const struct netif *netif)
  59:./lwip-2.1.2/src/core/ipv4/ip4_addr.c **** {
  29              		.loc 1 59 1 view -0
  30              		.cfi_startproc
  31              		@ args = 0, pretend = 0, frame = 0
  32              		@ frame_needed = 0, uses_anonymous_args = 0
  33              		@ link register save eliminated.
  60:./lwip-2.1.2/src/core/ipv4/ip4_addr.c ****   ip4_addr_t ipaddr;
  34              		.loc 1 60 3 view .LVU1
  61:./lwip-2.1.2/src/core/ipv4/ip4_addr.c ****   ip4_addr_set_u32(&ipaddr, addr);
  35              		.loc 1 61 3 view .LVU2
  62:./lwip-2.1.2/src/core/ipv4/ip4_addr.c **** 
  63:./lwip-2.1.2/src/core/ipv4/ip4_addr.c ****   /* all ones (broadcast) or all zeroes (old skool broadcast) */
  64:./lwip-2.1.2/src/core/ipv4/ip4_addr.c ****   if ((~addr == IPADDR_ANY) ||
  36              		.loc 1 64 29 is_stmt 0 view .LVU3
  37 0000 421E     		subs	r2, r0, #1
  59:./lwip-2.1.2/src/core/ipv4/ip4_addr.c ****   ip4_addr_t ipaddr;
  38              		.loc 1 59 1 view .LVU4
  39 0002 0346     		mov	r3, r0
  40              	.LVL1:
  41              		.loc 1 64 3 is_stmt 1 view .LVU5
  42              		.loc 1 64 6 is_stmt 0 view .LVU6
  43 0004 0332     		adds	r2, r2, #3
  44 0006 15D8     		bhi	.L3
  65:./lwip-2.1.2/src/core/ipv4/ip4_addr.c ****       (addr == IPADDR_ANY)) {
  66:./lwip-2.1.2/src/core/ipv4/ip4_addr.c ****     return 1;
  67:./lwip-2.1.2/src/core/ipv4/ip4_addr.c ****     /* no broadcast support on this network interface? */
  68:./lwip-2.1.2/src/core/ipv4/ip4_addr.c ****   } else if ((netif->flags & NETIF_FLAG_BROADCAST) == 0) {
  45              		.loc 1 68 10 is_stmt 1 view .LVU7
  46 0008 91F82D00 		ldrb	r0, [r1, #45]	@ zero_extendqisi2
  47              	.LVL2:
  48              		.loc 1 68 13 is_stmt 0 view .LVU8
  49 000c 10F00200 		ands	r0, r0, #2
  50 0010 0FD0     		beq	.L2
  69:./lwip-2.1.2/src/core/ipv4/ip4_addr.c ****     /* the given address cannot be a broadcast address
  70:./lwip-2.1.2/src/core/ipv4/ip4_addr.c ****      * nor can we check against any broadcast addresses */
  71:./lwip-2.1.2/src/core/ipv4/ip4_addr.c ****     return 0;
  72:./lwip-2.1.2/src/core/ipv4/ip4_addr.c ****     /* address matches network interface address exactly? => no broadcast */
  73:./lwip-2.1.2/src/core/ipv4/ip4_addr.c ****   } else if (addr == ip4_addr_get_u32(netif_ip4_addr(netif))) {
  51              		.loc 1 73 10 is_stmt 1 view .LVU9
  52              		.loc 1 73 22 is_stmt 0 view .LVU10
  53 0012 4A68     		ldr	r2, [r1, #4]
  54              		.loc 1 73 13 view .LVU11
  55 0014 9A42     		cmp	r2, r3
  56 0016 0BD0     		beq	.L5
  74:./lwip-2.1.2/src/core/ipv4/ip4_addr.c ****     return 0;
  75:./lwip-2.1.2/src/core/ipv4/ip4_addr.c ****     /*  on the same (sub) network... */
  76:./lwip-2.1.2/src/core/ipv4/ip4_addr.c ****   } else if (ip4_addr_netcmp(&ipaddr, netif_ip4_addr(netif), netif_ip4_netmask(netif))
  57              		.loc 1 76 10 is_stmt 1 view .LVU12
  58              		.loc 1 76 14 is_stmt 0 view .LVU13
  59 0018 8968     		ldr	r1, [r1, #8]
  60              	.LVL3:
  61              		.loc 1 76 14 view .LVU14
  62 001a 5A40     		eors	r2, r2, r3
  63              		.loc 1 76 13 view .LVU15
  64 001c 0A42     		tst	r2, r1
  65 001e 07D1     		bne	.L5
  77:./lwip-2.1.2/src/core/ipv4/ip4_addr.c ****              /* ...and host identifier bits are all ones? =>... */
  78:./lwip-2.1.2/src/core/ipv4/ip4_addr.c ****              && ((addr & ~ip4_addr_get_u32(netif_ip4_netmask(netif))) ==
  66              		.loc 1 78 26 view .LVU16
  67 0020 C843     		mvns	r0, r1
  68              		.loc 1 78 24 view .LVU17
  69 0022 23EA0103 		bic	r3, r3, r1
  70              	.LVL4:
  71              		.loc 1 78 14 view .LVU18
  72 0026 181A     		subs	r0, r3, r0
  73 0028 B0FA80F0 		clz	r0, r0
  74 002c 4009     		lsrs	r0, r0, #5
  75 002e 7047     		bx	lr
  76              	.LVL5:
  77              	.L5:
  71:./lwip-2.1.2/src/core/ipv4/ip4_addr.c ****     /* address matches network interface address exactly? => no broadcast */
  78              		.loc 1 71 12 view .LVU19
  79 0030 0020     		movs	r0, #0
  80              	.L2:
  81              	.LVL6:
  79:./lwip-2.1.2/src/core/ipv4/ip4_addr.c ****                  (IPADDR_BROADCAST & ~ip4_addr_get_u32(netif_ip4_netmask(netif))))) {
  80:./lwip-2.1.2/src/core/ipv4/ip4_addr.c ****     /* => network broadcast address */
  81:./lwip-2.1.2/src/core/ipv4/ip4_addr.c ****     return 1;
  82:./lwip-2.1.2/src/core/ipv4/ip4_addr.c ****   } else {
  83:./lwip-2.1.2/src/core/ipv4/ip4_addr.c ****     return 0;
  84:./lwip-2.1.2/src/core/ipv4/ip4_addr.c ****   }
  85:./lwip-2.1.2/src/core/ipv4/ip4_addr.c **** }
  82              		.loc 1 85 1 view .LVU20
  83 0032 7047     		bx	lr
  84              	.LVL7:
  85              	.L3:
  66:./lwip-2.1.2/src/core/ipv4/ip4_addr.c ****     /* no broadcast support on this network interface? */
  86              		.loc 1 66 12 view .LVU21
  87 0034 0120     		movs	r0, #1
  88              	.LVL8:
  66:./lwip-2.1.2/src/core/ipv4/ip4_addr.c ****     /* no broadcast support on this network interface? */
  89              		.loc 1 66 12 view .LVU22
  90 0036 7047     		bx	lr
  91              		.cfi_endproc
  92              	.LFE26:
  94              		.align	1
  95              		.p2align 2,,3
  96              		.global	ip4_addr_netmask_valid
  97              		.syntax unified
  98              		.thumb
  99              		.thumb_func
 101              	ip4_addr_netmask_valid:
 102              	.LVL9:
 103              	.LFB27:
  86:./lwip-2.1.2/src/core/ipv4/ip4_addr.c **** 
  87:./lwip-2.1.2/src/core/ipv4/ip4_addr.c **** /** Checks if a netmask is valid (starting with ones, then only zeros)
  88:./lwip-2.1.2/src/core/ipv4/ip4_addr.c ****  *
  89:./lwip-2.1.2/src/core/ipv4/ip4_addr.c ****  * @param netmask the IPv4 netmask to check (in network byte order!)
  90:./lwip-2.1.2/src/core/ipv4/ip4_addr.c ****  * @return 1 if the netmask is valid, 0 if it is not
  91:./lwip-2.1.2/src/core/ipv4/ip4_addr.c ****  */
  92:./lwip-2.1.2/src/core/ipv4/ip4_addr.c **** u8_t
  93:./lwip-2.1.2/src/core/ipv4/ip4_addr.c **** ip4_addr_netmask_valid(u32_t netmask)
  94:./lwip-2.1.2/src/core/ipv4/ip4_addr.c **** {
 104              		.loc 1 94 1 is_stmt 1 view -0
 105              		.cfi_startproc
 106              		@ args = 0, pretend = 0, frame = 0
 107              		@ frame_needed = 0, uses_anonymous_args = 0
  95:./lwip-2.1.2/src/core/ipv4/ip4_addr.c ****   u32_t mask;
 108              		.loc 1 95 3 view .LVU24
  96:./lwip-2.1.2/src/core/ipv4/ip4_addr.c ****   u32_t nm_hostorder = lwip_htonl(netmask);
 109              		.loc 1 96 3 view .LVU25
  94:./lwip-2.1.2/src/core/ipv4/ip4_addr.c ****   u32_t mask;
 110              		.loc 1 94 1 is_stmt 0 view .LVU26
 111 0038 08B5     		push	{r3, lr}
 112              	.LCFI0:
 113              		.cfi_def_cfa_offset 8
 114              		.cfi_offset 3, -8
 115              		.cfi_offset 14, -4
 116              		.loc 1 96 24 view .LVU27
 117 003a FFF7FEFF 		bl	lwip_htonl
 118              	.LVL10:
  97:./lwip-2.1.2/src/core/ipv4/ip4_addr.c **** 
  98:./lwip-2.1.2/src/core/ipv4/ip4_addr.c ****   /* first, check for the first zero */
  99:./lwip-2.1.2/src/core/ipv4/ip4_addr.c ****   for (mask = 1UL << 31 ; mask != 0; mask >>= 1) {
 119              		.loc 1 99 3 is_stmt 1 view .LVU28
 120              		.loc 1 99 32 discriminator 1 view .LVU29
 100:./lwip-2.1.2/src/core/ipv4/ip4_addr.c ****     if ((nm_hostorder & mask) == 0) {
 121              		.loc 1 100 5 view .LVU30
 122              		.loc 1 100 8 is_stmt 0 view .LVU31
 123 003e 0028     		cmp	r0, #0
 124              		.loc 1 100 8 view .LVU32
 125 0040 13DA     		bge	.L18
 126 0042 2022     		movs	r2, #32
  99:./lwip-2.1.2/src/core/ipv4/ip4_addr.c ****     if ((nm_hostorder & mask) == 0) {
 127              		.loc 1 99 13 view .LVU33
 128 0044 4FF00043 		mov	r3, #-2147483648
 129              	.LVL11:
 130              	.L12:
  99:./lwip-2.1.2/src/core/ipv4/ip4_addr.c ****     if ((nm_hostorder & mask) == 0) {
 131              		.loc 1 99 43 is_stmt 1 discriminator 2 view .LVU34
  99:./lwip-2.1.2/src/core/ipv4/ip4_addr.c ****     if ((nm_hostorder & mask) == 0) {
 132              		.loc 1 99 32 is_stmt 0 discriminator 1 view .LVU35
 133 0048 013A     		subs	r2, r2, #1
  99:./lwip-2.1.2/src/core/ipv4/ip4_addr.c ****     if ((nm_hostorder & mask) == 0) {
 134              		.loc 1 99 43 discriminator 2 view .LVU36
 135 004a 4FEA5303 		lsr	r3, r3, #1
 136              	.LVL12:
 137              		.loc 1 100 5 is_stmt 1 view .LVU37
  99:./lwip-2.1.2/src/core/ipv4/ip4_addr.c ****     if ((nm_hostorder & mask) == 0) {
 138              		.loc 1 99 32 discriminator 1 view .LVU38
 139 004e 08D0     		beq	.L26
 140              		.loc 1 100 8 is_stmt 0 view .LVU39
 141 0050 1842     		tst	r0, r3
 142 0052 F9D1     		bne	.L12
 101:./lwip-2.1.2/src/core/ipv4/ip4_addr.c ****       break;
 102:./lwip-2.1.2/src/core/ipv4/ip4_addr.c ****     }
 103:./lwip-2.1.2/src/core/ipv4/ip4_addr.c ****   }
 104:./lwip-2.1.2/src/core/ipv4/ip4_addr.c ****   /* then check that there is no one */
 105:./lwip-2.1.2/src/core/ipv4/ip4_addr.c ****   for (; mask != 0; mask >>= 1) {
 143              		.loc 1 105 15 is_stmt 1 discriminator 1 view .LVU40
 144 0054 3BB1     		cbz	r3, .L24
 145              	.LVL13:
 146              	.L16:
 147              		.loc 1 105 26 view .LVU41
 148              		.loc 1 105 15 discriminator 1 view .LVU42
 149 0056 5B08     		lsrs	r3, r3, #1
 150              	.LVL14:
 106:./lwip-2.1.2/src/core/ipv4/ip4_addr.c ****     if ((nm_hostorder & mask) != 0) {
 151              		.loc 1 106 5 view .LVU43
 105:./lwip-2.1.2/src/core/ipv4/ip4_addr.c ****     if ((nm_hostorder & mask) != 0) {
 152              		.loc 1 105 15 is_stmt 0 discriminator 1 view .LVU44
 153 0058 05D0     		beq	.L24
 154              	.L17:
 155              		.loc 1 106 8 view .LVU45
 156 005a 1842     		tst	r0, r3
 157 005c FBD0     		beq	.L16
 107:./lwip-2.1.2/src/core/ipv4/ip4_addr.c ****       /* there is a one after the first zero -> invalid */
 108:./lwip-2.1.2/src/core/ipv4/ip4_addr.c ****       return 0;
 158              		.loc 1 108 14 view .LVU46
 159 005e 0020     		movs	r0, #0
 160              	.LVL15:
 109:./lwip-2.1.2/src/core/ipv4/ip4_addr.c ****     }
 110:./lwip-2.1.2/src/core/ipv4/ip4_addr.c ****   }
 111:./lwip-2.1.2/src/core/ipv4/ip4_addr.c ****   /* no one after the first zero -> valid */
 112:./lwip-2.1.2/src/core/ipv4/ip4_addr.c ****   return 1;
 113:./lwip-2.1.2/src/core/ipv4/ip4_addr.c **** }
 161              		.loc 1 113 1 view .LVU47
 162 0060 08BD     		pop	{r3, pc}
 163              	.LVL16:
 164              	.L26:
 105:./lwip-2.1.2/src/core/ipv4/ip4_addr.c ****     if ((nm_hostorder & mask) != 0) {
 165              		.loc 1 105 15 is_stmt 1 discriminator 1 view .LVU48
 166 0062 002B     		cmp	r3, #0
 167 0064 F9D1     		bne	.L17
 168              	.L24:
 112:./lwip-2.1.2/src/core/ipv4/ip4_addr.c **** }
 169              		.loc 1 112 10 is_stmt 0 view .LVU49
 170 0066 0120     		movs	r0, #1
 171              	.LVL17:
 172              		.loc 1 113 1 view .LVU50
 173 0068 08BD     		pop	{r3, pc}
 174              	.LVL18:
 175              	.L18:
  99:./lwip-2.1.2/src/core/ipv4/ip4_addr.c ****     if ((nm_hostorder & mask) == 0) {
 176              		.loc 1 99 13 view .LVU51
 177 006a 4FF00043 		mov	r3, #-2147483648
 178 006e F2E7     		b	.L16
 179              		.cfi_endproc
 180              	.LFE27:
 182              		.align	1
 183              		.p2align 2,,3
 184              		.global	ip4addr_aton
 185              		.syntax unified
 186              		.thumb
 187              		.thumb_func
 189              	ip4addr_aton:
 190              	.LVL19:
 191              	.LFB29:
 114:./lwip-2.1.2/src/core/ipv4/ip4_addr.c **** 
 115:./lwip-2.1.2/src/core/ipv4/ip4_addr.c **** /**
 116:./lwip-2.1.2/src/core/ipv4/ip4_addr.c ****  * Ascii internet address interpretation routine.
 117:./lwip-2.1.2/src/core/ipv4/ip4_addr.c ****  * The value returned is in network order.
 118:./lwip-2.1.2/src/core/ipv4/ip4_addr.c ****  *
 119:./lwip-2.1.2/src/core/ipv4/ip4_addr.c ****  * @param cp IP address in ascii representation (e.g. "127.0.0.1")
 120:./lwip-2.1.2/src/core/ipv4/ip4_addr.c ****  * @return ip address in network order
 121:./lwip-2.1.2/src/core/ipv4/ip4_addr.c ****  */
 122:./lwip-2.1.2/src/core/ipv4/ip4_addr.c **** u32_t
 123:./lwip-2.1.2/src/core/ipv4/ip4_addr.c **** ipaddr_addr(const char *cp)
 124:./lwip-2.1.2/src/core/ipv4/ip4_addr.c **** {
 125:./lwip-2.1.2/src/core/ipv4/ip4_addr.c ****   ip4_addr_t val;
 126:./lwip-2.1.2/src/core/ipv4/ip4_addr.c **** 
 127:./lwip-2.1.2/src/core/ipv4/ip4_addr.c ****   if (ip4addr_aton(cp, &val)) {
 128:./lwip-2.1.2/src/core/ipv4/ip4_addr.c ****     return ip4_addr_get_u32(&val);
 129:./lwip-2.1.2/src/core/ipv4/ip4_addr.c ****   }
 130:./lwip-2.1.2/src/core/ipv4/ip4_addr.c ****   return (IPADDR_NONE);
 131:./lwip-2.1.2/src/core/ipv4/ip4_addr.c **** }
 132:./lwip-2.1.2/src/core/ipv4/ip4_addr.c **** 
 133:./lwip-2.1.2/src/core/ipv4/ip4_addr.c **** /**
 134:./lwip-2.1.2/src/core/ipv4/ip4_addr.c ****  * Check whether "cp" is a valid ascii representation
 135:./lwip-2.1.2/src/core/ipv4/ip4_addr.c ****  * of an Internet address and convert to a binary address.
 136:./lwip-2.1.2/src/core/ipv4/ip4_addr.c ****  * Returns 1 if the address is valid, 0 if not.
 137:./lwip-2.1.2/src/core/ipv4/ip4_addr.c ****  * This replaces inet_addr, the return value from which
 138:./lwip-2.1.2/src/core/ipv4/ip4_addr.c ****  * cannot distinguish between failure and a local broadcast address.
 139:./lwip-2.1.2/src/core/ipv4/ip4_addr.c ****  *
 140:./lwip-2.1.2/src/core/ipv4/ip4_addr.c ****  * @param cp IP address in ascii representation (e.g. "127.0.0.1")
 141:./lwip-2.1.2/src/core/ipv4/ip4_addr.c ****  * @param addr pointer to which to save the ip address in network order
 142:./lwip-2.1.2/src/core/ipv4/ip4_addr.c ****  * @return 1 if cp could be converted to addr, 0 on failure
 143:./lwip-2.1.2/src/core/ipv4/ip4_addr.c ****  */
 144:./lwip-2.1.2/src/core/ipv4/ip4_addr.c **** int
 145:./lwip-2.1.2/src/core/ipv4/ip4_addr.c **** ip4addr_aton(const char *cp, ip4_addr_t *addr)
 146:./lwip-2.1.2/src/core/ipv4/ip4_addr.c **** {
 192              		.loc 1 146 1 is_stmt 1 view -0
 193              		.cfi_startproc
 194              		@ args = 0, pretend = 0, frame = 16
 195              		@ frame_needed = 0, uses_anonymous_args = 0
 147:./lwip-2.1.2/src/core/ipv4/ip4_addr.c ****   u32_t val;
 196              		.loc 1 147 3 view .LVU53
 148:./lwip-2.1.2/src/core/ipv4/ip4_addr.c ****   u8_t base;
 197              		.loc 1 148 3 view .LVU54
 149:./lwip-2.1.2/src/core/ipv4/ip4_addr.c ****   char c;
 198              		.loc 1 149 3 view .LVU55
 150:./lwip-2.1.2/src/core/ipv4/ip4_addr.c ****   u32_t parts[4];
 199              		.loc 1 150 3 view .LVU56
 151:./lwip-2.1.2/src/core/ipv4/ip4_addr.c ****   u32_t *pp = parts;
 200              		.loc 1 151 3 view .LVU57
 146:./lwip-2.1.2/src/core/ipv4/ip4_addr.c ****   u32_t val;
 201              		.loc 1 146 1 is_stmt 0 view .LVU58
 202 0070 2DE9F047 		push	{r4, r5, r6, r7, r8, r9, r10, lr}
 203              	.LCFI1:
 204              		.cfi_def_cfa_offset 32
 205              		.cfi_offset 4, -32
 206              		.cfi_offset 5, -28
 207              		.cfi_offset 6, -24
 208              		.cfi_offset 7, -20
 209              		.cfi_offset 8, -16
 210              		.cfi_offset 9, -12
 211              		.cfi_offset 10, -8
 212              		.cfi_offset 14, -4
 152:./lwip-2.1.2/src/core/ipv4/ip4_addr.c **** 
 153:./lwip-2.1.2/src/core/ipv4/ip4_addr.c ****   c = *cp;
 154:./lwip-2.1.2/src/core/ipv4/ip4_addr.c ****   for (;;) {
 155:./lwip-2.1.2/src/core/ipv4/ip4_addr.c ****     /*
 156:./lwip-2.1.2/src/core/ipv4/ip4_addr.c ****      * Collect number up to ``.''.
 157:./lwip-2.1.2/src/core/ipv4/ip4_addr.c ****      * Values are specified as for C:
 158:./lwip-2.1.2/src/core/ipv4/ip4_addr.c ****      * 0x=hex, 0=octal, 1-9=decimal.
 159:./lwip-2.1.2/src/core/ipv4/ip4_addr.c ****      */
 160:./lwip-2.1.2/src/core/ipv4/ip4_addr.c ****     if (!lwip_isdigit(c)) {
 213              		.loc 1 160 10 view .LVU59
 214 0074 494D     		ldr	r5, .L68
 146:./lwip-2.1.2/src/core/ipv4/ip4_addr.c ****   u32_t val;
 215              		.loc 1 146 1 view .LVU60
 216 0076 84B0     		sub	sp, sp, #16
 217              	.LCFI2:
 218              		.cfi_def_cfa_offset 48
 219              	.LVL20:
 153:./lwip-2.1.2/src/core/ipv4/ip4_addr.c ****   for (;;) {
 220              		.loc 1 153 3 is_stmt 1 view .LVU61
 153:./lwip-2.1.2/src/core/ipv4/ip4_addr.c ****   for (;;) {
 221              		.loc 1 153 5 is_stmt 0 view .LVU62
 222 0078 0378     		ldrb	r3, [r0]	@ zero_extendqisi2
 223              	.LVL21:
 154:./lwip-2.1.2/src/core/ipv4/ip4_addr.c ****     /*
 224              		.loc 1 154 3 is_stmt 1 view .LVU63
 225              		.loc 1 160 5 view .LVU64
 226              		.loc 1 160 8 is_stmt 0 view .LVU65
 227 007a EA5C     		ldrb	r2, [r5, r3]	@ zero_extendqisi2
 228 007c 5207     		lsls	r2, r2, #29
 229 007e 34D5     		bpl	.L29
 151:./lwip-2.1.2/src/core/ipv4/ip4_addr.c **** 
 230              		.loc 1 151 10 view .LVU66
 231 0080 E946     		mov	r9, sp
 232 0082 0E46     		mov	r6, r1
 161:./lwip-2.1.2/src/core/ipv4/ip4_addr.c ****       return 0;
 162:./lwip-2.1.2/src/core/ipv4/ip4_addr.c ****     }
 163:./lwip-2.1.2/src/core/ipv4/ip4_addr.c ****     val = 0;
 164:./lwip-2.1.2/src/core/ipv4/ip4_addr.c ****     base = 10;
 165:./lwip-2.1.2/src/core/ipv4/ip4_addr.c ****     if (c == '0') {
 166:./lwip-2.1.2/src/core/ipv4/ip4_addr.c ****       c = *++cp;
 167:./lwip-2.1.2/src/core/ipv4/ip4_addr.c ****       if (c == 'x' || c == 'X') {
 168:./lwip-2.1.2/src/core/ipv4/ip4_addr.c ****         base = 16;
 169:./lwip-2.1.2/src/core/ipv4/ip4_addr.c ****         c = *++cp;
 170:./lwip-2.1.2/src/core/ipv4/ip4_addr.c ****       } else {
 171:./lwip-2.1.2/src/core/ipv4/ip4_addr.c ****         base = 8;
 172:./lwip-2.1.2/src/core/ipv4/ip4_addr.c ****       }
 173:./lwip-2.1.2/src/core/ipv4/ip4_addr.c ****     }
 174:./lwip-2.1.2/src/core/ipv4/ip4_addr.c ****     for (;;) {
 175:./lwip-2.1.2/src/core/ipv4/ip4_addr.c ****       if (lwip_isdigit(c)) {
 176:./lwip-2.1.2/src/core/ipv4/ip4_addr.c ****         val = (val * base) + (u32_t)(c - '0');
 177:./lwip-2.1.2/src/core/ipv4/ip4_addr.c ****         c = *++cp;
 178:./lwip-2.1.2/src/core/ipv4/ip4_addr.c ****       } else if (base == 16 && lwip_isxdigit(c)) {
 179:./lwip-2.1.2/src/core/ipv4/ip4_addr.c ****         val = (val << 4) | (u32_t)(c + 10 - (lwip_islower(c) ? 'a' : 'A'));
 180:./lwip-2.1.2/src/core/ipv4/ip4_addr.c ****         c = *++cp;
 181:./lwip-2.1.2/src/core/ipv4/ip4_addr.c ****       } else {
 182:./lwip-2.1.2/src/core/ipv4/ip4_addr.c ****         break;
 183:./lwip-2.1.2/src/core/ipv4/ip4_addr.c ****       }
 184:./lwip-2.1.2/src/core/ipv4/ip4_addr.c ****     }
 185:./lwip-2.1.2/src/core/ipv4/ip4_addr.c ****     if (c == '.') {
 186:./lwip-2.1.2/src/core/ipv4/ip4_addr.c ****       /*
 187:./lwip-2.1.2/src/core/ipv4/ip4_addr.c ****        * Internet format:
 188:./lwip-2.1.2/src/core/ipv4/ip4_addr.c ****        *  a.b.c.d
 189:./lwip-2.1.2/src/core/ipv4/ip4_addr.c ****        *  a.b.c   (with c treated as 16 bits)
 190:./lwip-2.1.2/src/core/ipv4/ip4_addr.c ****        *  a.b (with b treated as 24 bits)
 191:./lwip-2.1.2/src/core/ipv4/ip4_addr.c ****        */
 192:./lwip-2.1.2/src/core/ipv4/ip4_addr.c ****       if (pp >= parts + 3) {
 233              		.loc 1 192 10 view .LVU67
 234 0084 0DF10C08 		add	r8, sp, #12
 151:./lwip-2.1.2/src/core/ipv4/ip4_addr.c **** 
 235              		.loc 1 151 10 view .LVU68
 236 0088 4F46     		mov	r7, r9
 237              	.LVL22:
 238              	.L28:
 163:./lwip-2.1.2/src/core/ipv4/ip4_addr.c ****     base = 10;
 239              		.loc 1 163 5 is_stmt 1 view .LVU69
 164:./lwip-2.1.2/src/core/ipv4/ip4_addr.c ****     if (c == '0') {
 240              		.loc 1 164 5 view .LVU70
 165:./lwip-2.1.2/src/core/ipv4/ip4_addr.c ****       c = *++cp;
 241              		.loc 1 165 5 view .LVU71
 165:./lwip-2.1.2/src/core/ipv4/ip4_addr.c ****       c = *++cp;
 242              		.loc 1 165 8 is_stmt 0 view .LVU72
 243 008a 302B     		cmp	r3, #48
 244 008c 31D0     		beq	.L66
 164:./lwip-2.1.2/src/core/ipv4/ip4_addr.c ****     if (c == '0') {
 245              		.loc 1 164 10 view .LVU73
 246 008e 4FF00A0E 		mov	lr, #10
 247              	.LVL23:
 248              	.L31:
 164:./lwip-2.1.2/src/core/ipv4/ip4_addr.c ****     if (c == '0') {
 249              		.loc 1 164 10 view .LVU74
 250 0092 0130     		adds	r0, r0, #1
 251              	.LVL24:
 171:./lwip-2.1.2/src/core/ipv4/ip4_addr.c ****       }
 252              		.loc 1 171 14 view .LVU75
 253 0094 0021     		movs	r1, #0
 254 0096 03E0     		b	.L33
 255              	.LVL25:
 256              	.L67:
 176:./lwip-2.1.2/src/core/ipv4/ip4_addr.c ****         c = *++cp;
 257              		.loc 1 176 13 view .LVU76
 258 0098 A4F13001 		sub	r1, r4, #48
 259              	.LVL26:
 177:./lwip-2.1.2/src/core/ipv4/ip4_addr.c ****       } else if (base == 16 && lwip_isxdigit(c)) {
 260              		.loc 1 177 9 is_stmt 1 view .LVU77
 177:./lwip-2.1.2/src/core/ipv4/ip4_addr.c ****       } else if (base == 16 && lwip_isxdigit(c)) {
 261              		.loc 1 177 11 is_stmt 0 view .LVU78
 262 009c 0378     		ldrb	r3, [r0]	@ zero_extendqisi2
 263              	.LVL27:
 264              	.L35:
 177:./lwip-2.1.2/src/core/ipv4/ip4_addr.c ****       } else if (base == 16 && lwip_isxdigit(c)) {
 265              		.loc 1 177 11 view .LVU79
 266 009e 0130     		adds	r0, r0, #1
 267              	.LVL28:
 268              	.L33:
 174:./lwip-2.1.2/src/core/ipv4/ip4_addr.c ****       if (lwip_isdigit(c)) {
 269              		.loc 1 174 5 is_stmt 1 view .LVU80
 175:./lwip-2.1.2/src/core/ipv4/ip4_addr.c ****         val = (val * base) + (u32_t)(c - '0');
 270              		.loc 1 175 7 view .LVU81
 176:./lwip-2.1.2/src/core/ipv4/ip4_addr.c ****         c = *++cp;
 271              		.loc 1 176 9 view .LVU82
 178:./lwip-2.1.2/src/core/ipv4/ip4_addr.c ****         val = (val << 4) | (u32_t)(c + 10 - (lwip_islower(c) ? 'a' : 'A'));
 272              		.loc 1 178 14 view .LVU83
 179:./lwip-2.1.2/src/core/ipv4/ip4_addr.c ****         c = *++cp;
 273              		.loc 1 179 9 view .LVU84
 175:./lwip-2.1.2/src/core/ipv4/ip4_addr.c ****         val = (val * base) + (u32_t)(c - '0');
 274              		.loc 1 175 11 is_stmt 0 view .LVU85
 275 00a0 EA5C     		ldrb	r2, [r5, r3]	@ zero_extendqisi2
 179:./lwip-2.1.2/src/core/ipv4/ip4_addr.c ****         c = *++cp;
 276              		.loc 1 179 38 view .LVU86
 277 00a2 03F10A0C 		add	ip, r3, #10
 176:./lwip-2.1.2/src/core/ipv4/ip4_addr.c ****         c = *++cp;
 278              		.loc 1 176 28 view .LVU87
 279 00a6 01FB0E34 		mla	r4, r1, lr, r3
 175:./lwip-2.1.2/src/core/ipv4/ip4_addr.c ****         val = (val * base) + (u32_t)(c - '0');
 280              		.loc 1 175 10 view .LVU88
 281 00aa 12F0040F 		tst	r2, #4
 179:./lwip-2.1.2/src/core/ipv4/ip4_addr.c ****         c = *++cp;
 282              		.loc 1 179 68 view .LVU89
 283 00ae 02F0030A 		and	r10, r2, #3
 175:./lwip-2.1.2/src/core/ipv4/ip4_addr.c ****         val = (val * base) + (u32_t)(c - '0');
 284              		.loc 1 175 10 view .LVU90
 285 00b2 F1D1     		bne	.L67
 178:./lwip-2.1.2/src/core/ipv4/ip4_addr.c ****         val = (val << 4) | (u32_t)(c + 10 - (lwip_islower(c) ? 'a' : 'A'));
 286              		.loc 1 178 17 view .LVU91
 287 00b4 BEF1100F 		cmp	lr, #16
 288 00b8 0DD1     		bne	.L36
 178:./lwip-2.1.2/src/core/ipv4/ip4_addr.c ****         val = (val << 4) | (u32_t)(c + 10 - (lwip_islower(c) ? 'a' : 'A'));
 289              		.loc 1 178 29 discriminator 1 view .LVU92
 290 00ba 12F0440F 		tst	r2, #68
 291 00be 0AD0     		beq	.L36
 179:./lwip-2.1.2/src/core/ipv4/ip4_addr.c ****         c = *++cp;
 292              		.loc 1 179 68 discriminator 1 view .LVU93
 293 00c0 BAF1020F 		cmp	r10, #2
 180:./lwip-2.1.2/src/core/ipv4/ip4_addr.c ****       } else {
 294              		.loc 1 180 11 view .LVU94
 295 00c4 0378     		ldrb	r3, [r0]	@ zero_extendqisi2
 296              	.LVL29:
 179:./lwip-2.1.2/src/core/ipv4/ip4_addr.c ****         c = *++cp;
 297              		.loc 1 179 68 discriminator 1 view .LVU95
 298 00c6 14BF     		ite	ne
 299 00c8 4122     		movne	r2, #65
 300 00ca 6122     		moveq	r2, #97
 179:./lwip-2.1.2/src/core/ipv4/ip4_addr.c ****         c = *++cp;
 301              		.loc 1 179 43 discriminator 4 view .LVU96
 302 00cc ACEB020C 		sub	ip, ip, r2
 303              	.LVL30:
 179:./lwip-2.1.2/src/core/ipv4/ip4_addr.c ****         c = *++cp;
 304              		.loc 1 179 13 discriminator 4 view .LVU97
 305 00d0 4CEA0111 		orr	r1, ip, r1, lsl #4
 306              	.LVL31:
 180:./lwip-2.1.2/src/core/ipv4/ip4_addr.c ****       } else {
 307              		.loc 1 180 9 is_stmt 1 view .LVU98
 180:./lwip-2.1.2/src/core/ipv4/ip4_addr.c ****       } else {
 308              		.loc 1 180 9 is_stmt 0 view .LVU99
 309 00d4 E3E7     		b	.L35
 310              	.LVL32:
 311              	.L36:
 185:./lwip-2.1.2/src/core/ipv4/ip4_addr.c ****       /*
 312              		.loc 1 185 5 is_stmt 1 view .LVU100
 185:./lwip-2.1.2/src/core/ipv4/ip4_addr.c ****       /*
 313              		.loc 1 185 8 is_stmt 0 view .LVU101
 314 00d6 2E2B     		cmp	r3, #46
 315 00d8 19D1     		bne	.L38
 316              		.loc 1 192 7 is_stmt 1 view .LVU102
 317              		.loc 1 192 10 is_stmt 0 view .LVU103
 318 00da 4745     		cmp	r7, r8
 319 00dc 05D0     		beq	.L29
 193:./lwip-2.1.2/src/core/ipv4/ip4_addr.c ****         return 0;
 194:./lwip-2.1.2/src/core/ipv4/ip4_addr.c ****       }
 195:./lwip-2.1.2/src/core/ipv4/ip4_addr.c ****       *pp++ = val;
 320              		.loc 1 195 7 is_stmt 1 view .LVU104
 321              	.LVL33:
 196:./lwip-2.1.2/src/core/ipv4/ip4_addr.c ****       c = *++cp;
 322              		.loc 1 196 9 is_stmt 0 view .LVU105
 323 00de 0378     		ldrb	r3, [r0]	@ zero_extendqisi2
 324              	.LVL34:
 195:./lwip-2.1.2/src/core/ipv4/ip4_addr.c ****       c = *++cp;
 325              		.loc 1 195 13 view .LVU106
 326 00e0 47F8041B 		str	r1, [r7], #4
 327              	.LVL35:
 328              		.loc 1 196 7 is_stmt 1 view .LVU107
 154:./lwip-2.1.2/src/core/ipv4/ip4_addr.c ****     /*
 329              		.loc 1 154 3 view .LVU108
 154:./lwip-2.1.2/src/core/ipv4/ip4_addr.c ****     /*
 330              		.loc 1 154 3 view .LVU109
 160:./lwip-2.1.2/src/core/ipv4/ip4_addr.c ****       return 0;
 331              		.loc 1 160 5 view .LVU110
 160:./lwip-2.1.2/src/core/ipv4/ip4_addr.c ****       return 0;
 332              		.loc 1 160 8 is_stmt 0 view .LVU111
 333 00e4 EA5C     		ldrb	r2, [r5, r3]	@ zero_extendqisi2
 334 00e6 5207     		lsls	r2, r2, #29
 335 00e8 CFD4     		bmi	.L28
 336              	.LVL36:
 337              	.L29:
 161:./lwip-2.1.2/src/core/ipv4/ip4_addr.c ****     }
 338              		.loc 1 161 14 view .LVU112
 339 00ea 0020     		movs	r0, #0
 340              	.L27:
 197:./lwip-2.1.2/src/core/ipv4/ip4_addr.c ****     } else {
 198:./lwip-2.1.2/src/core/ipv4/ip4_addr.c ****       break;
 199:./lwip-2.1.2/src/core/ipv4/ip4_addr.c ****     }
 200:./lwip-2.1.2/src/core/ipv4/ip4_addr.c ****   }
 201:./lwip-2.1.2/src/core/ipv4/ip4_addr.c ****   /*
 202:./lwip-2.1.2/src/core/ipv4/ip4_addr.c ****    * Check for trailing characters.
 203:./lwip-2.1.2/src/core/ipv4/ip4_addr.c ****    */
 204:./lwip-2.1.2/src/core/ipv4/ip4_addr.c ****   if (c != '\0' && !lwip_isspace(c)) {
 205:./lwip-2.1.2/src/core/ipv4/ip4_addr.c ****     return 0;
 206:./lwip-2.1.2/src/core/ipv4/ip4_addr.c ****   }
 207:./lwip-2.1.2/src/core/ipv4/ip4_addr.c ****   /*
 208:./lwip-2.1.2/src/core/ipv4/ip4_addr.c ****    * Concoct the address according to
 209:./lwip-2.1.2/src/core/ipv4/ip4_addr.c ****    * the number of parts specified.
 210:./lwip-2.1.2/src/core/ipv4/ip4_addr.c ****    */
 211:./lwip-2.1.2/src/core/ipv4/ip4_addr.c ****   switch (pp - parts + 1) {
 212:./lwip-2.1.2/src/core/ipv4/ip4_addr.c **** 
 213:./lwip-2.1.2/src/core/ipv4/ip4_addr.c ****     case 0:
 214:./lwip-2.1.2/src/core/ipv4/ip4_addr.c ****       return 0;       /* initial nondigit */
 215:./lwip-2.1.2/src/core/ipv4/ip4_addr.c **** 
 216:./lwip-2.1.2/src/core/ipv4/ip4_addr.c ****     case 1:             /* a -- 32 bits */
 217:./lwip-2.1.2/src/core/ipv4/ip4_addr.c ****       break;
 218:./lwip-2.1.2/src/core/ipv4/ip4_addr.c **** 
 219:./lwip-2.1.2/src/core/ipv4/ip4_addr.c ****     case 2:             /* a.b -- 8.24 bits */
 220:./lwip-2.1.2/src/core/ipv4/ip4_addr.c ****       if (val > 0xffffffUL) {
 221:./lwip-2.1.2/src/core/ipv4/ip4_addr.c ****         return 0;
 222:./lwip-2.1.2/src/core/ipv4/ip4_addr.c ****       }
 223:./lwip-2.1.2/src/core/ipv4/ip4_addr.c ****       if (parts[0] > 0xff) {
 224:./lwip-2.1.2/src/core/ipv4/ip4_addr.c ****         return 0;
 225:./lwip-2.1.2/src/core/ipv4/ip4_addr.c ****       }
 226:./lwip-2.1.2/src/core/ipv4/ip4_addr.c ****       val |= parts[0] << 24;
 227:./lwip-2.1.2/src/core/ipv4/ip4_addr.c ****       break;
 228:./lwip-2.1.2/src/core/ipv4/ip4_addr.c **** 
 229:./lwip-2.1.2/src/core/ipv4/ip4_addr.c ****     case 3:             /* a.b.c -- 8.8.16 bits */
 230:./lwip-2.1.2/src/core/ipv4/ip4_addr.c ****       if (val > 0xffff) {
 231:./lwip-2.1.2/src/core/ipv4/ip4_addr.c ****         return 0;
 232:./lwip-2.1.2/src/core/ipv4/ip4_addr.c ****       }
 233:./lwip-2.1.2/src/core/ipv4/ip4_addr.c ****       if ((parts[0] > 0xff) || (parts[1] > 0xff)) {
 234:./lwip-2.1.2/src/core/ipv4/ip4_addr.c ****         return 0;
 235:./lwip-2.1.2/src/core/ipv4/ip4_addr.c ****       }
 236:./lwip-2.1.2/src/core/ipv4/ip4_addr.c ****       val |= (parts[0] << 24) | (parts[1] << 16);
 237:./lwip-2.1.2/src/core/ipv4/ip4_addr.c ****       break;
 238:./lwip-2.1.2/src/core/ipv4/ip4_addr.c **** 
 239:./lwip-2.1.2/src/core/ipv4/ip4_addr.c ****     case 4:             /* a.b.c.d -- 8.8.8.8 bits */
 240:./lwip-2.1.2/src/core/ipv4/ip4_addr.c ****       if (val > 0xff) {
 241:./lwip-2.1.2/src/core/ipv4/ip4_addr.c ****         return 0;
 242:./lwip-2.1.2/src/core/ipv4/ip4_addr.c ****       }
 243:./lwip-2.1.2/src/core/ipv4/ip4_addr.c ****       if ((parts[0] > 0xff) || (parts[1] > 0xff) || (parts[2] > 0xff)) {
 244:./lwip-2.1.2/src/core/ipv4/ip4_addr.c ****         return 0;
 245:./lwip-2.1.2/src/core/ipv4/ip4_addr.c ****       }
 246:./lwip-2.1.2/src/core/ipv4/ip4_addr.c ****       val |= (parts[0] << 24) | (parts[1] << 16) | (parts[2] << 8);
 247:./lwip-2.1.2/src/core/ipv4/ip4_addr.c ****       break;
 248:./lwip-2.1.2/src/core/ipv4/ip4_addr.c ****     default:
 249:./lwip-2.1.2/src/core/ipv4/ip4_addr.c ****       LWIP_ASSERT("unhandled", 0);
 250:./lwip-2.1.2/src/core/ipv4/ip4_addr.c ****       break;
 251:./lwip-2.1.2/src/core/ipv4/ip4_addr.c ****   }
 252:./lwip-2.1.2/src/core/ipv4/ip4_addr.c ****   if (addr) {
 253:./lwip-2.1.2/src/core/ipv4/ip4_addr.c ****     ip4_addr_set_u32(addr, lwip_htonl(val));
 254:./lwip-2.1.2/src/core/ipv4/ip4_addr.c ****   }
 255:./lwip-2.1.2/src/core/ipv4/ip4_addr.c ****   return 1;
 256:./lwip-2.1.2/src/core/ipv4/ip4_addr.c **** }
 341              		.loc 1 256 1 view .LVU113
 342 00ec 04B0     		add	sp, sp, #16
 343              	.LCFI3:
 344              		.cfi_remember_state
 345              		.cfi_def_cfa_offset 32
 346              		@ sp needed
 347 00ee BDE8F087 		pop	{r4, r5, r6, r7, r8, r9, r10, pc}
 348              	.LVL37:
 349              	.L66:
 350              	.LCFI4:
 351              		.cfi_restore_state
 166:./lwip-2.1.2/src/core/ipv4/ip4_addr.c ****       if (c == 'x' || c == 'X') {
 352              		.loc 1 166 7 is_stmt 1 view .LVU114
 166:./lwip-2.1.2/src/core/ipv4/ip4_addr.c ****       if (c == 'x' || c == 'X') {
 353              		.loc 1 166 9 is_stmt 0 view .LVU115
 354 00f2 4378     		ldrb	r3, [r0, #1]	@ zero_extendqisi2
 355              	.LVL38:
 167:./lwip-2.1.2/src/core/ipv4/ip4_addr.c ****         base = 16;
 356              		.loc 1 167 7 is_stmt 1 view .LVU116
 167:./lwip-2.1.2/src/core/ipv4/ip4_addr.c ****         base = 16;
 357              		.loc 1 167 10 is_stmt 0 view .LVU117
 358 00f4 03F0DF02 		and	r2, r3, #223
 359 00f8 582A     		cmp	r2, #88
 360 00fa 03D0     		beq	.L32
 166:./lwip-2.1.2/src/core/ipv4/ip4_addr.c ****       if (c == 'x' || c == 'X') {
 361              		.loc 1 166 9 view .LVU118
 362 00fc 0130     		adds	r0, r0, #1
 363              	.LVL39:
 171:./lwip-2.1.2/src/core/ipv4/ip4_addr.c ****       }
 364              		.loc 1 171 14 view .LVU119
 365 00fe 4FF0080E 		mov	lr, #8
 366 0102 C6E7     		b	.L31
 367              	.LVL40:
 368              	.L32:
 168:./lwip-2.1.2/src/core/ipv4/ip4_addr.c ****         c = *++cp;
 369              		.loc 1 168 9 is_stmt 1 view .LVU120
 169:./lwip-2.1.2/src/core/ipv4/ip4_addr.c ****       } else {
 370              		.loc 1 169 9 view .LVU121
 169:./lwip-2.1.2/src/core/ipv4/ip4_addr.c ****       } else {
 371              		.loc 1 169 11 is_stmt 0 view .LVU122
 372 0104 8378     		ldrb	r3, [r0, #2]	@ zero_extendqisi2
 373              	.LVL41:
 168:./lwip-2.1.2/src/core/ipv4/ip4_addr.c ****         c = *++cp;
 374              		.loc 1 168 14 view .LVU123
 375 0106 4FF0100E 		mov	lr, #16
 169:./lwip-2.1.2/src/core/ipv4/ip4_addr.c ****       } else {
 376              		.loc 1 169 11 view .LVU124
 377 010a 0230     		adds	r0, r0, #2
 378              	.LVL42:
 169:./lwip-2.1.2/src/core/ipv4/ip4_addr.c ****       } else {
 379              		.loc 1 169 11 view .LVU125
 380 010c C1E7     		b	.L31
 381              	.LVL43:
 382              	.L38:
 204:./lwip-2.1.2/src/core/ipv4/ip4_addr.c ****     return 0;
 383              		.loc 1 204 3 is_stmt 1 view .LVU126
 204:./lwip-2.1.2/src/core/ipv4/ip4_addr.c ****     return 0;
 384              		.loc 1 204 6 is_stmt 0 view .LVU127
 385 010e 0BB1     		cbz	r3, .L40
 204:./lwip-2.1.2/src/core/ipv4/ip4_addr.c ****     return 0;
 386              		.loc 1 204 17 discriminator 1 view .LVU128
 387 0110 1307     		lsls	r3, r2, #28
 388              	.LVL44:
 204:./lwip-2.1.2/src/core/ipv4/ip4_addr.c ****     return 0;
 389              		.loc 1 204 17 discriminator 1 view .LVU129
 390 0112 EAD5     		bpl	.L29
 391              	.L40:
 211:./lwip-2.1.2/src/core/ipv4/ip4_addr.c **** 
 392              		.loc 1 211 3 is_stmt 1 view .LVU130
 211:./lwip-2.1.2/src/core/ipv4/ip4_addr.c **** 
 393              		.loc 1 211 14 is_stmt 0 view .LVU131
 394 0114 A7EB0903 		sub	r3, r7, r9
 395 0118 9B10     		asrs	r3, r3, #2
 211:./lwip-2.1.2/src/core/ipv4/ip4_addr.c **** 
 396              		.loc 1 211 22 view .LVU132
 397 011a 0133     		adds	r3, r3, #1
 211:./lwip-2.1.2/src/core/ipv4/ip4_addr.c **** 
 398              		.loc 1 211 3 view .LVU133
 399 011c 042B     		cmp	r3, #4
 400 011e 1ED8     		bhi	.L41
 401 0120 01A2     		adr	r2, .L43
 402 0122 52F823F0 		ldr	pc, [r2, r3, lsl #2]
 403 0126 00BF     		.p2align 2
 404              	.L43:
 405 0128 EB000000 		.word	.L29+1
 406 012c 5F010000 		.word	.L41+1
 407 0130 89010000 		.word	.L45+1
 408 0134 6D010000 		.word	.L44+1
 409 0138 3D010000 		.word	.L42+1
 410              		.p2align 1
 411              	.L42:
 240:./lwip-2.1.2/src/core/ipv4/ip4_addr.c ****         return 0;
 412              		.loc 1 240 7 is_stmt 1 view .LVU134
 240:./lwip-2.1.2/src/core/ipv4/ip4_addr.c ****         return 0;
 413              		.loc 1 240 10 is_stmt 0 view .LVU135
 414 013c FF29     		cmp	r1, #255
 415 013e D4D8     		bhi	.L29
 243:./lwip-2.1.2/src/core/ipv4/ip4_addr.c ****         return 0;
 416              		.loc 1 243 7 is_stmt 1 view .LVU136
 243:./lwip-2.1.2/src/core/ipv4/ip4_addr.c ****         return 0;
 417              		.loc 1 243 17 is_stmt 0 view .LVU137
 418 0140 0098     		ldr	r0, [sp]
 419              	.LVL45:
 243:./lwip-2.1.2/src/core/ipv4/ip4_addr.c ****         return 0;
 420              		.loc 1 243 10 view .LVU138
 421 0142 FF28     		cmp	r0, #255
 422 0144 D1D8     		bhi	.L29
 243:./lwip-2.1.2/src/core/ipv4/ip4_addr.c ****         return 0;
 423              		.loc 1 243 38 discriminator 1 view .LVU139
 424 0146 019B     		ldr	r3, [sp, #4]
 243:./lwip-2.1.2/src/core/ipv4/ip4_addr.c ****         return 0;
 425              		.loc 1 243 29 discriminator 1 view .LVU140
 426 0148 FF2B     		cmp	r3, #255
 427 014a CED8     		bhi	.L29
 243:./lwip-2.1.2/src/core/ipv4/ip4_addr.c ****         return 0;
 428              		.loc 1 243 59 discriminator 2 view .LVU141
 429 014c 029A     		ldr	r2, [sp, #8]
 243:./lwip-2.1.2/src/core/ipv4/ip4_addr.c ****         return 0;
 430              		.loc 1 243 50 discriminator 2 view .LVU142
 431 014e FF2A     		cmp	r2, #255
 432 0150 CBD8     		bhi	.L29
 246:./lwip-2.1.2/src/core/ipv4/ip4_addr.c ****       break;
 433              		.loc 1 246 7 is_stmt 1 view .LVU143
 246:./lwip-2.1.2/src/core/ipv4/ip4_addr.c ****       break;
 434              		.loc 1 246 43 is_stmt 0 view .LVU144
 435 0152 1B04     		lsls	r3, r3, #16
 246:./lwip-2.1.2/src/core/ipv4/ip4_addr.c ****       break;
 436              		.loc 1 246 31 view .LVU145
 437 0154 43EA0063 		orr	r3, r3, r0, lsl #24
 246:./lwip-2.1.2/src/core/ipv4/ip4_addr.c ****       break;
 438              		.loc 1 246 50 view .LVU146
 439 0158 43EA0223 		orr	r3, r3, r2, lsl #8
 246:./lwip-2.1.2/src/core/ipv4/ip4_addr.c ****       break;
 440              		.loc 1 246 11 view .LVU147
 441 015c 1943     		orrs	r1, r1, r3
 442              	.LVL46:
 247:./lwip-2.1.2/src/core/ipv4/ip4_addr.c ****     default:
 443              		.loc 1 247 7 is_stmt 1 view .LVU148
 444              	.L41:
 252:./lwip-2.1.2/src/core/ipv4/ip4_addr.c ****     ip4_addr_set_u32(addr, lwip_htonl(val));
 445              		.loc 1 252 3 view .LVU149
 252:./lwip-2.1.2/src/core/ipv4/ip4_addr.c ****     ip4_addr_set_u32(addr, lwip_htonl(val));
 446              		.loc 1 252 6 is_stmt 0 view .LVU150
 447 015e 1EB1     		cbz	r6, .L47
 253:./lwip-2.1.2/src/core/ipv4/ip4_addr.c ****   }
 448              		.loc 1 253 5 is_stmt 1 view .LVU151
 449 0160 0846     		mov	r0, r1
 450 0162 FFF7FEFF 		bl	lwip_htonl
 451              	.LVL47:
 253:./lwip-2.1.2/src/core/ipv4/ip4_addr.c ****   }
 452              		.loc 1 253 5 is_stmt 0 discriminator 1 view .LVU152
 453 0166 3060     		str	r0, [r6]
 454              	.L47:
 255:./lwip-2.1.2/src/core/ipv4/ip4_addr.c **** }
 455              		.loc 1 255 10 view .LVU153
 456 0168 0120     		movs	r0, #1
 457 016a BFE7     		b	.L27
 458              	.LVL48:
 459              	.L44:
 230:./lwip-2.1.2/src/core/ipv4/ip4_addr.c ****         return 0;
 460              		.loc 1 230 7 is_stmt 1 view .LVU154
 230:./lwip-2.1.2/src/core/ipv4/ip4_addr.c ****         return 0;
 461              		.loc 1 230 10 is_stmt 0 view .LVU155
 462 016c B1F5803F 		cmp	r1, #65536
 463 0170 BBD2     		bcs	.L29
 233:./lwip-2.1.2/src/core/ipv4/ip4_addr.c ****         return 0;
 464              		.loc 1 233 7 is_stmt 1 view .LVU156
 233:./lwip-2.1.2/src/core/ipv4/ip4_addr.c ****         return 0;
 465              		.loc 1 233 17 is_stmt 0 view .LVU157
 466 0172 009A     		ldr	r2, [sp]
 233:./lwip-2.1.2/src/core/ipv4/ip4_addr.c ****         return 0;
 467              		.loc 1 233 10 view .LVU158
 468 0174 FF2A     		cmp	r2, #255
 469 0176 B8D8     		bhi	.L29
 233:./lwip-2.1.2/src/core/ipv4/ip4_addr.c ****         return 0;
 470              		.loc 1 233 38 discriminator 1 view .LVU159
 471 0178 019B     		ldr	r3, [sp, #4]
 233:./lwip-2.1.2/src/core/ipv4/ip4_addr.c ****         return 0;
 472              		.loc 1 233 29 discriminator 1 view .LVU160
 473 017a FF2B     		cmp	r3, #255
 474 017c B5D8     		bhi	.L29
 236:./lwip-2.1.2/src/core/ipv4/ip4_addr.c ****       break;
 475              		.loc 1 236 7 is_stmt 1 view .LVU161
 236:./lwip-2.1.2/src/core/ipv4/ip4_addr.c ****       break;
 476              		.loc 1 236 43 is_stmt 0 view .LVU162
 477 017e 1B04     		lsls	r3, r3, #16
 236:./lwip-2.1.2/src/core/ipv4/ip4_addr.c ****       break;
 478              		.loc 1 236 31 view .LVU163
 479 0180 43EA0263 		orr	r3, r3, r2, lsl #24
 236:./lwip-2.1.2/src/core/ipv4/ip4_addr.c ****       break;
 480              		.loc 1 236 11 view .LVU164
 481 0184 1943     		orrs	r1, r1, r3
 482              	.LVL49:
 237:./lwip-2.1.2/src/core/ipv4/ip4_addr.c **** 
 483              		.loc 1 237 7 is_stmt 1 view .LVU165
 484 0186 EAE7     		b	.L41
 485              	.L45:
 220:./lwip-2.1.2/src/core/ipv4/ip4_addr.c ****         return 0;
 486              		.loc 1 220 7 view .LVU166
 220:./lwip-2.1.2/src/core/ipv4/ip4_addr.c ****         return 0;
 487              		.loc 1 220 10 is_stmt 0 view .LVU167
 488 0188 B1F1807F 		cmp	r1, #16777216
 489 018c ADD2     		bcs	.L29
 223:./lwip-2.1.2/src/core/ipv4/ip4_addr.c ****         return 0;
 490              		.loc 1 223 7 is_stmt 1 view .LVU168
 223:./lwip-2.1.2/src/core/ipv4/ip4_addr.c ****         return 0;
 491              		.loc 1 223 16 is_stmt 0 view .LVU169
 492 018e 009B     		ldr	r3, [sp]
 223:./lwip-2.1.2/src/core/ipv4/ip4_addr.c ****         return 0;
 493              		.loc 1 223 10 view .LVU170
 494 0190 FF2B     		cmp	r3, #255
 495 0192 AAD8     		bhi	.L29
 226:./lwip-2.1.2/src/core/ipv4/ip4_addr.c ****       break;
 496              		.loc 1 226 7 is_stmt 1 view .LVU171
 226:./lwip-2.1.2/src/core/ipv4/ip4_addr.c ****       break;
 497              		.loc 1 226 11 is_stmt 0 view .LVU172
 498 0194 41EA0361 		orr	r1, r1, r3, lsl #24
 499              	.LVL50:
 227:./lwip-2.1.2/src/core/ipv4/ip4_addr.c **** 
 500              		.loc 1 227 7 is_stmt 1 view .LVU173
 501 0198 E1E7     		b	.L41
 502              	.L69:
 503 019a 00BF     		.align	2
 504              	.L68:
 505 019c 01000000 		.word	_ctype_+1
 506              		.cfi_endproc
 507              	.LFE29:
 509              		.align	1
 510              		.p2align 2,,3
 511              		.global	ipaddr_addr
 512              		.syntax unified
 513              		.thumb
 514              		.thumb_func
 516              	ipaddr_addr:
 517              	.LVL51:
 518              	.LFB28:
 124:./lwip-2.1.2/src/core/ipv4/ip4_addr.c ****   ip4_addr_t val;
 519              		.loc 1 124 1 view -0
 520              		.cfi_startproc
 521              		@ args = 0, pretend = 0, frame = 8
 522              		@ frame_needed = 0, uses_anonymous_args = 0
 125:./lwip-2.1.2/src/core/ipv4/ip4_addr.c **** 
 523              		.loc 1 125 3 view .LVU175
 127:./lwip-2.1.2/src/core/ipv4/ip4_addr.c ****     return ip4_addr_get_u32(&val);
 524              		.loc 1 127 3 view .LVU176
 124:./lwip-2.1.2/src/core/ipv4/ip4_addr.c ****   ip4_addr_t val;
 525              		.loc 1 124 1 is_stmt 0 view .LVU177
 526 01a0 00B5     		push	{lr}
 527              	.LCFI5:
 528              		.cfi_def_cfa_offset 4
 529              		.cfi_offset 14, -4
 530 01a2 83B0     		sub	sp, sp, #12
 531              	.LCFI6:
 532              		.cfi_def_cfa_offset 16
 127:./lwip-2.1.2/src/core/ipv4/ip4_addr.c ****     return ip4_addr_get_u32(&val);
 533              		.loc 1 127 7 view .LVU178
 534 01a4 01A9     		add	r1, sp, #4
 535 01a6 FFF7FEFF 		bl	ip4addr_aton
 536              	.LVL52:
 127:./lwip-2.1.2/src/core/ipv4/ip4_addr.c ****     return ip4_addr_get_u32(&val);
 537              		.loc 1 127 6 discriminator 1 view .LVU179
 538 01aa 20B9     		cbnz	r0, .L74
 130:./lwip-2.1.2/src/core/ipv4/ip4_addr.c **** }
 539              		.loc 1 130 10 view .LVU180
 540 01ac 4FF0FF30 		mov	r0, #-1
 131:./lwip-2.1.2/src/core/ipv4/ip4_addr.c **** 
 541              		.loc 1 131 1 view .LVU181
 542 01b0 03B0     		add	sp, sp, #12
 543              	.LCFI7:
 544              		.cfi_remember_state
 545              		.cfi_def_cfa_offset 4
 546              		@ sp needed
 547 01b2 5DF804FB 		ldr	pc, [sp], #4
 548              	.L74:
 549              	.LCFI8:
 550              		.cfi_restore_state
 128:./lwip-2.1.2/src/core/ipv4/ip4_addr.c ****   }
 551              		.loc 1 128 5 is_stmt 1 view .LVU182
 128:./lwip-2.1.2/src/core/ipv4/ip4_addr.c ****   }
 552              		.loc 1 128 12 is_stmt 0 view .LVU183
 553 01b6 0198     		ldr	r0, [sp, #4]
 131:./lwip-2.1.2/src/core/ipv4/ip4_addr.c **** 
 554              		.loc 1 131 1 view .LVU184
 555 01b8 03B0     		add	sp, sp, #12
 556              	.LCFI9:
 557              		.cfi_def_cfa_offset 4
 558              		@ sp needed
 559 01ba 5DF804FB 		ldr	pc, [sp], #4
 560              		.cfi_endproc
 561              	.LFE28:
 563              		.align	1
 564 01be 00BF     		.p2align 2,,3
 565              		.global	ip4addr_ntoa_r
 566              		.syntax unified
 567              		.thumb
 568              		.thumb_func
 570              	ip4addr_ntoa_r:
 571              	.LVL53:
 572              	.LFB31:
 257:./lwip-2.1.2/src/core/ipv4/ip4_addr.c **** 
 258:./lwip-2.1.2/src/core/ipv4/ip4_addr.c **** /**
 259:./lwip-2.1.2/src/core/ipv4/ip4_addr.c ****  * Convert numeric IP address into decimal dotted ASCII representation.
 260:./lwip-2.1.2/src/core/ipv4/ip4_addr.c ****  * returns ptr to static buffer; not reentrant!
 261:./lwip-2.1.2/src/core/ipv4/ip4_addr.c ****  *
 262:./lwip-2.1.2/src/core/ipv4/ip4_addr.c ****  * @param addr ip address in network order to convert
 263:./lwip-2.1.2/src/core/ipv4/ip4_addr.c ****  * @return pointer to a global static (!) buffer that holds the ASCII
 264:./lwip-2.1.2/src/core/ipv4/ip4_addr.c ****  *         representation of addr
 265:./lwip-2.1.2/src/core/ipv4/ip4_addr.c ****  */
 266:./lwip-2.1.2/src/core/ipv4/ip4_addr.c **** char *
 267:./lwip-2.1.2/src/core/ipv4/ip4_addr.c **** ip4addr_ntoa(const ip4_addr_t *addr)
 268:./lwip-2.1.2/src/core/ipv4/ip4_addr.c **** {
 269:./lwip-2.1.2/src/core/ipv4/ip4_addr.c ****   static char str[IP4ADDR_STRLEN_MAX];
 270:./lwip-2.1.2/src/core/ipv4/ip4_addr.c ****   return ip4addr_ntoa_r(addr, str, IP4ADDR_STRLEN_MAX);
 271:./lwip-2.1.2/src/core/ipv4/ip4_addr.c **** }
 272:./lwip-2.1.2/src/core/ipv4/ip4_addr.c **** 
 273:./lwip-2.1.2/src/core/ipv4/ip4_addr.c **** /**
 274:./lwip-2.1.2/src/core/ipv4/ip4_addr.c ****  * Same as ip4addr_ntoa, but reentrant since a user-supplied buffer is used.
 275:./lwip-2.1.2/src/core/ipv4/ip4_addr.c ****  *
 276:./lwip-2.1.2/src/core/ipv4/ip4_addr.c ****  * @param addr ip address in network order to convert
 277:./lwip-2.1.2/src/core/ipv4/ip4_addr.c ****  * @param buf target buffer where the string is stored
 278:./lwip-2.1.2/src/core/ipv4/ip4_addr.c ****  * @param buflen length of buf
 279:./lwip-2.1.2/src/core/ipv4/ip4_addr.c ****  * @return either pointer to buf which now holds the ASCII
 280:./lwip-2.1.2/src/core/ipv4/ip4_addr.c ****  *         representation of addr or NULL if buf was too small
 281:./lwip-2.1.2/src/core/ipv4/ip4_addr.c ****  */
 282:./lwip-2.1.2/src/core/ipv4/ip4_addr.c **** char *
 283:./lwip-2.1.2/src/core/ipv4/ip4_addr.c **** ip4addr_ntoa_r(const ip4_addr_t *addr, char *buf, int buflen)
 284:./lwip-2.1.2/src/core/ipv4/ip4_addr.c **** {
 573              		.loc 1 284 1 is_stmt 1 view -0
 574              		.cfi_startproc
 575              		@ args = 0, pretend = 0, frame = 16
 576              		@ frame_needed = 0, uses_anonymous_args = 0
 285:./lwip-2.1.2/src/core/ipv4/ip4_addr.c ****   u32_t s_addr;
 577              		.loc 1 285 3 view .LVU186
 286:./lwip-2.1.2/src/core/ipv4/ip4_addr.c ****   char inv[3];
 578              		.loc 1 286 3 view .LVU187
 287:./lwip-2.1.2/src/core/ipv4/ip4_addr.c ****   char *rp;
 579              		.loc 1 287 3 view .LVU188
 288:./lwip-2.1.2/src/core/ipv4/ip4_addr.c ****   u8_t *ap;
 580              		.loc 1 288 3 view .LVU189
 289:./lwip-2.1.2/src/core/ipv4/ip4_addr.c ****   u8_t rem;
 581              		.loc 1 289 3 view .LVU190
 290:./lwip-2.1.2/src/core/ipv4/ip4_addr.c ****   u8_t n;
 582              		.loc 1 290 3 view .LVU191
 291:./lwip-2.1.2/src/core/ipv4/ip4_addr.c ****   u8_t i;
 583              		.loc 1 291 3 view .LVU192
 292:./lwip-2.1.2/src/core/ipv4/ip4_addr.c ****   int len = 0;
 584              		.loc 1 292 3 view .LVU193
 293:./lwip-2.1.2/src/core/ipv4/ip4_addr.c **** 
 294:./lwip-2.1.2/src/core/ipv4/ip4_addr.c ****   s_addr = ip4_addr_get_u32(addr);
 585              		.loc 1 294 3 view .LVU194
 284:./lwip-2.1.2/src/core/ipv4/ip4_addr.c ****   u32_t s_addr;
 586              		.loc 1 284 1 is_stmt 0 view .LVU195
 587 01c0 2DE9F04F 		push	{r4, r5, r6, r7, r8, r9, r10, fp, lr}
 588              	.LCFI10:
 589              		.cfi_def_cfa_offset 36
 590              		.cfi_offset 4, -36
 591              		.cfi_offset 5, -32
 592              		.cfi_offset 6, -28
 593              		.cfi_offset 7, -24
 594              		.cfi_offset 8, -20
 595              		.cfi_offset 9, -16
 596              		.cfi_offset 10, -12
 597              		.cfi_offset 11, -8
 598              		.cfi_offset 14, -4
 599              		.loc 1 294 10 view .LVU196
 600 01c4 0368     		ldr	r3, [r0]
 284:./lwip-2.1.2/src/core/ipv4/ip4_addr.c ****   u32_t s_addr;
 601              		.loc 1 284 1 view .LVU197
 602 01c6 85B0     		sub	sp, sp, #20
 603              	.LCFI11:
 604              		.cfi_def_cfa_offset 56
 292:./lwip-2.1.2/src/core/ipv4/ip4_addr.c ****   int len = 0;
 605              		.loc 1 292 7 view .LVU198
 606 01c8 4FF00008 		mov	r8, #0
 607 01cc 541C     		adds	r4, r2, #1
 608              		.loc 1 294 10 view .LVU199
 609 01ce 0393     		str	r3, [sp, #12]
 610 01d0 1346     		mov	r3, r2
 611 01d2 03AF     		add	r7, sp, #12
 295:./lwip-2.1.2/src/core/ipv4/ip4_addr.c **** 
 296:./lwip-2.1.2/src/core/ipv4/ip4_addr.c ****   rp = buf;
 612              		.loc 1 296 3 is_stmt 1 view .LVU200
 613              	.LVL54:
 297:./lwip-2.1.2/src/core/ipv4/ip4_addr.c ****   ap = (u8_t *)&s_addr;
 614              		.loc 1 297 3 view .LVU201
 298:./lwip-2.1.2/src/core/ipv4/ip4_addr.c ****   for (n = 0; n < 4; n++) {
 615              		.loc 1 298 3 view .LVU202
 616              		.loc 1 298 17 discriminator 1 view .LVU203
 617 01d4 0DF1100B 		add	fp, sp, #16
 296:./lwip-2.1.2/src/core/ipv4/ip4_addr.c ****   ap = (u8_t *)&s_addr;
 618              		.loc 1 296 6 is_stmt 0 view .LVU204
 619 01d8 8E46     		mov	lr, r1
 299:./lwip-2.1.2/src/core/ipv4/ip4_addr.c ****     i = 0;
 300:./lwip-2.1.2/src/core/ipv4/ip4_addr.c ****     do {
 301:./lwip-2.1.2/src/core/ipv4/ip4_addr.c ****       rem = *ap % (u8_t)10;
 620              		.loc 1 301 11 view .LVU205
 621 01da 294E     		ldr	r6, .L88
 299:./lwip-2.1.2/src/core/ipv4/ip4_addr.c ****     i = 0;
 622              		.loc 1 299 7 view .LVU206
 623 01dc C146     		mov	r9, r8
 624 01de 02AD     		add	r5, sp, #8
 625 01e0 0A46     		mov	r2, r1
 626              	.LVL55:
 299:./lwip-2.1.2/src/core/ipv4/ip4_addr.c ****     i = 0;
 627              		.loc 1 299 7 view .LVU207
 628 01e2 9C46     		mov	ip, r3
 629              	.LVL56:
 630              	.L82:
 299:./lwip-2.1.2/src/core/ipv4/ip4_addr.c ****     i = 0;
 631              		.loc 1 299 7 view .LVU208
 632 01e4 17F8010B 		ldrb	r0, [r7], #1	@ zero_extendqisi2
 633              	.LVL57:
 299:./lwip-2.1.2/src/core/ipv4/ip4_addr.c ****     i = 0;
 634              		.loc 1 299 7 view .LVU209
 635 01e8 0021     		movs	r1, #0
 636 01ea CDE90078 		strd	r7, r8, [sp]
 637              	.LVL58:
 638              	.L76:
 300:./lwip-2.1.2/src/core/ipv4/ip4_addr.c ****       rem = *ap % (u8_t)10;
 639              		.loc 1 300 5 is_stmt 1 view .LVU210
 640              		.loc 1 301 7 view .LVU211
 641              		.loc 1 301 11 is_stmt 0 view .LVU212
 642 01ee A6FB003A 		umull	r3, r10, r6, r0
 643 01f2 0B46     		mov	r3, r1
 644 01f4 8046     		mov	r8, r0
 302:./lwip-2.1.2/src/core/ipv4/ip4_addr.c ****       *ap /= (u8_t)10;
 303:./lwip-2.1.2/src/core/ipv4/ip4_addr.c ****       inv[i++] = (char)('0' + rem);
 645              		.loc 1 303 12 view .LVU213
 646 01f6 0131     		adds	r1, r1, #1
 647              	.LVL59:
 301:./lwip-2.1.2/src/core/ipv4/ip4_addr.c ****       *ap /= (u8_t)10;
 648              		.loc 1 301 11 view .LVU214
 649 01f8 4FEADA0A 		lsr	r10, r10, #3
 304:./lwip-2.1.2/src/core/ipv4/ip4_addr.c ****     } while (*ap);
 650              		.loc 1 304 14 discriminator 1 view .LVU215
 651 01fc B8F1090F 		cmp	r8, #9
 303:./lwip-2.1.2/src/core/ipv4/ip4_addr.c ****     } while (*ap);
 652              		.loc 1 303 12 view .LVU216
 653 0200 C9B2     		uxtb	r1, r1
 301:./lwip-2.1.2/src/core/ipv4/ip4_addr.c ****       *ap /= (u8_t)10;
 654              		.loc 1 301 11 view .LVU217
 655 0202 0AEB8A07 		add	r7, r10, r10, lsl #2
 656 0206 A0EB4707 		sub	r7, r0, r7, lsl #1
 657              	.LVL60:
 302:./lwip-2.1.2/src/core/ipv4/ip4_addr.c ****       inv[i++] = (char)('0' + rem);
 658              		.loc 1 302 7 is_stmt 1 view .LVU218
 302:./lwip-2.1.2/src/core/ipv4/ip4_addr.c ****       inv[i++] = (char)('0' + rem);
 659              		.loc 1 302 11 is_stmt 0 view .LVU219
 660 020a 5FFA8AF0 		uxtb	r0, r10
 303:./lwip-2.1.2/src/core/ipv4/ip4_addr.c ****     } while (*ap);
 661              		.loc 1 303 7 is_stmt 1 view .LVU220
 662              	.LVL61:
 303:./lwip-2.1.2/src/core/ipv4/ip4_addr.c ****     } while (*ap);
 663              		.loc 1 303 16 is_stmt 0 view .LVU221
 664 020e 03F1100A 		add	r10, r3, #16
 303:./lwip-2.1.2/src/core/ipv4/ip4_addr.c ****     } while (*ap);
 665              		.loc 1 303 18 view .LVU222
 666 0212 07F13007 		add	r7, r7, #48
 667              	.LVL62:
 303:./lwip-2.1.2/src/core/ipv4/ip4_addr.c ****     } while (*ap);
 668              		.loc 1 303 16 view .LVU223
 669 0216 EA44     		add	r10, sp, r10
 670 0218 0AF8087C 		strb	r7, [r10, #-8]
 671              		.loc 1 304 14 is_stmt 1 discriminator 1 view .LVU224
 672 021c E7D8     		bhi	.L76
 673 021e DDE90078 		ldrd	r7, r8, [sp]
 674              	.LVL63:
 305:./lwip-2.1.2/src/core/ipv4/ip4_addr.c ****     while (i--) {
 306:./lwip-2.1.2/src/core/ipv4/ip4_addr.c ****       if (len++ >= buflen) {
 675              		.loc 1 306 14 is_stmt 0 view .LVU225
 676 0222 08F10100 		add	r0, r8, #1
 677 0226 07F8019C 		strb	r9, [r7, #-1]
 678              	.LVL64:
 305:./lwip-2.1.2/src/core/ipv4/ip4_addr.c ****     while (i--) {
 679              		.loc 1 305 12 is_stmt 1 view .LVU226
 305:./lwip-2.1.2/src/core/ipv4/ip4_addr.c ****     while (i--) {
 680              		.loc 1 305 12 is_stmt 0 view .LVU227
 681 022a 39B3     		cbz	r1, .L83
 682              		.loc 1 306 7 is_stmt 1 view .LVU228
 683              	.LVL65:
 684              		.loc 1 306 10 is_stmt 0 view .LVU229
 685 022c C445     		cmp	ip, r8
 686 022e 1ADD     		ble	.L78
 687 0230 2B44     		add	r3, r3, r5
 688 0232 01E0     		b	.L79
 689              	.LVL66:
 690              	.L81:
 691              		.loc 1 306 10 view .LVU230
 692 0234 8442     		cmp	r4, r0
 693 0236 16D0     		beq	.L78
 694              	.LVL67:
 695              	.L79:
 696              		.loc 1 306 7 is_stmt 1 view .LVU231
 307:./lwip-2.1.2/src/core/ipv4/ip4_addr.c ****         return NULL;
 308:./lwip-2.1.2/src/core/ipv4/ip4_addr.c ****       }
 309:./lwip-2.1.2/src/core/ipv4/ip4_addr.c ****       *rp++ = inv[i];
 697              		.loc 1 309 7 view .LVU232
 698              		.loc 1 309 18 is_stmt 0 view .LVU233
 699 0238 93F80080 		ldrb	r8, [r3]	@ zero_extendqisi2
 305:./lwip-2.1.2/src/core/ipv4/ip4_addr.c ****     while (i--) {
 700              		.loc 1 305 12 view .LVU234
 701 023c AB42     		cmp	r3, r5
 702 023e 8246     		mov	r10, r0
 703 0240 03F1FF33 		add	r3, r3, #-1
 306:./lwip-2.1.2/src/core/ipv4/ip4_addr.c ****         return NULL;
 704              		.loc 1 306 14 view .LVU235
 705 0244 00F10100 		add	r0, r0, #1
 706              	.LVL68:
 707              		.loc 1 309 13 view .LVU236
 708 0248 0EF8018B 		strb	r8, [lr], #1
 709              	.LVL69:
 305:./lwip-2.1.2/src/core/ipv4/ip4_addr.c ****     while (i--) {
 710              		.loc 1 305 12 is_stmt 1 view .LVU237
 305:./lwip-2.1.2/src/core/ipv4/ip4_addr.c ****     while (i--) {
 711              		.loc 1 305 12 is_stmt 0 view .LVU238
 712 024c F2D1     		bne	.L81
 713              	.LVL70:
 714              	.L77:
 310:./lwip-2.1.2/src/core/ipv4/ip4_addr.c ****     }
 311:./lwip-2.1.2/src/core/ipv4/ip4_addr.c ****     if (len++ >= buflen) {
 715              		.loc 1 311 5 is_stmt 1 view .LVU239
 716              		.loc 1 311 8 is_stmt 0 view .LVU240
 717 024e D445     		cmp	ip, r10
 718              		.loc 1 311 12 view .LVU241
 719 0250 0AF10108 		add	r8, r10, #1
 720              	.LVL71:
 721              		.loc 1 311 8 view .LVU242
 722 0254 07DD     		ble	.L78
 312:./lwip-2.1.2/src/core/ipv4/ip4_addr.c ****       return NULL;
 313:./lwip-2.1.2/src/core/ipv4/ip4_addr.c ****     }
 314:./lwip-2.1.2/src/core/ipv4/ip4_addr.c ****     *rp++ = '.';
 723              		.loc 1 314 5 is_stmt 1 view .LVU243
 724              		.loc 1 314 8 is_stmt 0 view .LVU244
 725 0256 7346     		mov	r3, lr
 726              	.LVL72:
 727              		.loc 1 314 11 view .LVU245
 728 0258 2E21     		movs	r1, #46
 298:./lwip-2.1.2/src/core/ipv4/ip4_addr.c ****     i = 0;
 729              		.loc 1 298 17 discriminator 1 view .LVU246
 730 025a 5F45     		cmp	r7, fp
 731              		.loc 1 314 11 view .LVU247
 732 025c 03F8011B 		strb	r1, [r3], #1
 733              	.LVL73:
 315:./lwip-2.1.2/src/core/ipv4/ip4_addr.c ****     ap++;
 734              		.loc 1 315 5 is_stmt 1 view .LVU248
 298:./lwip-2.1.2/src/core/ipv4/ip4_addr.c ****     i = 0;
 735              		.loc 1 298 23 discriminator 2 view .LVU249
 298:./lwip-2.1.2/src/core/ipv4/ip4_addr.c ****     i = 0;
 736              		.loc 1 298 17 discriminator 1 view .LVU250
 737 0260 05D0     		beq	.L87
 738 0262 9E46     		mov	lr, r3
 739 0264 BEE7     		b	.L82
 740              	.LVL74:
 741              	.L78:
 307:./lwip-2.1.2/src/core/ipv4/ip4_addr.c ****       }
 742              		.loc 1 307 16 is_stmt 0 view .LVU251
 743 0266 0020     		movs	r0, #0
 316:./lwip-2.1.2/src/core/ipv4/ip4_addr.c ****   }
 317:./lwip-2.1.2/src/core/ipv4/ip4_addr.c ****   *--rp = 0;
 318:./lwip-2.1.2/src/core/ipv4/ip4_addr.c ****   return buf;
 319:./lwip-2.1.2/src/core/ipv4/ip4_addr.c **** }
 744              		.loc 1 319 1 view .LVU252
 745 0268 05B0     		add	sp, sp, #20
 746              	.LCFI12:
 747              		.cfi_remember_state
 748              		.cfi_def_cfa_offset 36
 749              	.LVL75:
 750              		.loc 1 319 1 view .LVU253
 751              		@ sp needed
 752 026a BDE8F08F 		pop	{r4, r5, r6, r7, r8, r9, r10, fp, pc}
 753              	.LVL76:
 754              	.L87:
 755              	.LCFI13:
 756              		.cfi_restore_state
 317:./lwip-2.1.2/src/core/ipv4/ip4_addr.c ****   return buf;
 757              		.loc 1 317 3 is_stmt 1 view .LVU254
 317:./lwip-2.1.2/src/core/ipv4/ip4_addr.c ****   return buf;
 758              		.loc 1 317 9 is_stmt 0 view .LVU255
 759 026e 0023     		movs	r3, #0
 760              	.LVL77:
 318:./lwip-2.1.2/src/core/ipv4/ip4_addr.c **** }
 761              		.loc 1 318 10 view .LVU256
 762 0270 1046     		mov	r0, r2
 317:./lwip-2.1.2/src/core/ipv4/ip4_addr.c ****   return buf;
 763              		.loc 1 317 9 view .LVU257
 764 0272 8EF80030 		strb	r3, [lr]
 318:./lwip-2.1.2/src/core/ipv4/ip4_addr.c **** }
 765              		.loc 1 318 3 is_stmt 1 view .LVU258
 766              		.loc 1 319 1 is_stmt 0 view .LVU259
 767 0276 05B0     		add	sp, sp, #20
 768              	.LCFI14:
 769              		.cfi_remember_state
 770              		.cfi_def_cfa_offset 36
 771              		@ sp needed
 772 0278 BDE8F08F 		pop	{r4, r5, r6, r7, r8, r9, r10, fp, pc}
 773              	.LVL78:
 774              	.L83:
 775              	.LCFI15:
 776              		.cfi_restore_state
 305:./lwip-2.1.2/src/core/ipv4/ip4_addr.c ****       if (len++ >= buflen) {
 777              		.loc 1 305 12 view .LVU260
 778 027c C246     		mov	r10, r8
 779 027e E6E7     		b	.L77
 780              	.L89:
 781              		.align	2
 782              	.L88:
 783 0280 CDCCCCCC 		.word	-858993459
 784              		.cfi_endproc
 785              	.LFE31:
 787              		.align	1
 788              		.p2align 2,,3
 789              		.global	ip4addr_ntoa
 790              		.syntax unified
 791              		.thumb
 792              		.thumb_func
 794              	ip4addr_ntoa:
 795              	.LVL79:
 796              	.LFB30:
 268:./lwip-2.1.2/src/core/ipv4/ip4_addr.c ****   static char str[IP4ADDR_STRLEN_MAX];
 797              		.loc 1 268 1 is_stmt 1 view -0
 798              		.cfi_startproc
 799              		@ args = 0, pretend = 0, frame = 0
 800              		@ frame_needed = 0, uses_anonymous_args = 0
 801              		@ link register save eliminated.
 269:./lwip-2.1.2/src/core/ipv4/ip4_addr.c ****   return ip4addr_ntoa_r(addr, str, IP4ADDR_STRLEN_MAX);
 802              		.loc 1 269 3 view .LVU262
 270:./lwip-2.1.2/src/core/ipv4/ip4_addr.c **** }
 803              		.loc 1 270 3 view .LVU263
 270:./lwip-2.1.2/src/core/ipv4/ip4_addr.c **** }
 804              		.loc 1 270 10 is_stmt 0 view .LVU264
 805 0284 1022     		movs	r2, #16
 806 0286 0149     		ldr	r1, .L91
 807 0288 FFF7FEBF 		b	ip4addr_ntoa_r
 808              	.LVL80:
 809              	.L92:
 270:./lwip-2.1.2/src/core/ipv4/ip4_addr.c **** }
 810              		.loc 1 270 10 view .LVU265
 811              		.align	2
 812              	.L91:
 813 028c 00000000 		.word	.LANCHOR0
 814              		.cfi_endproc
 815              	.LFE30:
 817              		.global	ip_addr_broadcast
 818              		.global	ip_addr_any
 819              		.section	.rodata
 820              		.align	2
 823              	ip_addr_broadcast:
 824 0000 FFFFFFFF 		.word	-1
 827              	ip_addr_any:
 828 0004 00000000 		.space	4
 829              		.bss
 830              		.align	2
 831              		.set	.LANCHOR0,. + 0
 834              	str.0:
 835 0000 00000000 		.space	16
 835      00000000 
 835      00000000 
 835      00000000 
 836              		.text
 837              	.Letext0:
 838              		.file 2 "C:\\ST\\STM32CubeCLT_1.18.0\\GNU-tools-for-STM32\\bin\\../lib/gcc/arm-none-eabi/13.3.1/..
 839              		.file 3 "C:\\ST\\STM32CubeCLT_1.18.0\\GNU-tools-for-STM32\\bin\\../lib/gcc/arm-none-eabi/13.3.1/..
 840              		.file 4 "./lwip-2.1.2/src/include/lwip/arch.h"
 841              		.file 5 "./lwip-2.1.2/src/include/lwip/ip4_addr.h"
 842              		.file 6 "./lwip-2.1.2/src/include/lwip/ip_addr.h"
 843              		.file 7 "C:\\ST\\STM32CubeCLT_1.18.0\\GNU-tools-for-STM32\\bin\\../lib/gcc/arm-none-eabi/13.3.1/..
 844              		.file 8 "./lwip-2.1.2/src/include/lwip/err.h"
 845              		.file 9 "./lwip-2.1.2/src/include/lwip/pbuf.h"
 846              		.file 10 "./lwip-2.1.2/src/include/lwip/netif.h"
 847              		.file 11 "./lwip-2.1.2/src/include/lwip/memp.h"
 848              		.file 12 "./lwip-2.1.2/src/include/lwip/def.h"
DEFINED SYMBOLS
                            *ABS*:00000000 ip4_addr.c
C:\Users\JAEJUN~1\AppData\Local\Temp\ccEERm3k.s:19     .text:00000000 $t
C:\Users\JAEJUN~1\AppData\Local\Temp\ccEERm3k.s:26     .text:00000000 ip4_addr_isbroadcast_u32
C:\Users\JAEJUN~1\AppData\Local\Temp\ccEERm3k.s:101    .text:00000038 ip4_addr_netmask_valid
C:\Users\JAEJUN~1\AppData\Local\Temp\ccEERm3k.s:189    .text:00000070 ip4addr_aton
C:\Users\JAEJUN~1\AppData\Local\Temp\ccEERm3k.s:405    .text:00000128 $d
C:\Users\JAEJUN~1\AppData\Local\Temp\ccEERm3k.s:410    .text:0000013c $t
C:\Users\JAEJUN~1\AppData\Local\Temp\ccEERm3k.s:505    .text:0000019c $d
C:\Users\JAEJUN~1\AppData\Local\Temp\ccEERm3k.s:509    .text:000001a0 $t
C:\Users\JAEJUN~1\AppData\Local\Temp\ccEERm3k.s:516    .text:000001a0 ipaddr_addr
C:\Users\JAEJUN~1\AppData\Local\Temp\ccEERm3k.s:570    .text:000001c0 ip4addr_ntoa_r
C:\Users\JAEJUN~1\AppData\Local\Temp\ccEERm3k.s:783    .text:00000280 $d
C:\Users\JAEJUN~1\AppData\Local\Temp\ccEERm3k.s:787    .text:00000284 $t
C:\Users\JAEJUN~1\AppData\Local\Temp\ccEERm3k.s:794    .text:00000284 ip4addr_ntoa
C:\Users\JAEJUN~1\AppData\Local\Temp\ccEERm3k.s:813    .text:0000028c $d
C:\Users\JAEJUN~1\AppData\Local\Temp\ccEERm3k.s:823    .rodata:00000000 ip_addr_broadcast
C:\Users\JAEJUN~1\AppData\Local\Temp\ccEERm3k.s:827    .rodata:00000004 ip_addr_any
C:\Users\JAEJUN~1\AppData\Local\Temp\ccEERm3k.s:820    .rodata:00000000 $d
C:\Users\JAEJUN~1\AppData\Local\Temp\ccEERm3k.s:830    .bss:00000000 $d
C:\Users\JAEJUN~1\AppData\Local\Temp\ccEERm3k.s:834    .bss:00000000 str.0

UNDEFINED SYMBOLS
lwip_htonl
_ctype_
