   1              		.cpu cortex-m7
   2              		.arch armv7e-m
   3              		.fpu fpv5-d16
   4              		.eabi_attribute 28, 1
   5              		.eabi_attribute 20, 1
   6              		.eabi_attribute 21, 1
   7              		.eabi_attribute 23, 3
   8              		.eabi_attribute 24, 1
   9              		.eabi_attribute 25, 1
  10              		.eabi_attribute 26, 1
  11              		.eabi_attribute 30, 2
  12              		.eabi_attribute 34, 1
  13              		.eabi_attribute 18, 4
  14              		.file	"netbuf.c"
  15              		.text
  16              	.Ltext0:
  17              		.cfi_sections	.debug_frame
  18              		.file 1 "./lwip-2.1.2/src/api/netbuf.c"
  19              		.align	1
  20              		.p2align 2,,3
  21              		.global	netbuf_new
  22              		.syntax unified
  23              		.thumb
  24              		.thumb_func
  26              	netbuf_new:
  27              	.LFB26:
   1:./lwip-2.1.2/src/api/netbuf.c **** /**
   2:./lwip-2.1.2/src/api/netbuf.c ****  * @file
   3:./lwip-2.1.2/src/api/netbuf.c ****  * Network buffer management
   4:./lwip-2.1.2/src/api/netbuf.c ****  *
   5:./lwip-2.1.2/src/api/netbuf.c ****  * @defgroup netbuf Network buffers
   6:./lwip-2.1.2/src/api/netbuf.c ****  * @ingroup netconn
   7:./lwip-2.1.2/src/api/netbuf.c ****  * Network buffer descriptor for @ref netconn. Based on @ref pbuf internally
   8:./lwip-2.1.2/src/api/netbuf.c ****  * to avoid copying data around.\n
   9:./lwip-2.1.2/src/api/netbuf.c ****  * Buffers must not be shared accross multiple threads, all functions except
  10:./lwip-2.1.2/src/api/netbuf.c ****  * netbuf_new() and netbuf_delete() are not thread-safe.
  11:./lwip-2.1.2/src/api/netbuf.c ****  */
  12:./lwip-2.1.2/src/api/netbuf.c **** 
  13:./lwip-2.1.2/src/api/netbuf.c **** /*
  14:./lwip-2.1.2/src/api/netbuf.c ****  * Copyright (c) 2001-2004 Swedish Institute of Computer Science.
  15:./lwip-2.1.2/src/api/netbuf.c ****  * All rights reserved.
  16:./lwip-2.1.2/src/api/netbuf.c ****  *
  17:./lwip-2.1.2/src/api/netbuf.c ****  * Redistribution and use in source and binary forms, with or without modification,
  18:./lwip-2.1.2/src/api/netbuf.c ****  * are permitted provided that the following conditions are met:
  19:./lwip-2.1.2/src/api/netbuf.c ****  *
  20:./lwip-2.1.2/src/api/netbuf.c ****  * 1. Redistributions of source code must retain the above copyright notice,
  21:./lwip-2.1.2/src/api/netbuf.c ****  *    this list of conditions and the following disclaimer.
  22:./lwip-2.1.2/src/api/netbuf.c ****  * 2. Redistributions in binary form must reproduce the above copyright notice,
  23:./lwip-2.1.2/src/api/netbuf.c ****  *    this list of conditions and the following disclaimer in the documentation
  24:./lwip-2.1.2/src/api/netbuf.c ****  *    and/or other materials provided with the distribution.
  25:./lwip-2.1.2/src/api/netbuf.c ****  * 3. The name of the author may not be used to endorse or promote products
  26:./lwip-2.1.2/src/api/netbuf.c ****  *    derived from this software without specific prior written permission.
  27:./lwip-2.1.2/src/api/netbuf.c ****  *
  28:./lwip-2.1.2/src/api/netbuf.c ****  * THIS SOFTWARE IS PROVIDED BY THE AUTHOR ``AS IS'' AND ANY EXPRESS OR IMPLIED
  29:./lwip-2.1.2/src/api/netbuf.c ****  * WARRANTIES, INCLUDING, BUT NOT LIMITED TO, THE IMPLIED WARRANTIES OF
  30:./lwip-2.1.2/src/api/netbuf.c ****  * MERCHANTABILITY AND FITNESS FOR A PARTICULAR PURPOSE ARE DISCLAIMED. IN NO EVENT
  31:./lwip-2.1.2/src/api/netbuf.c ****  * SHALL THE AUTHOR BE LIABLE FOR ANY DIRECT, INDIRECT, INCIDENTAL, SPECIAL,
  32:./lwip-2.1.2/src/api/netbuf.c ****  * EXEMPLARY, OR CONSEQUENTIAL DAMAGES (INCLUDING, BUT NOT LIMITED TO, PROCUREMENT
  33:./lwip-2.1.2/src/api/netbuf.c ****  * OF SUBSTITUTE GOODS OR SERVICES; LOSS OF USE, DATA, OR PROFITS; OR BUSINESS
  34:./lwip-2.1.2/src/api/netbuf.c ****  * INTERRUPTION) HOWEVER CAUSED AND ON ANY THEORY OF LIABILITY, WHETHER IN
  35:./lwip-2.1.2/src/api/netbuf.c ****  * CONTRACT, STRICT LIABILITY, OR TORT (INCLUDING NEGLIGENCE OR OTHERWISE) ARISING
  36:./lwip-2.1.2/src/api/netbuf.c ****  * IN ANY WAY OUT OF THE USE OF THIS SOFTWARE, EVEN IF ADVISED OF THE POSSIBILITY
  37:./lwip-2.1.2/src/api/netbuf.c ****  * OF SUCH DAMAGE.
  38:./lwip-2.1.2/src/api/netbuf.c ****  *
  39:./lwip-2.1.2/src/api/netbuf.c ****  * This file is part of the lwIP TCP/IP stack.
  40:./lwip-2.1.2/src/api/netbuf.c ****  *
  41:./lwip-2.1.2/src/api/netbuf.c ****  * Author: Adam Dunkels <adam@sics.se>
  42:./lwip-2.1.2/src/api/netbuf.c ****  *
  43:./lwip-2.1.2/src/api/netbuf.c ****  */
  44:./lwip-2.1.2/src/api/netbuf.c **** 
  45:./lwip-2.1.2/src/api/netbuf.c **** #include "lwip/opt.h"
  46:./lwip-2.1.2/src/api/netbuf.c **** 
  47:./lwip-2.1.2/src/api/netbuf.c **** #if LWIP_NETCONN /* don't build if not configured for use in lwipopts.h */
  48:./lwip-2.1.2/src/api/netbuf.c **** 
  49:./lwip-2.1.2/src/api/netbuf.c **** #include "lwip/netbuf.h"
  50:./lwip-2.1.2/src/api/netbuf.c **** #include "lwip/memp.h"
  51:./lwip-2.1.2/src/api/netbuf.c **** 
  52:./lwip-2.1.2/src/api/netbuf.c **** #include <string.h>
  53:./lwip-2.1.2/src/api/netbuf.c **** 
  54:./lwip-2.1.2/src/api/netbuf.c **** /**
  55:./lwip-2.1.2/src/api/netbuf.c ****  * @ingroup netbuf
  56:./lwip-2.1.2/src/api/netbuf.c ****  * Create (allocate) and initialize a new netbuf.
  57:./lwip-2.1.2/src/api/netbuf.c ****  * The netbuf doesn't yet contain a packet buffer!
  58:./lwip-2.1.2/src/api/netbuf.c ****  *
  59:./lwip-2.1.2/src/api/netbuf.c ****  * @return a pointer to a new netbuf
  60:./lwip-2.1.2/src/api/netbuf.c ****  *         NULL on lack of memory
  61:./lwip-2.1.2/src/api/netbuf.c ****  */
  62:./lwip-2.1.2/src/api/netbuf.c **** struct
  63:./lwip-2.1.2/src/api/netbuf.c **** netbuf *netbuf_new(void)
  64:./lwip-2.1.2/src/api/netbuf.c **** {
  28              		.loc 1 64 1 view -0
  29              		.cfi_startproc
  30              		@ args = 0, pretend = 0, frame = 0
  31              		@ frame_needed = 0, uses_anonymous_args = 0
  65:./lwip-2.1.2/src/api/netbuf.c ****   struct netbuf *buf;
  32              		.loc 1 65 3 view .LVU1
  66:./lwip-2.1.2/src/api/netbuf.c **** 
  67:./lwip-2.1.2/src/api/netbuf.c ****   buf = (struct netbuf *)memp_malloc(MEMP_NETBUF);
  33              		.loc 1 67 3 view .LVU2
  64:./lwip-2.1.2/src/api/netbuf.c ****   struct netbuf *buf;
  34              		.loc 1 64 1 is_stmt 0 view .LVU3
  35 0000 08B5     		push	{r3, lr}
  36              	.LCFI0:
  37              		.cfi_def_cfa_offset 8
  38              		.cfi_offset 3, -8
  39              		.cfi_offset 14, -4
  40              		.loc 1 67 26 view .LVU4
  41 0002 0620     		movs	r0, #6
  42 0004 FFF7FEFF 		bl	memp_malloc
  43              	.LVL0:
  68:./lwip-2.1.2/src/api/netbuf.c ****   if (buf != NULL) {
  44              		.loc 1 68 3 is_stmt 1 view .LVU5
  45              		.loc 1 68 6 is_stmt 0 view .LVU6
  46 0008 20B1     		cbz	r0, .L1
  69:./lwip-2.1.2/src/api/netbuf.c ****     memset(buf, 0, sizeof(struct netbuf));
  47              		.loc 1 69 5 is_stmt 1 view .LVU7
  48 000a 0023     		movs	r3, #0
  49 000c 0360     		str	r3, [r0]	@ unaligned
  50 000e 4360     		str	r3, [r0, #4]	@ unaligned
  51 0010 8360     		str	r3, [r0, #8]	@ unaligned
  52 0012 C360     		str	r3, [r0, #12]	@ unaligned
  70:./lwip-2.1.2/src/api/netbuf.c ****   }
  71:./lwip-2.1.2/src/api/netbuf.c ****   return buf;
  53              		.loc 1 71 3 view .LVU8
  54              	.L1:
  72:./lwip-2.1.2/src/api/netbuf.c **** }
  55              		.loc 1 72 1 is_stmt 0 view .LVU9
  56 0014 08BD     		pop	{r3, pc}
  57              		.cfi_endproc
  58              	.LFE26:
  60              		.align	1
  61 0016 00BF     		.p2align 2,,3
  62              		.global	netbuf_delete
  63              		.syntax unified
  64              		.thumb
  65              		.thumb_func
  67              	netbuf_delete:
  68              	.LVL1:
  69              	.LFB27:
  73:./lwip-2.1.2/src/api/netbuf.c **** 
  74:./lwip-2.1.2/src/api/netbuf.c **** /**
  75:./lwip-2.1.2/src/api/netbuf.c ****  * @ingroup netbuf
  76:./lwip-2.1.2/src/api/netbuf.c ****  * Deallocate a netbuf allocated by netbuf_new().
  77:./lwip-2.1.2/src/api/netbuf.c ****  *
  78:./lwip-2.1.2/src/api/netbuf.c ****  * @param buf pointer to a netbuf allocated by netbuf_new()
  79:./lwip-2.1.2/src/api/netbuf.c ****  */
  80:./lwip-2.1.2/src/api/netbuf.c **** void
  81:./lwip-2.1.2/src/api/netbuf.c **** netbuf_delete(struct netbuf *buf)
  82:./lwip-2.1.2/src/api/netbuf.c **** {
  70              		.loc 1 82 1 is_stmt 1 view -0
  71              		.cfi_startproc
  72              		@ args = 0, pretend = 0, frame = 0
  73              		@ frame_needed = 0, uses_anonymous_args = 0
  83:./lwip-2.1.2/src/api/netbuf.c ****   if (buf != NULL) {
  74              		.loc 1 83 3 view .LVU11
  75              		.loc 1 83 6 is_stmt 0 view .LVU12
  76 0018 70B1     		cbz	r0, .L8
  84:./lwip-2.1.2/src/api/netbuf.c ****     if (buf->p != NULL) {
  77              		.loc 1 84 5 is_stmt 1 view .LVU13
  82:./lwip-2.1.2/src/api/netbuf.c ****   if (buf != NULL) {
  78              		.loc 1 82 1 is_stmt 0 view .LVU14
  79 001a 10B5     		push	{r4, lr}
  80              	.LCFI1:
  81              		.cfi_def_cfa_offset 8
  82              		.cfi_offset 4, -8
  83              		.cfi_offset 14, -4
  84 001c 0446     		mov	r4, r0
  85              		.loc 1 84 12 view .LVU15
  86 001e 0068     		ldr	r0, [r0]
  87              	.LVL2:
  88              		.loc 1 84 8 view .LVU16
  89 0020 20B1     		cbz	r0, .L10
  85:./lwip-2.1.2/src/api/netbuf.c ****       pbuf_free(buf->p);
  90              		.loc 1 85 7 is_stmt 1 view .LVU17
  91 0022 FFF7FEFF 		bl	pbuf_free
  92              	.LVL3:
  86:./lwip-2.1.2/src/api/netbuf.c ****       buf->p = buf->ptr = NULL;
  93              		.loc 1 86 7 view .LVU18
  94              		.loc 1 86 14 is_stmt 0 view .LVU19
  95 0026 0023     		movs	r3, #0
  96 0028 C4E90033 		strd	r3, r3, [r4]
  97              	.L10:
  87:./lwip-2.1.2/src/api/netbuf.c ****     }
  88:./lwip-2.1.2/src/api/netbuf.c ****     memp_free(MEMP_NETBUF, buf);
  98              		.loc 1 88 5 is_stmt 1 view .LVU20
  99 002c 2146     		mov	r1, r4
 100 002e 0620     		movs	r0, #6
  89:./lwip-2.1.2/src/api/netbuf.c ****   }
  90:./lwip-2.1.2/src/api/netbuf.c **** }
 101              		.loc 1 90 1 is_stmt 0 view .LVU21
 102 0030 BDE81040 		pop	{r4, lr}
 103              	.LCFI2:
 104              		.cfi_restore 14
 105              		.cfi_restore 4
 106              		.cfi_def_cfa_offset 0
 107              	.LVL4:
  88:./lwip-2.1.2/src/api/netbuf.c ****   }
 108              		.loc 1 88 5 view .LVU22
 109 0034 FFF7FEBF 		b	memp_free
 110              	.LVL5:
 111              	.L8:
  88:./lwip-2.1.2/src/api/netbuf.c ****   }
 112              		.loc 1 88 5 view .LVU23
 113 0038 7047     		bx	lr
 114              		.cfi_endproc
 115              	.LFE27:
 117              		.align	1
 118 003a 00BF     		.p2align 2,,3
 119              		.global	netbuf_alloc
 120              		.syntax unified
 121              		.thumb
 122              		.thumb_func
 124              	netbuf_alloc:
 125              	.LVL6:
 126              	.LFB28:
  91:./lwip-2.1.2/src/api/netbuf.c **** 
  92:./lwip-2.1.2/src/api/netbuf.c **** /**
  93:./lwip-2.1.2/src/api/netbuf.c ****  * @ingroup netbuf
  94:./lwip-2.1.2/src/api/netbuf.c ****  * Allocate memory for a packet buffer for a given netbuf.
  95:./lwip-2.1.2/src/api/netbuf.c ****  *
  96:./lwip-2.1.2/src/api/netbuf.c ****  * @param buf the netbuf for which to allocate a packet buffer
  97:./lwip-2.1.2/src/api/netbuf.c ****  * @param size the size of the packet buffer to allocate
  98:./lwip-2.1.2/src/api/netbuf.c ****  * @return pointer to the allocated memory
  99:./lwip-2.1.2/src/api/netbuf.c ****  *         NULL if no memory could be allocated
 100:./lwip-2.1.2/src/api/netbuf.c ****  */
 101:./lwip-2.1.2/src/api/netbuf.c **** void *
 102:./lwip-2.1.2/src/api/netbuf.c **** netbuf_alloc(struct netbuf *buf, u16_t size)
 103:./lwip-2.1.2/src/api/netbuf.c **** {
 127              		.loc 1 103 1 is_stmt 1 view -0
 128              		.cfi_startproc
 129              		@ args = 0, pretend = 0, frame = 0
 130              		@ frame_needed = 0, uses_anonymous_args = 0
 104:./lwip-2.1.2/src/api/netbuf.c ****   LWIP_ERROR("netbuf_alloc: invalid buf", (buf != NULL), return NULL;);
 131              		.loc 1 104 3 view .LVU25
 132              		.loc 1 104 3 view .LVU26
 133 003c A0B1     		cbz	r0, .L31
 134              		.loc 1 104 3 discriminator 2 view .LVU27
 135              		.loc 1 104 3 discriminator 2 view .LVU28
 105:./lwip-2.1.2/src/api/netbuf.c **** 
 106:./lwip-2.1.2/src/api/netbuf.c ****   /* Deallocate any previously allocated memory. */
 107:./lwip-2.1.2/src/api/netbuf.c ****   if (buf->p != NULL) {
 136              		.loc 1 107 3 view .LVU29
 103:./lwip-2.1.2/src/api/netbuf.c ****   LWIP_ERROR("netbuf_alloc: invalid buf", (buf != NULL), return NULL;);
 137              		.loc 1 103 1 is_stmt 0 view .LVU30
 138 003e 38B5     		push	{r3, r4, r5, lr}
 139              	.LCFI3:
 140              		.cfi_def_cfa_offset 16
 141              		.cfi_offset 3, -16
 142              		.cfi_offset 4, -12
 143              		.cfi_offset 5, -8
 144              		.cfi_offset 14, -4
 145 0040 0446     		mov	r4, r0
 146              		.loc 1 107 10 view .LVU31
 147 0042 0068     		ldr	r0, [r0]
 148              	.LVL7:
 149              		.loc 1 107 10 view .LVU32
 150 0044 0D46     		mov	r5, r1
 151              		.loc 1 107 6 view .LVU33
 152 0046 08B1     		cbz	r0, .L20
 108:./lwip-2.1.2/src/api/netbuf.c ****     pbuf_free(buf->p);
 153              		.loc 1 108 5 is_stmt 1 view .LVU34
 154 0048 FFF7FEFF 		bl	pbuf_free
 155              	.LVL8:
 156              	.L20:
 109:./lwip-2.1.2/src/api/netbuf.c ****   }
 110:./lwip-2.1.2/src/api/netbuf.c ****   buf->p = pbuf_alloc(PBUF_TRANSPORT, size, PBUF_RAM);
 157              		.loc 1 110 3 view .LVU35
 158              		.loc 1 110 12 is_stmt 0 view .LVU36
 159 004c 4FF42072 		mov	r2, #640
 160 0050 2946     		mov	r1, r5
 161 0052 3620     		movs	r0, #54
 162 0054 FFF7FEFF 		bl	pbuf_alloc
 163              	.LVL9:
 164 0058 0346     		mov	r3, r0
 165              		.loc 1 110 10 discriminator 1 view .LVU37
 166 005a 2060     		str	r0, [r4]
 111:./lwip-2.1.2/src/api/netbuf.c ****   if (buf->p == NULL) {
 167              		.loc 1 111 3 is_stmt 1 view .LVU38
 168              		.loc 1 111 6 is_stmt 0 view .LVU39
 169 005c 10B1     		cbz	r0, .L21
 112:./lwip-2.1.2/src/api/netbuf.c ****     return NULL;
 113:./lwip-2.1.2/src/api/netbuf.c ****   }
 114:./lwip-2.1.2/src/api/netbuf.c ****   LWIP_ASSERT("check that first pbuf can hold size",
 115:./lwip-2.1.2/src/api/netbuf.c ****               (buf->p->len >= size));
 170              		.loc 1 115 37 is_stmt 1 view .LVU40
 116:./lwip-2.1.2/src/api/netbuf.c ****   buf->ptr = buf->p;
 171              		.loc 1 116 3 view .LVU41
 117:./lwip-2.1.2/src/api/netbuf.c ****   return buf->p->payload;
 172              		.loc 1 117 16 is_stmt 0 view .LVU42
 173 005e 4068     		ldr	r0, [r0, #4]
 116:./lwip-2.1.2/src/api/netbuf.c ****   buf->ptr = buf->p;
 174              		.loc 1 116 12 view .LVU43
 175 0060 6360     		str	r3, [r4, #4]
 176              		.loc 1 117 3 is_stmt 1 view .LVU44
 118:./lwip-2.1.2/src/api/netbuf.c **** }
 177              		.loc 1 118 1 is_stmt 0 view .LVU45
 178 0062 38BD     		pop	{r3, r4, r5, pc}
 179              	.LVL10:
 180              	.L21:
 104:./lwip-2.1.2/src/api/netbuf.c **** 
 181              		.loc 1 104 3 discriminator 1 view .LVU46
 182 0064 0020     		movs	r0, #0
 183              		.loc 1 118 1 view .LVU47
 184 0066 38BD     		pop	{r3, r4, r5, pc}
 185              	.LVL11:
 186              	.L31:
 187              	.LCFI4:
 188              		.cfi_def_cfa_offset 0
 189              		.cfi_restore 3
 190              		.cfi_restore 4
 191              		.cfi_restore 5
 192              		.cfi_restore 14
 104:./lwip-2.1.2/src/api/netbuf.c **** 
 193              		.loc 1 104 3 discriminator 1 view .LVU48
 194 0068 0020     		movs	r0, #0
 195              	.LVL12:
 196              		.loc 1 118 1 view .LVU49
 197 006a 7047     		bx	lr
 198              		.cfi_endproc
 199              	.LFE28:
 201              		.align	1
 202              		.p2align 2,,3
 203              		.global	netbuf_free
 204              		.syntax unified
 205              		.thumb
 206              		.thumb_func
 208              	netbuf_free:
 209              	.LVL13:
 210              	.LFB29:
 119:./lwip-2.1.2/src/api/netbuf.c **** 
 120:./lwip-2.1.2/src/api/netbuf.c **** /**
 121:./lwip-2.1.2/src/api/netbuf.c ****  * @ingroup netbuf
 122:./lwip-2.1.2/src/api/netbuf.c ****  * Free the packet buffer included in a netbuf
 123:./lwip-2.1.2/src/api/netbuf.c ****  *
 124:./lwip-2.1.2/src/api/netbuf.c ****  * @param buf pointer to the netbuf which contains the packet buffer to free
 125:./lwip-2.1.2/src/api/netbuf.c ****  */
 126:./lwip-2.1.2/src/api/netbuf.c **** void
 127:./lwip-2.1.2/src/api/netbuf.c **** netbuf_free(struct netbuf *buf)
 128:./lwip-2.1.2/src/api/netbuf.c **** {
 211              		.loc 1 128 1 is_stmt 1 view -0
 212              		.cfi_startproc
 213              		@ args = 0, pretend = 0, frame = 0
 214              		@ frame_needed = 0, uses_anonymous_args = 0
 129:./lwip-2.1.2/src/api/netbuf.c ****   LWIP_ERROR("netbuf_free: invalid buf", (buf != NULL), return;);
 215              		.loc 1 129 3 view .LVU51
 216              		.loc 1 129 3 view .LVU52
 217 006c 48B1     		cbz	r0, .L42
 218              		.loc 1 129 3 discriminator 2 view .LVU53
 219              		.loc 1 129 3 discriminator 2 view .LVU54
 130:./lwip-2.1.2/src/api/netbuf.c ****   if (buf->p != NULL) {
 220              		.loc 1 130 3 view .LVU55
 128:./lwip-2.1.2/src/api/netbuf.c ****   LWIP_ERROR("netbuf_free: invalid buf", (buf != NULL), return;);
 221              		.loc 1 128 1 is_stmt 0 view .LVU56
 222 006e 10B5     		push	{r4, lr}
 223              	.LCFI5:
 224              		.cfi_def_cfa_offset 8
 225              		.cfi_offset 4, -8
 226              		.cfi_offset 14, -4
 227 0070 0446     		mov	r4, r0
 228              		.loc 1 130 10 view .LVU57
 229 0072 0068     		ldr	r0, [r0]
 230              	.LVL14:
 231              		.loc 1 130 6 view .LVU58
 232 0074 08B1     		cbz	r0, .L34
 131:./lwip-2.1.2/src/api/netbuf.c ****     pbuf_free(buf->p);
 233              		.loc 1 131 5 is_stmt 1 view .LVU59
 234 0076 FFF7FEFF 		bl	pbuf_free
 235              	.LVL15:
 236              	.L34:
 132:./lwip-2.1.2/src/api/netbuf.c ****   }
 133:./lwip-2.1.2/src/api/netbuf.c ****   buf->p = buf->ptr = NULL;
 237              		.loc 1 133 3 view .LVU60
 238              		.loc 1 133 10 is_stmt 0 view .LVU61
 239 007a 0023     		movs	r3, #0
 240 007c C4E90033 		strd	r3, r3, [r4]
 134:./lwip-2.1.2/src/api/netbuf.c **** #if LWIP_CHECKSUM_ON_COPY
 135:./lwip-2.1.2/src/api/netbuf.c ****   buf->flags = 0;
 136:./lwip-2.1.2/src/api/netbuf.c ****   buf->toport_chksum = 0;
 137:./lwip-2.1.2/src/api/netbuf.c **** #endif /* LWIP_CHECKSUM_ON_COPY */
 138:./lwip-2.1.2/src/api/netbuf.c **** }
 241              		.loc 1 138 1 view .LVU62
 242 0080 10BD     		pop	{r4, pc}
 243              	.LVL16:
 244              	.L42:
 245              	.LCFI6:
 246              		.cfi_def_cfa_offset 0
 247              		.cfi_restore 4
 248              		.cfi_restore 14
 249              		.loc 1 138 1 view .LVU63
 250 0082 7047     		bx	lr
 251              		.cfi_endproc
 252              	.LFE29:
 254              		.align	1
 255              		.p2align 2,,3
 256              		.global	netbuf_ref
 257              		.syntax unified
 258              		.thumb
 259              		.thumb_func
 261              	netbuf_ref:
 262              	.LVL17:
 263              	.LFB30:
 139:./lwip-2.1.2/src/api/netbuf.c **** 
 140:./lwip-2.1.2/src/api/netbuf.c **** /**
 141:./lwip-2.1.2/src/api/netbuf.c ****  * @ingroup netbuf
 142:./lwip-2.1.2/src/api/netbuf.c ****  * Let a netbuf reference existing (non-volatile) data.
 143:./lwip-2.1.2/src/api/netbuf.c ****  *
 144:./lwip-2.1.2/src/api/netbuf.c ****  * @param buf netbuf which should reference the data
 145:./lwip-2.1.2/src/api/netbuf.c ****  * @param dataptr pointer to the data to reference
 146:./lwip-2.1.2/src/api/netbuf.c ****  * @param size size of the data
 147:./lwip-2.1.2/src/api/netbuf.c ****  * @return ERR_OK if data is referenced
 148:./lwip-2.1.2/src/api/netbuf.c ****  *         ERR_MEM if data couldn't be referenced due to lack of memory
 149:./lwip-2.1.2/src/api/netbuf.c ****  */
 150:./lwip-2.1.2/src/api/netbuf.c **** err_t
 151:./lwip-2.1.2/src/api/netbuf.c **** netbuf_ref(struct netbuf *buf, const void *dataptr, u16_t size)
 152:./lwip-2.1.2/src/api/netbuf.c **** {
 264              		.loc 1 152 1 is_stmt 1 view -0
 265              		.cfi_startproc
 266              		@ args = 0, pretend = 0, frame = 0
 267              		@ frame_needed = 0, uses_anonymous_args = 0
 268              		.loc 1 152 1 is_stmt 0 view .LVU65
 269 0084 70B5     		push	{r4, r5, r6, lr}
 270              	.LCFI7:
 271              		.cfi_def_cfa_offset 16
 272              		.cfi_offset 4, -16
 273              		.cfi_offset 5, -12
 274              		.cfi_offset 6, -8
 275              		.cfi_offset 14, -4
 276 0086 0025     		movs	r5, #0
 277 0088 62F30F05 		bfi	r5, r2, #0, #16
 278              	.LVL18:
 279              		.loc 1 152 1 view .LVU66
 280 008c 62F31F45 		bfi	r5, r2, #16, #16
 153:./lwip-2.1.2/src/api/netbuf.c ****   LWIP_ERROR("netbuf_ref: invalid buf", (buf != NULL), return ERR_ARG;);
 281              		.loc 1 153 3 is_stmt 1 view .LVU67
 282              		.loc 1 153 3 view .LVU68
 283 0090 90B1     		cbz	r0, .L49
 284              		.loc 1 153 3 discriminator 2 view .LVU69
 285              		.loc 1 153 3 discriminator 2 view .LVU70
 154:./lwip-2.1.2/src/api/netbuf.c ****   if (buf->p != NULL) {
 286              		.loc 1 154 3 view .LVU71
 287 0092 0446     		mov	r4, r0
 288              		.loc 1 154 10 is_stmt 0 view .LVU72
 289 0094 0068     		ldr	r0, [r0]
 290              	.LVL19:
 291              		.loc 1 154 10 view .LVU73
 292 0096 0E46     		mov	r6, r1
 293              		.loc 1 154 6 view .LVU74
 294 0098 08B1     		cbz	r0, .L47
 155:./lwip-2.1.2/src/api/netbuf.c ****     pbuf_free(buf->p);
 295              		.loc 1 155 5 is_stmt 1 view .LVU75
 296 009a FFF7FEFF 		bl	pbuf_free
 297              	.LVL20:
 298              	.L47:
 156:./lwip-2.1.2/src/api/netbuf.c ****   }
 157:./lwip-2.1.2/src/api/netbuf.c ****   buf->p = pbuf_alloc(PBUF_TRANSPORT, 0, PBUF_REF);
 299              		.loc 1 157 3 view .LVU76
 300              		.loc 1 157 12 is_stmt 0 view .LVU77
 301 009e 4122     		movs	r2, #65
 302 00a0 0021     		movs	r1, #0
 303 00a2 3620     		movs	r0, #54
 304 00a4 FFF7FEFF 		bl	pbuf_alloc
 305              	.LVL21:
 306 00a8 0346     		mov	r3, r0
 307              		.loc 1 157 10 discriminator 1 view .LVU78
 308 00aa 2060     		str	r0, [r4]
 158:./lwip-2.1.2/src/api/netbuf.c ****   if (buf->p == NULL) {
 309              		.loc 1 158 3 is_stmt 1 view .LVU79
 310              		.loc 1 158 6 is_stmt 0 view .LVU80
 311 00ac 38B1     		cbz	r0, .L54
 159:./lwip-2.1.2/src/api/netbuf.c ****     buf->ptr = NULL;
 160:./lwip-2.1.2/src/api/netbuf.c ****     return ERR_MEM;
 161:./lwip-2.1.2/src/api/netbuf.c ****   }
 162:./lwip-2.1.2/src/api/netbuf.c ****   ((struct pbuf_rom *)buf->p)->payload = dataptr;
 312              		.loc 1 162 3 is_stmt 1 view .LVU81
 163:./lwip-2.1.2/src/api/netbuf.c ****   buf->p->len = buf->p->tot_len = size;
 313              		.loc 1 163 33 is_stmt 0 view .LVU82
 314 00ae C0E90165 		strd	r6, r5, [r0, #4]
 164:./lwip-2.1.2/src/api/netbuf.c ****   buf->ptr = buf->p;
 315              		.loc 1 164 3 is_stmt 1 view .LVU83
 165:./lwip-2.1.2/src/api/netbuf.c ****   return ERR_OK;
 316              		.loc 1 165 10 is_stmt 0 view .LVU84
 317 00b2 0020     		movs	r0, #0
 164:./lwip-2.1.2/src/api/netbuf.c ****   buf->ptr = buf->p;
 318              		.loc 1 164 12 view .LVU85
 319 00b4 6360     		str	r3, [r4, #4]
 320              		.loc 1 165 3 is_stmt 1 view .LVU86
 166:./lwip-2.1.2/src/api/netbuf.c **** }
 321              		.loc 1 166 1 is_stmt 0 view .LVU87
 322 00b6 70BD     		pop	{r4, r5, r6, pc}
 323              	.LVL22:
 324              	.L49:
 153:./lwip-2.1.2/src/api/netbuf.c ****   if (buf->p != NULL) {
 325              		.loc 1 153 3 discriminator 1 view .LVU88
 326 00b8 6FF00F00 		mvn	r0, #15
 327              	.LVL23:
 328              		.loc 1 166 1 view .LVU89
 329 00bc 70BD     		pop	{r4, r5, r6, pc}
 330              	.LVL24:
 331              	.L54:
 159:./lwip-2.1.2/src/api/netbuf.c ****     return ERR_MEM;
 332              		.loc 1 159 5 is_stmt 1 view .LVU90
 160:./lwip-2.1.2/src/api/netbuf.c ****   }
 333              		.loc 1 160 12 is_stmt 0 view .LVU91
 334 00be 4FF0FF30 		mov	r0, #-1
 159:./lwip-2.1.2/src/api/netbuf.c ****     return ERR_MEM;
 335              		.loc 1 159 14 view .LVU92
 336 00c2 6360     		str	r3, [r4, #4]
 160:./lwip-2.1.2/src/api/netbuf.c ****   }
 337              		.loc 1 160 5 is_stmt 1 view .LVU93
 338              		.loc 1 166 1 is_stmt 0 view .LVU94
 339 00c4 70BD     		pop	{r4, r5, r6, pc}
 340              		.loc 1 166 1 view .LVU95
 341              		.cfi_endproc
 342              	.LFE30:
 344              		.align	1
 345 00c6 00BF     		.p2align 2,,3
 346              		.global	netbuf_chain
 347              		.syntax unified
 348              		.thumb
 349              		.thumb_func
 351              	netbuf_chain:
 352              	.LVL25:
 353              	.LFB31:
 167:./lwip-2.1.2/src/api/netbuf.c **** 
 168:./lwip-2.1.2/src/api/netbuf.c **** /**
 169:./lwip-2.1.2/src/api/netbuf.c ****  * @ingroup netbuf
 170:./lwip-2.1.2/src/api/netbuf.c ****  * Chain one netbuf to another (@see pbuf_chain)
 171:./lwip-2.1.2/src/api/netbuf.c ****  *
 172:./lwip-2.1.2/src/api/netbuf.c ****  * @param head the first netbuf
 173:./lwip-2.1.2/src/api/netbuf.c ****  * @param tail netbuf to chain after head, freed by this function, may not be reference after retur
 174:./lwip-2.1.2/src/api/netbuf.c ****  */
 175:./lwip-2.1.2/src/api/netbuf.c **** void
 176:./lwip-2.1.2/src/api/netbuf.c **** netbuf_chain(struct netbuf *head, struct netbuf *tail)
 177:./lwip-2.1.2/src/api/netbuf.c **** {
 354              		.loc 1 177 1 is_stmt 1 view -0
 355              		.cfi_startproc
 356              		@ args = 0, pretend = 0, frame = 0
 357              		@ frame_needed = 0, uses_anonymous_args = 0
 178:./lwip-2.1.2/src/api/netbuf.c ****   LWIP_ERROR("netbuf_chain: invalid head", (head != NULL), return;);
 358              		.loc 1 178 3 view .LVU97
 359              		.loc 1 178 3 view .LVU98
 360              		.loc 1 178 3 discriminator 2 view .LVU99
 361              		.loc 1 178 3 discriminator 2 view .LVU100
 179:./lwip-2.1.2/src/api/netbuf.c ****   LWIP_ERROR("netbuf_chain: invalid tail", (tail != NULL), return;);
 362              		.loc 1 179 3 view .LVU101
 363              		.loc 1 179 3 view .LVU102
 364 00c8 81B1     		cbz	r1, .L58
 177:./lwip-2.1.2/src/api/netbuf.c ****   LWIP_ERROR("netbuf_chain: invalid head", (head != NULL), return;);
 365              		.loc 1 177 1 is_stmt 0 view .LVU103
 366 00ca 38B5     		push	{r3, r4, r5, lr}
 367              	.LCFI8:
 368              		.cfi_def_cfa_offset 16
 369              		.cfi_offset 3, -16
 370              		.cfi_offset 4, -12
 371              		.cfi_offset 5, -8
 372              		.cfi_offset 14, -4
 373 00cc 0446     		mov	r4, r0
 374              		.loc 1 179 3 view .LVU104
 375 00ce 60B1     		cbz	r0, .L55
 376              		.loc 1 179 3 is_stmt 1 discriminator 2 view .LVU105
 377              		.loc 1 179 3 discriminator 2 view .LVU106
 180:./lwip-2.1.2/src/api/netbuf.c ****   pbuf_cat(head->p, tail->p);
 378              		.loc 1 180 3 view .LVU107
 379 00d0 0D46     		mov	r5, r1
 380 00d2 0068     		ldr	r0, [r0]
 381              	.LVL26:
 382              		.loc 1 180 3 is_stmt 0 view .LVU108
 383 00d4 0968     		ldr	r1, [r1]
 384              	.LVL27:
 385              		.loc 1 180 3 view .LVU109
 386 00d6 FFF7FEFF 		bl	pbuf_cat
 387              	.LVL28:
 181:./lwip-2.1.2/src/api/netbuf.c ****   head->ptr = head->p;
 388              		.loc 1 181 3 is_stmt 1 view .LVU110
 389              		.loc 1 181 13 is_stmt 0 view .LVU111
 390 00da 2368     		ldr	r3, [r4]
 182:./lwip-2.1.2/src/api/netbuf.c ****   memp_free(MEMP_NETBUF, tail);
 391              		.loc 1 182 3 view .LVU112
 392 00dc 2946     		mov	r1, r5
 393 00de 0620     		movs	r0, #6
 181:./lwip-2.1.2/src/api/netbuf.c ****   head->ptr = head->p;
 394              		.loc 1 181 13 view .LVU113
 395 00e0 6360     		str	r3, [r4, #4]
 396              		.loc 1 182 3 is_stmt 1 view .LVU114
 183:./lwip-2.1.2/src/api/netbuf.c **** }
 397              		.loc 1 183 1 is_stmt 0 view .LVU115
 398 00e2 BDE83840 		pop	{r3, r4, r5, lr}
 399              	.LCFI9:
 400              		.cfi_remember_state
 401              		.cfi_restore 14
 402              		.cfi_restore 5
 403              		.cfi_restore 4
 404              		.cfi_restore 3
 405              		.cfi_def_cfa_offset 0
 406              	.LVL29:
 182:./lwip-2.1.2/src/api/netbuf.c ****   memp_free(MEMP_NETBUF, tail);
 407              		.loc 1 182 3 view .LVU116
 408 00e6 FFF7FEBF 		b	memp_free
 409              	.LVL30:
 410              	.L55:
 411              	.LCFI10:
 412              		.cfi_restore_state
 413              		.loc 1 183 1 view .LVU117
 414 00ea 38BD     		pop	{r3, r4, r5, pc}
 415              	.L58:
 416              	.LCFI11:
 417              		.cfi_def_cfa_offset 0
 418              		.cfi_restore 3
 419              		.cfi_restore 4
 420              		.cfi_restore 5
 421              		.cfi_restore 14
 422 00ec 7047     		bx	lr
 423              		.cfi_endproc
 424              	.LFE31:
 426              		.align	1
 427 00ee 00BF     		.p2align 2,,3
 428              		.global	netbuf_data
 429              		.syntax unified
 430              		.thumb
 431              		.thumb_func
 433              	netbuf_data:
 434              	.LVL31:
 435              	.LFB32:
 184:./lwip-2.1.2/src/api/netbuf.c **** 
 185:./lwip-2.1.2/src/api/netbuf.c **** /**
 186:./lwip-2.1.2/src/api/netbuf.c ****  * @ingroup netbuf
 187:./lwip-2.1.2/src/api/netbuf.c ****  * Get the data pointer and length of the data inside a netbuf.
 188:./lwip-2.1.2/src/api/netbuf.c ****  *
 189:./lwip-2.1.2/src/api/netbuf.c ****  * @param buf netbuf to get the data from
 190:./lwip-2.1.2/src/api/netbuf.c ****  * @param dataptr pointer to a void pointer where to store the data pointer
 191:./lwip-2.1.2/src/api/netbuf.c ****  * @param len pointer to an u16_t where the length of the data is stored
 192:./lwip-2.1.2/src/api/netbuf.c ****  * @return ERR_OK if the information was retrieved,
 193:./lwip-2.1.2/src/api/netbuf.c ****  *         ERR_BUF on error.
 194:./lwip-2.1.2/src/api/netbuf.c ****  */
 195:./lwip-2.1.2/src/api/netbuf.c **** err_t
 196:./lwip-2.1.2/src/api/netbuf.c **** netbuf_data(struct netbuf *buf, void **dataptr, u16_t *len)
 197:./lwip-2.1.2/src/api/netbuf.c **** {
 436              		.loc 1 197 1 is_stmt 1 view -0
 437              		.cfi_startproc
 438              		@ args = 0, pretend = 0, frame = 0
 439              		@ frame_needed = 0, uses_anonymous_args = 0
 440              		@ link register save eliminated.
 198:./lwip-2.1.2/src/api/netbuf.c ****   LWIP_ERROR("netbuf_data: invalid buf", (buf != NULL), return ERR_ARG;);
 441              		.loc 1 198 3 view .LVU119
 442              		.loc 1 198 3 view .LVU120
 443              		.loc 1 198 3 discriminator 2 view .LVU121
 444              		.loc 1 198 3 discriminator 2 view .LVU122
 199:./lwip-2.1.2/src/api/netbuf.c ****   LWIP_ERROR("netbuf_data: invalid dataptr", (dataptr != NULL), return ERR_ARG;);
 445              		.loc 1 199 3 view .LVU123
 446              		.loc 1 199 3 view .LVU124
 447              		.loc 1 199 3 discriminator 2 view .LVU125
 448              		.loc 1 199 3 discriminator 2 view .LVU126
 200:./lwip-2.1.2/src/api/netbuf.c ****   LWIP_ERROR("netbuf_data: invalid len", (len != NULL), return ERR_ARG;);
 449              		.loc 1 200 3 view .LVU127
 450              		.loc 1 200 3 view .LVU128
 451 00f0 002A     		cmp	r2, #0
 452 00f2 18BF     		it	ne
 453 00f4 0029     		cmpne	r1, #0
 454 00f6 0FD0     		beq	.L63
 455 00f8 0346     		mov	r3, r0
 456 00fa B0FA80F0 		clz	r0, r0
 457              	.LVL32:
 458              		.loc 1 200 3 is_stmt 0 view .LVU129
 459 00fe 4009     		lsrs	r0, r0, #5
 460 0100 53B1     		cbz	r3, .L63
 461              		.loc 1 200 3 is_stmt 1 discriminator 2 view .LVU130
 462              		.loc 1 200 3 discriminator 2 view .LVU131
 201:./lwip-2.1.2/src/api/netbuf.c **** 
 202:./lwip-2.1.2/src/api/netbuf.c ****   if (buf->ptr == NULL) {
 463              		.loc 1 202 3 view .LVU132
 197:./lwip-2.1.2/src/api/netbuf.c ****   LWIP_ERROR("netbuf_data: invalid buf", (buf != NULL), return ERR_ARG;);
 464              		.loc 1 197 1 is_stmt 0 view .LVU133
 465 0102 10B4     		push	{r4}
 466              	.LCFI12:
 467              		.cfi_def_cfa_offset 4
 468              		.cfi_offset 4, -4
 469              		.loc 1 202 10 view .LVU134
 470 0104 5C68     		ldr	r4, [r3, #4]
 471              		.loc 1 202 6 view .LVU135
 472 0106 54B1     		cbz	r4, .L64
 203:./lwip-2.1.2/src/api/netbuf.c ****     return ERR_BUF;
 204:./lwip-2.1.2/src/api/netbuf.c ****   }
 205:./lwip-2.1.2/src/api/netbuf.c ****   *dataptr = buf->ptr->payload;
 473              		.loc 1 205 3 is_stmt 1 view .LVU136
 474              		.loc 1 205 22 is_stmt 0 view .LVU137
 475 0108 6468     		ldr	r4, [r4, #4]
 476              		.loc 1 205 12 view .LVU138
 477 010a 0C60     		str	r4, [r1]
 206:./lwip-2.1.2/src/api/netbuf.c ****   *len = buf->ptr->len;
 478              		.loc 1 206 3 is_stmt 1 view .LVU139
 479              		.loc 1 206 18 is_stmt 0 view .LVU140
 480 010c 5B68     		ldr	r3, [r3, #4]
 481              	.LVL33:
 482              		.loc 1 206 18 view .LVU141
 483 010e 5B89     		ldrh	r3, [r3, #10]
 484              		.loc 1 206 8 view .LVU142
 485 0110 1380     		strh	r3, [r2]	@ movhi
 207:./lwip-2.1.2/src/api/netbuf.c ****   return ERR_OK;
 486              		.loc 1 207 3 is_stmt 1 view .LVU143
 487              	.L62:
 208:./lwip-2.1.2/src/api/netbuf.c **** }
 488              		.loc 1 208 1 is_stmt 0 view .LVU144
 489 0112 5DF8044B 		ldr	r4, [sp], #4
 490              	.LCFI13:
 491              		.cfi_restore 4
 492              		.cfi_def_cfa_offset 0
 493 0116 7047     		bx	lr
 494              	.L63:
 198:./lwip-2.1.2/src/api/netbuf.c ****   LWIP_ERROR("netbuf_data: invalid dataptr", (dataptr != NULL), return ERR_ARG;);
 495              		.loc 1 198 3 discriminator 1 view .LVU145
 496 0118 6FF00F00 		mvn	r0, #15
 497              		.loc 1 208 1 view .LVU146
 498 011c 7047     		bx	lr
 499              	.LVL34:
 500              	.L64:
 501              	.LCFI14:
 502              		.cfi_def_cfa_offset 4
 503              		.cfi_offset 4, -4
 203:./lwip-2.1.2/src/api/netbuf.c ****   }
 504              		.loc 1 203 12 view .LVU147
 505 011e 6FF00100 		mvn	r0, #1
 506 0122 F6E7     		b	.L62
 507              		.cfi_endproc
 508              	.LFE32:
 510              		.align	1
 511              		.p2align 2,,3
 512              		.global	netbuf_next
 513              		.syntax unified
 514              		.thumb
 515              		.thumb_func
 517              	netbuf_next:
 518              	.LVL35:
 519              	.LFB33:
 209:./lwip-2.1.2/src/api/netbuf.c **** 
 210:./lwip-2.1.2/src/api/netbuf.c **** /**
 211:./lwip-2.1.2/src/api/netbuf.c ****  * @ingroup netbuf
 212:./lwip-2.1.2/src/api/netbuf.c ****  * Move the current data pointer of a packet buffer contained in a netbuf
 213:./lwip-2.1.2/src/api/netbuf.c ****  * to the next part.
 214:./lwip-2.1.2/src/api/netbuf.c ****  * The packet buffer itself is not modified.
 215:./lwip-2.1.2/src/api/netbuf.c ****  *
 216:./lwip-2.1.2/src/api/netbuf.c ****  * @param buf the netbuf to modify
 217:./lwip-2.1.2/src/api/netbuf.c ****  * @return -1 if there is no next part
 218:./lwip-2.1.2/src/api/netbuf.c ****  *         1  if moved to the next part but now there is no next part
 219:./lwip-2.1.2/src/api/netbuf.c ****  *         0  if moved to the next part and there are still more parts
 220:./lwip-2.1.2/src/api/netbuf.c ****  */
 221:./lwip-2.1.2/src/api/netbuf.c **** s8_t
 222:./lwip-2.1.2/src/api/netbuf.c **** netbuf_next(struct netbuf *buf)
 223:./lwip-2.1.2/src/api/netbuf.c **** {
 520              		.loc 1 223 1 is_stmt 1 view -0
 521              		.cfi_startproc
 522              		@ args = 0, pretend = 0, frame = 0
 523              		@ frame_needed = 0, uses_anonymous_args = 0
 524              		@ link register save eliminated.
 224:./lwip-2.1.2/src/api/netbuf.c ****   LWIP_ERROR("netbuf_next: invalid buf", (buf != NULL), return -1;);
 525              		.loc 1 224 3 view .LVU149
 526              		.loc 1 224 3 view .LVU150
 527 0124 40B1     		cbz	r0, .L72
 528              		.loc 1 224 3 discriminator 2 view .LVU151
 529              		.loc 1 224 3 discriminator 2 view .LVU152
 225:./lwip-2.1.2/src/api/netbuf.c ****   if (buf->ptr->next == NULL) {
 530              		.loc 1 225 3 view .LVU153
 531              		.loc 1 225 15 is_stmt 0 view .LVU154
 532 0126 4368     		ldr	r3, [r0, #4]
 533 0128 1A68     		ldr	r2, [r3]
 534              		.loc 1 225 6 view .LVU155
 535 012a 2AB1     		cbz	r2, .L72
 226:./lwip-2.1.2/src/api/netbuf.c ****     return -1;
 227:./lwip-2.1.2/src/api/netbuf.c ****   }
 228:./lwip-2.1.2/src/api/netbuf.c ****   buf->ptr = buf->ptr->next;
 536              		.loc 1 228 3 is_stmt 1 view .LVU156
 229:./lwip-2.1.2/src/api/netbuf.c ****   if (buf->ptr->next == NULL) {
 537              		.loc 1 229 6 is_stmt 0 view .LVU157
 538 012c 1368     		ldr	r3, [r2]
 228:./lwip-2.1.2/src/api/netbuf.c ****   if (buf->ptr->next == NULL) {
 539              		.loc 1 228 12 view .LVU158
 540 012e 4260     		str	r2, [r0, #4]
 541              		.loc 1 229 3 is_stmt 1 view .LVU159
 542              		.loc 1 229 6 is_stmt 0 view .LVU160
 543 0130 B3FA83F0 		clz	r0, r3
 544              	.LVL36:
 545              		.loc 1 229 6 view .LVU161
 546 0134 4009     		lsrs	r0, r0, #5
 547 0136 7047     		bx	lr
 548              	.LVL37:
 549              	.L72:
 224:./lwip-2.1.2/src/api/netbuf.c ****   if (buf->ptr->next == NULL) {
 550              		.loc 1 224 3 discriminator 1 view .LVU162
 551 0138 4FF0FF30 		mov	r0, #-1
 552              	.LVL38:
 230:./lwip-2.1.2/src/api/netbuf.c ****     return 1;
 231:./lwip-2.1.2/src/api/netbuf.c ****   }
 232:./lwip-2.1.2/src/api/netbuf.c ****   return 0;
 233:./lwip-2.1.2/src/api/netbuf.c **** }
 553              		.loc 1 233 1 view .LVU163
 554 013c 7047     		bx	lr
 555              		.cfi_endproc
 556              	.LFE33:
 558              		.align	1
 559 013e 00BF     		.p2align 2,,3
 560              		.global	netbuf_first
 561              		.syntax unified
 562              		.thumb
 563              		.thumb_func
 565              	netbuf_first:
 566              	.LVL39:
 567              	.LFB34:
 234:./lwip-2.1.2/src/api/netbuf.c **** 
 235:./lwip-2.1.2/src/api/netbuf.c **** /**
 236:./lwip-2.1.2/src/api/netbuf.c ****  * @ingroup netbuf
 237:./lwip-2.1.2/src/api/netbuf.c ****  * Move the current data pointer of a packet buffer contained in a netbuf
 238:./lwip-2.1.2/src/api/netbuf.c ****  * to the beginning of the packet.
 239:./lwip-2.1.2/src/api/netbuf.c ****  * The packet buffer itself is not modified.
 240:./lwip-2.1.2/src/api/netbuf.c ****  *
 241:./lwip-2.1.2/src/api/netbuf.c ****  * @param buf the netbuf to modify
 242:./lwip-2.1.2/src/api/netbuf.c ****  */
 243:./lwip-2.1.2/src/api/netbuf.c **** void
 244:./lwip-2.1.2/src/api/netbuf.c **** netbuf_first(struct netbuf *buf)
 245:./lwip-2.1.2/src/api/netbuf.c **** {
 568              		.loc 1 245 1 is_stmt 1 view -0
 569              		.cfi_startproc
 570              		@ args = 0, pretend = 0, frame = 0
 571              		@ frame_needed = 0, uses_anonymous_args = 0
 572              		@ link register save eliminated.
 246:./lwip-2.1.2/src/api/netbuf.c ****   LWIP_ERROR("netbuf_first: invalid buf", (buf != NULL), return;);
 573              		.loc 1 246 3 view .LVU165
 574              		.loc 1 246 3 view .LVU166
 575 0140 08B1     		cbz	r0, .L73
 576              		.loc 1 246 3 discriminator 2 view .LVU167
 577              		.loc 1 246 3 discriminator 2 view .LVU168
 247:./lwip-2.1.2/src/api/netbuf.c ****   buf->ptr = buf->p;
 578              		.loc 1 247 3 view .LVU169
 579              		.loc 1 247 12 is_stmt 0 view .LVU170
 580 0142 0368     		ldr	r3, [r0]
 581 0144 4360     		str	r3, [r0, #4]
 582              	.L73:
 248:./lwip-2.1.2/src/api/netbuf.c **** }
 583              		.loc 1 248 1 view .LVU171
 584 0146 7047     		bx	lr
 585              		.cfi_endproc
 586              	.LFE34:
 588              	.Letext0:
 589              		.file 2 "C:\\ST\\STM32CubeCLT_1.18.0\\GNU-tools-for-STM32\\bin\\../lib/gcc/arm-none-eabi/13.3.1/in
 590              		.file 3 "C:\\ST\\STM32CubeCLT_1.18.0\\GNU-tools-for-STM32\\bin\\../lib/gcc/arm-none-eabi/13.3.1/..
 591              		.file 4 "C:\\ST\\STM32CubeCLT_1.18.0\\GNU-tools-for-STM32\\bin\\../lib/gcc/arm-none-eabi/13.3.1/..
 592              		.file 5 "./lwip-2.1.2/src/include/lwip/arch.h"
 593              		.file 6 "./lwip-2.1.2/src/include/lwip/err.h"
 594              		.file 7 "./lwip-2.1.2/src/include/lwip/pbuf.h"
 595              		.file 8 "./lwip-2.1.2/src/include/lwip/ip4_addr.h"
 596              		.file 9 "./lwip-2.1.2/src/include/lwip/ip_addr.h"
 597              		.file 10 "./lwip-2.1.2/src/include/lwip/netbuf.h"
 598              		.file 11 "./lwip-2.1.2/src/include/lwip/memp.h"
 599              		.file 12 "C:\\ST\\STM32CubeCLT_1.18.0\\GNU-tools-for-STM32\\bin\\../lib/gcc/arm-none-eabi/13.3.1/.
DEFINED SYMBOLS
                            *ABS*:00000000 netbuf.c
C:\Users\JAEJUN~1\AppData\Local\Temp\ccYg83oa.s:19     .text:00000000 $t
C:\Users\JAEJUN~1\AppData\Local\Temp\ccYg83oa.s:26     .text:00000000 netbuf_new
C:\Users\JAEJUN~1\AppData\Local\Temp\ccYg83oa.s:67     .text:00000018 netbuf_delete
C:\Users\JAEJUN~1\AppData\Local\Temp\ccYg83oa.s:124    .text:0000003c netbuf_alloc
C:\Users\JAEJUN~1\AppData\Local\Temp\ccYg83oa.s:208    .text:0000006c netbuf_free
C:\Users\JAEJUN~1\AppData\Local\Temp\ccYg83oa.s:261    .text:00000084 netbuf_ref
C:\Users\JAEJUN~1\AppData\Local\Temp\ccYg83oa.s:351    .text:000000c8 netbuf_chain
C:\Users\JAEJUN~1\AppData\Local\Temp\ccYg83oa.s:433    .text:000000f0 netbuf_data
C:\Users\JAEJUN~1\AppData\Local\Temp\ccYg83oa.s:517    .text:00000124 netbuf_next
C:\Users\JAEJUN~1\AppData\Local\Temp\ccYg83oa.s:565    .text:00000140 netbuf_first

UNDEFINED SYMBOLS
memp_malloc
pbuf_free
memp_free
pbuf_alloc
pbuf_cat
