   1              		.cpu cortex-m7
   2              		.arch armv7e-m
   3              		.fpu fpv5-d16
   4              		.eabi_attribute 28, 1
   5              		.eabi_attribute 20, 1
   6              		.eabi_attribute 21, 1
   7              		.eabi_attribute 23, 3
   8              		.eabi_attribute 24, 1
   9              		.eabi_attribute 25, 1
  10              		.eabi_attribute 26, 1
  11              		.eabi_attribute 30, 2
  12              		.eabi_attribute 34, 1
  13              		.eabi_attribute 18, 4
  14              		.file	"reset.c"
  15              		.text
  16              	.Ltext0:
  17              		.cfi_sections	.debug_frame
  18              		.file 1 "./src/reset.c"
  19              		.align	1
  20              		.p2align 2,,3
  21              		.global	write_boot_flag_soft_reset
  22              		.syntax unified
  23              		.thumb
  24              		.thumb_func
  26              	write_boot_flag_soft_reset:
  27              	.LFB144:
   1:./src/reset.c **** #include "ARMCM7_DP.h"
   2:./src/reset.c **** #include "reset.h"
   3:./src/reset.c **** #include "main.h"
   4:./src/reset.c **** #include <stm32f765xx.h>
   5:./src/reset.c **** 
   6:./src/reset.c **** 
   7:./src/reset.c **** #define BOOT_FLAG_BKUP_REG RTC_BKP_DR0
   8:./src/reset.c **** #define BOOT_FLAG_SOFT_RESET 0xA5A5
   9:./src/reset.c **** #define BOOT_FLAG_NORMAL     0x0000
  10:./src/reset.c **** 
  11:./src/reset.c **** void write_boot_flag_soft_reset(void)
  12:./src/reset.c **** {
  28              		.loc 1 12 1 view -0
  29              		.cfi_startproc
  30              		@ args = 0, pretend = 0, frame = 0
  31              		@ frame_needed = 0, uses_anonymous_args = 0
  32              		@ link register save eliminated.
  13:./src/reset.c ****     RTC->BKP1R = BOOT_FLAG_SOFT_RESET;  // BPK1R = DR1
  33              		.loc 1 13 5 view .LVU1
  34              		.loc 1 13 16 is_stmt 0 view .LVU2
  35 0000 024B     		ldr	r3, .L3
  36 0002 4AF2A552 		movw	r2, #42405
  37 0006 5A65     		str	r2, [r3, #84]
  14:./src/reset.c **** }
  38              		.loc 1 14 1 view .LVU3
  39 0008 7047     		bx	lr
  40              	.L4:
  41 000a 00BF     		.align	2
  42              	.L3:
  43 000c 00280040 		.word	1073752064
  44              		.cfi_endproc
  45              	.LFE144:
  47              		.align	1
  48              		.p2align 2,,3
  49              		.global	clear_boot_flag
  50              		.syntax unified
  51              		.thumb
  52              		.thumb_func
  54              	clear_boot_flag:
  55              	.LFB145:
  15:./src/reset.c **** 
  16:./src/reset.c **** void clear_boot_flag(void)
  17:./src/reset.c **** {
  56              		.loc 1 17 1 is_stmt 1 view -0
  57              		.cfi_startproc
  58              		@ args = 0, pretend = 0, frame = 0
  59              		@ frame_needed = 0, uses_anonymous_args = 0
  60              		@ link register save eliminated.
  18:./src/reset.c ****     RTC->BKP1R = 0;
  61              		.loc 1 18 5 view .LVU5
  62              		.loc 1 18 16 is_stmt 0 view .LVU6
  63 0010 014B     		ldr	r3, .L6
  64 0012 0022     		movs	r2, #0
  65 0014 5A65     		str	r2, [r3, #84]
  19:./src/reset.c **** }
  66              		.loc 1 19 1 view .LVU7
  67 0016 7047     		bx	lr
  68              	.L7:
  69              		.align	2
  70              	.L6:
  71 0018 00280040 		.word	1073752064
  72              		.cfi_endproc
  73              	.LFE145:
  75              		.align	1
  76              		.p2align 2,,3
  77              		.global	is_soft_reset
  78              		.syntax unified
  79              		.thumb
  80              		.thumb_func
  82              	is_soft_reset:
  83              	.LFB146:
  20:./src/reset.c **** 
  21:./src/reset.c **** uint8_t is_soft_reset(void)
  22:./src/reset.c **** {
  84              		.loc 1 22 1 is_stmt 1 view -0
  85              		.cfi_startproc
  86              		@ args = 0, pretend = 0, frame = 0
  87              		@ frame_needed = 0, uses_anonymous_args = 0
  88              		@ link register save eliminated.
  23:./src/reset.c ****     uint32_t val = RTC->BKP1R;
  89              		.loc 1 23 5 view .LVU9
  90              		.loc 1 23 14 is_stmt 0 view .LVU10
  91 001c 044A     		ldr	r2, .L9
  24:./src/reset.c ****     return (val == BOOT_FLAG_SOFT_RESET);
  92              		.loc 1 24 17 view .LVU11
  93 001e 4AF2A553 		movw	r3, #42405
  23:./src/reset.c ****     uint32_t val = RTC->BKP1R;
  94              		.loc 1 23 14 view .LVU12
  95 0022 506D     		ldr	r0, [r2, #84]
  96              	.LVL0:
  97              		.loc 1 24 5 is_stmt 1 view .LVU13
  25:./src/reset.c **** }
  98              		.loc 1 25 1 is_stmt 0 view .LVU14
  99 0024 C01A     		subs	r0, r0, r3
 100              	.LVL1:
 101              		.loc 1 25 1 view .LVU15
 102 0026 B0FA80F0 		clz	r0, r0
 103              	.LVL2:
 104              		.loc 1 25 1 view .LVU16
 105 002a 4009     		lsrs	r0, r0, #5
 106 002c 7047     		bx	lr
 107              	.L10:
 108 002e 00BF     		.align	2
 109              	.L9:
 110 0030 00280040 		.word	1073752064
 111              		.cfi_endproc
 112              	.LFE146:
 114              		.align	1
 115              		.p2align 2,,3
 116              		.global	MX_RTC_Init
 117              		.syntax unified
 118              		.thumb
 119              		.thumb_func
 121              	MX_RTC_Init:
 122              	.LFB147:
  26:./src/reset.c **** 
  27:./src/reset.c **** 
  28:./src/reset.c **** void MX_RTC_Init(void)
  29:./src/reset.c **** {
 123              		.loc 1 29 1 is_stmt 1 view -0
 124              		.cfi_startproc
 125              		@ args = 0, pretend = 0, frame = 0
 126              		@ frame_needed = 0, uses_anonymous_args = 0
 127              		@ link register save eliminated.
  30:./src/reset.c ****     RCC->APB1ENR |= RCC_APB1ENR_PWREN;
 128              		.loc 1 30 5 view .LVU18
 129              		.loc 1 30 8 is_stmt 0 view .LVU19
 130 0034 074B     		ldr	r3, .L12
  31:./src/reset.c ****     PWR->CR1 |= PWR_CR1_DBP; 
 131              		.loc 1 31 8 view .LVU20
 132 0036 0849     		ldr	r1, .L12+4
  30:./src/reset.c ****     RCC->APB1ENR |= RCC_APB1ENR_PWREN;
 133              		.loc 1 30 8 view .LVU21
 134 0038 1A6C     		ldr	r2, [r3, #64]
  30:./src/reset.c ****     RCC->APB1ENR |= RCC_APB1ENR_PWREN;
 135              		.loc 1 30 18 view .LVU22
 136 003a 42F08052 		orr	r2, r2, #268435456
 137 003e 1A64     		str	r2, [r3, #64]
 138              		.loc 1 31 5 is_stmt 1 view .LVU23
 139              		.loc 1 31 8 is_stmt 0 view .LVU24
 140 0040 0A68     		ldr	r2, [r1]
 141              		.loc 1 31 14 view .LVU25
 142 0042 42F48072 		orr	r2, r2, #256
 143 0046 0A60     		str	r2, [r1]
  32:./src/reset.c ****     RCC->BDCR |= RCC_BDCR_RTCEN;           // RTC 클럭 Enabl
 144              		.loc 1 32 5 is_stmt 1 view .LVU26
 145              		.loc 1 32 8 is_stmt 0 view .LVU27
 146 0048 1A6F     		ldr	r2, [r3, #112]
 147              		.loc 1 32 15 view .LVU28
 148 004a 42F40042 		orr	r2, r2, #32768
 149 004e 1A67     		str	r2, [r3, #112]
  33:./src/reset.c **** }...
 150              		.loc 1 33 1 view .LVU29
 151 0050 7047     		bx	lr
 152              	.L13:
 153 0052 00BF     		.align	2
 154              	.L12:
 155 0054 00380240 		.word	1073887232
 156 0058 00700040 		.word	1073770496
 157              		.cfi_endproc
 158              	.LFE147:
 160              	.Letext0:
 161              		.file 2 "C:\\ST\\STM32CubeCLT_1.18.0\\GNU-tools-for-STM32\\bin\\../lib/gcc/arm-none-eabi/13.3.1/..
 162              		.file 3 "C:\\ST\\STM32CubeCLT_1.18.0\\GNU-tools-for-STM32\\bin\\../lib/gcc/arm-none-eabi/13.3.1/..
 163              		.file 4 "./inc/stm32f765xx.h"
DEFINED SYMBOLS
                            *ABS*:00000000 reset.c
C:\Users\JAEJUN~1\AppData\Local\Temp\cc6aseq9.s:19     .text:00000000 $t
C:\Users\JAEJUN~1\AppData\Local\Temp\cc6aseq9.s:26     .text:00000000 write_boot_flag_soft_reset
C:\Users\JAEJUN~1\AppData\Local\Temp\cc6aseq9.s:43     .text:0000000c $d
C:\Users\JAEJUN~1\AppData\Local\Temp\cc6aseq9.s:47     .text:00000010 $t
C:\Users\JAEJUN~1\AppData\Local\Temp\cc6aseq9.s:54     .text:00000010 clear_boot_flag
C:\Users\JAEJUN~1\AppData\Local\Temp\cc6aseq9.s:71     .text:00000018 $d
C:\Users\JAEJUN~1\AppData\Local\Temp\cc6aseq9.s:75     .text:0000001c $t
C:\Users\JAEJUN~1\AppData\Local\Temp\cc6aseq9.s:82     .text:0000001c is_soft_reset
C:\Users\JAEJUN~1\AppData\Local\Temp\cc6aseq9.s:110    .text:00000030 $d
C:\Users\JAEJUN~1\AppData\Local\Temp\cc6aseq9.s:114    .text:00000034 $t
C:\Users\JAEJUN~1\AppData\Local\Temp\cc6aseq9.s:121    .text:00000034 MX_RTC_Init
C:\Users\JAEJUN~1\AppData\Local\Temp\cc6aseq9.s:155    .text:00000054 $d

NO UNDEFINED SYMBOLS
