   1              		.cpu cortex-m7
   2              		.arch armv7e-m
   3              		.fpu fpv5-d16
   4              		.eabi_attribute 28, 1
   5              		.eabi_attribute 20, 1
   6              		.eabi_attribute 21, 1
   7              		.eabi_attribute 23, 3
   8              		.eabi_attribute 24, 1
   9              		.eabi_attribute 25, 1
  10              		.eabi_attribute 26, 1
  11              		.eabi_attribute 30, 2
  12              		.eabi_attribute 34, 1
  13              		.eabi_attribute 18, 4
  14              		.file	"RTX_Config.c"
  15              		.text
  16              	.Ltext0:
  17              		.cfi_sections	.debug_frame
  18              		.file 1 "./src/RTX_Config.c"
  19              		.align	1
  20              		.p2align 2,,3
  21              		.weak	osRtxIdleThread
  22              		.syntax unified
  23              		.thumb
  24              		.thumb_func
  26              	osRtxIdleThread:
  27              	.LFB104:
   1:./src/RTX_Config.c **** /*
   2:./src/RTX_Config.c ****  * Copyright (c) 2013-2018 Arm Limited. All rights reserved.
   3:./src/RTX_Config.c ****  *
   4:./src/RTX_Config.c ****  * SPDX-License-Identifier: Apache-2.0
   5:./src/RTX_Config.c ****  *
   6:./src/RTX_Config.c ****  * Licensed under the Apache License, Version 2.0 (the License); you may
   7:./src/RTX_Config.c ****  * not use this file except in compliance with the License.
   8:./src/RTX_Config.c ****  * You may obtain a copy of the License at
   9:./src/RTX_Config.c ****  *
  10:./src/RTX_Config.c ****  * www.apache.org/licenses/LICENSE-2.0
  11:./src/RTX_Config.c ****  *
  12:./src/RTX_Config.c ****  * Unless required by applicable law or agreed to in writing, software
  13:./src/RTX_Config.c ****  * distributed under the License is distributed on an AS IS BASIS, WITHOUT
  14:./src/RTX_Config.c ****  * WARRANTIES OR CONDITIONS OF ANY KIND, either express or implied.
  15:./src/RTX_Config.c ****  * See the License for the specific language governing permissions and
  16:./src/RTX_Config.c ****  * limitations under the License.
  17:./src/RTX_Config.c ****  *
  18:./src/RTX_Config.c ****  * -----------------------------------------------------------------------------
  19:./src/RTX_Config.c ****  *
  20:./src/RTX_Config.c ****  * $Revision:   V5.1.0
  21:./src/RTX_Config.c ****  *
  22:./src/RTX_Config.c ****  * Project:     CMSIS-RTOS RTX
  23:./src/RTX_Config.c ****  * Title:       RTX Configuration
  24:./src/RTX_Config.c ****  *
  25:./src/RTX_Config.c ****  * -----------------------------------------------------------------------------
  26:./src/RTX_Config.c ****  */
  27:./src/RTX_Config.c ****  
  28:./src/RTX_Config.c **** #include "cmsis_compiler.h"
  29:./src/RTX_Config.c **** #include "rtx_os.h"
  30:./src/RTX_Config.c ****  
  31:./src/RTX_Config.c **** // OS Idle Thread
  32:./src/RTX_Config.c **** __WEAK __NO_RETURN void osRtxIdleThread (void *argument) {
  28              		.loc 1 32 58 view -0
  29              		.cfi_startproc
  30              		@ Volatile: function does not return.
  31              		@ args = 0, pretend = 0, frame = 0
  32              		@ frame_needed = 0, uses_anonymous_args = 0
  33              		@ link register save eliminated.
  34              	.LVL0:
  35              	.L2:
  33:./src/RTX_Config.c ****   (void)argument;
  36              		.loc 1 33 3 view .LVU1
  34:./src/RTX_Config.c **** 
  35:./src/RTX_Config.c ****   for (;;) {}
  37              		.loc 1 35 3 view .LVU2
  38              		.loc 1 35 13 view .LVU3
  39              		.loc 1 35 3 view .LVU4
  40 0000 FEE7     		b	.L2
  41              		.cfi_endproc
  42              	.LFE104:
  44              		.section	.rodata.str1.4,"aMS",%progbits,1
  45              		.align	2
  46              	.LC0:
  47 0000 5B46575D 		.ascii	"[FW]  stack ovf : %s\012\000"
  47      20207374 
  47      61636B20 
  47      6F766620 
  47      3A202573 
  48              		.text
  49              		.align	1
  50 0002 00BF     		.p2align 2,,3
  51              		.weak	osRtxErrorNotify
  52              		.syntax unified
  53              		.thumb
  54              		.thumb_func
  56              	osRtxErrorNotify:
  57              	.LVL1:
  58              	.LFB105:
  36:./src/RTX_Config.c **** }
  37:./src/RTX_Config.c ****  
  38:./src/RTX_Config.c **** // OS Error Callback function
  39:./src/RTX_Config.c **** __WEAK uint32_t osRtxErrorNotify (uint32_t code, void *object_id) {
  59              		.loc 1 39 67 view -0
  60              		.cfi_startproc
  61              		@ args = 0, pretend = 0, frame = 0
  62              		@ frame_needed = 0, uses_anonymous_args = 0
  40:./src/RTX_Config.c ****   switch (code) {
  63              		.loc 1 40 3 view .LVU6
  64 0004 0128     		cmp	r0, #1
  65 0006 00D0     		beq	.L12
  66              	.L9:
  41:./src/RTX_Config.c ****     case osRtxErrorStackUnderflow:
  42:./src/RTX_Config.c ****       // Stack overflow detected for thread (thread_id=object_id)
  43:./src/RTX_Config.c ****       printf("[FW]  stack ovf : %s\n", object_id);
  44:./src/RTX_Config.c ****       break;
  45:./src/RTX_Config.c ****     case osRtxErrorISRQueueOverflow:
  46:./src/RTX_Config.c ****       // ISR Queue overflow detected when inserting object (object_id)
  47:./src/RTX_Config.c ****       break;
  48:./src/RTX_Config.c ****     case osRtxErrorTimerQueueOverflow:
  49:./src/RTX_Config.c ****       // User Timer Callback Queue overflow detected for timer (timer_id=object_id)
  50:./src/RTX_Config.c ****       break;
  51:./src/RTX_Config.c ****     case osRtxErrorClibSpace:
  52:./src/RTX_Config.c ****       // Standard C/C++ library libspace not available: increase OS_THREAD_LIBSPACE_NUM
  53:./src/RTX_Config.c ****       break;
  54:./src/RTX_Config.c ****     case osRtxErrorClibMutex:
  55:./src/RTX_Config.c ****       // Standard C/C++ library mutex initialization failed
  56:./src/RTX_Config.c ****       break;
  57:./src/RTX_Config.c ****     default:
  58:./src/RTX_Config.c ****       // Reserved
  59:./src/RTX_Config.c ****       break;
  60:./src/RTX_Config.c ****   }
  61:./src/RTX_Config.c ****   for (;;) {}
  67              		.loc 1 61 3 view .LVU7
  68              		.loc 1 61 13 view .LVU8
  69              		.loc 1 61 3 view .LVU9
  70              		.loc 1 61 3 view .LVU10
  71              		.loc 1 61 13 view .LVU11
  72              		.loc 1 61 3 view .LVU12
  73 0008 FEE7     		b	.L9
  74              	.L12:
  75              	.LBB2:
  43:./src/RTX_Config.c ****       break;
  76              		.loc 1 43 7 view .LVU13
  77 000a 0248     		ldr	r0, .L13
  78              	.LVL2:
  43:./src/RTX_Config.c ****       break;
  79              		.loc 1 43 7 is_stmt 0 view .LVU14
  80              	.LBE2:
  39:./src/RTX_Config.c ****   switch (code) {
  81              		.loc 1 39 67 view .LVU15
  82 000c 08B5     		push	{r3, lr}
  83              	.LCFI0:
  84              		.cfi_def_cfa_offset 8
  85              		.cfi_offset 3, -8
  86              		.cfi_offset 14, -4
  87              	.LBB3:
  43:./src/RTX_Config.c ****       break;
  88              		.loc 1 43 7 view .LVU16
  89 000e FFF7FEFF 		bl	printf
  90              	.LVL3:
  44:./src/RTX_Config.c ****     case osRtxErrorISRQueueOverflow:
  91              		.loc 1 44 7 is_stmt 1 view .LVU17
  92              	.L6:
  93              	.LBE3:
  94              		.loc 1 61 3 view .LVU18
  95              		.loc 1 61 13 view .LVU19
  96              		.loc 1 61 3 view .LVU20
  97              		.loc 1 61 3 view .LVU21
  98              		.loc 1 61 13 view .LVU22
  99              		.loc 1 61 3 view .LVU23
 100 0012 FEE7     		b	.L6
 101              	.L14:
 102              		.align	2
 103              	.L13:
 104 0014 00000000 		.word	.LC0
 105              		.cfi_endproc
 106              	.LFE105:
 108              	.Letext0:
 109              		.file 2 "C:\\ST\\STM32CubeCLT_1.18.0\\GNU-tools-for-STM32\\bin\\../lib/gcc/arm-none-eabi/13.3.1/..
 110              		.file 3 "C:\\ST\\STM32CubeCLT_1.18.0\\GNU-tools-for-STM32\\bin\\../lib/gcc/arm-none-eabi/13.3.1/..
 111              		.file 4 "<built-in>"
DEFINED SYMBOLS
                            *ABS*:00000000 RTX_Config.c
C:\Users\JAEJUN~1\AppData\Local\Temp\ccE8s8FA.s:19     .text:00000000 $t
C:\Users\JAEJUN~1\AppData\Local\Temp\ccE8s8FA.s:26     .text:00000000 osRtxIdleThread
C:\Users\JAEJUN~1\AppData\Local\Temp\ccE8s8FA.s:45     .rodata.str1.4:00000000 $d
C:\Users\JAEJUN~1\AppData\Local\Temp\ccE8s8FA.s:56     .text:00000004 osRtxErrorNotify
C:\Users\JAEJUN~1\AppData\Local\Temp\ccE8s8FA.s:104    .text:00000014 $d

UNDEFINED SYMBOLS
printf
