   1              		.cpu cortex-m7
   2              		.eabi_attribute 28, 1
   3              		.eabi_attribute 20, 1
   4              		.eabi_attribute 21, 1
   5              		.eabi_attribute 23, 3
   6              		.eabi_attribute 24, 1
   7              		.eabi_attribute 25, 1
   8              		.eabi_attribute 26, 1
   9              		.eabi_attribute 30, 2
  10              		.eabi_attribute 34, 1
  11              		.eabi_attribute 18, 4
  12              		.file	"startDebug.c"
  13              		.text
  14              	.Ltext0:
  15              		.cfi_sections	.debug_frame
  16              		.section	.rodata.str1.4,"aMS",%progbits,1
  17              		.align	2
  18              	.LC0:
  19 0000 5B46575D 		.ascii	"[FW]\000"
  19      00
  20              		.text
  21              		.align	1
  22              		.p2align 2,,3
  23              		.global	_write
  24              		.arch armv7e-m
  25              		.syntax unified
  26              		.thumb
  27              		.thumb_func
  28              		.fpu fpv5-d16
  30              	_write:
  31              	.LVL0:
  32              	.LFB170:
  33              		.file 1 "./src/startDebug.c"
   1:./src/startDebug.c **** #include "startDebug.h"
   2:./src/startDebug.c **** #include <stdio.h>
   3:./src/startDebug.c **** #include "main.h"
   4:./src/startDebug.c **** #include "lwip/pbuf.h"
   5:./src/startDebug.c **** #include "lwip/udp.h"
   6:./src/startDebug.c **** #include "lwip/tcp.h"
   7:./src/startDebug.c **** #include <string.h>
   8:./src/startDebug.c **** #include <stdio.h>
   9:./src/startDebug.c **** #include "udp_total.h"
  10:./src/startDebug.c **** #include "ethernetif.h"
  11:./src/startDebug.c **** #include "cmsis_os2.h"
  12:./src/startDebug.c **** #include "lwip/tcpip.h"
  13:./src/startDebug.c **** #include "stm32f765xx.h"
  14:./src/startDebug.c **** 
  15:./src/startDebug.c **** 
  16:./src/startDebug.c **** #define INTERFACE_THREAD_STACK_SIZE ( 1024 )
  17:./src/startDebug.c **** 
  18:./src/startDebug.c **** osMessageQueueId_t debugQueue;      //for Debug Queue
  19:./src/startDebug.c **** osThreadAttr_t attributes;
  20:./src/startDebug.c **** extern IWDG_HandleTypeDef hiwdg;
  21:./src/startDebug.c **** 
  22:./src/startDebug.c **** /*
  23:./src/startDebug.c ****   open udp_connect
  24:./src/startDebug.c ****   create Queue
  25:./src/startDebug.c **** */
  26:./src/startDebug.c **** void startDebug(void *argument)
  27:./src/startDebug.c **** {
  28:./src/startDebug.c ****     LWIP_init(NULL);
  29:./src/startDebug.c ****     udp_total_connect();
  30:./src/startDebug.c ****     debugQueue = osMessageQueueNew(QUEUE_SIZE, ITEM_SIZE, NULL);
  31:./src/startDebug.c **** 
  32:./src/startDebug.c ****     osDelay(DLY_MS(1000));
  33:./src/startDebug.c ****     HAL_IWDG_Refresh(&hiwdg);
  34:./src/startDebug.c **** }
  35:./src/startDebug.c **** 
  36:./src/startDebug.c **** 
  37:./src/startDebug.c **** 
  38:./src/startDebug.c **** 
  39:./src/startDebug.c **** /*
  40:./src/startDebug.c ****   if printf("[CHECK] ~~") : UART print
  41:./src/startDebug.c ****   else printf("~~") : put debugQueue
  42:./src/startDebug.c **** */
  43:./src/startDebug.c **** int _write(int file, char *ptr, int len)
  44:./src/startDebug.c **** {
  34              		.loc 1 44 1 view -0
  35              		.cfi_startproc
  36              		@ args = 0, pretend = 0, frame = 512
  37              		@ frame_needed = 0, uses_anonymous_args = 0
  45:./src/startDebug.c ****     (void)file;
  38              		.loc 1 45 5 view .LVU1
  46:./src/startDebug.c ****   
  47:./src/startDebug.c ****   if(strstr(ptr, "[FW]" ) != NULL)
  39              		.loc 1 47 3 view .LVU2
  44:./src/startDebug.c ****     (void)file;
  40              		.loc 1 44 1 is_stmt 0 view .LVU3
  41 0000 70B5     		push	{r4, r5, r6, lr}
  42              	.LCFI0:
  43              		.cfi_def_cfa_offset 16
  44              		.cfi_offset 4, -16
  45              		.cfi_offset 5, -12
  46              		.cfi_offset 6, -8
  47              		.cfi_offset 14, -4
  48 0002 0D46     		mov	r5, r1
  49 0004 ADF5007D 		sub	sp, sp, #512
  50              	.LCFI1:
  51              		.cfi_def_cfa_offset 528
  52              		.loc 1 47 6 view .LVU4
  53 0008 1A49     		ldr	r1, .L6
  54              	.LVL1:
  44:./src/startDebug.c ****     (void)file;
  55              		.loc 1 44 1 view .LVU5
  56 000a 1446     		mov	r4, r2
  57              		.loc 1 47 6 view .LVU6
  58 000c 2846     		mov	r0, r5
  59              	.LVL2:
  60              		.loc 1 47 6 view .LVU7
  61 000e FFF7FEFF 		bl	strstr
  62              	.LVL3:
  63              		.loc 1 47 5 view .LVU8
  64 0012 A8B1     		cbz	r0, .L2
  65              	.LBB2:
  48:./src/startDebug.c ****   {
  49:./src/startDebug.c ****     char queue_buf[(sizeof(char) * 512)] = {0};
  66              		.loc 1 49 5 is_stmt 1 view .LVU9
  67              		.loc 1 49 10 is_stmt 0 view .LVU10
  68 0014 0026     		movs	r6, #0
  69 0016 4FF4FE72 		mov	r2, #508
  70 001a 01A8     		add	r0, sp, #4
  71 001c 3146     		mov	r1, r6
  72 001e 0096     		str	r6, [sp]
  73 0020 FFF7FEFF 		bl	memset
  74              	.LVL4:
  50:./src/startDebug.c ****     strncpy(queue_buf, ptr, len);
  75              		.loc 1 50 5 is_stmt 1 view .LVU11
  76 0024 2246     		mov	r2, r4
  77 0026 2946     		mov	r1, r5
  78 0028 6846     		mov	r0, sp
  79 002a FFF7FEFF 		bl	strncpy
  80              	.LVL5:
  51:./src/startDebug.c ****     queue_buf[len] = '\0';
  81              		.loc 1 51 5 view .LVU12
  52:./src/startDebug.c ****     udp_client_send(queue_buf);
  82              		.loc 1 52 5 is_stmt 0 view .LVU13
  83 002e 6846     		mov	r0, sp
  51:./src/startDebug.c ****     queue_buf[len] = '\0';
  84              		.loc 1 51 20 view .LVU14
  85 0030 0DF80460 		strb	r6, [sp, r4]
  86              		.loc 1 52 5 is_stmt 1 view .LVU15
  87 0034 FFF7FEFF 		bl	udp_client_send
  88              	.LVL6:
  89              	.LBE2:
  53:./src/startDebug.c ****   }
  54:./src/startDebug.c ****   else
  55:./src/startDebug.c ****   {
  56:./src/startDebug.c ****     char queue_buf[(sizeof(char) * 512)] = {0};
  57:./src/startDebug.c ****     strncpy(queue_buf, ptr, len);
  58:./src/startDebug.c ****     queue_buf[len] = '\0';
  59:./src/startDebug.c ****     osMessageQueuePut(debugQueue, queue_buf, 0, 0);
  60:./src/startDebug.c ****   }
  61:./src/startDebug.c ****   return len;
  90              		.loc 1 61 3 view .LVU16
  62:./src/startDebug.c **** }
  91              		.loc 1 62 1 is_stmt 0 view .LVU17
  92 0038 2046     		mov	r0, r4
  93 003a 0DF5007D 		add	sp, sp, #512
  94              	.LCFI2:
  95              		.cfi_remember_state
  96              		.cfi_def_cfa_offset 16
  97              		@ sp needed
  98 003e 70BD     		pop	{r4, r5, r6, pc}
  99              	.LVL7:
 100              	.L2:
 101              	.LCFI3:
 102              		.cfi_restore_state
 103              	.LBB3:
  56:./src/startDebug.c ****     strncpy(queue_buf, ptr, len);
 104              		.loc 1 56 5 is_stmt 1 view .LVU18
 105 0040 0646     		mov	r6, r0
  56:./src/startDebug.c ****     strncpy(queue_buf, ptr, len);
 106              		.loc 1 56 10 is_stmt 0 view .LVU19
 107 0042 0146     		mov	r1, r0
 108 0044 0090     		str	r0, [sp]
 109 0046 4FF4FE72 		mov	r2, #508
 110 004a 01A8     		add	r0, sp, #4
 111 004c FFF7FEFF 		bl	memset
 112              	.LVL8:
  57:./src/startDebug.c ****     queue_buf[len] = '\0';
 113              		.loc 1 57 5 is_stmt 1 view .LVU20
 114 0050 2246     		mov	r2, r4
 115 0052 2946     		mov	r1, r5
 116 0054 6846     		mov	r0, sp
 117 0056 FFF7FEFF 		bl	strncpy
 118              	.LVL9:
  58:./src/startDebug.c ****     osMessageQueuePut(debugQueue, queue_buf, 0, 0);
 119              		.loc 1 58 5 view .LVU21
  59:./src/startDebug.c ****   }
 120              		.loc 1 59 5 is_stmt 0 view .LVU22
 121 005a 0748     		ldr	r0, .L6+4
 122 005c 3346     		mov	r3, r6
 123 005e 3246     		mov	r2, r6
 124 0060 6946     		mov	r1, sp
 125 0062 0068     		ldr	r0, [r0]
  58:./src/startDebug.c ****     osMessageQueuePut(debugQueue, queue_buf, 0, 0);
 126              		.loc 1 58 20 view .LVU23
 127 0064 0DF80460 		strb	r6, [sp, r4]
  59:./src/startDebug.c ****   }
 128              		.loc 1 59 5 is_stmt 1 view .LVU24
 129 0068 FFF7FEFF 		bl	osMessageQueuePut
 130              	.LVL10:
 131              	.LBE3:
  61:./src/startDebug.c **** }
 132              		.loc 1 61 3 view .LVU25
 133              		.loc 1 62 1 is_stmt 0 view .LVU26
 134 006c 2046     		mov	r0, r4
 135 006e 0DF5007D 		add	sp, sp, #512
 136              	.LCFI4:
 137              		.cfi_def_cfa_offset 16
 138              		@ sp needed
 139 0072 70BD     		pop	{r4, r5, r6, pc}
 140              	.LVL11:
 141              	.L7:
 142              		.loc 1 62 1 view .LVU27
 143              		.align	2
 144              	.L6:
 145 0074 00000000 		.word	.LC0
 146 0078 00000000 		.word	.LANCHOR0
 147              		.cfi_endproc
 148              	.LFE170:
 150              		.align	1
 151              		.p2align 2,,3
 152              		.global	MX_IWDG_Init
 153              		.syntax unified
 154              		.thumb
 155              		.thumb_func
 156              		.fpu fpv5-d16
 158              	MX_IWDG_Init:
 159              	.LFB171:
  63:./src/startDebug.c **** 
  64:./src/startDebug.c **** void MX_IWDG_Init(void)
  65:./src/startDebug.c **** {
 160              		.loc 1 65 1 is_stmt 1 view -0
 161              		.cfi_startproc
 162              		@ args = 0, pretend = 0, frame = 0
 163              		@ frame_needed = 0, uses_anonymous_args = 0
 164              		@ link register save eliminated.
  66:./src/startDebug.c ****   hiwdg.Instance = IWDG;
 165              		.loc 1 66 3 view .LVU29
 166              		.loc 1 66 18 is_stmt 0 view .LVU30
 167 007c 044B     		ldr	r3, .L9
  67:./src/startDebug.c ****   hiwdg.Init.Prescaler = IWDG_PRESCALER_32;
  68:./src/startDebug.c ****   hiwdg.Init.Window = 4095;
 168              		.loc 1 68 21 view .LVU31
 169 007e 40F6FF72 		movw	r2, #4095
  66:./src/startDebug.c ****   hiwdg.Instance = IWDG;
 170              		.loc 1 66 18 view .LVU32
 171 0082 0448     		ldr	r0, .L9+4
  67:./src/startDebug.c ****   hiwdg.Init.Prescaler = IWDG_PRESCALER_32;
 172              		.loc 1 67 24 view .LVU33
 173 0084 0321     		movs	r1, #3
  69:./src/startDebug.c ****   hiwdg.Init.Reload = 4095;
 174              		.loc 1 69 21 view .LVU34
 175 0086 C3E90222 		strd	r2, r2, [r3, #8]
  67:./src/startDebug.c ****   hiwdg.Init.Prescaler = IWDG_PRESCALER_32;
 176              		.loc 1 67 24 view .LVU35
 177 008a C3E90001 		strd	r0, r1, [r3]
  68:./src/startDebug.c ****   hiwdg.Init.Reload = 4095;
 178              		.loc 1 68 3 is_stmt 1 view .LVU36
 179              		.loc 1 69 3 view .LVU37
  70:./src/startDebug.c **** }
 180              		.loc 1 70 1 is_stmt 0 view .LVU38
 181 008e 7047     		bx	lr
 182              	.L10:
 183              		.align	2
 184              	.L9:
 185 0090 00000000 		.word	hiwdg
 186 0094 00300040 		.word	1073754112
 187              		.cfi_endproc
 188              	.LFE171:
 190              		.align	1
 191              		.p2align 2,,3
 192              		.global	LWIP_init
 193              		.syntax unified
 194              		.thumb
 195              		.thumb_func
 196              		.fpu fpv5-d16
 198              	LWIP_init:
 199              	.LVL12:
 200              	.LFB172:
  71:./src/startDebug.c **** 
  72:./src/startDebug.c **** 
  73:./src/startDebug.c **** //for lwip
  74:./src/startDebug.c **** struct netif gnetif;
  75:./src/startDebug.c **** ip4_addr_t ipaddr;
  76:./src/startDebug.c **** ip4_addr_t netmask;
  77:./src/startDebug.c **** ip4_addr_t gw;
  78:./src/startDebug.c **** uint8_t IP_ADDRESS[4];
  79:./src/startDebug.c **** uint8_t NETMASK_ADDRESS[4];
  80:./src/startDebug.c **** uint8_t GATEWAY_ADDRESS[4];
  81:./src/startDebug.c **** 
  82:./src/startDebug.c **** void LWIP_init(void *argument){
 201              		.loc 1 82 31 is_stmt 1 view -0
 202              		.cfi_startproc
 203              		@ args = 0, pretend = 0, frame = 0
 204              		@ frame_needed = 0, uses_anonymous_args = 0
  83:./src/startDebug.c **** 
  84:./src/startDebug.c **** 	// init lwip stack
  85:./src/startDebug.c **** 	tcpip_init( NULL, NULL );
 205              		.loc 1 85 2 view .LVU40
 206 0098 0021     		movs	r1, #0
  82:./src/startDebug.c **** 
 207              		.loc 1 82 31 is_stmt 0 view .LVU41
 208 009a 30B5     		push	{r4, r5, lr}
 209              	.LCFI5:
 210              		.cfi_def_cfa_offset 12
 211              		.cfi_offset 4, -12
 212              		.cfi_offset 5, -8
 213              		.cfi_offset 14, -4
  86:./src/startDebug.c **** 
  87:./src/startDebug.c ****   // init ip address, requested later by dhcp
  88:./src/startDebug.c ****   IP_ADDRESS[0] = 192;
 214              		.loc 1 88 17 view .LVU42
 215 009c 194C     		ldr	r4, .L14
  82:./src/startDebug.c **** 
 216              		.loc 1 82 31 view .LVU43
 217 009e 85B0     		sub	sp, sp, #20
 218              	.LCFI6:
 219              		.cfi_def_cfa_offset 32
  85:./src/startDebug.c **** 
 220              		.loc 1 85 2 view .LVU44
 221 00a0 0846     		mov	r0, r1
 222              	.LVL13:
  89:./src/startDebug.c ****   IP_ADDRESS[1] = 168;
  90:./src/startDebug.c ****   IP_ADDRESS[2] = 20;
  91:./src/startDebug.c ****   IP_ADDRESS[3] = 72;
  92:./src/startDebug.c ****   NETMASK_ADDRESS[0] = 255;
  93:./src/startDebug.c ****   NETMASK_ADDRESS[1] = 255;
  94:./src/startDebug.c ****   NETMASK_ADDRESS[2] = 255;
  95:./src/startDebug.c ****   NETMASK_ADDRESS[3] = 0;
  96:./src/startDebug.c ****   GATEWAY_ADDRESS[0] = 192;
  97:./src/startDebug.c ****   GATEWAY_ADDRESS[1] = 168;
  98:./src/startDebug.c ****   GATEWAY_ADDRESS[2] = 20;
  99:./src/startDebug.c ****   GATEWAY_ADDRESS[3] = 1;
 100:./src/startDebug.c **** 
 101:./src/startDebug.c ****   IP4_ADDR(&ipaddr, IP_ADDRESS[0], IP_ADDRESS[1], IP_ADDRESS[2], IP_ADDRESS[3]);
 102:./src/startDebug.c ****   IP4_ADDR(&netmask, NETMASK_ADDRESS[0], NETMASK_ADDRESS[1] , NETMASK_ADDRESS[2], NETMASK_ADDRESS[3
 103:./src/startDebug.c ****   IP4_ADDR(&gw, GATEWAY_ADDRESS[0], GATEWAY_ADDRESS[1], GATEWAY_ADDRESS[2], GATEWAY_ADDRESS[3]);
 104:./src/startDebug.c **** 
 105:./src/startDebug.c **** 	// add the network interface
 106:./src/startDebug.c **** 	netif_add ( &gnetif, &ipaddr, &netmask, &gw, NULL, &ethernetif_init, &tcpip_input);
 223              		.loc 1 106 2 view .LVU45
 224 00a2 194D     		ldr	r5, .L14+4
  85:./src/startDebug.c **** 
 225              		.loc 1 85 2 view .LVU46
 226 00a4 FFF7FEFF 		bl	tcpip_init
 227              	.LVL14:
  88:./src/startDebug.c ****   IP_ADDRESS[1] = 168;
 228              		.loc 1 88 3 is_stmt 1 view .LVU47
  89:./src/startDebug.c ****   IP_ADDRESS[1] = 168;
 229              		.loc 1 89 3 view .LVU48
  90:./src/startDebug.c ****   IP_ADDRESS[3] = 72;
 230              		.loc 1 90 3 view .LVU49
  91:./src/startDebug.c ****   NETMASK_ADDRESS[0] = 255;
 231              		.loc 1 91 3 view .LVU50
 103:./src/startDebug.c **** 
 232              		.loc 1 103 3 is_stmt 0 view .LVU51
 233 00a8 2346     		mov	r3, r4
  96:./src/startDebug.c ****   GATEWAY_ADDRESS[1] = 168;
 234              		.loc 1 96 22 view .LVU52
 235 00aa 184A     		ldr	r2, .L14+8
 236              		.loc 1 106 2 view .LVU53
 237 00ac 1848     		ldr	r0, .L14+12
 103:./src/startDebug.c **** 
 238              		.loc 1 103 3 view .LVU54
 239 00ae 43F8182F 		str	r2, [r3, #24]!
  88:./src/startDebug.c ****   IP_ADDRESS[1] = 168;
 240              		.loc 1 88 17 view .LVU55
 241 00b2 1849     		ldr	r1, .L14+16
 242              		.loc 1 106 2 view .LVU56
 243 00b4 0190     		str	r0, [sp, #4]
 244 00b6 0020     		movs	r0, #0
 245 00b8 0295     		str	r5, [sp, #8]
  92:./src/startDebug.c ****   NETMASK_ADDRESS[1] = 255;
 246              		.loc 1 92 22 view .LVU57
 247 00ba 6FF07F45 		mvn	r5, #-16777216
  96:./src/startDebug.c ****   GATEWAY_ADDRESS[1] = 168;
 248              		.loc 1 96 22 view .LVU58
 249 00be E260     		str	r2, [r4, #12]
 250              		.loc 1 106 2 view .LVU59
 251 00c0 04F11402 		add	r2, r4, #20
  88:./src/startDebug.c ****   IP_ADDRESS[1] = 168;
 252              		.loc 1 88 17 view .LVU60
 253 00c4 6160     		str	r1, [r4, #4]
  92:./src/startDebug.c ****   NETMASK_ADDRESS[1] = 255;
 254              		.loc 1 92 3 is_stmt 1 view .LVU61
  93:./src/startDebug.c ****   NETMASK_ADDRESS[2] = 255;
 255              		.loc 1 93 3 view .LVU62
  94:./src/startDebug.c ****   NETMASK_ADDRESS[3] = 0;
 256              		.loc 1 94 3 view .LVU63
  95:./src/startDebug.c ****   GATEWAY_ADDRESS[0] = 192;
 257              		.loc 1 95 3 view .LVU64
 101:./src/startDebug.c ****   IP4_ADDR(&netmask, NETMASK_ADDRESS[0], NETMASK_ADDRESS[1] , NETMASK_ADDRESS[2], NETMASK_ADDRESS[3
 258              		.loc 1 101 3 is_stmt 0 view .LVU65
 259 00c6 2161     		str	r1, [r4, #16]
 260              		.loc 1 106 2 view .LVU66
 261 00c8 04F11001 		add	r1, r4, #16
 262 00cc 0090     		str	r0, [sp]
 263 00ce 04F11C00 		add	r0, r4, #28
  92:./src/startDebug.c ****   NETMASK_ADDRESS[1] = 255;
 264              		.loc 1 92 22 view .LVU67
 265 00d2 A560     		str	r5, [r4, #8]
  96:./src/startDebug.c ****   GATEWAY_ADDRESS[1] = 168;
 266              		.loc 1 96 3 is_stmt 1 view .LVU68
  97:./src/startDebug.c ****   GATEWAY_ADDRESS[2] = 20;
 267              		.loc 1 97 3 view .LVU69
  98:./src/startDebug.c ****   GATEWAY_ADDRESS[3] = 1;
 268              		.loc 1 98 3 view .LVU70
  99:./src/startDebug.c **** 
 269              		.loc 1 99 3 view .LVU71
 101:./src/startDebug.c ****   IP4_ADDR(&netmask, NETMASK_ADDRESS[0], NETMASK_ADDRESS[1] , NETMASK_ADDRESS[2], NETMASK_ADDRESS[3
 270              		.loc 1 101 3 view .LVU72
 102:./src/startDebug.c ****   IP4_ADDR(&gw, GATEWAY_ADDRESS[0], GATEWAY_ADDRESS[1], GATEWAY_ADDRESS[2], GATEWAY_ADDRESS[3]);
 271              		.loc 1 102 3 view .LVU73
 272 00d4 6561     		str	r5, [r4, #20]
 103:./src/startDebug.c **** 
 273              		.loc 1 103 3 view .LVU74
 274              		.loc 1 106 2 view .LVU75
 275 00d6 FFF7FEFF 		bl	netif_add
 276              	.LVL15:
 107:./src/startDebug.c **** 
 108:./src/startDebug.c **** 
 109:./src/startDebug.c **** 	// set default netif
 110:./src/startDebug.c **** 	netif_set_default ( &gnetif);
 277              		.loc 1 110 2 view .LVU76
 278 00da 04F11C00 		add	r0, r4, #28
 279 00de FFF7FEFF 		bl	netif_set_default
 280              	.LVL16:
 111:./src/startDebug.c **** 
 112:./src/startDebug.c **** 	if ( netif_is_link_up ( &gnetif))
 281              		.loc 1 112 2 view .LVU77
 282              		.loc 1 112 7 is_stmt 0 view .LVU78
 283 00e2 94F84930 		ldrb	r3, [r4, #73]	@ zero_extendqisi2
 113:./src/startDebug.c **** 	{
 114:./src/startDebug.c **** 		/* When the netif is fully configured this function must be called */
 115:./src/startDebug.c **** 		netif_set_up ( &gnetif);
 284              		.loc 1 115 3 view .LVU79
 285 00e6 04F11C00 		add	r0, r4, #28
 112:./src/startDebug.c **** 	{
 286              		.loc 1 112 5 view .LVU80
 287 00ea 5B07     		lsls	r3, r3, #29
 288 00ec 04D5     		bpl	.L12
 289              		.loc 1 115 3 is_stmt 1 view .LVU81
 116:./src/startDebug.c **** 	}
 117:./src/startDebug.c **** 
 118:./src/startDebug.c **** 	else
 119:./src/startDebug.c **** 	{
 120:./src/startDebug.c **** 		/* When the netif link is down this function must be called */
 121:./src/startDebug.c **** 		netif_set_down ( &gnetif);
 122:./src/startDebug.c **** 	}
 123:./src/startDebug.c **** }
 290              		.loc 1 123 1 is_stmt 0 view .LVU82
 291 00ee 05B0     		add	sp, sp, #20
 292              	.LCFI7:
 293              		.cfi_remember_state
 294              		.cfi_def_cfa_offset 12
 295              		@ sp needed
 296 00f0 BDE83040 		pop	{r4, r5, lr}
 297              	.LCFI8:
 298              		.cfi_restore 14
 299              		.cfi_restore 5
 300              		.cfi_restore 4
 301              		.cfi_def_cfa_offset 0
 115:./src/startDebug.c **** 	}
 302              		.loc 1 115 3 view .LVU83
 303 00f4 FFF7FEBF 		b	netif_set_up
 304              	.LVL17:
 305              	.L12:
 306              	.LCFI9:
 307              		.cfi_restore_state
 121:./src/startDebug.c **** 	}
 308              		.loc 1 121 3 is_stmt 1 view .LVU84
 309              		.loc 1 123 1 is_stmt 0 view .LVU85
 310 00f8 05B0     		add	sp, sp, #20
 311              	.LCFI10:
 312              		.cfi_def_cfa_offset 12
 313              		@ sp needed
 314 00fa BDE83040 		pop	{r4, r5, lr}
 315              	.LCFI11:
 316              		.cfi_restore 14
 317              		.cfi_restore 5
 318              		.cfi_restore 4
 319              		.cfi_def_cfa_offset 0
 121:./src/startDebug.c **** 	}
 320              		.loc 1 121 3 view .LVU86
 321 00fe FFF7FEBF 		b	netif_set_down
 322              	.LVL18:
 323              	.L15:
 324 0102 00BF     		.align	2
 325              	.L14:
 326 0104 00000000 		.word	.LANCHOR0
 327 0108 00000000 		.word	tcpip_input
 328 010c C0A81401 		.word	18131136
 329 0110 00000000 		.word	ethernetif_init
 330 0114 C0A81448 		.word	1209313472
 331              		.cfi_endproc
 332              	.LFE172:
 334              		.align	1
 335              		.p2align 2,,3
 336              		.global	startDebug
 337              		.syntax unified
 338              		.thumb
 339              		.thumb_func
 340              		.fpu fpv5-d16
 342              	startDebug:
 343              	.LVL19:
 344              	.LFB169:
  27:./src/startDebug.c ****     LWIP_init(NULL);
 345              		.loc 1 27 1 is_stmt 1 view -0
 346              		.cfi_startproc
 347              		@ args = 0, pretend = 0, frame = 0
 348              		@ frame_needed = 0, uses_anonymous_args = 0
  28:./src/startDebug.c ****     udp_total_connect();
 349              		.loc 1 28 5 view .LVU88
  27:./src/startDebug.c ****     LWIP_init(NULL);
 350              		.loc 1 27 1 is_stmt 0 view .LVU89
 351 0118 08B5     		push	{r3, lr}
 352              	.LCFI12:
 353              		.cfi_def_cfa_offset 8
 354              		.cfi_offset 3, -8
 355              		.cfi_offset 14, -4
  28:./src/startDebug.c ****     udp_total_connect();
 356              		.loc 1 28 5 view .LVU90
 357 011a 0020     		movs	r0, #0
 358              	.LVL20:
  28:./src/startDebug.c ****     udp_total_connect();
 359              		.loc 1 28 5 view .LVU91
 360 011c FFF7FEFF 		bl	LWIP_init
 361              	.LVL21:
  29:./src/startDebug.c ****     debugQueue = osMessageQueueNew(QUEUE_SIZE, ITEM_SIZE, NULL);
 362              		.loc 1 29 5 is_stmt 1 view .LVU92
 363 0120 FFF7FEFF 		bl	udp_total_connect
 364              	.LVL22:
  30:./src/startDebug.c **** 
 365              		.loc 1 30 5 view .LVU93
  30:./src/startDebug.c **** 
 366              		.loc 1 30 18 is_stmt 0 view .LVU94
 367 0124 0022     		movs	r2, #0
 368 0126 4FF40071 		mov	r1, #512
 369 012a 0520     		movs	r0, #5
 370 012c FFF7FEFF 		bl	osMessageQueueNew
 371              	.LVL23:
  30:./src/startDebug.c **** 
 372              		.loc 1 30 16 view .LVU95
 373 0130 054B     		ldr	r3, .L18
  30:./src/startDebug.c **** 
 374              		.loc 1 30 18 view .LVU96
 375 0132 0246     		mov	r2, r0
  32:./src/startDebug.c ****     HAL_IWDG_Refresh(&hiwdg);
 376              		.loc 1 32 5 view .LVU97
 377 0134 41F28830 		movw	r0, #5000
  30:./src/startDebug.c **** 
 378              		.loc 1 30 16 view .LVU98
 379 0138 1A60     		str	r2, [r3]
  32:./src/startDebug.c ****     HAL_IWDG_Refresh(&hiwdg);
 380              		.loc 1 32 5 is_stmt 1 view .LVU99
 381 013a FFF7FEFF 		bl	osDelay
 382              	.LVL24:
  33:./src/startDebug.c **** }
 383              		.loc 1 33 5 view .LVU100
 384 013e 0348     		ldr	r0, .L18+4
  34:./src/startDebug.c **** 
 385              		.loc 1 34 1 is_stmt 0 view .LVU101
 386 0140 BDE80840 		pop	{r3, lr}
 387              	.LCFI13:
 388              		.cfi_restore 14
 389              		.cfi_restore 3
 390              		.cfi_def_cfa_offset 0
  33:./src/startDebug.c **** }
 391              		.loc 1 33 5 view .LVU102
 392 0144 FFF7FEBF 		b	HAL_IWDG_Refresh
 393              	.LVL25:
 394              	.L19:
 395              		.align	2
 396              	.L18:
 397 0148 00000000 		.word	.LANCHOR0
 398 014c 00000000 		.word	hiwdg
 399              		.cfi_endproc
 400              	.LFE169:
 402              		.global	GATEWAY_ADDRESS
 403              		.global	NETMASK_ADDRESS
 404              		.global	IP_ADDRESS
 405              		.global	gw
 406              		.global	netmask
 407              		.global	ipaddr
 408              		.global	gnetif
 409              		.global	attributes
 410              		.global	debugQueue
 411              		.bss
 412              		.align	2
 413              		.set	.LANCHOR0,. + 0
 416              	debugQueue:
 417 0000 00000000 		.space	4
 420              	IP_ADDRESS:
 421 0004 00000000 		.space	4
 424              	NETMASK_ADDRESS:
 425 0008 00000000 		.space	4
 428              	GATEWAY_ADDRESS:
 429 000c 00000000 		.space	4
 432              	ipaddr:
 433 0010 00000000 		.space	4
 436              	netmask:
 437 0014 00000000 		.space	4
 440              	gw:
 441 0018 00000000 		.space	4
 444              	gnetif:
 445 001c 00000000 		.space	52
 445      00000000 
 445      00000000 
 445      00000000 
 445      00000000 
 448              	attributes:
 449 0050 00000000 		.space	36
 449      00000000 
 449      00000000 
 449      00000000 
 449      00000000 
 450              		.text
 451              	.Letext0:
 452              		.file 2 "c:\\users\\jaejunmin\\downloads\\peak-devpack\\compiler\\10 2020-q4-major\\arm-none-eabi\
 453              		.file 3 "c:\\users\\jaejunmin\\downloads\\peak-devpack\\compiler\\10 2020-q4-major\\arm-none-eabi\
 454              		.file 4 "./lwip-2.1.2/src/include/lwip/arch.h"
 455              		.file 5 "./lwip-2.1.2/src/include/lwip/err.h"
 456              		.file 6 "./lwip-2.1.2/src/include/lwip/pbuf.h"
 457              		.file 7 "./lwip-2.1.2/src/include/lwip/ip4_addr.h"
 458              		.file 8 "./lwip-2.1.2/src/include/lwip/ip_addr.h"
 459              		.file 9 "./lwip-2.1.2/src/include/lwip/netif.h"
 460              		.file 10 "./lwip-2.1.2/src/include/lwip/memp.h"
 461              		.file 11 "./inc/cmsis_os2.h"
 462              		.file 12 "./inc/stm32f765xx.h"
 463              		.file 13 "./inc/stm32f7xx_hal_iwdg.h"
 464              		.file 14 "./lwip-2.1.2/src/include/lwip/tcpip.h"
 465              		.file 15 "c:\\users\\jaejunmin\\downloads\\peak-devpack\\compiler\\10 2020-q4-major\\arm-none-eabi
 466              		.file 16 "./inc/udp_total.h"
 467              		.file 17 "<built-in>"
DEFINED SYMBOLS
                            *ABS*:00000000 startDebug.c
C:\Users\JAEJUN~1\AppData\Local\Temp\ccjHdxX2.s:17     .rodata.str1.4:00000000 $d
C:\Users\JAEJUN~1\AppData\Local\Temp\ccjHdxX2.s:21     .text:00000000 $t
C:\Users\JAEJUN~1\AppData\Local\Temp\ccjHdxX2.s:30     .text:00000000 _write
C:\Users\JAEJUN~1\AppData\Local\Temp\ccjHdxX2.s:145    .text:00000074 $d
C:\Users\JAEJUN~1\AppData\Local\Temp\ccjHdxX2.s:150    .text:0000007c $t
C:\Users\JAEJUN~1\AppData\Local\Temp\ccjHdxX2.s:158    .text:0000007c MX_IWDG_Init
C:\Users\JAEJUN~1\AppData\Local\Temp\ccjHdxX2.s:185    .text:00000090 $d
C:\Users\JAEJUN~1\AppData\Local\Temp\ccjHdxX2.s:190    .text:00000098 $t
C:\Users\JAEJUN~1\AppData\Local\Temp\ccjHdxX2.s:198    .text:00000098 LWIP_init
C:\Users\JAEJUN~1\AppData\Local\Temp\ccjHdxX2.s:326    .text:00000104 $d
C:\Users\JAEJUN~1\AppData\Local\Temp\ccjHdxX2.s:334    .text:00000118 $t
C:\Users\JAEJUN~1\AppData\Local\Temp\ccjHdxX2.s:342    .text:00000118 startDebug
C:\Users\JAEJUN~1\AppData\Local\Temp\ccjHdxX2.s:397    .text:00000148 $d
C:\Users\JAEJUN~1\AppData\Local\Temp\ccjHdxX2.s:428    .bss:0000000c GATEWAY_ADDRESS
C:\Users\JAEJUN~1\AppData\Local\Temp\ccjHdxX2.s:424    .bss:00000008 NETMASK_ADDRESS
C:\Users\JAEJUN~1\AppData\Local\Temp\ccjHdxX2.s:420    .bss:00000004 IP_ADDRESS
C:\Users\JAEJUN~1\AppData\Local\Temp\ccjHdxX2.s:440    .bss:00000018 gw
C:\Users\JAEJUN~1\AppData\Local\Temp\ccjHdxX2.s:436    .bss:00000014 netmask
C:\Users\JAEJUN~1\AppData\Local\Temp\ccjHdxX2.s:432    .bss:00000010 ipaddr
C:\Users\JAEJUN~1\AppData\Local\Temp\ccjHdxX2.s:444    .bss:0000001c gnetif
C:\Users\JAEJUN~1\AppData\Local\Temp\ccjHdxX2.s:448    .bss:00000050 attributes
C:\Users\JAEJUN~1\AppData\Local\Temp\ccjHdxX2.s:416    .bss:00000000 debugQueue
C:\Users\JAEJUN~1\AppData\Local\Temp\ccjHdxX2.s:412    .bss:00000000 $d

UNDEFINED SYMBOLS
strstr
memset
strncpy
udp_client_send
osMessageQueuePut
hiwdg
tcpip_init
netif_add
netif_set_default
netif_set_up
netif_set_down
tcpip_input
ethernetif_init
udp_total_connect
osMessageQueueNew
osDelay
HAL_IWDG_Refresh
