   1              		.cpu cortex-m7
   2              		.eabi_attribute 28, 1
   3              		.eabi_attribute 20, 1
   4              		.eabi_attribute 21, 1
   5              		.eabi_attribute 23, 3
   6              		.eabi_attribute 24, 1
   7              		.eabi_attribute 25, 1
   8              		.eabi_attribute 26, 1
   9              		.eabi_attribute 30, 2
  10              		.eabi_attribute 34, 1
  11              		.eabi_attribute 18, 4
  12              		.file	"startDebug.c"
  13              		.text
  14              	.Ltext0:
  15              		.cfi_sections	.debug_frame
  16              		.align	1
  17              		.p2align 2,,3
  18              		.global	_write
  19              		.arch armv7e-m
  20              		.syntax unified
  21              		.thumb
  22              		.thumb_func
  23              		.fpu fpv5-d16
  25              	_write:
  26              	.LVL0:
  27              	.LFB170:
  28              		.file 1 "./src/startDebug.c"
   1:./src/startDebug.c **** #include "startDebug.h"
   2:./src/startDebug.c **** #include <stdio.h>
   3:./src/startDebug.c **** #include "main.h"
   4:./src/startDebug.c **** #include "lwip/pbuf.h"
   5:./src/startDebug.c **** #include "lwip/udp.h"
   6:./src/startDebug.c **** #include "lwip/tcp.h"
   7:./src/startDebug.c **** #include <string.h>
   8:./src/startDebug.c **** #include <stdio.h>
   9:./src/startDebug.c **** #include "udp_total.h"
  10:./src/startDebug.c **** #include "ethernetif.h"
  11:./src/startDebug.c **** #include "cmsis_os2.h"
  12:./src/startDebug.c **** #include "lwip/tcpip.h"
  13:./src/startDebug.c **** #include "stm32f765xx.h"
  14:./src/startDebug.c **** #include <can_user.h>
  15:./src/startDebug.c **** 
  16:./src/startDebug.c **** 
  17:./src/startDebug.c **** #define INTERFACE_THREAD_STACK_SIZE ( 1024 )
  18:./src/startDebug.c **** 
  19:./src/startDebug.c **** osMessageQueueId_t debugQueue;      //for Debug Queue
  20:./src/startDebug.c **** osMessageQueueId_t canmessageQueue;
  21:./src/startDebug.c **** 
  22:./src/startDebug.c **** 
  23:./src/startDebug.c **** osThreadAttr_t attributes;
  24:./src/startDebug.c **** extern IWDG_HandleTypeDef hiwdg;
  25:./src/startDebug.c **** 
  26:./src/startDebug.c **** /*
  27:./src/startDebug.c ****   open udp_connect
  28:./src/startDebug.c ****   create Queue
  29:./src/startDebug.c **** */
  30:./src/startDebug.c **** void startDebug(void *argument)
  31:./src/startDebug.c **** {
  32:./src/startDebug.c ****     LWIP_init(NULL);
  33:./src/startDebug.c ****     udp_total_connect();
  34:./src/startDebug.c ****     debugQueue = osMessageQueueNew(QUEUE_SIZE, ITEM_SIZE, NULL);
  35:./src/startDebug.c ****     canmessageQueue = osMessageQueueNew(10, sizeof(CANRxMsgDMA_t), NULL);
  36:./src/startDebug.c **** 
  37:./src/startDebug.c ****     osDelay(DLY_MS(1000));
  38:./src/startDebug.c ****     HAL_IWDG_Refresh(&hiwdg);
  39:./src/startDebug.c **** }
  40:./src/startDebug.c **** 
  41:./src/startDebug.c **** 
  42:./src/startDebug.c **** 
  43:./src/startDebug.c **** 
  44:./src/startDebug.c **** /*
  45:./src/startDebug.c ****   if printf("[CHECK] ~~") : UART print
  46:./src/startDebug.c ****   else printf("~~") : put debugQueue
  47:./src/startDebug.c **** */
  48:./src/startDebug.c **** int _write(int file, char *ptr, int len)
  49:./src/startDebug.c **** {
  29              		.loc 1 49 1 view -0
  30              		.cfi_startproc
  31              		@ args = 0, pretend = 0, frame = 512
  32              		@ frame_needed = 0, uses_anonymous_args = 0
  50:./src/startDebug.c ****     (void)file;
  33              		.loc 1 50 5 view .LVU1
  51:./src/startDebug.c ****     char queue_buf[(sizeof(char) * 512)] = {0};
  34              		.loc 1 51 5 view .LVU2
  49:./src/startDebug.c ****     (void)file;
  35              		.loc 1 49 1 is_stmt 0 view .LVU3
  36 0000 30B5     		push	{r4, r5, lr}
  37              	.LCFI0:
  38              		.cfi_def_cfa_offset 12
  39              		.cfi_offset 4, -12
  40              		.cfi_offset 5, -8
  41              		.cfi_offset 14, -4
  42              		.loc 1 51 10 view .LVU4
  43 0002 0023     		movs	r3, #0
  49:./src/startDebug.c ****     (void)file;
  44              		.loc 1 49 1 view .LVU5
  45 0004 ADF5017D 		sub	sp, sp, #516
  46              	.LCFI1:
  47              		.cfi_def_cfa_offset 528
  49:./src/startDebug.c ****     (void)file;
  48              		.loc 1 49 1 view .LVU6
  49 0008 1446     		mov	r4, r2
  50 000a 0D46     		mov	r5, r1
  51              		.loc 1 51 10 view .LVU7
  52 000c 4FF4FE72 		mov	r2, #508
  53              	.LVL1:
  54              		.loc 1 51 10 view .LVU8
  55 0010 1946     		mov	r1, r3
  56              	.LVL2:
  57              		.loc 1 51 10 view .LVU9
  58 0012 01A8     		add	r0, sp, #4
  59              	.LVL3:
  60              		.loc 1 51 10 view .LVU10
  61 0014 0093     		str	r3, [sp]
  62 0016 FFF7FEFF 		bl	memset
  63              	.LVL4:
  52:./src/startDebug.c ****     strncpy(queue_buf, ptr, len);
  64              		.loc 1 52 5 is_stmt 1 view .LVU11
  65 001a 2246     		mov	r2, r4
  66 001c 2946     		mov	r1, r5
  67 001e 6846     		mov	r0, sp
  68 0020 FFF7FEFF 		bl	strncpy
  69              	.LVL5:
  53:./src/startDebug.c ****     queue_buf[len] = '\0';
  70              		.loc 1 53 5 view .LVU12
  54:./src/startDebug.c ****     osMessageQueuePut(debugQueue, queue_buf, 0, 0);
  71              		.loc 1 54 5 is_stmt 0 view .LVU13
  72 0024 0023     		movs	r3, #0
  73 0026 0648     		ldr	r0, .L4
  74 0028 6946     		mov	r1, sp
  75 002a 1A46     		mov	r2, r3
  53:./src/startDebug.c ****     queue_buf[len] = '\0';
  76              		.loc 1 53 20 view .LVU14
  77 002c 0DF80430 		strb	r3, [sp, r4]
  78              		.loc 1 54 5 is_stmt 1 view .LVU15
  79 0030 0068     		ldr	r0, [r0]
  80 0032 FFF7FEFF 		bl	osMessageQueuePut
  81              	.LVL6:
  55:./src/startDebug.c ****   return len;
  82              		.loc 1 55 3 view .LVU16
  56:./src/startDebug.c **** }
  83              		.loc 1 56 1 is_stmt 0 view .LVU17
  84 0036 2046     		mov	r0, r4
  85 0038 0DF5017D 		add	sp, sp, #516
  86              	.LCFI2:
  87              		.cfi_def_cfa_offset 12
  88              		@ sp needed
  89 003c 30BD     		pop	{r4, r5, pc}
  90              	.LVL7:
  91              	.L5:
  92              		.loc 1 56 1 view .LVU18
  93 003e 00BF     		.align	2
  94              	.L4:
  95 0040 00000000 		.word	.LANCHOR0
  96              		.cfi_endproc
  97              	.LFE170:
  99              		.align	1
 100              		.p2align 2,,3
 101              		.global	MX_IWDG_Init
 102              		.syntax unified
 103              		.thumb
 104              		.thumb_func
 105              		.fpu fpv5-d16
 107              	MX_IWDG_Init:
 108              	.LFB171:
  57:./src/startDebug.c **** 
  58:./src/startDebug.c **** void MX_IWDG_Init(void)
  59:./src/startDebug.c **** {
 109              		.loc 1 59 1 is_stmt 1 view -0
 110              		.cfi_startproc
 111              		@ args = 0, pretend = 0, frame = 0
 112              		@ frame_needed = 0, uses_anonymous_args = 0
 113              		@ link register save eliminated.
  60:./src/startDebug.c ****   hiwdg.Instance = IWDG;
 114              		.loc 1 60 3 view .LVU20
 115              		.loc 1 60 18 is_stmt 0 view .LVU21
 116 0044 044B     		ldr	r3, .L7
  61:./src/startDebug.c ****   hiwdg.Init.Prescaler = IWDG_PRESCALER_32;
  62:./src/startDebug.c ****   hiwdg.Init.Window = 4095;
 117              		.loc 1 62 21 view .LVU22
 118 0046 40F6FF72 		movw	r2, #4095
  60:./src/startDebug.c ****   hiwdg.Instance = IWDG;
 119              		.loc 1 60 18 view .LVU23
 120 004a 0448     		ldr	r0, .L7+4
  61:./src/startDebug.c ****   hiwdg.Init.Prescaler = IWDG_PRESCALER_32;
 121              		.loc 1 61 24 view .LVU24
 122 004c 0321     		movs	r1, #3
  63:./src/startDebug.c ****   hiwdg.Init.Reload = 4095;
 123              		.loc 1 63 21 view .LVU25
 124 004e C3E90222 		strd	r2, r2, [r3, #8]
  61:./src/startDebug.c ****   hiwdg.Init.Prescaler = IWDG_PRESCALER_32;
 125              		.loc 1 61 24 view .LVU26
 126 0052 C3E90001 		strd	r0, r1, [r3]
  62:./src/startDebug.c ****   hiwdg.Init.Reload = 4095;
 127              		.loc 1 62 3 is_stmt 1 view .LVU27
 128              		.loc 1 63 3 view .LVU28
  64:./src/startDebug.c **** }
 129              		.loc 1 64 1 is_stmt 0 view .LVU29
 130 0056 7047     		bx	lr
 131              	.L8:
 132              		.align	2
 133              	.L7:
 134 0058 00000000 		.word	hiwdg
 135 005c 00300040 		.word	1073754112
 136              		.cfi_endproc
 137              	.LFE171:
 139              		.align	1
 140              		.p2align 2,,3
 141              		.global	LWIP_init
 142              		.syntax unified
 143              		.thumb
 144              		.thumb_func
 145              		.fpu fpv5-d16
 147              	LWIP_init:
 148              	.LVL8:
 149              	.LFB172:
  65:./src/startDebug.c **** 
  66:./src/startDebug.c **** 
  67:./src/startDebug.c **** //for lwip
  68:./src/startDebug.c **** struct netif gnetif;
  69:./src/startDebug.c **** ip4_addr_t ipaddr;
  70:./src/startDebug.c **** ip4_addr_t netmask;
  71:./src/startDebug.c **** ip4_addr_t gw;
  72:./src/startDebug.c **** uint8_t IP_ADDRESS[4];
  73:./src/startDebug.c **** uint8_t NETMASK_ADDRESS[4];
  74:./src/startDebug.c **** uint8_t GATEWAY_ADDRESS[4];
  75:./src/startDebug.c **** 
  76:./src/startDebug.c **** void LWIP_init(void *argument){
 150              		.loc 1 76 31 is_stmt 1 view -0
 151              		.cfi_startproc
 152              		@ args = 0, pretend = 0, frame = 0
 153              		@ frame_needed = 0, uses_anonymous_args = 0
  77:./src/startDebug.c **** 
  78:./src/startDebug.c **** 	// init lwip stack
  79:./src/startDebug.c **** 	tcpip_init( NULL, NULL );
 154              		.loc 1 79 2 view .LVU31
 155 0060 0021     		movs	r1, #0
  76:./src/startDebug.c **** 
 156              		.loc 1 76 31 is_stmt 0 view .LVU32
 157 0062 30B5     		push	{r4, r5, lr}
 158              	.LCFI3:
 159              		.cfi_def_cfa_offset 12
 160              		.cfi_offset 4, -12
 161              		.cfi_offset 5, -8
 162              		.cfi_offset 14, -4
  80:./src/startDebug.c **** 
  81:./src/startDebug.c ****   // init ip address, requested later by dhcp
  82:./src/startDebug.c ****   IP_ADDRESS[0] = 192;
 163              		.loc 1 82 17 view .LVU33
 164 0064 194C     		ldr	r4, .L12
  76:./src/startDebug.c **** 
 165              		.loc 1 76 31 view .LVU34
 166 0066 85B0     		sub	sp, sp, #20
 167              	.LCFI4:
 168              		.cfi_def_cfa_offset 32
  79:./src/startDebug.c **** 
 169              		.loc 1 79 2 view .LVU35
 170 0068 0846     		mov	r0, r1
 171              	.LVL9:
  83:./src/startDebug.c ****   IP_ADDRESS[1] = 168;
  84:./src/startDebug.c ****   IP_ADDRESS[2] = 20;
  85:./src/startDebug.c ****   IP_ADDRESS[3] = 72;
  86:./src/startDebug.c ****   NETMASK_ADDRESS[0] = 255;
  87:./src/startDebug.c ****   NETMASK_ADDRESS[1] = 255;
  88:./src/startDebug.c ****   NETMASK_ADDRESS[2] = 255;
  89:./src/startDebug.c ****   NETMASK_ADDRESS[3] = 0;
  90:./src/startDebug.c ****   GATEWAY_ADDRESS[0] = 192;
  91:./src/startDebug.c ****   GATEWAY_ADDRESS[1] = 168;
  92:./src/startDebug.c ****   GATEWAY_ADDRESS[2] = 20;
  93:./src/startDebug.c ****   GATEWAY_ADDRESS[3] = 1;
  94:./src/startDebug.c **** 
  95:./src/startDebug.c ****   IP4_ADDR(&ipaddr, IP_ADDRESS[0], IP_ADDRESS[1], IP_ADDRESS[2], IP_ADDRESS[3]);
  96:./src/startDebug.c ****   IP4_ADDR(&netmask, NETMASK_ADDRESS[0], NETMASK_ADDRESS[1] , NETMASK_ADDRESS[2], NETMASK_ADDRESS[3
  97:./src/startDebug.c ****   IP4_ADDR(&gw, GATEWAY_ADDRESS[0], GATEWAY_ADDRESS[1], GATEWAY_ADDRESS[2], GATEWAY_ADDRESS[3]);
  98:./src/startDebug.c **** 
  99:./src/startDebug.c **** 	// add the network interface
 100:./src/startDebug.c **** 	netif_add ( &gnetif, &ipaddr, &netmask, &gw, NULL, &ethernetif_init, &tcpip_input);
 172              		.loc 1 100 2 view .LVU36
 173 006a 194D     		ldr	r5, .L12+4
  79:./src/startDebug.c **** 
 174              		.loc 1 79 2 view .LVU37
 175 006c FFF7FEFF 		bl	tcpip_init
 176              	.LVL10:
  82:./src/startDebug.c ****   IP_ADDRESS[1] = 168;
 177              		.loc 1 82 3 is_stmt 1 view .LVU38
  83:./src/startDebug.c ****   IP_ADDRESS[1] = 168;
 178              		.loc 1 83 3 view .LVU39
  84:./src/startDebug.c ****   IP_ADDRESS[3] = 72;
 179              		.loc 1 84 3 view .LVU40
  85:./src/startDebug.c ****   NETMASK_ADDRESS[0] = 255;
 180              		.loc 1 85 3 view .LVU41
  97:./src/startDebug.c **** 
 181              		.loc 1 97 3 is_stmt 0 view .LVU42
 182 0070 2346     		mov	r3, r4
  90:./src/startDebug.c ****   GATEWAY_ADDRESS[1] = 168;
 183              		.loc 1 90 22 view .LVU43
 184 0072 184A     		ldr	r2, .L12+8
 185              		.loc 1 100 2 view .LVU44
 186 0074 1848     		ldr	r0, .L12+12
  97:./src/startDebug.c **** 
 187              		.loc 1 97 3 view .LVU45
 188 0076 43F8182F 		str	r2, [r3, #24]!
  82:./src/startDebug.c ****   IP_ADDRESS[1] = 168;
 189              		.loc 1 82 17 view .LVU46
 190 007a 1849     		ldr	r1, .L12+16
 191              		.loc 1 100 2 view .LVU47
 192 007c 0190     		str	r0, [sp, #4]
 193 007e 0020     		movs	r0, #0
 194 0080 0295     		str	r5, [sp, #8]
  86:./src/startDebug.c ****   NETMASK_ADDRESS[1] = 255;
 195              		.loc 1 86 22 view .LVU48
 196 0082 6FF07F45 		mvn	r5, #-16777216
  90:./src/startDebug.c ****   GATEWAY_ADDRESS[1] = 168;
 197              		.loc 1 90 22 view .LVU49
 198 0086 E260     		str	r2, [r4, #12]
 199              		.loc 1 100 2 view .LVU50
 200 0088 04F11402 		add	r2, r4, #20
  82:./src/startDebug.c ****   IP_ADDRESS[1] = 168;
 201              		.loc 1 82 17 view .LVU51
 202 008c 6160     		str	r1, [r4, #4]
  86:./src/startDebug.c ****   NETMASK_ADDRESS[1] = 255;
 203              		.loc 1 86 3 is_stmt 1 view .LVU52
  87:./src/startDebug.c ****   NETMASK_ADDRESS[2] = 255;
 204              		.loc 1 87 3 view .LVU53
  88:./src/startDebug.c ****   NETMASK_ADDRESS[3] = 0;
 205              		.loc 1 88 3 view .LVU54
  89:./src/startDebug.c ****   GATEWAY_ADDRESS[0] = 192;
 206              		.loc 1 89 3 view .LVU55
  95:./src/startDebug.c ****   IP4_ADDR(&netmask, NETMASK_ADDRESS[0], NETMASK_ADDRESS[1] , NETMASK_ADDRESS[2], NETMASK_ADDRESS[3
 207              		.loc 1 95 3 is_stmt 0 view .LVU56
 208 008e 2161     		str	r1, [r4, #16]
 209              		.loc 1 100 2 view .LVU57
 210 0090 04F11001 		add	r1, r4, #16
 211 0094 0090     		str	r0, [sp]
 212 0096 04F11C00 		add	r0, r4, #28
  86:./src/startDebug.c ****   NETMASK_ADDRESS[1] = 255;
 213              		.loc 1 86 22 view .LVU58
 214 009a A560     		str	r5, [r4, #8]
  90:./src/startDebug.c ****   GATEWAY_ADDRESS[1] = 168;
 215              		.loc 1 90 3 is_stmt 1 view .LVU59
  91:./src/startDebug.c ****   GATEWAY_ADDRESS[2] = 20;
 216              		.loc 1 91 3 view .LVU60
  92:./src/startDebug.c ****   GATEWAY_ADDRESS[3] = 1;
 217              		.loc 1 92 3 view .LVU61
  93:./src/startDebug.c **** 
 218              		.loc 1 93 3 view .LVU62
  95:./src/startDebug.c ****   IP4_ADDR(&netmask, NETMASK_ADDRESS[0], NETMASK_ADDRESS[1] , NETMASK_ADDRESS[2], NETMASK_ADDRESS[3
 219              		.loc 1 95 3 view .LVU63
  96:./src/startDebug.c ****   IP4_ADDR(&gw, GATEWAY_ADDRESS[0], GATEWAY_ADDRESS[1], GATEWAY_ADDRESS[2], GATEWAY_ADDRESS[3]);
 220              		.loc 1 96 3 view .LVU64
 221 009c 6561     		str	r5, [r4, #20]
  97:./src/startDebug.c **** 
 222              		.loc 1 97 3 view .LVU65
 223              		.loc 1 100 2 view .LVU66
 224 009e FFF7FEFF 		bl	netif_add
 225              	.LVL11:
 101:./src/startDebug.c **** 
 102:./src/startDebug.c **** 
 103:./src/startDebug.c **** 	// set default netif
 104:./src/startDebug.c **** 	netif_set_default ( &gnetif);
 226              		.loc 1 104 2 view .LVU67
 227 00a2 04F11C00 		add	r0, r4, #28
 228 00a6 FFF7FEFF 		bl	netif_set_default
 229              	.LVL12:
 105:./src/startDebug.c **** 
 106:./src/startDebug.c **** 	if ( netif_is_link_up ( &gnetif))
 230              		.loc 1 106 2 view .LVU68
 231              		.loc 1 106 7 is_stmt 0 view .LVU69
 232 00aa 94F84930 		ldrb	r3, [r4, #73]	@ zero_extendqisi2
 107:./src/startDebug.c **** 	{
 108:./src/startDebug.c **** 		/* When the netif is fully configured this function must be called */
 109:./src/startDebug.c **** 		netif_set_up ( &gnetif);
 233              		.loc 1 109 3 view .LVU70
 234 00ae 04F11C00 		add	r0, r4, #28
 106:./src/startDebug.c **** 	{
 235              		.loc 1 106 5 view .LVU71
 236 00b2 5B07     		lsls	r3, r3, #29
 237 00b4 04D5     		bpl	.L10
 238              		.loc 1 109 3 is_stmt 1 view .LVU72
 110:./src/startDebug.c **** 	}
 111:./src/startDebug.c **** 
 112:./src/startDebug.c **** 	else
 113:./src/startDebug.c **** 	{
 114:./src/startDebug.c **** 		/* When the netif link is down this function must be called */
 115:./src/startDebug.c **** 		netif_set_down ( &gnetif);
 116:./src/startDebug.c **** 	}
 117:./src/startDebug.c **** }
 239              		.loc 1 117 1 is_stmt 0 view .LVU73
 240 00b6 05B0     		add	sp, sp, #20
 241              	.LCFI5:
 242              		.cfi_remember_state
 243              		.cfi_def_cfa_offset 12
 244              		@ sp needed
 245 00b8 BDE83040 		pop	{r4, r5, lr}
 246              	.LCFI6:
 247              		.cfi_restore 14
 248              		.cfi_restore 5
 249              		.cfi_restore 4
 250              		.cfi_def_cfa_offset 0
 109:./src/startDebug.c **** 	}
 251              		.loc 1 109 3 view .LVU74
 252 00bc FFF7FEBF 		b	netif_set_up
 253              	.LVL13:
 254              	.L10:
 255              	.LCFI7:
 256              		.cfi_restore_state
 115:./src/startDebug.c **** 	}
 257              		.loc 1 115 3 is_stmt 1 view .LVU75
 258              		.loc 1 117 1 is_stmt 0 view .LVU76
 259 00c0 05B0     		add	sp, sp, #20
 260              	.LCFI8:
 261              		.cfi_def_cfa_offset 12
 262              		@ sp needed
 263 00c2 BDE83040 		pop	{r4, r5, lr}
 264              	.LCFI9:
 265              		.cfi_restore 14
 266              		.cfi_restore 5
 267              		.cfi_restore 4
 268              		.cfi_def_cfa_offset 0
 115:./src/startDebug.c **** 	}
 269              		.loc 1 115 3 view .LVU77
 270 00c6 FFF7FEBF 		b	netif_set_down
 271              	.LVL14:
 272              	.L13:
 273 00ca 00BF     		.align	2
 274              	.L12:
 275 00cc 00000000 		.word	.LANCHOR0
 276 00d0 00000000 		.word	tcpip_input
 277 00d4 C0A81401 		.word	18131136
 278 00d8 00000000 		.word	ethernetif_init
 279 00dc C0A81448 		.word	1209313472
 280              		.cfi_endproc
 281              	.LFE172:
 283              		.align	1
 284              		.p2align 2,,3
 285              		.global	startDebug
 286              		.syntax unified
 287              		.thumb
 288              		.thumb_func
 289              		.fpu fpv5-d16
 291              	startDebug:
 292              	.LVL15:
 293              	.LFB169:
  31:./src/startDebug.c ****     LWIP_init(NULL);
 294              		.loc 1 31 1 is_stmt 1 view -0
 295              		.cfi_startproc
 296              		@ args = 0, pretend = 0, frame = 0
 297              		@ frame_needed = 0, uses_anonymous_args = 0
  32:./src/startDebug.c ****     udp_total_connect();
 298              		.loc 1 32 5 view .LVU79
  31:./src/startDebug.c ****     LWIP_init(NULL);
 299              		.loc 1 31 1 is_stmt 0 view .LVU80
 300 00e0 10B5     		push	{r4, lr}
 301              	.LCFI10:
 302              		.cfi_def_cfa_offset 8
 303              		.cfi_offset 4, -8
 304              		.cfi_offset 14, -4
  32:./src/startDebug.c ****     udp_total_connect();
 305              		.loc 1 32 5 view .LVU81
 306 00e2 0020     		movs	r0, #0
 307              	.LVL16:
  34:./src/startDebug.c ****     canmessageQueue = osMessageQueueNew(10, sizeof(CANRxMsgDMA_t), NULL);
 308              		.loc 1 34 16 view .LVU82
 309 00e4 0E4C     		ldr	r4, .L16
  32:./src/startDebug.c ****     udp_total_connect();
 310              		.loc 1 32 5 view .LVU83
 311 00e6 FFF7FEFF 		bl	LWIP_init
 312              	.LVL17:
  33:./src/startDebug.c ****     debugQueue = osMessageQueueNew(QUEUE_SIZE, ITEM_SIZE, NULL);
 313              		.loc 1 33 5 is_stmt 1 view .LVU84
 314 00ea FFF7FEFF 		bl	udp_total_connect
 315              	.LVL18:
  34:./src/startDebug.c ****     canmessageQueue = osMessageQueueNew(10, sizeof(CANRxMsgDMA_t), NULL);
 316              		.loc 1 34 5 view .LVU85
  34:./src/startDebug.c ****     canmessageQueue = osMessageQueueNew(10, sizeof(CANRxMsgDMA_t), NULL);
 317              		.loc 1 34 18 is_stmt 0 view .LVU86
 318 00ee 0022     		movs	r2, #0
 319 00f0 4FF40071 		mov	r1, #512
 320 00f4 0520     		movs	r0, #5
 321 00f6 FFF7FEFF 		bl	osMessageQueueNew
 322              	.LVL19:
 323 00fa 0346     		mov	r3, r0
  35:./src/startDebug.c **** 
 324              		.loc 1 35 23 view .LVU87
 325 00fc 0022     		movs	r2, #0
 326 00fe 6021     		movs	r1, #96
 327 0100 0A20     		movs	r0, #10
  34:./src/startDebug.c ****     canmessageQueue = osMessageQueueNew(10, sizeof(CANRxMsgDMA_t), NULL);
 328              		.loc 1 34 16 view .LVU88
 329 0102 2360     		str	r3, [r4]
  35:./src/startDebug.c **** 
 330              		.loc 1 35 5 is_stmt 1 view .LVU89
  35:./src/startDebug.c **** 
 331              		.loc 1 35 23 is_stmt 0 view .LVU90
 332 0104 FFF7FEFF 		bl	osMessageQueueNew
 333              	.LVL20:
 334 0108 0346     		mov	r3, r0
  37:./src/startDebug.c ****     HAL_IWDG_Refresh(&hiwdg);
 335              		.loc 1 37 5 view .LVU91
 336 010a 41F28830 		movw	r0, #5000
  35:./src/startDebug.c **** 
 337              		.loc 1 35 21 view .LVU92
 338 010e 2365     		str	r3, [r4, #80]
  37:./src/startDebug.c ****     HAL_IWDG_Refresh(&hiwdg);
 339              		.loc 1 37 5 is_stmt 1 view .LVU93
 340 0110 FFF7FEFF 		bl	osDelay
 341              	.LVL21:
  38:./src/startDebug.c **** }
 342              		.loc 1 38 5 view .LVU94
 343 0114 0348     		ldr	r0, .L16+4
  39:./src/startDebug.c **** 
 344              		.loc 1 39 1 is_stmt 0 view .LVU95
 345 0116 BDE81040 		pop	{r4, lr}
 346              	.LCFI11:
 347              		.cfi_restore 14
 348              		.cfi_restore 4
 349              		.cfi_def_cfa_offset 0
  38:./src/startDebug.c **** }
 350              		.loc 1 38 5 view .LVU96
 351 011a FFF7FEBF 		b	HAL_IWDG_Refresh
 352              	.LVL22:
 353              	.L17:
 354 011e 00BF     		.align	2
 355              	.L16:
 356 0120 00000000 		.word	.LANCHOR0
 357 0124 00000000 		.word	hiwdg
 358              		.cfi_endproc
 359              	.LFE169:
 361              		.global	GATEWAY_ADDRESS
 362              		.global	NETMASK_ADDRESS
 363              		.global	IP_ADDRESS
 364              		.global	gw
 365              		.global	netmask
 366              		.global	ipaddr
 367              		.global	gnetif
 368              		.global	attributes
 369              		.global	canmessageQueue
 370              		.global	debugQueue
 371              		.bss
 372              		.align	2
 373              		.set	.LANCHOR0,. + 0
 376              	debugQueue:
 377 0000 00000000 		.space	4
 380              	IP_ADDRESS:
 381 0004 00000000 		.space	4
 384              	NETMASK_ADDRESS:
 385 0008 00000000 		.space	4
 388              	GATEWAY_ADDRESS:
 389 000c 00000000 		.space	4
 392              	ipaddr:
 393 0010 00000000 		.space	4
 396              	netmask:
 397 0014 00000000 		.space	4
 400              	gw:
 401 0018 00000000 		.space	4
 404              	gnetif:
 405 001c 00000000 		.space	52
 405      00000000 
 405      00000000 
 405      00000000 
 405      00000000 
 408              	canmessageQueue:
 409 0050 00000000 		.space	4
 412              	attributes:
 413 0054 00000000 		.space	36
 413      00000000 
 413      00000000 
 413      00000000 
 413      00000000 
 414              		.text
 415              	.Letext0:
 416              		.file 2 "c:\\users\\jaejunmin\\downloads\\peak-devpack\\compiler\\10 2020-q4-major\\arm-none-eabi\
 417              		.file 3 "c:\\users\\jaejunmin\\downloads\\peak-devpack\\compiler\\10 2020-q4-major\\arm-none-eabi\
 418              		.file 4 "./lwip-2.1.2/src/include/lwip/arch.h"
 419              		.file 5 "./lwip-2.1.2/src/include/lwip/err.h"
 420              		.file 6 "./lwip-2.1.2/src/include/lwip/pbuf.h"
 421              		.file 7 "./lwip-2.1.2/src/include/lwip/ip4_addr.h"
 422              		.file 8 "./lwip-2.1.2/src/include/lwip/ip_addr.h"
 423              		.file 9 "./lwip-2.1.2/src/include/lwip/netif.h"
 424              		.file 10 "./lwip-2.1.2/src/include/lwip/memp.h"
 425              		.file 11 "./inc/cmsis_os2.h"
 426              		.file 12 "./inc/stm32f765xx.h"
 427              		.file 13 "./inc/stm32f7xx_hal_iwdg.h"
 428              		.file 14 "./lwip-2.1.2/src/include/lwip/tcpip.h"
 429              		.file 15 "c:\\users\\jaejunmin\\downloads\\peak-devpack\\compiler\\10 2020-q4-major\\arm-none-eabi
 430              		.file 16 "./inc/udp_total.h"
 431              		.file 17 "<built-in>"
DEFINED SYMBOLS
                            *ABS*:00000000 startDebug.c
C:\Users\JAEJUN~1\AppData\Local\Temp\cc26DSHx.s:16     .text:00000000 $t
C:\Users\JAEJUN~1\AppData\Local\Temp\cc26DSHx.s:25     .text:00000000 _write
C:\Users\JAEJUN~1\AppData\Local\Temp\cc26DSHx.s:95     .text:00000040 $d
C:\Users\JAEJUN~1\AppData\Local\Temp\cc26DSHx.s:99     .text:00000044 $t
C:\Users\JAEJUN~1\AppData\Local\Temp\cc26DSHx.s:107    .text:00000044 MX_IWDG_Init
C:\Users\JAEJUN~1\AppData\Local\Temp\cc26DSHx.s:134    .text:00000058 $d
C:\Users\JAEJUN~1\AppData\Local\Temp\cc26DSHx.s:139    .text:00000060 $t
C:\Users\JAEJUN~1\AppData\Local\Temp\cc26DSHx.s:147    .text:00000060 LWIP_init
C:\Users\JAEJUN~1\AppData\Local\Temp\cc26DSHx.s:275    .text:000000cc $d
C:\Users\JAEJUN~1\AppData\Local\Temp\cc26DSHx.s:283    .text:000000e0 $t
C:\Users\JAEJUN~1\AppData\Local\Temp\cc26DSHx.s:291    .text:000000e0 startDebug
C:\Users\JAEJUN~1\AppData\Local\Temp\cc26DSHx.s:356    .text:00000120 $d
C:\Users\JAEJUN~1\AppData\Local\Temp\cc26DSHx.s:388    .bss:0000000c GATEWAY_ADDRESS
C:\Users\JAEJUN~1\AppData\Local\Temp\cc26DSHx.s:384    .bss:00000008 NETMASK_ADDRESS
C:\Users\JAEJUN~1\AppData\Local\Temp\cc26DSHx.s:380    .bss:00000004 IP_ADDRESS
C:\Users\JAEJUN~1\AppData\Local\Temp\cc26DSHx.s:400    .bss:00000018 gw
C:\Users\JAEJUN~1\AppData\Local\Temp\cc26DSHx.s:396    .bss:00000014 netmask
C:\Users\JAEJUN~1\AppData\Local\Temp\cc26DSHx.s:392    .bss:00000010 ipaddr
C:\Users\JAEJUN~1\AppData\Local\Temp\cc26DSHx.s:404    .bss:0000001c gnetif
C:\Users\JAEJUN~1\AppData\Local\Temp\cc26DSHx.s:412    .bss:00000054 attributes
C:\Users\JAEJUN~1\AppData\Local\Temp\cc26DSHx.s:408    .bss:00000050 canmessageQueue
C:\Users\JAEJUN~1\AppData\Local\Temp\cc26DSHx.s:376    .bss:00000000 debugQueue
C:\Users\JAEJUN~1\AppData\Local\Temp\cc26DSHx.s:372    .bss:00000000 $d

UNDEFINED SYMBOLS
memset
strncpy
osMessageQueuePut
hiwdg
tcpip_init
netif_add
netif_set_default
netif_set_up
netif_set_down
tcpip_input
ethernetif_init
udp_total_connect
osMessageQueueNew
osDelay
HAL_IWDG_Refresh
