   1              		.cpu cortex-m7
   2              		.arch armv7e-m
   3              		.fpu fpv5-d16
   4              		.eabi_attribute 28, 1
   5              		.eabi_attribute 20, 1
   6              		.eabi_attribute 21, 1
   7              		.eabi_attribute 23, 3
   8              		.eabi_attribute 24, 1
   9              		.eabi_attribute 25, 1
  10              		.eabi_attribute 26, 1
  11              		.eabi_attribute 30, 2
  12              		.eabi_attribute 34, 1
  13              		.eabi_attribute 18, 4
  14              		.file	"stm32f7xx_hal_iwdg.c"
  15              		.text
  16              	.Ltext0:
  17              		.cfi_sections	.debug_frame
  18              		.file 1 "./src/stm32f7xx_hal_iwdg.c"
  19              		.align	1
  20              		.p2align 2,,3
  21              		.global	HAL_IWDG_Init
  22              		.syntax unified
  23              		.thumb
  24              		.thumb_func
  26              	HAL_IWDG_Init:
  27              	.LVL0:
  28              	.LFB144:
   1:./src/stm32f7xx_hal_iwdg.c **** /**
   2:./src/stm32f7xx_hal_iwdg.c ****   ******************************************************************************
   3:./src/stm32f7xx_hal_iwdg.c ****   * @file    stm32f7xx_hal_iwdg.c
   4:./src/stm32f7xx_hal_iwdg.c ****   * @author  MCD Application Team
   5:./src/stm32f7xx_hal_iwdg.c ****   * @brief   IWDG HAL module driver.
   6:./src/stm32f7xx_hal_iwdg.c ****   *          This file provides firmware functions to manage the following
   7:./src/stm32f7xx_hal_iwdg.c ****   *          functionalities of the Independent Watchdog (IWDG) peripheral:
   8:./src/stm32f7xx_hal_iwdg.c ****   *           + Initialization and Start functions
   9:./src/stm32f7xx_hal_iwdg.c ****   *           + IO operation functions
  10:./src/stm32f7xx_hal_iwdg.c ****   *
  11:./src/stm32f7xx_hal_iwdg.c ****   ******************************************************************************
  12:./src/stm32f7xx_hal_iwdg.c ****   * @attention
  13:./src/stm32f7xx_hal_iwdg.c ****   *
  14:./src/stm32f7xx_hal_iwdg.c ****   * Copyright (c) 2017 STMicroelectronics.
  15:./src/stm32f7xx_hal_iwdg.c ****   * All rights reserved.
  16:./src/stm32f7xx_hal_iwdg.c ****   *
  17:./src/stm32f7xx_hal_iwdg.c ****   * This software is licensed under terms that can be found in the LICENSE file
  18:./src/stm32f7xx_hal_iwdg.c ****   * in the root directory of this software component.
  19:./src/stm32f7xx_hal_iwdg.c ****   * If no LICENSE file comes with this software, it is provided AS-IS.
  20:./src/stm32f7xx_hal_iwdg.c ****   *
  21:./src/stm32f7xx_hal_iwdg.c ****   ******************************************************************************
  22:./src/stm32f7xx_hal_iwdg.c ****   @verbatim
  23:./src/stm32f7xx_hal_iwdg.c ****   ==============================================================================
  24:./src/stm32f7xx_hal_iwdg.c ****                     ##### IWDG Generic features #####
  25:./src/stm32f7xx_hal_iwdg.c ****   ==============================================================================
  26:./src/stm32f7xx_hal_iwdg.c ****   [..]
  27:./src/stm32f7xx_hal_iwdg.c ****     (+) The IWDG can be started by either software or hardware (configurable
  28:./src/stm32f7xx_hal_iwdg.c ****         through option byte).
  29:./src/stm32f7xx_hal_iwdg.c **** 
  30:./src/stm32f7xx_hal_iwdg.c ****     (+) The IWDG is clocked by the Low-Speed Internal clock (LSI) and thus stays
  31:./src/stm32f7xx_hal_iwdg.c ****         active even if the main clock fails.
  32:./src/stm32f7xx_hal_iwdg.c **** 
  33:./src/stm32f7xx_hal_iwdg.c ****     (+) Once the IWDG is started, the LSI is forced ON and both cannot be
  34:./src/stm32f7xx_hal_iwdg.c ****         disabled. The counter starts counting down from the reset value (0xFFF).
  35:./src/stm32f7xx_hal_iwdg.c ****         When it reaches the end of count value (0x000) a reset signal is
  36:./src/stm32f7xx_hal_iwdg.c ****         generated (IWDG reset).
  37:./src/stm32f7xx_hal_iwdg.c **** 
  38:./src/stm32f7xx_hal_iwdg.c ****     (+) Whenever the key value 0x0000 AAAA is written in the IWDG_KR register,
  39:./src/stm32f7xx_hal_iwdg.c ****         the IWDG_RLR value is reloaded into the counter and the watchdog reset
  40:./src/stm32f7xx_hal_iwdg.c ****         is prevented.
  41:./src/stm32f7xx_hal_iwdg.c **** 
  42:./src/stm32f7xx_hal_iwdg.c ****     (+) The IWDG is implemented in the VDD voltage domain that is still functional
  43:./src/stm32f7xx_hal_iwdg.c ****         in STOP and STANDBY mode (IWDG reset can wake up the CPU from STANDBY).
  44:./src/stm32f7xx_hal_iwdg.c ****         IWDGRST flag in RCC_CSR register can be used to inform when an IWDG
  45:./src/stm32f7xx_hal_iwdg.c ****         reset occurs.
  46:./src/stm32f7xx_hal_iwdg.c **** 
  47:./src/stm32f7xx_hal_iwdg.c ****     (+) Debug mode: When the microcontroller enters debug mode (core halted),
  48:./src/stm32f7xx_hal_iwdg.c ****         the IWDG counter either continues to work normally or stops, depending
  49:./src/stm32f7xx_hal_iwdg.c ****         on DBG_IWDG_STOP configuration bit in DBG module, accessible through
  50:./src/stm32f7xx_hal_iwdg.c ****         __HAL_DBGMCU_FREEZE_IWDG() and __HAL_DBGMCU_UNFREEZE_IWDG() macros.
  51:./src/stm32f7xx_hal_iwdg.c **** 
  52:./src/stm32f7xx_hal_iwdg.c ****     [..] Min-max timeout value @32KHz (LSI): ~125us / ~32.7s
  53:./src/stm32f7xx_hal_iwdg.c ****          The IWDG timeout may vary due to LSI clock frequency dispersion.
  54:./src/stm32f7xx_hal_iwdg.c ****          STM32F7xx devices provide the capability to measure the LSI clock
  55:./src/stm32f7xx_hal_iwdg.c ****          frequency (LSI clock is internally connected to TIM16 CH1 input capture).
  56:./src/stm32f7xx_hal_iwdg.c ****          The measured value can be used to have an IWDG timeout with an
  57:./src/stm32f7xx_hal_iwdg.c ****          acceptable accuracy.
  58:./src/stm32f7xx_hal_iwdg.c **** 
  59:./src/stm32f7xx_hal_iwdg.c ****     [..] Default timeout value (necessary for IWDG_SR status register update):
  60:./src/stm32f7xx_hal_iwdg.c ****          Constant LSI_VALUE is defined based on the nominal LSI clock frequency.
  61:./src/stm32f7xx_hal_iwdg.c ****          This frequency being subject to variations as mentioned above, the
  62:./src/stm32f7xx_hal_iwdg.c ****          default timeout value (defined through constant HAL_IWDG_DEFAULT_TIMEOUT
  63:./src/stm32f7xx_hal_iwdg.c ****          below) may become too short or too long.
  64:./src/stm32f7xx_hal_iwdg.c ****          In such cases, this default timeout value can be tuned by redefining
  65:./src/stm32f7xx_hal_iwdg.c ****          the constant LSI_VALUE at user-application level (based, for instance,
  66:./src/stm32f7xx_hal_iwdg.c ****          on the measured LSI clock frequency as explained above).
  67:./src/stm32f7xx_hal_iwdg.c **** 
  68:./src/stm32f7xx_hal_iwdg.c ****                      ##### How to use this driver #####
  69:./src/stm32f7xx_hal_iwdg.c ****   ==============================================================================
  70:./src/stm32f7xx_hal_iwdg.c ****   [..]
  71:./src/stm32f7xx_hal_iwdg.c ****     (#) Use IWDG using HAL_IWDG_Init() function to :
  72:./src/stm32f7xx_hal_iwdg.c ****       (++) Enable instance by writing Start keyword in IWDG_KEY register. LSI
  73:./src/stm32f7xx_hal_iwdg.c ****            clock is forced ON and IWDG counter starts counting down.
  74:./src/stm32f7xx_hal_iwdg.c ****       (++) Enable write access to configuration registers:
  75:./src/stm32f7xx_hal_iwdg.c ****           IWDG_PR, IWDG_RLR and IWDG_WINR.
  76:./src/stm32f7xx_hal_iwdg.c ****       (++) Configure the IWDG prescaler and counter reload value. This reload
  77:./src/stm32f7xx_hal_iwdg.c ****            value will be loaded in the IWDG counter each time the watchdog is
  78:./src/stm32f7xx_hal_iwdg.c ****            reloaded, then the IWDG will start counting down from this value.
  79:./src/stm32f7xx_hal_iwdg.c ****       (++) Depending on window parameter:
  80:./src/stm32f7xx_hal_iwdg.c ****         (+++) If Window Init parameter is same as Window register value,
  81:./src/stm32f7xx_hal_iwdg.c ****              nothing more is done but reload counter value in order to exit
  82:./src/stm32f7xx_hal_iwdg.c ****              function with exact time base.
  83:./src/stm32f7xx_hal_iwdg.c ****         (+++) Else modify Window register. This will automatically reload
  84:./src/stm32f7xx_hal_iwdg.c ****              watchdog counter.
  85:./src/stm32f7xx_hal_iwdg.c ****       (++) Wait for status flags to be reset.
  86:./src/stm32f7xx_hal_iwdg.c **** 
  87:./src/stm32f7xx_hal_iwdg.c ****     (#) Then the application program must refresh the IWDG counter at regular
  88:./src/stm32f7xx_hal_iwdg.c ****         intervals during normal operation to prevent an MCU reset, using
  89:./src/stm32f7xx_hal_iwdg.c ****         HAL_IWDG_Refresh() function.
  90:./src/stm32f7xx_hal_iwdg.c **** 
  91:./src/stm32f7xx_hal_iwdg.c ****      *** IWDG HAL driver macros list ***
  92:./src/stm32f7xx_hal_iwdg.c ****      ====================================
  93:./src/stm32f7xx_hal_iwdg.c ****      [..]
  94:./src/stm32f7xx_hal_iwdg.c ****        Below the list of most used macros in IWDG HAL driver:
  95:./src/stm32f7xx_hal_iwdg.c ****       (+) __HAL_IWDG_START: Enable the IWDG peripheral
  96:./src/stm32f7xx_hal_iwdg.c ****       (+) __HAL_IWDG_RELOAD_COUNTER: Reloads IWDG counter with value defined in
  97:./src/stm32f7xx_hal_iwdg.c ****           the reload register
  98:./src/stm32f7xx_hal_iwdg.c **** 
  99:./src/stm32f7xx_hal_iwdg.c ****   @endverbatim
 100:./src/stm32f7xx_hal_iwdg.c ****   */
 101:./src/stm32f7xx_hal_iwdg.c **** 
 102:./src/stm32f7xx_hal_iwdg.c **** /* Includes ------------------------------------------------------------------*/
 103:./src/stm32f7xx_hal_iwdg.c **** #include "stm32f7xx_hal.h"
 104:./src/stm32f7xx_hal_iwdg.c **** 
 105:./src/stm32f7xx_hal_iwdg.c **** /** @addtogroup STM32F7xx_HAL_Driver
 106:./src/stm32f7xx_hal_iwdg.c ****   * @{
 107:./src/stm32f7xx_hal_iwdg.c ****   */
 108:./src/stm32f7xx_hal_iwdg.c **** 
 109:./src/stm32f7xx_hal_iwdg.c **** #ifdef HAL_IWDG_MODULE_ENABLED
 110:./src/stm32f7xx_hal_iwdg.c **** /** @addtogroup IWDG
 111:./src/stm32f7xx_hal_iwdg.c ****   * @brief IWDG HAL module driver.
 112:./src/stm32f7xx_hal_iwdg.c ****   * @{
 113:./src/stm32f7xx_hal_iwdg.c ****   */
 114:./src/stm32f7xx_hal_iwdg.c **** 
 115:./src/stm32f7xx_hal_iwdg.c **** /* Private typedef -----------------------------------------------------------*/
 116:./src/stm32f7xx_hal_iwdg.c **** /* Private define ------------------------------------------------------------*/
 117:./src/stm32f7xx_hal_iwdg.c **** /** @defgroup IWDG_Private_Defines IWDG Private Defines
 118:./src/stm32f7xx_hal_iwdg.c ****   * @{
 119:./src/stm32f7xx_hal_iwdg.c ****   */
 120:./src/stm32f7xx_hal_iwdg.c **** /* Status register needs up to 5 LSI clock periods divided by the clock
 121:./src/stm32f7xx_hal_iwdg.c ****    prescaler to be updated. The number of LSI clock periods is upper-rounded to
 122:./src/stm32f7xx_hal_iwdg.c ****    6 for the timeout value calculation.
 123:./src/stm32f7xx_hal_iwdg.c ****    The timeout value is calculated using the highest prescaler (256) and
 124:./src/stm32f7xx_hal_iwdg.c ****    the LSI_VALUE constant. The value of this constant can be changed by the user
 125:./src/stm32f7xx_hal_iwdg.c ****    to take into account possible LSI clock period variations.
 126:./src/stm32f7xx_hal_iwdg.c ****    The timeout value is multiplied by 1000 to be converted in milliseconds.
 127:./src/stm32f7xx_hal_iwdg.c ****    LSI startup time is also considered here by adding LSI_STARTUP_TIME
 128:./src/stm32f7xx_hal_iwdg.c ****    converted in milliseconds. */
 129:./src/stm32f7xx_hal_iwdg.c **** #define LSI_STARTUP_TIME 40U /*!< LSI Maximum startup time in us */
 130:./src/stm32f7xx_hal_iwdg.c **** 
 131:./src/stm32f7xx_hal_iwdg.c **** #define HAL_IWDG_DEFAULT_TIMEOUT        (((6UL * 256UL * 1000UL) / (LSI_VALUE / 128U)) + \
 132:./src/stm32f7xx_hal_iwdg.c ****                                          ((LSI_STARTUP_TIME / 1000UL) + 1UL))
 133:./src/stm32f7xx_hal_iwdg.c **** #define IWDG_KERNEL_UPDATE_FLAGS        (IWDG_SR_WVU | IWDG_SR_RVU | IWDG_SR_PVU)
 134:./src/stm32f7xx_hal_iwdg.c **** /**
 135:./src/stm32f7xx_hal_iwdg.c ****   * @}
 136:./src/stm32f7xx_hal_iwdg.c ****   */
 137:./src/stm32f7xx_hal_iwdg.c **** 
 138:./src/stm32f7xx_hal_iwdg.c **** /* Private macro -------------------------------------------------------------*/
 139:./src/stm32f7xx_hal_iwdg.c **** /* Private variables ---------------------------------------------------------*/
 140:./src/stm32f7xx_hal_iwdg.c **** /* Private function prototypes -----------------------------------------------*/
 141:./src/stm32f7xx_hal_iwdg.c **** /* Exported functions --------------------------------------------------------*/
 142:./src/stm32f7xx_hal_iwdg.c **** 
 143:./src/stm32f7xx_hal_iwdg.c **** /** @addtogroup IWDG_Exported_Functions
 144:./src/stm32f7xx_hal_iwdg.c ****   * @{
 145:./src/stm32f7xx_hal_iwdg.c ****   */
 146:./src/stm32f7xx_hal_iwdg.c **** 
 147:./src/stm32f7xx_hal_iwdg.c **** /** @addtogroup IWDG_Exported_Functions_Group1
 148:./src/stm32f7xx_hal_iwdg.c ****   *  @brief    Initialization and Start functions.
 149:./src/stm32f7xx_hal_iwdg.c ****   *
 150:./src/stm32f7xx_hal_iwdg.c **** @verbatim
 151:./src/stm32f7xx_hal_iwdg.c ****  ===============================================================================
 152:./src/stm32f7xx_hal_iwdg.c ****           ##### Initialization and Start functions #####
 153:./src/stm32f7xx_hal_iwdg.c ****  ===============================================================================
 154:./src/stm32f7xx_hal_iwdg.c ****  [..]  This section provides functions allowing to:
 155:./src/stm32f7xx_hal_iwdg.c ****       (+) Initialize the IWDG according to the specified parameters in the
 156:./src/stm32f7xx_hal_iwdg.c ****           IWDG_InitTypeDef of associated handle.
 157:./src/stm32f7xx_hal_iwdg.c ****       (+) Manage Window option.
 158:./src/stm32f7xx_hal_iwdg.c ****       (+) Once initialization is performed in HAL_IWDG_Init function, Watchdog
 159:./src/stm32f7xx_hal_iwdg.c ****           is reloaded in order to exit function with correct time base.
 160:./src/stm32f7xx_hal_iwdg.c **** 
 161:./src/stm32f7xx_hal_iwdg.c **** @endverbatim
 162:./src/stm32f7xx_hal_iwdg.c ****   * @{
 163:./src/stm32f7xx_hal_iwdg.c ****   */
 164:./src/stm32f7xx_hal_iwdg.c **** 
 165:./src/stm32f7xx_hal_iwdg.c **** /**
 166:./src/stm32f7xx_hal_iwdg.c ****   * @brief  Initialize the IWDG according to the specified parameters in the
 167:./src/stm32f7xx_hal_iwdg.c ****   *         IWDG_InitTypeDef and start watchdog. Before exiting function,
 168:./src/stm32f7xx_hal_iwdg.c ****   *         watchdog is refreshed in order to have correct time base.
 169:./src/stm32f7xx_hal_iwdg.c ****   * @param  hiwdg  pointer to a IWDG_HandleTypeDef structure that contains
 170:./src/stm32f7xx_hal_iwdg.c ****   *                the configuration information for the specified IWDG module.
 171:./src/stm32f7xx_hal_iwdg.c ****   * @retval HAL status
 172:./src/stm32f7xx_hal_iwdg.c ****   */
 173:./src/stm32f7xx_hal_iwdg.c **** HAL_StatusTypeDef HAL_IWDG_Init(IWDG_HandleTypeDef *hiwdg)
 174:./src/stm32f7xx_hal_iwdg.c **** {
  29              		.loc 1 174 1 view -0
  30              		.cfi_startproc
  31              		@ args = 0, pretend = 0, frame = 0
  32              		@ frame_needed = 0, uses_anonymous_args = 0
 175:./src/stm32f7xx_hal_iwdg.c ****   uint32_t tickstart;
  33              		.loc 1 175 3 view .LVU1
 176:./src/stm32f7xx_hal_iwdg.c **** 
 177:./src/stm32f7xx_hal_iwdg.c ****   /* Check the IWDG handle allocation */
 178:./src/stm32f7xx_hal_iwdg.c ****   if (hiwdg == NULL)
  34              		.loc 1 178 3 view .LVU2
  35              		.loc 1 178 6 is_stmt 0 view .LVU3
  36 0000 40B3     		cbz	r0, .L9
 179:./src/stm32f7xx_hal_iwdg.c ****   {
 180:./src/stm32f7xx_hal_iwdg.c ****     return HAL_ERROR;
 181:./src/stm32f7xx_hal_iwdg.c ****   }
 182:./src/stm32f7xx_hal_iwdg.c **** 
 183:./src/stm32f7xx_hal_iwdg.c ****   /* Check the parameters */
 184:./src/stm32f7xx_hal_iwdg.c ****   assert_param(IS_IWDG_ALL_INSTANCE(hiwdg->Instance));
  37              		.loc 1 184 3 is_stmt 1 view .LVU4
 185:./src/stm32f7xx_hal_iwdg.c ****   assert_param(IS_IWDG_PRESCALER(hiwdg->Init.Prescaler));
  38              		.loc 1 185 3 view .LVU5
 186:./src/stm32f7xx_hal_iwdg.c ****   assert_param(IS_IWDG_RELOAD(hiwdg->Init.Reload));
  39              		.loc 1 186 3 view .LVU6
 187:./src/stm32f7xx_hal_iwdg.c ****   assert_param(IS_IWDG_WINDOW(hiwdg->Init.Window));
  40              		.loc 1 187 3 view .LVU7
 188:./src/stm32f7xx_hal_iwdg.c **** 
 189:./src/stm32f7xx_hal_iwdg.c ****   /* Enable IWDG. LSI is turned on automatically */
 190:./src/stm32f7xx_hal_iwdg.c ****   __HAL_IWDG_START(hiwdg);
  41              		.loc 1 190 3 view .LVU8
 191:./src/stm32f7xx_hal_iwdg.c **** 
 192:./src/stm32f7xx_hal_iwdg.c ****   /* Enable write access to IWDG_PR, IWDG_RLR and IWDG_WINR registers by writing
 193:./src/stm32f7xx_hal_iwdg.c ****   0x5555 in KR */
 194:./src/stm32f7xx_hal_iwdg.c ****   IWDG_ENABLE_WRITE_ACCESS(hiwdg);
  42              		.loc 1 194 3 is_stmt 0 view .LVU9
  43 0002 45F25552 		movw	r2, #21845
 195:./src/stm32f7xx_hal_iwdg.c **** 
 196:./src/stm32f7xx_hal_iwdg.c ****   /* Write to IWDG registers the Prescaler & Reload values to work with */
 197:./src/stm32f7xx_hal_iwdg.c ****   hiwdg->Instance->PR = hiwdg->Init.Prescaler;
  44              		.loc 1 197 36 view .LVU10
  45 0006 D0E90031 		ldrd	r3, r1, [r0]
 174:./src/stm32f7xx_hal_iwdg.c ****   uint32_t tickstart;
  46              		.loc 1 174 1 view .LVU11
  47 000a 70B5     		push	{r4, r5, r6, lr}
  48              	.LCFI0:
  49              		.cfi_def_cfa_offset 16
  50              		.cfi_offset 4, -16
  51              		.cfi_offset 5, -12
  52              		.cfi_offset 6, -8
  53              		.cfi_offset 14, -4
  54 000c 0446     		mov	r4, r0
 190:./src/stm32f7xx_hal_iwdg.c **** 
  55              		.loc 1 190 3 view .LVU12
  56 000e 4CF6CC40 		movw	r0, #52428
  57              	.LVL1:
 190:./src/stm32f7xx_hal_iwdg.c **** 
  58              		.loc 1 190 3 view .LVU13
  59 0012 1860     		str	r0, [r3]
 194:./src/stm32f7xx_hal_iwdg.c **** 
  60              		.loc 1 194 3 is_stmt 1 view .LVU14
  61 0014 1A60     		str	r2, [r3]
  62              		.loc 1 197 3 view .LVU15
 198:./src/stm32f7xx_hal_iwdg.c ****   hiwdg->Instance->RLR = hiwdg->Init.Reload;
  63              		.loc 1 198 37 is_stmt 0 view .LVU16
  64 0016 A268     		ldr	r2, [r4, #8]
 197:./src/stm32f7xx_hal_iwdg.c ****   hiwdg->Instance->RLR = hiwdg->Init.Reload;
  65              		.loc 1 197 23 view .LVU17
  66 0018 5960     		str	r1, [r3, #4]
  67              		.loc 1 198 3 is_stmt 1 view .LVU18
  68              		.loc 1 198 24 is_stmt 0 view .LVU19
  69 001a 9A60     		str	r2, [r3, #8]
 199:./src/stm32f7xx_hal_iwdg.c **** 
 200:./src/stm32f7xx_hal_iwdg.c ****   /* Check pending flag, if previous update not done, return timeout */
 201:./src/stm32f7xx_hal_iwdg.c ****   tickstart = HAL_GetTick();
  70              		.loc 1 201 3 is_stmt 1 view .LVU20
  71              		.loc 1 201 15 is_stmt 0 view .LVU21
  72 001c FFF7FEFF 		bl	HAL_GetTick
  73              	.LVL2:
 202:./src/stm32f7xx_hal_iwdg.c **** 
 203:./src/stm32f7xx_hal_iwdg.c ****   /* Wait for register to be updated */
 204:./src/stm32f7xx_hal_iwdg.c ****   while ((hiwdg->Instance->SR & IWDG_KERNEL_UPDATE_FLAGS) != 0x00u)
  74              		.loc 1 204 16 view .LVU22
  75 0020 2368     		ldr	r3, [r4]
 201:./src/stm32f7xx_hal_iwdg.c **** 
  76              		.loc 1 201 15 view .LVU23
  77 0022 0546     		mov	r5, r0
  78              	.LVL3:
  79              		.loc 1 204 3 is_stmt 1 view .LVU24
  80              		.loc 1 204 59 view .LVU25
  81              		.loc 1 204 26 is_stmt 0 view .LVU26
  82 0024 DA68     		ldr	r2, [r3, #12]
  83              		.loc 1 204 59 view .LVU27
  84 0026 5007     		lsls	r0, r2, #29
  85              	.LVL4:
  86              		.loc 1 204 59 view .LVU28
  87 0028 0DD0     		beq	.L3
 205:./src/stm32f7xx_hal_iwdg.c ****   {
 206:./src/stm32f7xx_hal_iwdg.c ****     if ((HAL_GetTick() - tickstart) > HAL_IWDG_DEFAULT_TIMEOUT)
  88              		.loc 1 206 8 discriminator 1 view .LVU29
  89 002a 41F60106 		movw	r6, #6145
  90              	.L6:
  91              		.loc 1 206 5 is_stmt 1 view .LVU30
  92              		.loc 1 206 10 is_stmt 0 view .LVU31
  93 002e FFF7FEFF 		bl	HAL_GetTick
  94              	.LVL5:
 207:./src/stm32f7xx_hal_iwdg.c ****     {
 208:./src/stm32f7xx_hal_iwdg.c ****       if ((hiwdg->Instance->SR & IWDG_KERNEL_UPDATE_FLAGS) != 0x00u)
  95              		.loc 1 208 7 is_stmt 1 view .LVU32
 206:./src/stm32f7xx_hal_iwdg.c ****     {
  96              		.loc 1 206 24 is_stmt 0 discriminator 1 view .LVU33
  97 0032 401B     		subs	r0, r0, r5
  98              		.loc 1 208 17 view .LVU34
  99 0034 2368     		ldr	r3, [r4]
 206:./src/stm32f7xx_hal_iwdg.c ****     {
 100              		.loc 1 206 8 discriminator 1 view .LVU35
 101 0036 B042     		cmp	r0, r6
 102 0038 02D9     		bls	.L5
 103              		.loc 1 208 27 view .LVU36
 104 003a DA68     		ldr	r2, [r3, #12]
 105              		.loc 1 208 10 view .LVU37
 106 003c 5107     		lsls	r1, r2, #29
 107 003e 0BD1     		bne	.L10
 108              	.L5:
 204:./src/stm32f7xx_hal_iwdg.c ****   {
 109              		.loc 1 204 59 is_stmt 1 view .LVU38
 204:./src/stm32f7xx_hal_iwdg.c ****   {
 110              		.loc 1 204 26 is_stmt 0 view .LVU39
 111 0040 DA68     		ldr	r2, [r3, #12]
 204:./src/stm32f7xx_hal_iwdg.c ****   {
 112              		.loc 1 204 59 view .LVU40
 113 0042 5207     		lsls	r2, r2, #29
 114 0044 F3D1     		bne	.L6
 115              	.L3:
 209:./src/stm32f7xx_hal_iwdg.c ****       {
 210:./src/stm32f7xx_hal_iwdg.c ****         return HAL_TIMEOUT;
 211:./src/stm32f7xx_hal_iwdg.c ****       }
 212:./src/stm32f7xx_hal_iwdg.c ****     }
 213:./src/stm32f7xx_hal_iwdg.c ****   }
 214:./src/stm32f7xx_hal_iwdg.c **** 
 215:./src/stm32f7xx_hal_iwdg.c ****   /* If window parameter is different than current value, modify window
 216:./src/stm32f7xx_hal_iwdg.c ****   register */
 217:./src/stm32f7xx_hal_iwdg.c ****   if (hiwdg->Instance->WINR != hiwdg->Init.Window)
 116              		.loc 1 217 3 is_stmt 1 view .LVU41
 117              		.loc 1 217 22 is_stmt 0 view .LVU42
 118 0046 1969     		ldr	r1, [r3, #16]
 119              		.loc 1 217 43 view .LVU43
 120 0048 E268     		ldr	r2, [r4, #12]
 121              		.loc 1 217 6 view .LVU44
 122 004a 9142     		cmp	r1, r2
 123 004c 06D0     		beq	.L7
 218:./src/stm32f7xx_hal_iwdg.c ****   {
 219:./src/stm32f7xx_hal_iwdg.c ****     /* Write to IWDG WINR the IWDG_Window value to compare with. In any case,
 220:./src/stm32f7xx_hal_iwdg.c ****     even if window feature is disabled, Watchdog will be reloaded by writing
 221:./src/stm32f7xx_hal_iwdg.c ****     windows register */
 222:./src/stm32f7xx_hal_iwdg.c ****     hiwdg->Instance->WINR = hiwdg->Init.Window;
 124              		.loc 1 222 5 is_stmt 1 view .LVU45
 125              		.loc 1 222 27 is_stmt 0 view .LVU46
 126 004e 1A61     		str	r2, [r3, #16]
 127              	.L8:
 223:./src/stm32f7xx_hal_iwdg.c ****   }
 224:./src/stm32f7xx_hal_iwdg.c ****   else
 225:./src/stm32f7xx_hal_iwdg.c ****   {
 226:./src/stm32f7xx_hal_iwdg.c ****     /* Reload IWDG counter with value defined in the reload register */
 227:./src/stm32f7xx_hal_iwdg.c ****     __HAL_IWDG_RELOAD_COUNTER(hiwdg);
 228:./src/stm32f7xx_hal_iwdg.c ****   }
 229:./src/stm32f7xx_hal_iwdg.c **** 
 230:./src/stm32f7xx_hal_iwdg.c ****   /* Return function status */
 231:./src/stm32f7xx_hal_iwdg.c ****   return HAL_OK;
 128              		.loc 1 231 10 view .LVU47
 129 0050 0020     		movs	r0, #0
 232:./src/stm32f7xx_hal_iwdg.c **** }
 130              		.loc 1 232 1 view .LVU48
 131 0052 70BD     		pop	{r4, r5, r6, pc}
 132              	.LVL6:
 133              	.L9:
 134              	.LCFI1:
 135              		.cfi_def_cfa_offset 0
 136              		.cfi_restore 4
 137              		.cfi_restore 5
 138              		.cfi_restore 6
 139              		.cfi_restore 14
 180:./src/stm32f7xx_hal_iwdg.c ****   }
 140              		.loc 1 180 12 view .LVU49
 141 0054 0120     		movs	r0, #1
 142              	.LVL7:
 143              		.loc 1 232 1 view .LVU50
 144 0056 7047     		bx	lr
 145              	.LVL8:
 146              	.L10:
 147              	.LCFI2:
 148              		.cfi_def_cfa_offset 16
 149              		.cfi_offset 4, -16
 150              		.cfi_offset 5, -12
 151              		.cfi_offset 6, -8
 152              		.cfi_offset 14, -4
 210:./src/stm32f7xx_hal_iwdg.c ****       }
 153              		.loc 1 210 16 view .LVU51
 154 0058 0320     		movs	r0, #3
 155              		.loc 1 232 1 view .LVU52
 156 005a 70BD     		pop	{r4, r5, r6, pc}
 157              	.LVL9:
 158              	.L7:
 227:./src/stm32f7xx_hal_iwdg.c ****   }
 159              		.loc 1 227 5 is_stmt 1 view .LVU53
 160 005c 4AF6AA22 		movw	r2, #43690
 161 0060 1A60     		str	r2, [r3]
 162 0062 F5E7     		b	.L8
 163              		.cfi_endproc
 164              	.LFE144:
 166              		.align	1
 167              		.p2align 2,,3
 168              		.global	HAL_IWDG_Refresh
 169              		.syntax unified
 170              		.thumb
 171              		.thumb_func
 173              	HAL_IWDG_Refresh:
 174              	.LVL10:
 175              	.LFB145:
 233:./src/stm32f7xx_hal_iwdg.c **** 
 234:./src/stm32f7xx_hal_iwdg.c **** 
 235:./src/stm32f7xx_hal_iwdg.c **** /**
 236:./src/stm32f7xx_hal_iwdg.c ****   * @}
 237:./src/stm32f7xx_hal_iwdg.c ****   */
 238:./src/stm32f7xx_hal_iwdg.c **** 
 239:./src/stm32f7xx_hal_iwdg.c **** 
 240:./src/stm32f7xx_hal_iwdg.c **** /** @addtogroup IWDG_Exported_Functions_Group2
 241:./src/stm32f7xx_hal_iwdg.c ****   *  @brief   IO operation functions
 242:./src/stm32f7xx_hal_iwdg.c ****   *
 243:./src/stm32f7xx_hal_iwdg.c **** @verbatim
 244:./src/stm32f7xx_hal_iwdg.c ****  ===============================================================================
 245:./src/stm32f7xx_hal_iwdg.c ****                       ##### IO operation functions #####
 246:./src/stm32f7xx_hal_iwdg.c ****  ===============================================================================
 247:./src/stm32f7xx_hal_iwdg.c ****  [..]  This section provides functions allowing to:
 248:./src/stm32f7xx_hal_iwdg.c ****       (+) Refresh the IWDG.
 249:./src/stm32f7xx_hal_iwdg.c **** 
 250:./src/stm32f7xx_hal_iwdg.c **** @endverbatim
 251:./src/stm32f7xx_hal_iwdg.c ****   * @{
 252:./src/stm32f7xx_hal_iwdg.c ****   */
 253:./src/stm32f7xx_hal_iwdg.c **** 
 254:./src/stm32f7xx_hal_iwdg.c **** /**
 255:./src/stm32f7xx_hal_iwdg.c ****   * @brief  Refresh the IWDG.
 256:./src/stm32f7xx_hal_iwdg.c ****   * @param  hiwdg  pointer to a IWDG_HandleTypeDef structure that contains
 257:./src/stm32f7xx_hal_iwdg.c ****   *                the configuration information for the specified IWDG module.
 258:./src/stm32f7xx_hal_iwdg.c ****   * @retval HAL status
 259:./src/stm32f7xx_hal_iwdg.c ****   */
 260:./src/stm32f7xx_hal_iwdg.c **** HAL_StatusTypeDef HAL_IWDG_Refresh(IWDG_HandleTypeDef *hiwdg)
 261:./src/stm32f7xx_hal_iwdg.c **** {
 176              		.loc 1 261 1 view -0
 177              		.cfi_startproc
 178              		@ args = 0, pretend = 0, frame = 0
 179              		@ frame_needed = 0, uses_anonymous_args = 0
 180              		@ link register save eliminated.
 262:./src/stm32f7xx_hal_iwdg.c ****   /* Reload IWDG counter with value defined in the reload register */
 263:./src/stm32f7xx_hal_iwdg.c ****   __HAL_IWDG_RELOAD_COUNTER(hiwdg);
 181              		.loc 1 263 3 view .LVU55
 261:./src/stm32f7xx_hal_iwdg.c ****   /* Reload IWDG counter with value defined in the reload register */
 182              		.loc 1 261 1 is_stmt 0 view .LVU56
 183 0064 0346     		mov	r3, r0
 184              		.loc 1 263 3 view .LVU57
 185 0066 4AF6AA22 		movw	r2, #43690
 264:./src/stm32f7xx_hal_iwdg.c **** 
 265:./src/stm32f7xx_hal_iwdg.c ****   /* Return function status */
 266:./src/stm32f7xx_hal_iwdg.c ****   return HAL_OK;
 267:./src/stm32f7xx_hal_iwdg.c **** }
 186              		.loc 1 267 1 view .LVU58
 187 006a 0020     		movs	r0, #0
 188              	.LVL11:
 263:./src/stm32f7xx_hal_iwdg.c **** 
 189              		.loc 1 263 3 view .LVU59
 190 006c 1B68     		ldr	r3, [r3]
 191              	.LVL12:
 263:./src/stm32f7xx_hal_iwdg.c **** 
 192              		.loc 1 263 3 view .LVU60
 193 006e 1A60     		str	r2, [r3]
 266:./src/stm32f7xx_hal_iwdg.c **** }
 194              		.loc 1 266 3 is_stmt 1 view .LVU61
 195              		.loc 1 267 1 is_stmt 0 view .LVU62
 196 0070 7047     		bx	lr
 197              		.cfi_endproc
 198              	.LFE145:
 200              	.Letext0:
 201              		.file 2 "C:\\ST\\STM32CubeCLT_1.18.0\\GNU-tools-for-STM32\\bin\\../lib/gcc/arm-none-eabi/13.3.1/..
 202              		.file 3 "C:\\ST\\STM32CubeCLT_1.18.0\\GNU-tools-for-STM32\\bin\\../lib/gcc/arm-none-eabi/13.3.1/..
 203              		.file 4 "./inc/stm32f765xx.h"
 204              		.file 5 "./inc/stm32f7xx_hal_def.h"
 205              		.file 6 "./inc/stm32f7xx_hal_iwdg.h"
 206              		.file 7 "./inc/stm32f7xx_hal.h"
DEFINED SYMBOLS
                            *ABS*:00000000 stm32f7xx_hal_iwdg.c
C:\Users\JAEJUN~1\AppData\Local\Temp\ccwxACiy.s:19     .text:00000000 $t
C:\Users\JAEJUN~1\AppData\Local\Temp\ccwxACiy.s:26     .text:00000000 HAL_IWDG_Init
C:\Users\JAEJUN~1\AppData\Local\Temp\ccwxACiy.s:173    .text:00000064 HAL_IWDG_Refresh

UNDEFINED SYMBOLS
HAL_GetTick
