   1              		.cpu cortex-m7
   2              		.arch armv7e-m
   3              		.fpu fpv5-d16
   4              		.eabi_attribute 28, 1
   5              		.eabi_attribute 20, 1
   6              		.eabi_attribute 21, 1
   7              		.eabi_attribute 23, 3
   8              		.eabi_attribute 24, 1
   9              		.eabi_attribute 25, 1
  10              		.eabi_attribute 26, 1
  11              		.eabi_attribute 30, 2
  12              		.eabi_attribute 34, 1
  13              		.eabi_attribute 18, 4
  14              		.file	"sys_arch.c"
  15              		.text
  16              	.Ltext0:
  17              		.cfi_sections	.debug_frame
  18              		.file 1 "./src/sys_arch.c"
  19              		.align	1
  20              		.p2align 2,,3
  21              		.global	HAL_Delay
  22              		.syntax unified
  23              		.thumb
  24              		.thumb_func
  26              	HAL_Delay:
  27              	.LVL0:
  28              	.LFB171:
   1:./src/sys_arch.c **** 
   2:./src/sys_arch.c **** #include <lwip/arch.h>
   3:./src/sys_arch.c **** #include "arch/sys_arch.h"
   4:./src/sys_arch.c **** #include <lwip/sys.h>
   5:./src/sys_arch.c **** #include <string.h>
   6:./src/sys_arch.c **** #include "main.h"
   7:./src/sys_arch.c **** 
   8:./src/sys_arch.c **** 
   9:./src/sys_arch.c **** 
  10:./src/sys_arch.c **** 
  11:./src/sys_arch.c **** static void  sys_arch_dbg ( uint32_t  err)
  12:./src/sys_arch.c **** {
  13:./src/sys_arch.c ****    //while(1);
  14:./src/sys_arch.c **** }
  15:./src/sys_arch.c **** 
  16:./src/sys_arch.c **** 
  17:./src/sys_arch.c **** 
  18:./src/sys_arch.c **** void HAL_Delay(uint32_t Delay)
  19:./src/sys_arch.c **** {
  29              		.loc 1 19 1 view -0
  30              		.cfi_startproc
  31              		@ args = 0, pretend = 0, frame = 0
  32              		@ frame_needed = 0, uses_anonymous_args = 0
  33              		@ link register save eliminated.
  20:./src/sys_arch.c **** 	osDelay ( DLY_MS(Delay));
  34              		.loc 1 20 2 view .LVU1
  35 0000 00EB8000 		add	r0, r0, r0, lsl #2
  36              	.LVL1:
  37              		.loc 1 20 2 is_stmt 0 view .LVU2
  38 0004 FFF7FEBF 		b	osDelay
  39              	.LVL2:
  40              		.cfi_endproc
  41              	.LFE171:
  43              		.align	1
  44              		.p2align 2,,3
  45              		.global	HAL_GetTick
  46              		.syntax unified
  47              		.thumb
  48              		.thumb_func
  50              	HAL_GetTick:
  51              	.LFB172:
  21:./src/sys_arch.c **** }
  22:./src/sys_arch.c **** 
  23:./src/sys_arch.c **** 
  24:./src/sys_arch.c **** 
  25:./src/sys_arch.c **** uint32_t HAL_GetTick(void)
  26:./src/sys_arch.c **** {
  52              		.loc 1 26 1 is_stmt 1 view -0
  53              		.cfi_startproc
  54              		@ args = 0, pretend = 0, frame = 0
  55              		@ frame_needed = 0, uses_anonymous_args = 0
  27:./src/sys_arch.c **** 	return sys_now();
  56              		.loc 1 27 2 view .LVU4
  57              	.LBB28:
  58              	.LBI28:
  28:./src/sys_arch.c **** }
  29:./src/sys_arch.c **** 
  30:./src/sys_arch.c **** 
  31:./src/sys_arch.c **** 
  32:./src/sys_arch.c **** 
  33:./src/sys_arch.c **** 
  34:./src/sys_arch.c **** 
  35:./src/sys_arch.c **** 
  36:./src/sys_arch.c **** u32_t  sys_now ( void)
  59              		.loc 1 36 8 view .LVU5
  60              	.LBB29:
  37:./src/sys_arch.c **** {
  38:./src/sys_arch.c **** 	return osKernelGetTickCount() / OS_TICKS_PER_MILLI;
  61              		.loc 1 38 2 view .LVU6
  62              	.LBE29:
  63              	.LBE28:
  26:./src/sys_arch.c **** 	return sys_now();
  64              		.loc 1 26 1 is_stmt 0 view .LVU7
  65 0008 08B5     		push	{r3, lr}
  66              	.LCFI0:
  67              		.cfi_def_cfa_offset 8
  68              		.cfi_offset 3, -8
  69              		.cfi_offset 14, -4
  70              	.LBB31:
  71              	.LBB30:
  72              		.loc 1 38 9 view .LVU8
  73 000a FFF7FEFF 		bl	osKernelGetTickCount
  74              	.LVL3:
  75              		.loc 1 38 32 discriminator 1 view .LVU9
  76 000e 024B     		ldr	r3, .L5
  77 0010 A3FB0030 		umull	r3, r0, r3, r0
  78              	.LBE30:
  79              	.LBE31:
  28:./src/sys_arch.c **** }
  80              		.loc 1 28 1 view .LVU10
  81 0014 8008     		lsrs	r0, r0, #2
  82 0016 08BD     		pop	{r3, pc}
  83              	.L6:
  84              		.align	2
  85              	.L5:
  86 0018 CDCCCCCC 		.word	-858993459
  87              		.cfi_endproc
  88              	.LFE172:
  90              		.align	1
  91              		.p2align 2,,3
  92              		.global	sys_now
  93              		.syntax unified
  94              		.thumb
  95              		.thumb_func
  97              	sys_now:
  98              	.LFB192:
  99              		.cfi_startproc
  36:./src/sys_arch.c **** {
 100              		.loc 1 36 8 is_stmt 1 view .LVU11
 101              		@ args = 0, pretend = 0, frame = 0
 102              		@ frame_needed = 0, uses_anonymous_args = 0
 103 001c 08B5     		push	{r3, lr}
 104              	.LCFI1:
 105              		.cfi_def_cfa_offset 8
 106              		.cfi_offset 3, -8
 107              		.cfi_offset 14, -4
 108 001e FFF7FEFF 		bl	osKernelGetTickCount
 109 0022 024B     		ldr	r3, .L9
 110 0024 A3FB0030 		umull	r3, r0, r3, r0
 111 0028 8008     		lsrs	r0, r0, #2
 112 002a 08BD     		pop	{r3, pc}
 113              	.L10:
 114              		.align	2
 115              	.L9:
 116 002c CDCCCCCC 		.word	-858993459
 117              		.cfi_endproc
 118              	.LFE192:
 120              		.align	1
 121              		.p2align 2,,3
 122              		.global	sys_init
 123              		.syntax unified
 124              		.thumb
 125              		.thumb_func
 127              	sys_init:
 128              	.LFB174:
  39:./src/sys_arch.c **** }
  40:./src/sys_arch.c **** 
  41:./src/sys_arch.c **** 
  42:./src/sys_arch.c **** 
  43:./src/sys_arch.c **** void  sys_init ( void)
  44:./src/sys_arch.c **** {
 129              		.loc 1 44 1 view -0
 130              		.cfi_startproc
 131              		@ args = 0, pretend = 0, frame = 0
 132              		@ frame_needed = 0, uses_anonymous_args = 0
 133              		@ link register save eliminated.
  45:./src/sys_arch.c **** }
 134              		.loc 1 45 1 view .LVU13
 135 0030 7047     		bx	lr
 136              		.cfi_endproc
 137              	.LFE174:
 139              		.align	1
 140 0032 00BF     		.p2align 2,,3
 141              		.global	sys_thread_new
 142              		.syntax unified
 143              		.thumb
 144              		.thumb_func
 146              	sys_thread_new:
 147              	.LVL4:
 148              	.LFB175:
  46:./src/sys_arch.c **** 
  47:./src/sys_arch.c **** 
  48:./src/sys_arch.c **** 
  49:./src/sys_arch.c **** 
  50:./src/sys_arch.c **** /**
  51:./src/sys_arch.c ****  * @ingroup dhcp4
  52:./src/sys_arch.c ****  * Start DHCP negotiation for a network interface.
  53:./src/sys_arch.c ****  *
  54:./src/sys_arch.c ****  * If no DHCP client instance was attached to this interface,
  55:./src/sys_arch.c ****  * a new client is created first. If a DHCP client instance
  56:./src/sys_arch.c ****  * was already present, it restarts negotiation.
  57:./src/sys_arch.c ****  *
  58:./src/sys_arch.c ****  * @param netif The lwIP network interface
  59:./src/sys_arch.c ****  * @return lwIP error code
  60:./src/sys_arch.c ****  * - ERR_OK - No error
  61:./src/sys_arch.c ****  * - ERR_MEM - Out of memory
  62:./src/sys_arch.c ****  */
  63:./src/sys_arch.c **** sys_thread_t  sys_thread_new ( const char *name, lwip_thread_fn function, void *arg, int stacksize,
  64:./src/sys_arch.c **** {
 149              		.loc 1 64 1 view -0
 150              		.cfi_startproc
 151              		@ args = 4, pretend = 0, frame = 40
 152              		@ frame_needed = 0, uses_anonymous_args = 0
  65:./src/sys_arch.c **** 	osThreadId_t    thread_id;
 153              		.loc 1 65 2 view .LVU15
  66:./src/sys_arch.c **** 	osThreadAttr_t  thread_attr;
 154              		.loc 1 66 2 view .LVU16
  67:./src/sys_arch.c **** 	
  68:./src/sys_arch.c **** 	
  69:./src/sys_arch.c **** 	memset ( &thread_attr, 0, sizeof ( thread_attr));
 155              		.loc 1 69 2 view .LVU17
  64:./src/sys_arch.c **** 	osThreadId_t    thread_id;
 156              		.loc 1 64 1 is_stmt 0 view .LVU18
 157 0034 F0B5     		push	{r4, r5, r6, r7, lr}
 158              	.LCFI2:
 159              		.cfi_def_cfa_offset 20
 160              		.cfi_offset 4, -20
 161              		.cfi_offset 5, -16
 162              		.cfi_offset 6, -12
 163              		.cfi_offset 7, -8
 164              		.cfi_offset 14, -4
 165 0036 8BB0     		sub	sp, sp, #44
 166              	.LCFI3:
 167              		.cfi_def_cfa_offset 64
  64:./src/sys_arch.c **** 	osThreadId_t    thread_id;
 168              		.loc 1 64 1 view .LVU19
 169 0038 1646     		mov	r6, r2
 170 003a 0446     		mov	r4, r0
 171 003c 0D46     		mov	r5, r1
 172              		.loc 1 69 2 view .LVU20
 173 003e 2022     		movs	r2, #32
 174              	.LVL5:
 175              		.loc 1 69 2 view .LVU21
 176 0040 0021     		movs	r1, #0
 177              	.LVL6:
 178              		.loc 1 69 2 view .LVU22
 179 0042 02A8     		add	r0, sp, #8
 180              	.LVL7:
  64:./src/sys_arch.c **** 	osThreadId_t    thread_id;
 181              		.loc 1 64 1 view .LVU23
 182 0044 1F46     		mov	r7, r3
 183              		.loc 1 69 2 view .LVU24
 184 0046 FFF7FEFF 		bl	memset
 185              	.LVL8:
  70:./src/sys_arch.c **** 	
  71:./src/sys_arch.c **** 	thread_attr.stack_size = stacksize;
 186              		.loc 1 71 2 is_stmt 1 view .LVU25
  72:./src/sys_arch.c **** 	thread_attr.name = name;
  73:./src/sys_arch.c **** 	thread_attr.priority = prio;
 187              		.loc 1 73 23 is_stmt 0 view .LVU26
 188 004a 109B     		ldr	r3, [sp, #64]
  74:./src/sys_arch.c **** 	
  75:./src/sys_arch.c **** 	thread_id = osThreadNew ( function, arg, &thread_attr);
 189              		.loc 1 75 14 view .LVU27
 190 004c 01AA     		add	r2, sp, #4
 191 004e 3146     		mov	r1, r6
 192 0050 2846     		mov	r0, r5
  71:./src/sys_arch.c **** 	thread_attr.name = name;
 193              		.loc 1 71 25 view .LVU28
 194 0052 0697     		str	r7, [sp, #24]
  72:./src/sys_arch.c **** 	thread_attr.name = name;
 195              		.loc 1 72 2 is_stmt 1 view .LVU29
  72:./src/sys_arch.c **** 	thread_attr.name = name;
 196              		.loc 1 72 19 is_stmt 0 view .LVU30
 197 0054 0194     		str	r4, [sp, #4]
  73:./src/sys_arch.c **** 	
 198              		.loc 1 73 2 is_stmt 1 view .LVU31
  73:./src/sys_arch.c **** 	
 199              		.loc 1 73 23 is_stmt 0 view .LVU32
 200 0056 0793     		str	r3, [sp, #28]
 201              		.loc 1 75 2 is_stmt 1 view .LVU33
 202              		.loc 1 75 14 is_stmt 0 view .LVU34
 203 0058 FFF7FEFF 		bl	osThreadNew
 204              	.LVL9:
  76:./src/sys_arch.c **** 	
  77:./src/sys_arch.c **** 	return thread_id;
 205              		.loc 1 77 2 is_stmt 1 view .LVU35
  78:./src/sys_arch.c **** }
 206              		.loc 1 78 1 is_stmt 0 view .LVU36
 207 005c 0BB0     		add	sp, sp, #44
 208              	.LCFI4:
 209              		.cfi_def_cfa_offset 20
 210              		@ sp needed
 211 005e F0BD     		pop	{r4, r5, r6, r7, pc}
 212              		.loc 1 78 1 view .LVU37
 213              		.cfi_endproc
 214              	.LFE175:
 216              		.align	1
 217              		.p2align 2,,3
 218              		.global	sys_mutex_new
 219              		.syntax unified
 220              		.thumb
 221              		.thumb_func
 223              	sys_mutex_new:
 224              	.LVL10:
 225              	.LFB176:
  79:./src/sys_arch.c **** 
  80:./src/sys_arch.c **** 
  81:./src/sys_arch.c **** 
  82:./src/sys_arch.c **** err_t  sys_mutex_new ( sys_mutex_t *mutex)
  83:./src/sys_arch.c **** {
 226              		.loc 1 83 1 is_stmt 1 view -0
 227              		.cfi_startproc
 228              		@ args = 0, pretend = 0, frame = 0
 229              		@ frame_needed = 0, uses_anonymous_args = 0
  84:./src/sys_arch.c ****    static const osMutexAttr_t attr = {
 230              		.loc 1 84 4 view .LVU39
  85:./src/sys_arch.c ****       NULL,
  86:./src/sys_arch.c ****       osMutexPrioInherit | osMutexRecursive,
  87:./src/sys_arch.c ****       NULL,
  88:./src/sys_arch.c ****       0
  89:./src/sys_arch.c ****    };
  90:./src/sys_arch.c **** 
  91:./src/sys_arch.c **** 
  92:./src/sys_arch.c ****    *mutex = osMutexNew ( &attr);
 231              		.loc 1 92 4 view .LVU40
  83:./src/sys_arch.c ****    static const osMutexAttr_t attr = {
 232              		.loc 1 83 1 is_stmt 0 view .LVU41
 233 0060 10B5     		push	{r4, lr}
 234              	.LCFI5:
 235              		.cfi_def_cfa_offset 8
 236              		.cfi_offset 4, -8
 237              		.cfi_offset 14, -4
  83:./src/sys_arch.c ****    static const osMutexAttr_t attr = {
 238              		.loc 1 83 1 view .LVU42
 239 0062 0446     		mov	r4, r0
 240              		.loc 1 92 13 view .LVU43
 241 0064 0448     		ldr	r0, .L16
 242              	.LVL11:
 243              		.loc 1 92 13 view .LVU44
 244 0066 FFF7FEFF 		bl	osMutexNew
 245              	.LVL12:
  93:./src/sys_arch.c **** 
  94:./src/sys_arch.c ****    if ( *mutex)
 246              		.loc 1 94 7 view .LVU45
 247 006a B0FA80F3 		clz	r3, r0
  92:./src/sys_arch.c **** 
 248              		.loc 1 92 11 discriminator 1 view .LVU46
 249 006e 2060     		str	r0, [r4]
 250              		.loc 1 94 4 is_stmt 1 view .LVU47
 251              		.loc 1 94 7 is_stmt 0 view .LVU48
 252 0070 5B09     		lsrs	r3, r3, #5
  95:./src/sys_arch.c ****       return ERR_OK;
  96:./src/sys_arch.c **** 
  97:./src/sys_arch.c ****    sys_arch_dbg ( 1);
  98:./src/sys_arch.c ****    
  99:./src/sys_arch.c ****    return ERR_MEM;
 100:./src/sys_arch.c **** }
 253              		.loc 1 100 1 view .LVU49
 254 0072 5842     		rsbs	r0, r3, #0
 255 0074 10BD     		pop	{r4, pc}
 256              	.LVL13:
 257              	.L17:
 258              		.loc 1 100 1 view .LVU50
 259 0076 00BF     		.align	2
 260              	.L16:
 261 0078 00000000 		.word	.LANCHOR0
 262              		.cfi_endproc
 263              	.LFE176:
 265              		.align	1
 266              		.p2align 2,,3
 267              		.global	sys_mutex_lock
 268              		.syntax unified
 269              		.thumb
 270              		.thumb_func
 272              	sys_mutex_lock:
 273              	.LVL14:
 274              	.LFB177:
 101:./src/sys_arch.c **** 
 102:./src/sys_arch.c **** 
 103:./src/sys_arch.c **** 
 104:./src/sys_arch.c **** void  sys_mutex_lock ( sys_mutex_t *mutex)
 105:./src/sys_arch.c **** {
 275              		.loc 1 105 1 is_stmt 1 view -0
 276              		.cfi_startproc
 277              		@ args = 0, pretend = 0, frame = 0
 278              		@ frame_needed = 0, uses_anonymous_args = 0
 279              		@ link register save eliminated.
 106:./src/sys_arch.c ****    osStatus_t  stat;
 280              		.loc 1 106 4 view .LVU52
 107:./src/sys_arch.c **** 
 108:./src/sys_arch.c **** 
 109:./src/sys_arch.c **** 	stat = osMutexAcquire ( *mutex, osWaitForever);
 281              		.loc 1 109 2 view .LVU53
 282              		.loc 1 109 9 is_stmt 0 view .LVU54
 283 007c 4FF0FF31 		mov	r1, #-1
 284 0080 0068     		ldr	r0, [r0]
 285              	.LVL15:
 286              		.loc 1 109 9 view .LVU55
 287 0082 FFF7FEBF 		b	osMutexAcquire
 288              	.LVL16:
 289              		.cfi_endproc
 290              	.LFE177:
 292              		.align	1
 293 0086 00BF     		.p2align 2,,3
 294              		.global	sys_mutex_unlock
 295              		.syntax unified
 296              		.thumb
 297              		.thumb_func
 299              	sys_mutex_unlock:
 300              	.LVL17:
 301              	.LFB178:
 110:./src/sys_arch.c **** 
 111:./src/sys_arch.c ****    if ( stat != osOK) {
 112:./src/sys_arch.c ****       sys_arch_dbg ( 2);
 113:./src/sys_arch.c ****    }
 114:./src/sys_arch.c **** }
 115:./src/sys_arch.c **** 
 116:./src/sys_arch.c **** 
 117:./src/sys_arch.c **** 
 118:./src/sys_arch.c **** void  sys_mutex_unlock ( sys_mutex_t *mutex)
 119:./src/sys_arch.c **** {
 302              		.loc 1 119 1 is_stmt 1 view -0
 303              		.cfi_startproc
 304              		@ args = 0, pretend = 0, frame = 0
 305              		@ frame_needed = 0, uses_anonymous_args = 0
 306              		@ link register save eliminated.
 120:./src/sys_arch.c **** 	osStatus_t  stat;
 307              		.loc 1 120 2 view .LVU57
 121:./src/sys_arch.c **** 
 122:./src/sys_arch.c **** 
 123:./src/sys_arch.c **** 	stat = osMutexRelease ( *mutex);
 308              		.loc 1 123 2 view .LVU58
 309              		.loc 1 123 9 is_stmt 0 view .LVU59
 310 0088 0068     		ldr	r0, [r0]
 311              	.LVL18:
 312              		.loc 1 123 9 view .LVU60
 313 008a FFF7FEBF 		b	osMutexRelease
 314              	.LVL19:
 315              		.cfi_endproc
 316              	.LFE178:
 318              		.align	1
 319 008e 00BF     		.p2align 2,,3
 320              		.global	sys_mbox_new
 321              		.syntax unified
 322              		.thumb
 323              		.thumb_func
 325              	sys_mbox_new:
 326              	.LVL20:
 327              	.LFB179:
 124:./src/sys_arch.c **** 
 125:./src/sys_arch.c ****    if ( stat != osOK) {
 126:./src/sys_arch.c ****       sys_arch_dbg ( 3);
 127:./src/sys_arch.c ****    }
 128:./src/sys_arch.c **** }
 129:./src/sys_arch.c **** 
 130:./src/sys_arch.c **** 
 131:./src/sys_arch.c **** 
 132:./src/sys_arch.c **** err_t  sys_mbox_new ( sys_mbox_t *mbox, int size)
 133:./src/sys_arch.c **** {
 328              		.loc 1 133 1 is_stmt 1 view -0
 329              		.cfi_startproc
 330              		@ args = 0, pretend = 0, frame = 0
 331              		@ frame_needed = 0, uses_anonymous_args = 0
 134:./src/sys_arch.c **** 	
 135:./src/sys_arch.c **** 	*mbox = osMessageQueueNew ( size, sizeof ( void*), NULL);
 332              		.loc 1 135 2 view .LVU62
 133:./src/sys_arch.c **** 	
 333              		.loc 1 133 1 is_stmt 0 view .LVU63
 334 0090 0B46     		mov	r3, r1
 335              		.loc 1 135 10 view .LVU64
 336 0092 0022     		movs	r2, #0
 337 0094 0421     		movs	r1, #4
 338              	.LVL21:
 133:./src/sys_arch.c **** 	
 339              		.loc 1 133 1 view .LVU65
 340 0096 10B5     		push	{r4, lr}
 341              	.LCFI6:
 342              		.cfi_def_cfa_offset 8
 343              		.cfi_offset 4, -8
 344              		.cfi_offset 14, -4
 133:./src/sys_arch.c **** 	
 345              		.loc 1 133 1 view .LVU66
 346 0098 0446     		mov	r4, r0
 347              		.loc 1 135 10 view .LVU67
 348 009a 1846     		mov	r0, r3
 349              	.LVL22:
 350              		.loc 1 135 10 view .LVU68
 351 009c FFF7FEFF 		bl	osMessageQueueNew
 352              	.LVL23:
 136:./src/sys_arch.c **** 	
 137:./src/sys_arch.c **** 	if ( *mbox)
 353              		.loc 1 137 5 view .LVU69
 354 00a0 B0FA80F3 		clz	r3, r0
 135:./src/sys_arch.c **** 	
 355              		.loc 1 135 8 discriminator 1 view .LVU70
 356 00a4 2060     		str	r0, [r4]
 357              		.loc 1 137 2 is_stmt 1 view .LVU71
 358              		.loc 1 137 5 is_stmt 0 view .LVU72
 359 00a6 5B09     		lsrs	r3, r3, #5
 138:./src/sys_arch.c **** 	 return ERR_OK;
 139:./src/sys_arch.c **** 	
 140:./src/sys_arch.c ****    sys_arch_dbg ( 4);
 141:./src/sys_arch.c **** 	return ERR_MEM;
 142:./src/sys_arch.c **** }
 360              		.loc 1 142 1 view .LVU73
 361 00a8 5842     		rsbs	r0, r3, #0
 362 00aa 10BD     		pop	{r4, pc}
 363              		.loc 1 142 1 view .LVU74
 364              		.cfi_endproc
 365              	.LFE179:
 367              		.align	1
 368              		.p2align 2,,3
 369              		.global	sys_mbox_post
 370              		.syntax unified
 371              		.thumb
 372              		.thumb_func
 374              	sys_mbox_post:
 375              	.LVL24:
 376              	.LFB180:
 143:./src/sys_arch.c **** 
 144:./src/sys_arch.c **** 
 145:./src/sys_arch.c **** 
 146:./src/sys_arch.c **** void  sys_mbox_post ( sys_mbox_t *q, void *msg)
 147:./src/sys_arch.c **** {
 377              		.loc 1 147 1 is_stmt 1 view -0
 378              		.cfi_startproc
 379              		@ args = 0, pretend = 0, frame = 8
 380              		@ frame_needed = 0, uses_anonymous_args = 0
 148:./src/sys_arch.c **** 	uint32_t  tmp;
 381              		.loc 1 148 2 view .LVU76
 149:./src/sys_arch.c ****    osStatus_t  stat;
 382              		.loc 1 149 4 view .LVU77
 150:./src/sys_arch.c **** 	
 151:./src/sys_arch.c **** 	
 152:./src/sys_arch.c **** 	tmp = (uint32_t) msg;
 383              		.loc 1 152 2 view .LVU78
 147:./src/sys_arch.c **** 	uint32_t  tmp;
 384              		.loc 1 147 1 is_stmt 0 view .LVU79
 385 00ac 10B5     		push	{r4, lr}
 386              	.LCFI7:
 387              		.cfi_def_cfa_offset 8
 388              		.cfi_offset 4, -8
 389              		.cfi_offset 14, -4
 390 00ae 82B0     		sub	sp, sp, #8
 391              	.LCFI8:
 392              		.cfi_def_cfa_offset 16
 147:./src/sys_arch.c **** 	uint32_t  tmp;
 393              		.loc 1 147 1 view .LVU80
 394 00b0 0C46     		mov	r4, r1
 153:./src/sys_arch.c **** 	stat = osMessageQueuePut ( *q, &tmp, 0, osWaitForever);
 395              		.loc 1 153 9 view .LVU81
 396 00b2 4FF0FF33 		mov	r3, #-1
 397 00b6 0022     		movs	r2, #0
 398 00b8 01A9     		add	r1, sp, #4
 399              	.LVL25:
 400              		.loc 1 153 9 view .LVU82
 401 00ba 0068     		ldr	r0, [r0]
 402              	.LVL26:
 152:./src/sys_arch.c **** 	stat = osMessageQueuePut ( *q, &tmp, 0, osWaitForever);
 403              		.loc 1 152 6 view .LVU83
 404 00bc 0194     		str	r4, [sp, #4]
 405              		.loc 1 153 2 is_stmt 1 view .LVU84
 406              		.loc 1 153 9 is_stmt 0 view .LVU85
 407 00be FFF7FEFF 		bl	osMessageQueuePut
 408              	.LVL27:
 154:./src/sys_arch.c **** 
 155:./src/sys_arch.c ****    if ( stat != osOK) {
 409              		.loc 1 155 4 is_stmt 1 view .LVU86
 156:./src/sys_arch.c ****       sys_arch_dbg ( 5);
 410              		.loc 1 156 7 view .LVU87
 157:./src/sys_arch.c ****    }
 158:./src/sys_arch.c **** }
 411              		.loc 1 158 1 is_stmt 0 view .LVU88
 412 00c2 02B0     		add	sp, sp, #8
 413              	.LCFI9:
 414              		.cfi_def_cfa_offset 8
 415              		@ sp needed
 416 00c4 10BD     		pop	{r4, pc}
 417              		.loc 1 158 1 view .LVU89
 418              		.cfi_endproc
 419              	.LFE180:
 421              		.align	1
 422 00c6 00BF     		.p2align 2,,3
 423              		.global	sys_mbox_trypost
 424              		.syntax unified
 425              		.thumb
 426              		.thumb_func
 428              	sys_mbox_trypost:
 429              	.LVL28:
 430              	.LFB181:
 159:./src/sys_arch.c **** 
 160:./src/sys_arch.c **** 
 161:./src/sys_arch.c **** 
 162:./src/sys_arch.c **** err_t  sys_mbox_trypost ( sys_mbox_t *q, void *msg)
 163:./src/sys_arch.c **** {
 431              		.loc 1 163 1 is_stmt 1 view -0
 432              		.cfi_startproc
 433              		@ args = 0, pretend = 0, frame = 8
 434              		@ frame_needed = 0, uses_anonymous_args = 0
 164:./src/sys_arch.c **** 	uint32_t  tmp;
 435              		.loc 1 164 2 view .LVU91
 165:./src/sys_arch.c **** 	
 166:./src/sys_arch.c **** 	
 167:./src/sys_arch.c **** 	tmp = (uint32_t) msg;
 436              		.loc 1 167 2 view .LVU92
 163:./src/sys_arch.c **** 	uint32_t  tmp;
 437              		.loc 1 163 1 is_stmt 0 view .LVU93
 438 00c8 10B5     		push	{r4, lr}
 439              	.LCFI10:
 440              		.cfi_def_cfa_offset 8
 441              		.cfi_offset 4, -8
 442              		.cfi_offset 14, -4
 168:./src/sys_arch.c **** 	
 169:./src/sys_arch.c **** 	if ( osMessageQueuePut ( *q, &tmp, 0, 0) == osOK)
 443              		.loc 1 169 7 view .LVU94
 444 00ca 0023     		movs	r3, #0
 163:./src/sys_arch.c **** 	uint32_t  tmp;
 445              		.loc 1 163 1 view .LVU95
 446 00cc 82B0     		sub	sp, sp, #8
 447              	.LCFI11:
 448              		.cfi_def_cfa_offset 16
 163:./src/sys_arch.c **** 	uint32_t  tmp;
 449              		.loc 1 163 1 view .LVU96
 450 00ce 0C46     		mov	r4, r1
 451              		.loc 1 169 7 view .LVU97
 452 00d0 0068     		ldr	r0, [r0]
 453              	.LVL29:
 454              		.loc 1 169 7 view .LVU98
 455 00d2 01A9     		add	r1, sp, #4
 456              	.LVL30:
 457              		.loc 1 169 7 view .LVU99
 458 00d4 1A46     		mov	r2, r3
 167:./src/sys_arch.c **** 	
 459              		.loc 1 167 6 view .LVU100
 460 00d6 0194     		str	r4, [sp, #4]
 461              		.loc 1 169 2 is_stmt 1 view .LVU101
 462              		.loc 1 169 7 is_stmt 0 view .LVU102
 463 00d8 FFF7FEFF 		bl	osMessageQueuePut
 464              	.LVL31:
 465              		.loc 1 169 5 discriminator 1 view .LVU103
 466 00dc 0038     		subs	r0, r0, #0
 467 00de 18BF     		it	ne
 468 00e0 0120     		movne	r0, #1
 170:./src/sys_arch.c **** 	 return ERR_OK;
 171:./src/sys_arch.c **** 	
 172:./src/sys_arch.c ****    sys_arch_dbg ( 6);
 173:./src/sys_arch.c **** 	return ERR_MEM;
 174:./src/sys_arch.c **** }
 469              		.loc 1 174 1 view .LVU104
 470 00e2 4042     		rsbs	r0, r0, #0
 471 00e4 02B0     		add	sp, sp, #8
 472              	.LCFI12:
 473              		.cfi_def_cfa_offset 8
 474              		@ sp needed
 475 00e6 10BD     		pop	{r4, pc}
 476              		.loc 1 174 1 view .LVU105
 477              		.cfi_endproc
 478              	.LFE181:
 480              		.align	1
 481              		.p2align 2,,3
 482              		.global	sys_mbox_trypost_fromisr
 483              		.syntax unified
 484              		.thumb
 485              		.thumb_func
 487              	sys_mbox_trypost_fromisr:
 488              	.LVL32:
 489              	.LFB182:
 175:./src/sys_arch.c **** 
 176:./src/sys_arch.c **** 
 177:./src/sys_arch.c **** 
 178:./src/sys_arch.c **** err_t  sys_mbox_trypost_fromisr ( sys_mbox_t *q, void *msg)
 179:./src/sys_arch.c **** {
 490              		.loc 1 179 1 is_stmt 1 view -0
 491              		.cfi_startproc
 492              		@ args = 0, pretend = 0, frame = 8
 493              		@ frame_needed = 0, uses_anonymous_args = 0
 180:./src/sys_arch.c **** 	return sys_mbox_trypost ( q, msg);
 494              		.loc 1 180 2 view .LVU107
 179:./src/sys_arch.c **** 	return sys_mbox_trypost ( q, msg);
 495              		.loc 1 179 1 is_stmt 0 view .LVU108
 496 00e8 10B5     		push	{r4, lr}
 497              	.LCFI13:
 498              		.cfi_def_cfa_offset 8
 499              		.cfi_offset 4, -8
 500              		.cfi_offset 14, -4
 501              	.LBB34:
 502              	.LBB35:
 169:./src/sys_arch.c **** 	 return ERR_OK;
 503              		.loc 1 169 7 view .LVU109
 504 00ea 0023     		movs	r3, #0
 505              	.LBE35:
 506              	.LBE34:
 179:./src/sys_arch.c **** 	return sys_mbox_trypost ( q, msg);
 507              		.loc 1 179 1 view .LVU110
 508 00ec 82B0     		sub	sp, sp, #8
 509              	.LCFI14:
 510              		.cfi_def_cfa_offset 16
 179:./src/sys_arch.c **** 	return sys_mbox_trypost ( q, msg);
 511              		.loc 1 179 1 view .LVU111
 512 00ee 0C46     		mov	r4, r1
 513              	.LVL33:
 514              	.LBB37:
 515              	.LBI34:
 162:./src/sys_arch.c **** {
 516              		.loc 1 162 8 is_stmt 1 view .LVU112
 517              	.LBB36:
 164:./src/sys_arch.c **** 	
 518              		.loc 1 164 2 view .LVU113
 167:./src/sys_arch.c **** 	
 519              		.loc 1 167 2 view .LVU114
 169:./src/sys_arch.c **** 	 return ERR_OK;
 520              		.loc 1 169 7 is_stmt 0 view .LVU115
 521 00f0 0068     		ldr	r0, [r0]
 522              	.LVL34:
 169:./src/sys_arch.c **** 	 return ERR_OK;
 523              		.loc 1 169 7 view .LVU116
 524 00f2 01A9     		add	r1, sp, #4
 525              	.LVL35:
 169:./src/sys_arch.c **** 	 return ERR_OK;
 526              		.loc 1 169 7 view .LVU117
 527 00f4 1A46     		mov	r2, r3
 167:./src/sys_arch.c **** 	
 528              		.loc 1 167 6 view .LVU118
 529 00f6 0194     		str	r4, [sp, #4]
 169:./src/sys_arch.c **** 	 return ERR_OK;
 530              		.loc 1 169 2 is_stmt 1 view .LVU119
 169:./src/sys_arch.c **** 	 return ERR_OK;
 531              		.loc 1 169 7 is_stmt 0 view .LVU120
 532 00f8 FFF7FEFF 		bl	osMessageQueuePut
 533              	.LVL36:
 169:./src/sys_arch.c **** 	 return ERR_OK;
 534              		.loc 1 169 5 discriminator 1 view .LVU121
 535 00fc 0038     		subs	r0, r0, #0
 536 00fe 18BF     		it	ne
 537 0100 0120     		movne	r0, #1
 538              	.LBE36:
 539              	.LBE37:
 181:./src/sys_arch.c **** }
 540              		.loc 1 181 1 view .LVU122
 541 0102 4042     		rsbs	r0, r0, #0
 542 0104 02B0     		add	sp, sp, #8
 543              	.LCFI15:
 544              		.cfi_def_cfa_offset 8
 545              		@ sp needed
 546 0106 10BD     		pop	{r4, pc}
 547              		.loc 1 181 1 view .LVU123
 548              		.cfi_endproc
 549              	.LFE182:
 551              		.align	1
 552              		.p2align 2,,3
 553              		.global	sys_arch_mbox_fetch
 554              		.syntax unified
 555              		.thumb
 556              		.thumb_func
 558              	sys_arch_mbox_fetch:
 559              	.LVL37:
 560              	.LFB183:
 182:./src/sys_arch.c **** 
 183:./src/sys_arch.c **** 
 184:./src/sys_arch.c **** 
 185:./src/sys_arch.c **** u32_t  sys_arch_mbox_fetch ( sys_mbox_t *q, void **msg, u32_t timeout)
 186:./src/sys_arch.c **** {
 561              		.loc 1 186 1 is_stmt 1 view -0
 562              		.cfi_startproc
 563              		@ args = 0, pretend = 0, frame = 8
 564              		@ frame_needed = 0, uses_anonymous_args = 0
 187:./src/sys_arch.c **** 	osStatus_t  stat;
 565              		.loc 1 187 2 view .LVU125
 188:./src/sys_arch.c **** 	uint32_t  tmp;
 566              		.loc 1 188 2 view .LVU126
 189:./src/sys_arch.c **** 	
 190:./src/sys_arch.c **** 	
 191:./src/sys_arch.c **** 	if ( timeout)
 567              		.loc 1 191 2 view .LVU127
 186:./src/sys_arch.c **** 	osStatus_t  stat;
 568              		.loc 1 186 1 is_stmt 0 view .LVU128
 569 0108 10B5     		push	{r4, lr}
 570              	.LCFI16:
 571              		.cfi_def_cfa_offset 8
 572              		.cfi_offset 4, -8
 573              		.cfi_offset 14, -4
 192:./src/sys_arch.c **** 	 stat = osMessageQueueGet (*q, &tmp, NULL, DLY_MS(timeout));
 574              		.loc 1 192 10 view .LVU129
 575 010a 0068     		ldr	r0, [r0]
 576              	.LVL38:
 186:./src/sys_arch.c **** 	osStatus_t  stat;
 577              		.loc 1 186 1 view .LVU130
 578 010c 82B0     		sub	sp, sp, #8
 579              	.LCFI17:
 580              		.cfi_def_cfa_offset 16
 186:./src/sys_arch.c **** 	osStatus_t  stat;
 581              		.loc 1 186 1 view .LVU131
 582 010e 0C46     		mov	r4, r1
 191:./src/sys_arch.c **** 	 stat = osMessageQueueGet (*q, &tmp, NULL, DLY_MS(timeout));
 583              		.loc 1 191 5 view .LVU132
 584 0110 62B1     		cbz	r2, .L29
 585              		.loc 1 192 3 is_stmt 1 view .LVU133
 586              		.loc 1 192 10 is_stmt 0 view .LVU134
 587 0112 02EB8203 		add	r3, r2, r2, lsl #2
 588 0116 01A9     		add	r1, sp, #4
 589              	.LVL39:
 590              		.loc 1 192 10 view .LVU135
 591 0118 0022     		movs	r2, #0
 592              	.LVL40:
 593              		.loc 1 192 10 view .LVU136
 594 011a FFF7FEFF 		bl	osMessageQueueGet
 595              	.LVL41:
 193:./src/sys_arch.c **** 	else
 194:./src/sys_arch.c **** 	 stat = osMessageQueueGet (*q, &tmp, NULL, osWaitForever);
 195:./src/sys_arch.c **** 	
 196:./src/sys_arch.c **** 	
 197:./src/sys_arch.c **** 	if ( stat == osErrorTimeout)
 596              		.loc 1 197 2 is_stmt 1 view .LVU137
 597              		.loc 1 197 5 is_stmt 0 view .LVU138
 598 011e 0230     		adds	r0, r0, #2
 599              	.LVL42:
 600              		.loc 1 197 5 view .LVU139
 601 0120 0BD0     		beq	.L32
 602              	.LVL43:
 603              	.L34:
 198:./src/sys_arch.c **** 	 return SYS_ARCH_TIMEOUT;
 199:./src/sys_arch.c **** 	
 200:./src/sys_arch.c **** 	*msg = (void*) tmp;
 604              		.loc 1 200 2 is_stmt 1 view .LVU140
 605              		.loc 1 200 7 is_stmt 0 view .LVU141
 606 0122 019B     		ldr	r3, [sp, #4]
 201:./src/sys_arch.c **** 	
 202:./src/sys_arch.c **** 	return 0;
 607              		.loc 1 202 9 view .LVU142
 608 0124 0020     		movs	r0, #0
 200:./src/sys_arch.c **** 	
 609              		.loc 1 200 7 view .LVU143
 610 0126 2360     		str	r3, [r4]
 611              		.loc 1 202 2 is_stmt 1 view .LVU144
 203:./src/sys_arch.c **** }
 612              		.loc 1 203 1 is_stmt 0 view .LVU145
 613 0128 02B0     		add	sp, sp, #8
 614              	.LCFI18:
 615              		.cfi_remember_state
 616              		.cfi_def_cfa_offset 8
 617              		@ sp needed
 618 012a 10BD     		pop	{r4, pc}
 619              	.LVL44:
 620              	.L29:
 621              	.LCFI19:
 622              		.cfi_restore_state
 194:./src/sys_arch.c **** 	
 623              		.loc 1 194 3 is_stmt 1 view .LVU146
 194:./src/sys_arch.c **** 	
 624              		.loc 1 194 10 is_stmt 0 view .LVU147
 625 012c 4FF0FF33 		mov	r3, #-1
 626 0130 01A9     		add	r1, sp, #4
 627              	.LVL45:
 194:./src/sys_arch.c **** 	
 628              		.loc 1 194 10 view .LVU148
 629 0132 FFF7FEFF 		bl	osMessageQueueGet
 630              	.LVL46:
 197:./src/sys_arch.c **** 	 return SYS_ARCH_TIMEOUT;
 631              		.loc 1 197 2 is_stmt 1 view .LVU149
 197:./src/sys_arch.c **** 	 return SYS_ARCH_TIMEOUT;
 632              		.loc 1 197 5 is_stmt 0 view .LVU150
 633 0136 0230     		adds	r0, r0, #2
 634              	.LVL47:
 197:./src/sys_arch.c **** 	 return SYS_ARCH_TIMEOUT;
 635              		.loc 1 197 5 view .LVU151
 636 0138 F3D1     		bne	.L34
 637              	.LVL48:
 638              	.L32:
 198:./src/sys_arch.c **** 	
 639              		.loc 1 198 10 view .LVU152
 640 013a 4FF0FF30 		mov	r0, #-1
 641              		.loc 1 203 1 view .LVU153
 642 013e 02B0     		add	sp, sp, #8
 643              	.LCFI20:
 644              		.cfi_def_cfa_offset 8
 645              		@ sp needed
 646 0140 10BD     		pop	{r4, pc}
 647              		.loc 1 203 1 view .LVU154
 648              		.cfi_endproc
 649              	.LFE183:
 651              		.align	1
 652 0142 00BF     		.p2align 2,,3
 653              		.global	sys_sem_new
 654              		.syntax unified
 655              		.thumb
 656              		.thumb_func
 658              	sys_sem_new:
 659              	.LVL49:
 660              	.LFB184:
 204:./src/sys_arch.c **** 
 205:./src/sys_arch.c **** 
 206:./src/sys_arch.c **** 
 207:./src/sys_arch.c **** 
 208:./src/sys_arch.c **** err_t  sys_sem_new ( sys_sem_t *sem, u8_t count)
 209:./src/sys_arch.c **** {
 661              		.loc 1 209 1 is_stmt 1 view -0
 662              		.cfi_startproc
 663              		@ args = 0, pretend = 0, frame = 0
 664              		@ frame_needed = 0, uses_anonymous_args = 0
 210:./src/sys_arch.c ****    osSemaphoreId_t id;
 665              		.loc 1 210 4 view .LVU156
 211:./src/sys_arch.c **** 
 212:./src/sys_arch.c ****    id = osSemaphoreNew ( 1U, count, NULL);
 666              		.loc 1 212 4 view .LVU157
 209:./src/sys_arch.c ****    osSemaphoreId_t id;
 667              		.loc 1 209 1 is_stmt 0 view .LVU158
 668 0144 10B5     		push	{r4, lr}
 669              	.LCFI21:
 670              		.cfi_def_cfa_offset 8
 671              		.cfi_offset 4, -8
 672              		.cfi_offset 14, -4
 673              		.loc 1 212 9 view .LVU159
 674 0146 0022     		movs	r2, #0
 209:./src/sys_arch.c ****    osSemaphoreId_t id;
 675              		.loc 1 209 1 view .LVU160
 676 0148 0446     		mov	r4, r0
 677              		.loc 1 212 9 view .LVU161
 678 014a 0120     		movs	r0, #1
 679              	.LVL50:
 680              		.loc 1 212 9 view .LVU162
 681 014c FFF7FEFF 		bl	osSemaphoreNew
 682              	.LVL51:
 213:./src/sys_arch.c **** 
 214:./src/sys_arch.c ****    if ( id == NULL) {
 683              		.loc 1 214 4 is_stmt 1 view .LVU163
 684              		.loc 1 214 7 is_stmt 0 view .LVU164
 685 0150 18B1     		cbz	r0, .L37
 686 0152 0346     		mov	r3, r0
 215:./src/sys_arch.c ****       sys_arch_dbg ( 7);
 216:./src/sys_arch.c ****       return ERR_MEM;
 217:./src/sys_arch.c ****    }
 218:./src/sys_arch.c **** 
 219:./src/sys_arch.c ****    *sem = id;
 687              		.loc 1 219 4 is_stmt 1 view .LVU165
 220:./src/sys_arch.c **** 
 221:./src/sys_arch.c ****    return ERR_OK;
 688              		.loc 1 221 11 is_stmt 0 view .LVU166
 689 0154 0020     		movs	r0, #0
 690              	.LVL52:
 219:./src/sys_arch.c **** 
 691              		.loc 1 219 9 view .LVU167
 692 0156 2360     		str	r3, [r4]
 693              		.loc 1 221 4 is_stmt 1 view .LVU168
 222:./src/sys_arch.c **** }
 694              		.loc 1 222 1 is_stmt 0 view .LVU169
 695 0158 10BD     		pop	{r4, pc}
 696              	.LVL53:
 697              	.L37:
 216:./src/sys_arch.c ****    }
 698              		.loc 1 216 14 view .LVU170
 699 015a 4FF0FF30 		mov	r0, #-1
 700              	.LVL54:
 701              		.loc 1 222 1 view .LVU171
 702 015e 10BD     		pop	{r4, pc}
 703              		.loc 1 222 1 view .LVU172
 704              		.cfi_endproc
 705              	.LFE184:
 707              		.align	1
 708              		.p2align 2,,3
 709              		.global	sys_mbox_free
 710              		.syntax unified
 711              		.thumb
 712              		.thumb_func
 714              	sys_mbox_free:
 715              	.LVL55:
 716              	.LFB185:
 223:./src/sys_arch.c **** 
 224:./src/sys_arch.c **** 
 225:./src/sys_arch.c **** 
 226:./src/sys_arch.c **** void  sys_mbox_free ( sys_mbox_t *mbox)
 227:./src/sys_arch.c **** {
 717              		.loc 1 227 1 is_stmt 1 view -0
 718              		.cfi_startproc
 719              		@ args = 0, pretend = 0, frame = 0
 720              		@ frame_needed = 0, uses_anonymous_args = 0
 721              		@ link register save eliminated.
 228:./src/sys_arch.c ****    osStatus_t  stat;
 722              		.loc 1 228 4 view .LVU174
 229:./src/sys_arch.c **** 
 230:./src/sys_arch.c **** 
 231:./src/sys_arch.c ****    stat = osMessageQueueDelete ( *mbox);
 723              		.loc 1 231 4 view .LVU175
 724              		.loc 1 231 11 is_stmt 0 view .LVU176
 725 0160 0068     		ldr	r0, [r0]
 726              	.LVL56:
 727              		.loc 1 231 11 view .LVU177
 728 0162 FFF7FEBF 		b	osMessageQueueDelete
 729              	.LVL57:
 730              		.cfi_endproc
 731              	.LFE185:
 733              		.align	1
 734 0166 00BF     		.p2align 2,,3
 735              		.global	sys_sem_signal
 736              		.syntax unified
 737              		.thumb
 738              		.thumb_func
 740              	sys_sem_signal:
 741              	.LVL58:
 742              	.LFB186:
 232:./src/sys_arch.c **** 
 233:./src/sys_arch.c ****    if ( stat != osOK) {
 234:./src/sys_arch.c ****       sys_arch_dbg ( 8);
 235:./src/sys_arch.c ****    }
 236:./src/sys_arch.c **** }
 237:./src/sys_arch.c **** 
 238:./src/sys_arch.c **** 
 239:./src/sys_arch.c **** 
 240:./src/sys_arch.c **** void  sys_sem_signal ( sys_sem_t *sem)
 241:./src/sys_arch.c **** {
 743              		.loc 1 241 1 is_stmt 1 view -0
 744              		.cfi_startproc
 745              		@ args = 0, pretend = 0, frame = 0
 746              		@ frame_needed = 0, uses_anonymous_args = 0
 747              		@ link register save eliminated.
 242:./src/sys_arch.c ****    osStatus_t  stat;
 748              		.loc 1 242 4 view .LVU179
 243:./src/sys_arch.c **** 
 244:./src/sys_arch.c **** 
 245:./src/sys_arch.c ****    stat = osSemaphoreRelease ( *sem);
 749              		.loc 1 245 4 view .LVU180
 750              		.loc 1 245 11 is_stmt 0 view .LVU181
 751 0168 0068     		ldr	r0, [r0]
 752              	.LVL59:
 753              		.loc 1 245 11 view .LVU182
 754 016a FFF7FEBF 		b	osSemaphoreRelease
 755              	.LVL60:
 756              		.cfi_endproc
 757              	.LFE186:
 759              		.align	1
 760 016e 00BF     		.p2align 2,,3
 761              		.global	sys_sem_free
 762              		.syntax unified
 763              		.thumb
 764              		.thumb_func
 766              	sys_sem_free:
 767              	.LVL61:
 768              	.LFB187:
 246:./src/sys_arch.c **** 
 247:./src/sys_arch.c ****    if ( stat != osOK) {
 248:./src/sys_arch.c ****       sys_arch_dbg ( 9);
 249:./src/sys_arch.c ****    }
 250:./src/sys_arch.c **** }
 251:./src/sys_arch.c **** 
 252:./src/sys_arch.c **** 
 253:./src/sys_arch.c **** 
 254:./src/sys_arch.c **** void  sys_sem_free ( sys_sem_t *sem)
 255:./src/sys_arch.c **** {
 769              		.loc 1 255 1 is_stmt 1 view -0
 770              		.cfi_startproc
 771              		@ args = 0, pretend = 0, frame = 0
 772              		@ frame_needed = 0, uses_anonymous_args = 0
 773              		@ link register save eliminated.
 256:./src/sys_arch.c ****    osStatus_t  stat;
 774              		.loc 1 256 4 view .LVU184
 257:./src/sys_arch.c **** 
 258:./src/sys_arch.c **** 
 259:./src/sys_arch.c ****    stat = osSemaphoreDelete ( *sem);
 775              		.loc 1 259 4 view .LVU185
 776              		.loc 1 259 11 is_stmt 0 view .LVU186
 777 0170 0068     		ldr	r0, [r0]
 778              	.LVL62:
 779              		.loc 1 259 11 view .LVU187
 780 0172 FFF7FEBF 		b	osSemaphoreDelete
 781              	.LVL63:
 782              		.cfi_endproc
 783              	.LFE187:
 785              		.align	1
 786 0176 00BF     		.p2align 2,,3
 787              		.global	sys_arch_mbox_tryfetch
 788              		.syntax unified
 789              		.thumb
 790              		.thumb_func
 792              	sys_arch_mbox_tryfetch:
 793              	.LVL64:
 794              	.LFB188:
 260:./src/sys_arch.c **** 
 261:./src/sys_arch.c ****    if ( stat != osOK) {
 262:./src/sys_arch.c ****       sys_arch_dbg ( 10);
 263:./src/sys_arch.c ****    }
 264:./src/sys_arch.c **** }
 265:./src/sys_arch.c **** 
 266:./src/sys_arch.c **** 
 267:./src/sys_arch.c **** 
 268:./src/sys_arch.c **** 
 269:./src/sys_arch.c **** u32_t  sys_arch_mbox_tryfetch ( sys_mbox_t *q, void **msg)
 270:./src/sys_arch.c **** {
 795              		.loc 1 270 1 is_stmt 1 view -0
 796              		.cfi_startproc
 797              		@ args = 0, pretend = 0, frame = 8
 798              		@ frame_needed = 0, uses_anonymous_args = 0
 271:./src/sys_arch.c ****    osStatus_t status;
 799              		.loc 1 271 4 view .LVU189
 272:./src/sys_arch.c ****    uint32_t  tmp;
 800              		.loc 1 272 4 view .LVU190
 273:./src/sys_arch.c **** 
 274:./src/sys_arch.c **** 
 275:./src/sys_arch.c ****    status = osMessageQueueGet ( *q, &tmp, NULL, 0U);
 801              		.loc 1 275 4 view .LVU191
 270:./src/sys_arch.c ****    osStatus_t status;
 802              		.loc 1 270 1 is_stmt 0 view .LVU192
 803 0178 10B5     		push	{r4, lr}
 804              	.LCFI22:
 805              		.cfi_def_cfa_offset 8
 806              		.cfi_offset 4, -8
 807              		.cfi_offset 14, -4
 808              		.loc 1 275 13 view .LVU193
 809 017a 0023     		movs	r3, #0
 270:./src/sys_arch.c ****    osStatus_t status;
 810              		.loc 1 270 1 view .LVU194
 811 017c 82B0     		sub	sp, sp, #8
 812              	.LCFI23:
 813              		.cfi_def_cfa_offset 16
 270:./src/sys_arch.c ****    osStatus_t status;
 814              		.loc 1 270 1 view .LVU195
 815 017e 0C46     		mov	r4, r1
 816              		.loc 1 275 13 view .LVU196
 817 0180 0068     		ldr	r0, [r0]
 818              	.LVL65:
 819              		.loc 1 275 13 view .LVU197
 820 0182 01A9     		add	r1, sp, #4
 821              	.LVL66:
 822              		.loc 1 275 13 view .LVU198
 823 0184 1A46     		mov	r2, r3
 824 0186 FFF7FEFF 		bl	osMessageQueueGet
 825              	.LVL67:
 276:./src/sys_arch.c ****    
 277:./src/sys_arch.c ****    if (status != osOK) {
 826              		.loc 1 277 4 is_stmt 1 view .LVU199
 827              		.loc 1 277 7 is_stmt 0 view .LVU200
 828 018a 18B9     		cbnz	r0, .L44
 278:./src/sys_arch.c ****       return SYS_MBOX_EMPTY;
 279:./src/sys_arch.c ****    }
 280:./src/sys_arch.c **** 
 281:./src/sys_arch.c ****    *msg = (void*) tmp;
 829              		.loc 1 281 4 is_stmt 1 view .LVU201
 830              		.loc 1 281 9 is_stmt 0 view .LVU202
 831 018c 019B     		ldr	r3, [sp, #4]
 832 018e 2360     		str	r3, [r4]
 282:./src/sys_arch.c **** 
 283:./src/sys_arch.c ****    return 0U;
 833              		.loc 1 283 4 is_stmt 1 view .LVU203
 284:./src/sys_arch.c **** }
 834              		.loc 1 284 1 is_stmt 0 view .LVU204
 835 0190 02B0     		add	sp, sp, #8
 836              	.LCFI24:
 837              		.cfi_remember_state
 838              		.cfi_def_cfa_offset 8
 839              		@ sp needed
 840 0192 10BD     		pop	{r4, pc}
 841              	.LVL68:
 842              	.L44:
 843              	.LCFI25:
 844              		.cfi_restore_state
 278:./src/sys_arch.c ****       return SYS_MBOX_EMPTY;
 845              		.loc 1 278 14 view .LVU205
 846 0194 4FF0FF30 		mov	r0, #-1
 847              	.LVL69:
 848              		.loc 1 284 1 view .LVU206
 849 0198 02B0     		add	sp, sp, #8
 850              	.LCFI26:
 851              		.cfi_def_cfa_offset 8
 852              		@ sp needed
 853 019a 10BD     		pop	{r4, pc}
 854              		.loc 1 284 1 view .LVU207
 855              		.cfi_endproc
 856              	.LFE188:
 858              		.align	1
 859              		.p2align 2,,3
 860              		.global	sys_arch_sem_wait
 861              		.syntax unified
 862              		.thumb
 863              		.thumb_func
 865              	sys_arch_sem_wait:
 866              	.LVL70:
 867              	.LFB189:
 285:./src/sys_arch.c **** 
 286:./src/sys_arch.c **** 
 287:./src/sys_arch.c **** 
 288:./src/sys_arch.c **** 
 289:./src/sys_arch.c **** u32_t  sys_arch_sem_wait ( sys_sem_t *sem, u32_t timeout)
 290:./src/sys_arch.c **** {
 868              		.loc 1 290 1 is_stmt 1 view -0
 869              		.cfi_startproc
 870              		@ args = 0, pretend = 0, frame = 0
 871              		@ frame_needed = 0, uses_anonymous_args = 0
 291:./src/sys_arch.c ****    osStatus_t status;
 872              		.loc 1 291 4 view .LVU209
 292:./src/sys_arch.c **** 
 293:./src/sys_arch.c **** 
 294:./src/sys_arch.c ****    if ( timeout)
 873              		.loc 1 294 4 view .LVU210
 295:./src/sys_arch.c ****       status = osSemaphoreAcquire ( *sem, DLY_MS(timeout));
 874              		.loc 1 295 16 is_stmt 0 view .LVU211
 875 019c 0068     		ldr	r0, [r0]
 876              	.LVL71:
 290:./src/sys_arch.c ****    osStatus_t status;
 877              		.loc 1 290 1 view .LVU212
 878 019e 08B5     		push	{r3, lr}
 879              	.LCFI27:
 880              		.cfi_def_cfa_offset 8
 881              		.cfi_offset 3, -8
 882              		.cfi_offset 14, -4
 294:./src/sys_arch.c ****       status = osSemaphoreAcquire ( *sem, DLY_MS(timeout));
 883              		.loc 1 294 7 view .LVU213
 884 01a0 41B1     		cbz	r1, .L47
 885              		.loc 1 295 7 is_stmt 1 view .LVU214
 886              		.loc 1 295 16 is_stmt 0 view .LVU215
 887 01a2 01EB8101 		add	r1, r1, r1, lsl #2
 888              	.LVL72:
 889              		.loc 1 295 16 view .LVU216
 890 01a6 FFF7FEFF 		bl	osSemaphoreAcquire
 891              	.LVL73:
 296:./src/sys_arch.c ****    else
 297:./src/sys_arch.c ****       status = osSemaphoreAcquire ( *sem, osWaitForever);
 298:./src/sys_arch.c ****    
 299:./src/sys_arch.c **** 
 300:./src/sys_arch.c ****    if (status != osOK) {
 892              		.loc 1 300 4 is_stmt 1 view .LVU217
 893              		.loc 1 300 7 is_stmt 0 view .LVU218
 894 01aa 0038     		subs	r0, r0, #0
 895              		.loc 1 300 7 view .LVU219
 896 01ac 18BF     		it	ne
 897 01ae 0120     		movne	r0, #1
 898              	.LVL74:
 301:./src/sys_arch.c ****       return SYS_ARCH_TIMEOUT;
 302:./src/sys_arch.c ****    }
 303:./src/sys_arch.c ****    
 304:./src/sys_arch.c ****    return 0U;
 305:./src/sys_arch.c **** }
 899              		.loc 1 305 1 view .LVU220
 900 01b0 4042     		rsbs	r0, r0, #0
 901 01b2 08BD     		pop	{r3, pc}
 902              	.LVL75:
 903              	.L47:
 297:./src/sys_arch.c ****    
 904              		.loc 1 297 7 is_stmt 1 view .LVU221
 297:./src/sys_arch.c ****    
 905              		.loc 1 297 16 is_stmt 0 view .LVU222
 906 01b4 4FF0FF31 		mov	r1, #-1
 907              	.LVL76:
 297:./src/sys_arch.c ****    
 908              		.loc 1 297 16 view .LVU223
 909 01b8 FFF7FEFF 		bl	osSemaphoreAcquire
 910              	.LVL77:
 300:./src/sys_arch.c ****       return SYS_ARCH_TIMEOUT;
 911              		.loc 1 300 4 is_stmt 1 view .LVU224
 300:./src/sys_arch.c ****       return SYS_ARCH_TIMEOUT;
 912              		.loc 1 300 7 is_stmt 0 view .LVU225
 913 01bc 0038     		subs	r0, r0, #0
 300:./src/sys_arch.c ****       return SYS_ARCH_TIMEOUT;
 914              		.loc 1 300 7 view .LVU226
 915 01be 18BF     		it	ne
 916 01c0 0120     		movne	r0, #1
 917              	.LVL78:
 918              		.loc 1 305 1 view .LVU227
 919 01c2 4042     		rsbs	r0, r0, #0
 920 01c4 08BD     		pop	{r3, pc}
 921              		.cfi_endproc
 922              	.LFE189:
 924              		.align	1
 925 01c6 00BF     		.p2align 2,,3
 926              		.global	sys_mutex_free
 927              		.syntax unified
 928              		.thumb
 929              		.thumb_func
 931              	sys_mutex_free:
 932              	.LVL79:
 933              	.LFB190:
 306:./src/sys_arch.c **** 
 307:./src/sys_arch.c **** 
 308:./src/sys_arch.c **** 
 309:./src/sys_arch.c **** void  sys_mutex_free ( sys_mutex_t *mutex)
 310:./src/sys_arch.c **** {
 934              		.loc 1 310 1 is_stmt 1 view -0
 935              		.cfi_startproc
 936              		@ args = 0, pretend = 0, frame = 0
 937              		@ frame_needed = 0, uses_anonymous_args = 0
 938              		@ link register save eliminated.
 311:./src/sys_arch.c ****    osStatus_t status;
 939              		.loc 1 311 4 view .LVU229
 312:./src/sys_arch.c **** 
 313:./src/sys_arch.c **** 
 314:./src/sys_arch.c ****    status = osMutexDelete ( *mutex);
 940              		.loc 1 314 4 view .LVU230
 941              		.loc 1 314 13 is_stmt 0 view .LVU231
 942 01c8 0068     		ldr	r0, [r0]
 943              	.LVL80:
 944              		.loc 1 314 13 view .LVU232
 945 01ca FFF7FEBF 		b	osMutexDelete
 946              	.LVL81:
 947              		.cfi_endproc
 948              	.LFE190:
 950              		.section	.rodata
 951              		.align	2
 952              		.set	.LANCHOR0,. + 0
 955              	attr.0:
 956 0000 00000000 		.word	0
 957 0004 03000000 		.word	3
 958 0008 00000000 		.word	0
 959 000c 00000000 		.word	0
 960              		.text
 961              	.Letext0:
 962              		.file 2 "C:\\ST\\STM32CubeCLT_1.18.0\\GNU-tools-for-STM32\\bin\\../lib/gcc/arm-none-eabi/13.3.1/in
 963              		.file 3 "C:\\ST\\STM32CubeCLT_1.18.0\\GNU-tools-for-STM32\\bin\\../lib/gcc/arm-none-eabi/13.3.1/..
 964              		.file 4 "C:\\ST\\STM32CubeCLT_1.18.0\\GNU-tools-for-STM32\\bin\\../lib/gcc/arm-none-eabi/13.3.1/..
 965              		.file 5 "./lwip-2.1.2/src/include/lwip/arch.h"
 966              		.file 6 "./inc/cmsis_os2.h"
 967              		.file 7 "./inc/arch/sys_arch.h"
 968              		.file 8 "./lwip-2.1.2/src/include/lwip/err.h"
 969              		.file 9 "./lwip-2.1.2/src/include/lwip/sys.h"
 970              		.file 10 "C:\\ST\\STM32CubeCLT_1.18.0\\GNU-tools-for-STM32\\bin\\../lib/gcc/arm-none-eabi/13.3.1/.
 971              		.file 11 "<built-in>"
DEFINED SYMBOLS
                            *ABS*:00000000 sys_arch.c
C:\Users\JAEJUN~1\AppData\Local\Temp\ccsCqdHk.s:19     .text:00000000 $t
C:\Users\JAEJUN~1\AppData\Local\Temp\ccsCqdHk.s:26     .text:00000000 HAL_Delay
C:\Users\JAEJUN~1\AppData\Local\Temp\ccsCqdHk.s:50     .text:00000008 HAL_GetTick
C:\Users\JAEJUN~1\AppData\Local\Temp\ccsCqdHk.s:86     .text:00000018 $d
C:\Users\JAEJUN~1\AppData\Local\Temp\ccsCqdHk.s:90     .text:0000001c $t
C:\Users\JAEJUN~1\AppData\Local\Temp\ccsCqdHk.s:97     .text:0000001c sys_now
C:\Users\JAEJUN~1\AppData\Local\Temp\ccsCqdHk.s:116    .text:0000002c $d
C:\Users\JAEJUN~1\AppData\Local\Temp\ccsCqdHk.s:120    .text:00000030 $t
C:\Users\JAEJUN~1\AppData\Local\Temp\ccsCqdHk.s:127    .text:00000030 sys_init
C:\Users\JAEJUN~1\AppData\Local\Temp\ccsCqdHk.s:146    .text:00000034 sys_thread_new
C:\Users\JAEJUN~1\AppData\Local\Temp\ccsCqdHk.s:223    .text:00000060 sys_mutex_new
C:\Users\JAEJUN~1\AppData\Local\Temp\ccsCqdHk.s:261    .text:00000078 $d
C:\Users\JAEJUN~1\AppData\Local\Temp\ccsCqdHk.s:265    .text:0000007c $t
C:\Users\JAEJUN~1\AppData\Local\Temp\ccsCqdHk.s:272    .text:0000007c sys_mutex_lock
C:\Users\JAEJUN~1\AppData\Local\Temp\ccsCqdHk.s:299    .text:00000088 sys_mutex_unlock
C:\Users\JAEJUN~1\AppData\Local\Temp\ccsCqdHk.s:325    .text:00000090 sys_mbox_new
C:\Users\JAEJUN~1\AppData\Local\Temp\ccsCqdHk.s:374    .text:000000ac sys_mbox_post
C:\Users\JAEJUN~1\AppData\Local\Temp\ccsCqdHk.s:428    .text:000000c8 sys_mbox_trypost
C:\Users\JAEJUN~1\AppData\Local\Temp\ccsCqdHk.s:487    .text:000000e8 sys_mbox_trypost_fromisr
C:\Users\JAEJUN~1\AppData\Local\Temp\ccsCqdHk.s:558    .text:00000108 sys_arch_mbox_fetch
C:\Users\JAEJUN~1\AppData\Local\Temp\ccsCqdHk.s:658    .text:00000144 sys_sem_new
C:\Users\JAEJUN~1\AppData\Local\Temp\ccsCqdHk.s:714    .text:00000160 sys_mbox_free
C:\Users\JAEJUN~1\AppData\Local\Temp\ccsCqdHk.s:740    .text:00000168 sys_sem_signal
C:\Users\JAEJUN~1\AppData\Local\Temp\ccsCqdHk.s:766    .text:00000170 sys_sem_free
C:\Users\JAEJUN~1\AppData\Local\Temp\ccsCqdHk.s:792    .text:00000178 sys_arch_mbox_tryfetch
C:\Users\JAEJUN~1\AppData\Local\Temp\ccsCqdHk.s:865    .text:0000019c sys_arch_sem_wait
C:\Users\JAEJUN~1\AppData\Local\Temp\ccsCqdHk.s:931    .text:000001c8 sys_mutex_free
C:\Users\JAEJUN~1\AppData\Local\Temp\ccsCqdHk.s:951    .rodata:00000000 $d
C:\Users\JAEJUN~1\AppData\Local\Temp\ccsCqdHk.s:955    .rodata:00000000 attr.0

UNDEFINED SYMBOLS
osDelay
osKernelGetTickCount
memset
osThreadNew
osMutexNew
osMutexAcquire
osMutexRelease
osMessageQueueNew
osMessageQueuePut
osMessageQueueGet
osSemaphoreNew
osMessageQueueDelete
osSemaphoreRelease
osSemaphoreDelete
osSemaphoreAcquire
osMutexDelete
