   1              		.cpu cortex-m7
   2              		.eabi_attribute 28, 1
   3              		.eabi_attribute 20, 1
   4              		.eabi_attribute 21, 1
   5              		.eabi_attribute 23, 3
   6              		.eabi_attribute 24, 1
   7              		.eabi_attribute 25, 1
   8              		.eabi_attribute 26, 1
   9              		.eabi_attribute 30, 2
  10              		.eabi_attribute 34, 1
  11              		.eabi_attribute 18, 4
  12              		.file	"system_router_pro_fd.c"
  13              		.text
  14              	.Ltext0:
  15              		.cfi_sections	.debug_frame
  16              		.align	1
  17              		.p2align 2,,3
  18              		.global	SystemCoreClockUpdate
  19              		.arch armv7e-m
  20              		.syntax unified
  21              		.thumb
  22              		.thumb_func
  23              		.fpu fpv5-d16
  25              	SystemCoreClockUpdate:
  26              	.LFB144:
  27              		.file 1 "./src/system_router_pro_fd.c"
   1:./src/system_router_pro_fd.c **** /**************************************************************************//**
   2:./src/system_router_pro_fd.c ****  * @file     system_ARMCM7.c
   3:./src/system_router_pro_fd.c ****  * @brief    CMSIS Device System Source File for
   4:./src/system_router_pro_fd.c ****  *           ARMCM7 Device
   5:./src/system_router_pro_fd.c ****  * @version  V5.3.1
   6:./src/system_router_pro_fd.c ****  * @date     09. July 2018
   7:./src/system_router_pro_fd.c ****  ******************************************************************************/
   8:./src/system_router_pro_fd.c **** /*
   9:./src/system_router_pro_fd.c ****  * Copyright (c) 2009-2018 Arm Limited. All rights reserved.
  10:./src/system_router_pro_fd.c ****  *
  11:./src/system_router_pro_fd.c ****  * SPDX-License-Identifier: Apache-2.0
  12:./src/system_router_pro_fd.c ****  *
  13:./src/system_router_pro_fd.c ****  * Licensed under the Apache License, Version 2.0 (the License); you may
  14:./src/system_router_pro_fd.c ****  * not use this file except in compliance with the License.
  15:./src/system_router_pro_fd.c ****  * You may obtain a copy of the License at
  16:./src/system_router_pro_fd.c ****  *
  17:./src/system_router_pro_fd.c ****  * www.apache.org/licenses/LICENSE-2.0
  18:./src/system_router_pro_fd.c ****  *
  19:./src/system_router_pro_fd.c ****  * Unless required by applicable law or agreed to in writing, software
  20:./src/system_router_pro_fd.c ****  * distributed under the License is distributed on an AS IS BASIS, WITHOUT
  21:./src/system_router_pro_fd.c ****  * WARRANTIES OR CONDITIONS OF ANY KIND, either express or implied.
  22:./src/system_router_pro_fd.c ****  * See the License for the specific language governing permissions and
  23:./src/system_router_pro_fd.c ****  * limitations under the License.
  24:./src/system_router_pro_fd.c ****  */
  25:./src/system_router_pro_fd.c **** #define ARMCM7_DP
  26:./src/system_router_pro_fd.c **** 
  27:./src/system_router_pro_fd.c **** #if defined (ARMCM7)
  28:./src/system_router_pro_fd.c ****   #include "ARMCM7.h"
  29:./src/system_router_pro_fd.c **** #elif defined (ARMCM7_SP)
  30:./src/system_router_pro_fd.c ****   #include "ARMCM7_SP.h"
  31:./src/system_router_pro_fd.c **** #elif defined (ARMCM7_DP)
  32:./src/system_router_pro_fd.c ****   #include "ARMCM7_DP.h"
  33:./src/system_router_pro_fd.c **** #else
  34:./src/system_router_pro_fd.c ****   #error device not specified!
  35:./src/system_router_pro_fd.c **** #endif
  36:./src/system_router_pro_fd.c **** 
  37:./src/system_router_pro_fd.c **** #include "stm32f765xx.h"
  38:./src/system_router_pro_fd.c **** 
  39:./src/system_router_pro_fd.c **** void SystemInit (void);
  40:./src/system_router_pro_fd.c **** 
  41:./src/system_router_pro_fd.c **** 
  42:./src/system_router_pro_fd.c **** /*----------------------------------------------------------------------------
  43:./src/system_router_pro_fd.c ****   Define clocks
  44:./src/system_router_pro_fd.c ****  *----------------------------------------------------------------------------*/
  45:./src/system_router_pro_fd.c **** #define HSE_VALUE    ((uint32_t)20000000)
  46:./src/system_router_pro_fd.c **** #define HSI_VALUE    ((uint32_t)16000000)
  47:./src/system_router_pro_fd.c **** 
  48:./src/system_router_pro_fd.c **** #define  SYSTEM_CLOCK    (200000000UL)
  49:./src/system_router_pro_fd.c **** 
  50:./src/system_router_pro_fd.c **** 
  51:./src/system_router_pro_fd.c **** /*----------------------------------------------------------------------------
  52:./src/system_router_pro_fd.c ****   Externals
  53:./src/system_router_pro_fd.c ****  *----------------------------------------------------------------------------*/
  54:./src/system_router_pro_fd.c **** #if defined (__VTOR_PRESENT) && (__VTOR_PRESENT == 1U)
  55:./src/system_router_pro_fd.c ****   extern uint32_t __VECTOR_TABLE;
  56:./src/system_router_pro_fd.c **** #endif
  57:./src/system_router_pro_fd.c **** 
  58:./src/system_router_pro_fd.c **** /*----------------------------------------------------------------------------
  59:./src/system_router_pro_fd.c ****   System Core Clock Variable
  60:./src/system_router_pro_fd.c ****  *----------------------------------------------------------------------------*/
  61:./src/system_router_pro_fd.c **** uint32_t SystemCoreClock = SYSTEM_CLOCK;  /* System Core Clock Frequency */
  62:./src/system_router_pro_fd.c **** 
  63:./src/system_router_pro_fd.c **** const uint8_t AHBPrescTable[16] = {0, 0, 0, 0, 0, 0, 0, 0, 1, 2, 3, 4, 6, 7, 8, 9};
  64:./src/system_router_pro_fd.c **** const uint8_t APBPrescTable[8] = {0, 0, 0, 0, 1, 2, 3, 4};
  65:./src/system_router_pro_fd.c **** 
  66:./src/system_router_pro_fd.c **** 
  67:./src/system_router_pro_fd.c **** /*----------------------------------------------------------------------------
  68:./src/system_router_pro_fd.c ****   System Core Clock update function
  69:./src/system_router_pro_fd.c ****  *----------------------------------------------------------------------------*/
  70:./src/system_router_pro_fd.c **** void SystemCoreClockUpdate (void)
  71:./src/system_router_pro_fd.c **** {
  28              		.loc 1 71 1 view -0
  29              		.cfi_startproc
  30              		@ args = 0, pretend = 0, frame = 0
  31              		@ frame_needed = 0, uses_anonymous_args = 0
  32              		@ link register save eliminated.
  72:./src/system_router_pro_fd.c ****   uint32_t tmp = 0, pllvco = 0, pllp = 2, pllsource = 0, pllm = 2;
  33              		.loc 1 72 3 view .LVU1
  34              	.LVL0:
  73:./src/system_router_pro_fd.c **** 	
  74:./src/system_router_pro_fd.c **** 
  75:./src/system_router_pro_fd.c **** 	/* Get SYSCLK source -------------------------------------------------------*/
  76:./src/system_router_pro_fd.c **** 	tmp = RCC->CFGR & RCC_CFGR_SWS;
  35              		.loc 1 76 2 view .LVU2
  36              		.loc 1 76 11 is_stmt 0 view .LVU3
  37 0000 164A     		ldr	r2, .L9
  38 0002 9368     		ldr	r3, [r2, #8]
  39              		.loc 1 76 6 view .LVU4
  40 0004 03F00C03 		and	r3, r3, #12
  41              	.LVL1:
  77:./src/system_router_pro_fd.c **** 
  78:./src/system_router_pro_fd.c **** 	switch (tmp)
  42              		.loc 1 78 2 is_stmt 1 view .LVU5
  43 0008 042B     		cmp	r3, #4
  44 000a 0CD0     		beq	.L5
  45 000c 082B     		cmp	r3, #8
  46 000e 0CD0     		beq	.L8
  47 0010 134B     		ldr	r3, .L9+4
  48              	.LVL2:
  49              	.L2:
  79:./src/system_router_pro_fd.c **** 	{
  80:./src/system_router_pro_fd.c **** 		case 0x00:  /* HSI used as system clock source */
  81:./src/system_router_pro_fd.c **** 			SystemCoreClock = HSI_VALUE;
  82:./src/system_router_pro_fd.c **** 			break;
  83:./src/system_router_pro_fd.c **** 		case 0x04:  /* HSE used as system clock source */
  84:./src/system_router_pro_fd.c **** 			SystemCoreClock = HSE_VALUE;
  85:./src/system_router_pro_fd.c **** 			break;
  86:./src/system_router_pro_fd.c **** 		case 0x08:  /* PLL used as system clock source */
  87:./src/system_router_pro_fd.c **** 
  88:./src/system_router_pro_fd.c **** 			/* PLL_VCO = (HSE_VALUE or HSI_VALUE / PLL_M) * PLL_N
  89:./src/system_router_pro_fd.c **** 			SYSCLK = PLL_VCO / PLL_P
  90:./src/system_router_pro_fd.c **** 			*/    
  91:./src/system_router_pro_fd.c **** 			pllsource = (RCC->PLLCFGR & RCC_PLLCFGR_PLLSRC) >> 22;
  92:./src/system_router_pro_fd.c **** 			pllm = RCC->PLLCFGR & RCC_PLLCFGR_PLLM;
  93:./src/system_router_pro_fd.c **** 
  94:./src/system_router_pro_fd.c **** 			if (pllsource != 0)
  95:./src/system_router_pro_fd.c **** 			{
  96:./src/system_router_pro_fd.c **** 				/* HSE used as PLL clock source */
  97:./src/system_router_pro_fd.c **** 				pllvco = (HSE_VALUE / pllm) * ((RCC->PLLCFGR & RCC_PLLCFGR_PLLN) >> 6);
  98:./src/system_router_pro_fd.c **** 			}
  99:./src/system_router_pro_fd.c **** 			else
 100:./src/system_router_pro_fd.c **** 			{
 101:./src/system_router_pro_fd.c **** 				/* HSI used as PLL clock source */
 102:./src/system_router_pro_fd.c **** 				pllvco = (HSI_VALUE / pllm) * ((RCC->PLLCFGR & RCC_PLLCFGR_PLLN) >> 6);      
 103:./src/system_router_pro_fd.c **** 			}
 104:./src/system_router_pro_fd.c **** 
 105:./src/system_router_pro_fd.c **** 			pllp = (((RCC->PLLCFGR & RCC_PLLCFGR_PLLP) >>16) + 1 ) *2;
 106:./src/system_router_pro_fd.c **** 			SystemCoreClock = pllvco/pllp;
 107:./src/system_router_pro_fd.c **** 			break;
 108:./src/system_router_pro_fd.c **** 		default:
 109:./src/system_router_pro_fd.c **** 			SystemCoreClock = HSI_VALUE;
 110:./src/system_router_pro_fd.c **** 			break;
 111:./src/system_router_pro_fd.c **** 	}
 112:./src/system_router_pro_fd.c **** 	/* Compute HCLK frequency --------------------------------------------------*/
 113:./src/system_router_pro_fd.c **** 	/* Get HCLK prescaler */
 114:./src/system_router_pro_fd.c **** 	tmp = AHBPrescTable[((RCC->CFGR & RCC_CFGR_HPRE) >> 4)];
  50              		.loc 1 114 2 view .LVU6
  51              		.loc 1 114 27 is_stmt 0 view .LVU7
  52 0012 124A     		ldr	r2, .L9
  53              		.loc 1 114 21 view .LVU8
  54 0014 1348     		ldr	r0, .L9+8
  55              		.loc 1 114 27 view .LVU9
  56 0016 9268     		ldr	r2, [r2, #8]
  57              	.LVL3:
 115:./src/system_router_pro_fd.c **** 	/* HCLK frequency */
 116:./src/system_router_pro_fd.c **** 	SystemCoreClock >>= tmp;
  58              		.loc 1 116 2 is_stmt 1 view .LVU10
  59              		.loc 1 116 18 is_stmt 0 view .LVU11
  60 0018 1349     		ldr	r1, .L9+12
 114:./src/system_router_pro_fd.c **** 	/* HCLK frequency */
  61              		.loc 1 114 51 view .LVU12
  62 001a C2F30312 		ubfx	r2, r2, #4, #4
  63              	.LVL4:
 114:./src/system_router_pro_fd.c **** 	/* HCLK frequency */
  64              		.loc 1 114 6 view .LVU13
  65 001e 825C     		ldrb	r2, [r0, r2]	@ zero_extendqisi2
  66              		.loc 1 116 18 view .LVU14
  67 0020 D340     		lsrs	r3, r3, r2
  68 0022 0B60     		str	r3, [r1]
 117:./src/system_router_pro_fd.c **** }
  69              		.loc 1 117 1 view .LVU15
  70 0024 7047     		bx	lr
  71              	.LVL5:
  72              	.L5:
  78:./src/system_router_pro_fd.c **** 	{
  73              		.loc 1 78 2 view .LVU16
  74 0026 114B     		ldr	r3, .L9+16
  75              	.LVL6:
  78:./src/system_router_pro_fd.c **** 	{
  76              		.loc 1 78 2 view .LVU17
  77 0028 F3E7     		b	.L2
  78              	.LVL7:
  79              	.L8:
  91:./src/system_router_pro_fd.c **** 			pllm = RCC->PLLCFGR & RCC_PLLCFGR_PLLM;
  80              		.loc 1 91 4 is_stmt 1 view .LVU18
  91:./src/system_router_pro_fd.c **** 			pllm = RCC->PLLCFGR & RCC_PLLCFGR_PLLM;
  81              		.loc 1 91 20 is_stmt 0 view .LVU19
  82 002a 5368     		ldr	r3, [r2, #4]
  83              	.LVL8:
  92:./src/system_router_pro_fd.c **** 
  84              		.loc 1 92 4 is_stmt 1 view .LVU20
  92:./src/system_router_pro_fd.c **** 
  85              		.loc 1 92 14 is_stmt 0 view .LVU21
  86 002c 5168     		ldr	r1, [r2, #4]
  94:./src/system_router_pro_fd.c **** 			{
  87              		.loc 1 94 7 view .LVU22
  88 002e 5B02     		lsls	r3, r3, #9
  89              	.LVL9:
 102:./src/system_router_pro_fd.c **** 			}
  90              		.loc 1 102 40 view .LVU23
  91 0030 5368     		ldr	r3, [r2, #4]
 105:./src/system_router_pro_fd.c **** 			SystemCoreClock = pllvco/pllp;
  92              		.loc 1 105 17 view .LVU24
  93 0032 0A4A     		ldr	r2, .L9
  92:./src/system_router_pro_fd.c **** 
  94              		.loc 1 92 9 view .LVU25
  95 0034 01F03F01 		and	r1, r1, #63
  96              	.LVL10:
  94:./src/system_router_pro_fd.c **** 			{
  97              		.loc 1 94 4 is_stmt 1 view .LVU26
  97:./src/system_router_pro_fd.c **** 			}
  98              		.loc 1 97 5 view .LVU27
 102:./src/system_router_pro_fd.c **** 			}
  99              		.loc 1 102 5 view .LVU28
  97:./src/system_router_pro_fd.c **** 			}
 100              		.loc 1 97 25 is_stmt 0 view .LVU29
 101 0038 48BF     		it	mi
 102 003a 0C48     		ldrmi	r0, .L9+16
 102:./src/system_router_pro_fd.c **** 			}
 103              		.loc 1 102 70 view .LVU30
 104 003c C3F38813 		ubfx	r3, r3, #6, #9
 102:./src/system_router_pro_fd.c **** 			}
 105              		.loc 1 102 25 view .LVU31
 106 0040 58BF     		it	pl
 107 0042 0748     		ldrpl	r0, .L9+4
 105:./src/system_router_pro_fd.c **** 			SystemCoreClock = pllvco/pllp;
 108              		.loc 1 105 17 view .LVU32
 109 0044 5268     		ldr	r2, [r2, #4]
 102:./src/system_router_pro_fd.c **** 			}
 110              		.loc 1 102 25 view .LVU33
 111 0046 B0FBF1F1 		udiv	r1, r0, r1
 112              	.LVL11:
 105:./src/system_router_pro_fd.c **** 			SystemCoreClock = pllvco/pllp;
 113              		.loc 1 105 47 view .LVU34
 114 004a C2F30142 		ubfx	r2, r2, #16, #2
 102:./src/system_router_pro_fd.c **** 			}
 115              		.loc 1 102 12 view .LVU35
 116 004e 01FB03F3 		mul	r3, r1, r3
 117              	.LVL12:
 105:./src/system_router_pro_fd.c **** 			SystemCoreClock = pllvco/pllp;
 118              		.loc 1 105 4 is_stmt 1 view .LVU36
 106:./src/system_router_pro_fd.c **** 			break;
 119              		.loc 1 106 4 view .LVU37
 105:./src/system_router_pro_fd.c **** 			SystemCoreClock = pllvco/pllp;
 120              		.loc 1 105 53 is_stmt 0 view .LVU38
 121 0052 0132     		adds	r2, r2, #1
 105:./src/system_router_pro_fd.c **** 			SystemCoreClock = pllvco/pllp;
 122              		.loc 1 105 9 view .LVU39
 123 0054 5200     		lsls	r2, r2, #1
 106:./src/system_router_pro_fd.c **** 			break;
 124              		.loc 1 106 28 view .LVU40
 125 0056 B3FBF2F3 		udiv	r3, r3, r2
 126              	.LVL13:
 107:./src/system_router_pro_fd.c **** 		default:
 127              		.loc 1 107 4 is_stmt 1 view .LVU41
 128 005a DAE7     		b	.L2
 129              	.L10:
 130              		.align	2
 131              	.L9:
 132 005c 00380240 		.word	1073887232
 133 0060 0024F400 		.word	16000000
 134 0064 00000000 		.word	.LANCHOR1
 135 0068 00000000 		.word	.LANCHOR0
 136 006c 002D3101 		.word	20000000
 137              		.cfi_endproc
 138              	.LFE144:
 140              		.align	1
 141              		.p2align 2,,3
 142              		.global	SystemInit
 143              		.syntax unified
 144              		.thumb
 145              		.thumb_func
 146              		.fpu fpv5-d16
 148              	SystemInit:
 149              	.LFB145:
 118:./src/system_router_pro_fd.c **** 
 119:./src/system_router_pro_fd.c **** /*----------------------------------------------------------------------------
 120:./src/system_router_pro_fd.c ****   System initialization function
 121:./src/system_router_pro_fd.c ****  *----------------------------------------------------------------------------*/
 122:./src/system_router_pro_fd.c **** void SystemInit (void)
 123:./src/system_router_pro_fd.c **** {
 150              		.loc 1 123 1 view -0
 151              		.cfi_startproc
 152              		@ args = 0, pretend = 0, frame = 0
 153              		@ frame_needed = 0, uses_anonymous_args = 0
 154              		@ link register save eliminated.
 124:./src/system_router_pro_fd.c **** 
 125:./src/system_router_pro_fd.c **** #if defined (__VTOR_PRESENT) && (__VTOR_PRESENT == 1U)
 126:./src/system_router_pro_fd.c ****   SCB->VTOR = (uint32_t) &__VECTOR_TABLE;  //0x08040000U
 155              		.loc 1 126 3 view .LVU43
 156              		.loc 1 126 13 is_stmt 0 view .LVU44
 157 0070 064B     		ldr	r3, .L12
 158              		.loc 1 126 15 view .LVU45
 159 0072 074A     		ldr	r2, .L12+4
 127:./src/system_router_pro_fd.c **** #endif
 128:./src/system_router_pro_fd.c **** 
 129:./src/system_router_pro_fd.c **** #if defined (__FPU_USED) && (__FPU_USED == 1U)
 130:./src/system_router_pro_fd.c ****   SCB->CPACR |= ((3U << 10U*2U) |           /* enable CP10 Full Access */
 131:./src/system_router_pro_fd.c ****                  (3U << 11U*2U)  );         /* enable CP11 Full Access */
 132:./src/system_router_pro_fd.c **** #endif
 133:./src/system_router_pro_fd.c **** 
 134:./src/system_router_pro_fd.c **** #ifdef UNALIGNED_SUPPORT_DISABLE
 135:./src/system_router_pro_fd.c ****   SCB->CCR |= SCB_CCR_UNALIGN_TRP_Msk;
 136:./src/system_router_pro_fd.c **** #endif
 137:./src/system_router_pro_fd.c **** 
 138:./src/system_router_pro_fd.c ****   SystemCoreClock = SYSTEM_CLOCK;
 160              		.loc 1 138 19 view .LVU46
 161 0074 0749     		ldr	r1, .L12+8
 126:./src/system_router_pro_fd.c **** #endif
 162              		.loc 1 126 13 view .LVU47
 163 0076 9A60     		str	r2, [r3, #8]
 130:./src/system_router_pro_fd.c ****                  (3U << 11U*2U)  );         /* enable CP11 Full Access */
 164              		.loc 1 130 3 is_stmt 1 view .LVU48
 130:./src/system_router_pro_fd.c ****                  (3U << 11U*2U)  );         /* enable CP11 Full Access */
 165              		.loc 1 130 14 is_stmt 0 view .LVU49
 166 0078 D3F88820 		ldr	r2, [r3, #136]
 167              		.loc 1 138 19 view .LVU50
 168 007c 0648     		ldr	r0, .L12+12
 130:./src/system_router_pro_fd.c ****                  (3U << 11U*2U)  );         /* enable CP11 Full Access */
 169              		.loc 1 130 14 view .LVU51
 170 007e 42F47002 		orr	r2, r2, #15728640
 171 0082 C3F88820 		str	r2, [r3, #136]
 172              		.loc 1 138 3 is_stmt 1 view .LVU52
 173              		.loc 1 138 19 is_stmt 0 view .LVU53
 174 0086 0860     		str	r0, [r1]
 139:./src/system_router_pro_fd.c ****   SystemCoreClockUpdate();
 175              		.loc 1 139 3 is_stmt 1 view .LVU54
 176 0088 FFF7FEBF 		b	SystemCoreClockUpdate
 177              	.LVL14:
 178              	.L13:
 179              		.align	2
 180              	.L12:
 181 008c 00ED00E0 		.word	-536810240
 182 0090 00000000 		.word	__Vectors
 183 0094 00000000 		.word	.LANCHOR0
 184 0098 00C2EB0B 		.word	200000000
 185              		.cfi_endproc
 186              	.LFE145:
 188              		.global	APBPrescTable
 189              		.global	AHBPrescTable
 190              		.global	SystemCoreClock
 191              		.section	.rodata
 192              		.align	2
 193              		.set	.LANCHOR1,. + 0
 196              	AHBPrescTable:
 197 0000 00000000 		.ascii	"\000\000\000\000\000\000\000\000\001\002\003\004\006"
 197      00000000 
 197      01020304 
 197      06
 198 000d 070809   		.ascii	"\007\010\011"
 201              	APBPrescTable:
 202 0010 00000000 		.ascii	"\000\000\000\000\001\002\003\004"
 202      01020304 
 203              		.data
 204              		.align	2
 205              		.set	.LANCHOR0,. + 0
 208              	SystemCoreClock:
 209 0000 00C2EB0B 		.word	200000000
 210              		.text
 211              	.Letext0:
 212              		.file 2 "c:\\users\\jaejunmin\\downloads\\peak-devpack\\compiler\\10 2020-q4-major\\arm-none-eabi\
 213              		.file 3 "c:\\users\\jaejunmin\\downloads\\peak-devpack\\compiler\\10 2020-q4-major\\arm-none-eabi\
 214              		.file 4 "./inc/core_cm7.h"
 215              		.file 5 "./inc/system_stm32f7xx.h"
 216              		.file 6 "./inc/stm32f765xx.h"
DEFINED SYMBOLS
                            *ABS*:00000000 system_router_pro_fd.c
C:\Users\JAEJUN~1\AppData\Local\Temp\ccQJlzEV.s:16     .text:00000000 $t
C:\Users\JAEJUN~1\AppData\Local\Temp\ccQJlzEV.s:25     .text:00000000 SystemCoreClockUpdate
C:\Users\JAEJUN~1\AppData\Local\Temp\ccQJlzEV.s:132    .text:0000005c $d
C:\Users\JAEJUN~1\AppData\Local\Temp\ccQJlzEV.s:140    .text:00000070 $t
C:\Users\JAEJUN~1\AppData\Local\Temp\ccQJlzEV.s:148    .text:00000070 SystemInit
C:\Users\JAEJUN~1\AppData\Local\Temp\ccQJlzEV.s:181    .text:0000008c $d
C:\Users\JAEJUN~1\AppData\Local\Temp\ccQJlzEV.s:201    .rodata:00000010 APBPrescTable
C:\Users\JAEJUN~1\AppData\Local\Temp\ccQJlzEV.s:196    .rodata:00000000 AHBPrescTable
C:\Users\JAEJUN~1\AppData\Local\Temp\ccQJlzEV.s:208    .data:00000000 SystemCoreClock
C:\Users\JAEJUN~1\AppData\Local\Temp\ccQJlzEV.s:192    .rodata:00000000 $d
C:\Users\JAEJUN~1\AppData\Local\Temp\ccQJlzEV.s:204    .data:00000000 $d

UNDEFINED SYMBOLS
__Vectors
