   1              		.cpu cortex-m7
   2              		.arch armv7e-m
   3              		.fpu fpv5-d16
   4              		.eabi_attribute 28, 1
   5              		.eabi_attribute 20, 1
   6              		.eabi_attribute 21, 1
   7              		.eabi_attribute 23, 3
   8              		.eabi_attribute 24, 1
   9              		.eabi_attribute 25, 1
  10              		.eabi_attribute 26, 1
  11              		.eabi_attribute 30, 2
  12              		.eabi_attribute 34, 1
  13              		.eabi_attribute 18, 4
  14              		.file	"system_router_pro_fd.c"
  15              		.text
  16              	.Ltext0:
  17              		.cfi_sections	.debug_frame
  18              		.file 1 "./src/system_router_pro_fd.c"
  19              		.align	1
  20              		.p2align 2,,3
  21              		.global	SystemCoreClockUpdate
  22              		.syntax unified
  23              		.thumb
  24              		.thumb_func
  26              	SystemCoreClockUpdate:
  27              	.LFB144:
   1:./src/system_router_pro_fd.c **** /**************************************************************************//**
   2:./src/system_router_pro_fd.c ****  * @file     system_ARMCM7.c
   3:./src/system_router_pro_fd.c ****  * @brief    CMSIS Device System Source File for
   4:./src/system_router_pro_fd.c ****  *           ARMCM7 Device
   5:./src/system_router_pro_fd.c ****  * @version  V5.3.1
   6:./src/system_router_pro_fd.c ****  * @date     09. July 2018
   7:./src/system_router_pro_fd.c ****  ******************************************************************************/
   8:./src/system_router_pro_fd.c **** /*
   9:./src/system_router_pro_fd.c ****  * Copyright (c) 2009-2018 Arm Limited. All rights reserved.
  10:./src/system_router_pro_fd.c ****  *
  11:./src/system_router_pro_fd.c ****  * SPDX-License-Identifier: Apache-2.0
  12:./src/system_router_pro_fd.c ****  *
  13:./src/system_router_pro_fd.c ****  * Licensed under the Apache License, Version 2.0 (the License); you may
  14:./src/system_router_pro_fd.c ****  * not use this file except in compliance with the License.
  15:./src/system_router_pro_fd.c ****  * You may obtain a copy of the License at
  16:./src/system_router_pro_fd.c ****  *
  17:./src/system_router_pro_fd.c ****  * www.apache.org/licenses/LICENSE-2.0
  18:./src/system_router_pro_fd.c ****  *
  19:./src/system_router_pro_fd.c ****  * Unless required by applicable law or agreed to in writing, software
  20:./src/system_router_pro_fd.c ****  * distributed under the License is distributed on an AS IS BASIS, WITHOUT
  21:./src/system_router_pro_fd.c ****  * WARRANTIES OR CONDITIONS OF ANY KIND, either express or implied.
  22:./src/system_router_pro_fd.c ****  * See the License for the specific language governing permissions and
  23:./src/system_router_pro_fd.c ****  * limitations under the License.
  24:./src/system_router_pro_fd.c ****  */
  25:./src/system_router_pro_fd.c **** #define ARMCM7_DP
  26:./src/system_router_pro_fd.c **** 
  27:./src/system_router_pro_fd.c **** #if defined (ARMCM7)
  28:./src/system_router_pro_fd.c ****   #include "ARMCM7.h"
  29:./src/system_router_pro_fd.c **** #elif defined (ARMCM7_SP)
  30:./src/system_router_pro_fd.c ****   #include "ARMCM7_SP.h"
  31:./src/system_router_pro_fd.c **** #elif defined (ARMCM7_DP)
  32:./src/system_router_pro_fd.c ****   #include "ARMCM7_DP.h"
  33:./src/system_router_pro_fd.c **** #else
  34:./src/system_router_pro_fd.c ****   #error device not specified!
  35:./src/system_router_pro_fd.c **** #endif
  36:./src/system_router_pro_fd.c **** 
  37:./src/system_router_pro_fd.c **** #include "stm32f765xx.h"
  38:./src/system_router_pro_fd.c **** 
  39:./src/system_router_pro_fd.c **** void SystemInit (void);
  40:./src/system_router_pro_fd.c **** 
  41:./src/system_router_pro_fd.c **** 
  42:./src/system_router_pro_fd.c **** /*----------------------------------------------------------------------------
  43:./src/system_router_pro_fd.c ****   Define clocks
  44:./src/system_router_pro_fd.c ****  *----------------------------------------------------------------------------*/
  45:./src/system_router_pro_fd.c **** #define HSE_VALUE    ((uint32_t)20000000)
  46:./src/system_router_pro_fd.c **** #define HSI_VALUE    ((uint32_t)16000000)
  47:./src/system_router_pro_fd.c **** 
  48:./src/system_router_pro_fd.c **** #define  SYSTEM_CLOCK    (200000000UL)
  49:./src/system_router_pro_fd.c **** 
  50:./src/system_router_pro_fd.c **** 
  51:./src/system_router_pro_fd.c **** /*----------------------------------------------------------------------------
  52:./src/system_router_pro_fd.c ****   Externals
  53:./src/system_router_pro_fd.c ****  *----------------------------------------------------------------------------*/
  54:./src/system_router_pro_fd.c **** #if defined (__VTOR_PRESENT) && (__VTOR_PRESENT == 1U)
  55:./src/system_router_pro_fd.c ****   extern uint32_t __VECTOR_TABLE;
  56:./src/system_router_pro_fd.c **** #endif
  57:./src/system_router_pro_fd.c **** 
  58:./src/system_router_pro_fd.c **** /*----------------------------------------------------------------------------
  59:./src/system_router_pro_fd.c ****   System Core Clock Variable
  60:./src/system_router_pro_fd.c ****  *----------------------------------------------------------------------------*/
  61:./src/system_router_pro_fd.c **** uint32_t SystemCoreClock = SYSTEM_CLOCK;  /* System Core Clock Frequency */
  62:./src/system_router_pro_fd.c **** 
  63:./src/system_router_pro_fd.c **** const uint8_t AHBPrescTable[16] = {0, 0, 0, 0, 0, 0, 0, 0, 1, 2, 3, 4, 6, 7, 8, 9};
  64:./src/system_router_pro_fd.c **** const uint8_t APBPrescTable[8] = {0, 0, 0, 0, 1, 2, 3, 4};
  65:./src/system_router_pro_fd.c **** 
  66:./src/system_router_pro_fd.c **** 
  67:./src/system_router_pro_fd.c **** /*----------------------------------------------------------------------------
  68:./src/system_router_pro_fd.c ****   System Core Clock update function
  69:./src/system_router_pro_fd.c ****  *----------------------------------------------------------------------------*/
  70:./src/system_router_pro_fd.c **** void SystemCoreClockUpdate (void)
  71:./src/system_router_pro_fd.c **** {
  28              		.loc 1 71 1 view -0
  29              		.cfi_startproc
  30              		@ args = 0, pretend = 0, frame = 0
  31              		@ frame_needed = 0, uses_anonymous_args = 0
  32              		@ link register save eliminated.
  72:./src/system_router_pro_fd.c ****   uint32_t tmp = 0, pllvco = 0, pllp = 2, pllsource = 0, pllm = 2;
  33              		.loc 1 72 3 view .LVU1
  34              	.LVL0:
  73:./src/system_router_pro_fd.c **** 	
  74:./src/system_router_pro_fd.c **** 
  75:./src/system_router_pro_fd.c **** 	/* Get SYSCLK source -------------------------------------------------------*/
  76:./src/system_router_pro_fd.c **** 	tmp = RCC->CFGR & RCC_CFGR_SWS;
  35              		.loc 1 76 2 view .LVU2
  36              		.loc 1 76 11 is_stmt 0 view .LVU3
  37 0000 164A     		ldr	r2, .L9
  38 0002 9368     		ldr	r3, [r2, #8]
  39              		.loc 1 76 6 view .LVU4
  40 0004 03F00C03 		and	r3, r3, #12
  41              	.LVL1:
  77:./src/system_router_pro_fd.c **** 
  78:./src/system_router_pro_fd.c **** 	switch (tmp)
  42              		.loc 1 78 2 is_stmt 1 view .LVU5
  43 0008 042B     		cmp	r3, #4
  44 000a 25D0     		beq	.L5
  45 000c 082B     		cmp	r3, #8
  46 000e 0AD0     		beq	.L8
  47 0010 134B     		ldr	r3, .L9+4
  48              	.LVL2:
  49              	.L2:
  79:./src/system_router_pro_fd.c **** 	{
  80:./src/system_router_pro_fd.c **** 		case 0x00:  /* HSI used as system clock source */
  81:./src/system_router_pro_fd.c **** 			SystemCoreClock = HSI_VALUE;
  82:./src/system_router_pro_fd.c **** 			break;
  83:./src/system_router_pro_fd.c **** 		case 0x04:  /* HSE used as system clock source */
  84:./src/system_router_pro_fd.c **** 			SystemCoreClock = HSE_VALUE;
  85:./src/system_router_pro_fd.c **** 			break;
  86:./src/system_router_pro_fd.c **** 		case 0x08:  /* PLL used as system clock source */
  87:./src/system_router_pro_fd.c **** 
  88:./src/system_router_pro_fd.c **** 			/* PLL_VCO = (HSE_VALUE or HSI_VALUE / PLL_M) * PLL_N
  89:./src/system_router_pro_fd.c **** 			SYSCLK = PLL_VCO / PLL_P
  90:./src/system_router_pro_fd.c **** 			*/    
  91:./src/system_router_pro_fd.c **** 			pllsource = (RCC->PLLCFGR & RCC_PLLCFGR_PLLSRC) >> 22;
  92:./src/system_router_pro_fd.c **** 			pllm = RCC->PLLCFGR & RCC_PLLCFGR_PLLM;
  93:./src/system_router_pro_fd.c **** 
  94:./src/system_router_pro_fd.c **** 			if (pllsource != 0)
  95:./src/system_router_pro_fd.c **** 			{
  96:./src/system_router_pro_fd.c **** 				/* HSE used as PLL clock source */
  97:./src/system_router_pro_fd.c **** 				pllvco = (HSE_VALUE / pllm) * ((RCC->PLLCFGR & RCC_PLLCFGR_PLLN) >> 6);
  98:./src/system_router_pro_fd.c **** 			}
  99:./src/system_router_pro_fd.c **** 			else
 100:./src/system_router_pro_fd.c **** 			{
 101:./src/system_router_pro_fd.c **** 				/* HSI used as PLL clock source */
 102:./src/system_router_pro_fd.c **** 				pllvco = (HSI_VALUE / pllm) * ((RCC->PLLCFGR & RCC_PLLCFGR_PLLN) >> 6);      
 103:./src/system_router_pro_fd.c **** 			}
 104:./src/system_router_pro_fd.c **** 
 105:./src/system_router_pro_fd.c **** 			pllp = (((RCC->PLLCFGR & RCC_PLLCFGR_PLLP) >>16) + 1 ) *2;
 106:./src/system_router_pro_fd.c **** 			SystemCoreClock = pllvco/pllp;
 107:./src/system_router_pro_fd.c **** 			break;
 108:./src/system_router_pro_fd.c **** 		default:
 109:./src/system_router_pro_fd.c **** 			SystemCoreClock = HSI_VALUE;
 110:./src/system_router_pro_fd.c **** 			break;
 111:./src/system_router_pro_fd.c **** 	}
 112:./src/system_router_pro_fd.c **** 	/* Compute HCLK frequency --------------------------------------------------*/
 113:./src/system_router_pro_fd.c **** 	/* Get HCLK prescaler */
 114:./src/system_router_pro_fd.c **** 	tmp = AHBPrescTable[((RCC->CFGR & RCC_CFGR_HPRE) >> 4)];
  50              		.loc 1 114 2 view .LVU6
  51              		.loc 1 114 27 is_stmt 0 view .LVU7
  52 0012 124A     		ldr	r2, .L9
  53              		.loc 1 114 21 view .LVU8
  54 0014 1348     		ldr	r0, .L9+8
  55              		.loc 1 114 27 view .LVU9
  56 0016 9268     		ldr	r2, [r2, #8]
  57              	.LVL3:
 115:./src/system_router_pro_fd.c **** 	/* HCLK frequency */
 116:./src/system_router_pro_fd.c **** 	SystemCoreClock >>= tmp;
  58              		.loc 1 116 2 is_stmt 1 view .LVU10
  59              		.loc 1 116 18 is_stmt 0 view .LVU11
  60 0018 1349     		ldr	r1, .L9+12
 114:./src/system_router_pro_fd.c **** 	/* HCLK frequency */
  61              		.loc 1 114 51 view .LVU12
  62 001a C2F30312 		ubfx	r2, r2, #4, #4
  63              	.LVL4:
 114:./src/system_router_pro_fd.c **** 	/* HCLK frequency */
  64              		.loc 1 114 6 view .LVU13
  65 001e 825C     		ldrb	r2, [r0, r2]	@ zero_extendqisi2
  66              		.loc 1 116 18 view .LVU14
  67 0020 D340     		lsrs	r3, r3, r2
  68 0022 0B60     		str	r3, [r1]
 117:./src/system_router_pro_fd.c **** }
  69              		.loc 1 117 1 view .LVU15
  70 0024 7047     		bx	lr
  71              	.LVL5:
  72              	.L8:
  91:./src/system_router_pro_fd.c **** 			pllm = RCC->PLLCFGR & RCC_PLLCFGR_PLLM;
  73              		.loc 1 91 4 is_stmt 1 view .LVU16
  91:./src/system_router_pro_fd.c **** 			pllm = RCC->PLLCFGR & RCC_PLLCFGR_PLLM;
  74              		.loc 1 91 20 is_stmt 0 view .LVU17
  75 0026 5368     		ldr	r3, [r2, #4]
  76              	.LVL6:
  92:./src/system_router_pro_fd.c **** 
  77              		.loc 1 92 4 is_stmt 1 view .LVU18
  92:./src/system_router_pro_fd.c **** 
  78              		.loc 1 92 14 is_stmt 0 view .LVU19
  79 0028 5168     		ldr	r1, [r2, #4]
  94:./src/system_router_pro_fd.c **** 			{
  80              		.loc 1 94 7 view .LVU20
  81 002a 5B02     		lsls	r3, r3, #9
  82              	.LVL7:
 102:./src/system_router_pro_fd.c **** 			}
  83              		.loc 1 102 40 view .LVU21
  84 002c 5368     		ldr	r3, [r2, #4]
  92:./src/system_router_pro_fd.c **** 
  85              		.loc 1 92 9 view .LVU22
  86 002e 01F03F01 		and	r1, r1, #63
  87              	.LVL8:
  94:./src/system_router_pro_fd.c **** 			{
  88              		.loc 1 94 4 is_stmt 1 view .LVU23
  97:./src/system_router_pro_fd.c **** 			}
  89              		.loc 1 97 5 view .LVU24
 102:./src/system_router_pro_fd.c **** 			}
  90              		.loc 1 102 5 view .LVU25
  97:./src/system_router_pro_fd.c **** 			}
  91              		.loc 1 97 25 is_stmt 0 view .LVU26
  92 0032 48BF     		it	mi
  93 0034 0D48     		ldrmi	r0, .L9+16
 102:./src/system_router_pro_fd.c **** 			}
  94              		.loc 1 102 70 view .LVU27
  95 0036 C3F38813 		ubfx	r3, r3, #6, #9
 102:./src/system_router_pro_fd.c **** 			}
  96              		.loc 1 102 25 view .LVU28
  97 003a 58BF     		it	pl
  98 003c 0848     		ldrpl	r0, .L9+4
  99 003e B0FBF1F2 		udiv	r2, r0, r1
 102:./src/system_router_pro_fd.c **** 			}
 100              		.loc 1 102 12 view .LVU29
 101 0042 02FB03F3 		mul	r3, r2, r3
 102              	.LVL9:
 105:./src/system_router_pro_fd.c **** 			SystemCoreClock = pllvco/pllp;
 103              		.loc 1 105 4 is_stmt 1 view .LVU30
 105:./src/system_router_pro_fd.c **** 			SystemCoreClock = pllvco/pllp;
 104              		.loc 1 105 17 is_stmt 0 view .LVU31
 105 0046 054A     		ldr	r2, .L9
 106 0048 5268     		ldr	r2, [r2, #4]
 107              	.LVL10:
 106:./src/system_router_pro_fd.c **** 			break;
 108              		.loc 1 106 4 is_stmt 1 view .LVU32
 105:./src/system_router_pro_fd.c **** 			SystemCoreClock = pllvco/pllp;
 109              		.loc 1 105 47 is_stmt 0 view .LVU33
 110 004a C2F30142 		ubfx	r2, r2, #16, #2
 111              	.LVL11:
 105:./src/system_router_pro_fd.c **** 			SystemCoreClock = pllvco/pllp;
 112              		.loc 1 105 53 view .LVU34
 113 004e 0132     		adds	r2, r2, #1
 105:./src/system_router_pro_fd.c **** 			SystemCoreClock = pllvco/pllp;
 114              		.loc 1 105 9 view .LVU35
 115 0050 5200     		lsls	r2, r2, #1
 106:./src/system_router_pro_fd.c **** 			break;
 116              		.loc 1 106 28 view .LVU36
 117 0052 B3FBF2F3 		udiv	r3, r3, r2
 118              	.LVL12:
 107:./src/system_router_pro_fd.c **** 		default:
 119              		.loc 1 107 4 is_stmt 1 view .LVU37
 120 0056 DCE7     		b	.L2
 121              	.LVL13:
 122              	.L5:
  78:./src/system_router_pro_fd.c **** 	{
 123              		.loc 1 78 2 is_stmt 0 view .LVU38
 124 0058 044B     		ldr	r3, .L9+16
 125              	.LVL14:
  78:./src/system_router_pro_fd.c **** 	{
 126              		.loc 1 78 2 view .LVU39
 127 005a DAE7     		b	.L2
 128              	.L10:
 129              		.align	2
 130              	.L9:
 131 005c 00380240 		.word	1073887232
 132 0060 0024F400 		.word	16000000
 133 0064 00000000 		.word	.LANCHOR1
 134 0068 00000000 		.word	.LANCHOR0
 135 006c 002D3101 		.word	20000000
 136              		.cfi_endproc
 137              	.LFE144:
 139              		.align	1
 140              		.p2align 2,,3
 141              		.global	SystemInit
 142              		.syntax unified
 143              		.thumb
 144              		.thumb_func
 146              	SystemInit:
 147              	.LFB145:
 118:./src/system_router_pro_fd.c **** 
 119:./src/system_router_pro_fd.c **** /*----------------------------------------------------------------------------
 120:./src/system_router_pro_fd.c ****   System initialization function
 121:./src/system_router_pro_fd.c ****  *----------------------------------------------------------------------------*/
 122:./src/system_router_pro_fd.c **** void SystemInit (void)
 123:./src/system_router_pro_fd.c **** {
 148              		.loc 1 123 1 is_stmt 1 view -0
 149              		.cfi_startproc
 150              		@ args = 0, pretend = 0, frame = 0
 151              		@ frame_needed = 0, uses_anonymous_args = 0
 152              		@ link register save eliminated.
 124:./src/system_router_pro_fd.c **** 
 125:./src/system_router_pro_fd.c **** #if defined (__VTOR_PRESENT) && (__VTOR_PRESENT == 1U)
 126:./src/system_router_pro_fd.c ****   SCB->VTOR = (uint32_t) &__VECTOR_TABLE;  //0x08040000U
 153              		.loc 1 126 3 view .LVU41
 154              		.loc 1 126 13 is_stmt 0 view .LVU42
 155 0070 064B     		ldr	r3, .L12
 156              		.loc 1 126 15 view .LVU43
 157 0072 074A     		ldr	r2, .L12+4
 127:./src/system_router_pro_fd.c **** #endif
 128:./src/system_router_pro_fd.c **** 
 129:./src/system_router_pro_fd.c **** #if defined (__FPU_USED) && (__FPU_USED == 1U)
 130:./src/system_router_pro_fd.c ****   SCB->CPACR |= ((3U << 10U*2U) |           /* enable CP10 Full Access */
 131:./src/system_router_pro_fd.c ****                  (3U << 11U*2U)  );         /* enable CP11 Full Access */
 132:./src/system_router_pro_fd.c **** #endif
 133:./src/system_router_pro_fd.c **** 
 134:./src/system_router_pro_fd.c **** #ifdef UNALIGNED_SUPPORT_DISABLE
 135:./src/system_router_pro_fd.c ****   SCB->CCR |= SCB_CCR_UNALIGN_TRP_Msk;
 136:./src/system_router_pro_fd.c **** #endif
 137:./src/system_router_pro_fd.c **** 
 138:./src/system_router_pro_fd.c ****   SystemCoreClock = SYSTEM_CLOCK;
 158              		.loc 1 138 19 view .LVU44
 159 0074 0749     		ldr	r1, .L12+8
 126:./src/system_router_pro_fd.c **** #endif
 160              		.loc 1 126 13 view .LVU45
 161 0076 9A60     		str	r2, [r3, #8]
 130:./src/system_router_pro_fd.c ****                  (3U << 11U*2U)  );         /* enable CP11 Full Access */
 162              		.loc 1 130 3 is_stmt 1 view .LVU46
 130:./src/system_router_pro_fd.c ****                  (3U << 11U*2U)  );         /* enable CP11 Full Access */
 163              		.loc 1 130 6 is_stmt 0 view .LVU47
 164 0078 D3F88820 		ldr	r2, [r3, #136]
 165              		.loc 1 138 19 view .LVU48
 166 007c 0648     		ldr	r0, .L12+12
 130:./src/system_router_pro_fd.c ****                  (3U << 11U*2U)  );         /* enable CP11 Full Access */
 167              		.loc 1 130 14 view .LVU49
 168 007e 42F47002 		orr	r2, r2, #15728640
 169 0082 C3F88820 		str	r2, [r3, #136]
 170              		.loc 1 138 3 is_stmt 1 view .LVU50
 171              		.loc 1 138 19 is_stmt 0 view .LVU51
 172 0086 0860     		str	r0, [r1]
 139:./src/system_router_pro_fd.c ****   SystemCoreClockUpdate();
 173              		.loc 1 139 3 is_stmt 1 view .LVU52
 174 0088 FFF7FEBF 		b	SystemCoreClockUpdate
 175              	.LVL15:
 176              	.L13:
 177              		.align	2
 178              	.L12:
 179 008c 00ED00E0 		.word	-536810240
 180 0090 00000000 		.word	__Vectors
 181 0094 00000000 		.word	.LANCHOR0
 182 0098 00C2EB0B 		.word	200000000
 183              		.cfi_endproc
 184              	.LFE145:
 186              		.global	APBPrescTable
 187              		.global	AHBPrescTable
 188              		.global	SystemCoreClock
 189              		.section	.rodata
 190              		.align	2
 191              		.set	.LANCHOR1,. + 0
 194              	AHBPrescTable:
 195 0000 00000000 		.ascii	"\000\000\000\000\000\000\000\000\001\002\003\004\006"
 195      00000000 
 195      01020304 
 195      06
 196 000d 070809   		.ascii	"\007\010\011"
 199              	APBPrescTable:
 200 0010 00000000 		.ascii	"\000\000\000\000\001\002\003\004"
 200      01020304 
 201              		.data
 202              		.align	2
 203              		.set	.LANCHOR0,. + 0
 206              	SystemCoreClock:
 207 0000 00C2EB0B 		.word	200000000
 208              		.text
 209              	.Letext0:
 210              		.file 2 "C:\\ST\\STM32CubeCLT_1.18.0\\GNU-tools-for-STM32\\bin\\../lib/gcc/arm-none-eabi/13.3.1/..
 211              		.file 3 "C:\\ST\\STM32CubeCLT_1.18.0\\GNU-tools-for-STM32\\bin\\../lib/gcc/arm-none-eabi/13.3.1/..
 212              		.file 4 "./inc/core_cm7.h"
 213              		.file 5 "./inc/system_stm32f7xx.h"
 214              		.file 6 "./inc/stm32f765xx.h"
DEFINED SYMBOLS
                            *ABS*:00000000 system_router_pro_fd.c
C:\Users\JAEJUN~1\AppData\Local\Temp\ccrEY8C7.s:19     .text:00000000 $t
C:\Users\JAEJUN~1\AppData\Local\Temp\ccrEY8C7.s:26     .text:00000000 SystemCoreClockUpdate
C:\Users\JAEJUN~1\AppData\Local\Temp\ccrEY8C7.s:131    .text:0000005c $d
C:\Users\JAEJUN~1\AppData\Local\Temp\ccrEY8C7.s:139    .text:00000070 $t
C:\Users\JAEJUN~1\AppData\Local\Temp\ccrEY8C7.s:146    .text:00000070 SystemInit
C:\Users\JAEJUN~1\AppData\Local\Temp\ccrEY8C7.s:179    .text:0000008c $d
C:\Users\JAEJUN~1\AppData\Local\Temp\ccrEY8C7.s:199    .rodata:00000010 APBPrescTable
C:\Users\JAEJUN~1\AppData\Local\Temp\ccrEY8C7.s:194    .rodata:00000000 AHBPrescTable
C:\Users\JAEJUN~1\AppData\Local\Temp\ccrEY8C7.s:206    .data:00000000 SystemCoreClock
C:\Users\JAEJUN~1\AppData\Local\Temp\ccrEY8C7.s:190    .rodata:00000000 $d
C:\Users\JAEJUN~1\AppData\Local\Temp\ccrEY8C7.s:202    .data:00000000 $d

UNDEFINED SYMBOLS
__Vectors
