   1              		.cpu cortex-m7
   2              		.eabi_attribute 28, 1
   3              		.eabi_attribute 20, 1
   4              		.eabi_attribute 21, 1
   5              		.eabi_attribute 23, 3
   6              		.eabi_attribute 24, 1
   7              		.eabi_attribute 25, 1
   8              		.eabi_attribute 26, 1
   9              		.eabi_attribute 30, 2
  10              		.eabi_attribute 34, 1
  11              		.eabi_attribute 18, 4
  12              		.file	"task03.c"
  13              		.text
  14              	.Ltext0:
  15              		.cfi_sections	.debug_frame
  16              		.align	1
  17              		.p2align 2,,3
  18              		.global	task03_thread
  19              		.arch armv7e-m
  20              		.syntax unified
  21              		.thumb
  22              		.thumb_func
  23              		.fpu fpv5-d16
  25              	task03_thread:
  26              	.LVL0:
  27              	.LFB147:
  28              		.file 1 "./src/task03.c"
   1:./src/task03.c **** #include "cmsis_os2.h"
   2:./src/task03.c **** #include "main.h"
   3:./src/task03.c **** #include "startDebug.h"
   4:./src/task03.c **** #include "can.h"
   5:./src/task03.c **** #include "can_user.h"
   6:./src/task03.c **** #include "hardware.h"
   7:./src/task03.c **** #include <stm32f7xx_hal_iwdg.h>
   8:./src/task03.c **** #include "udp_total.h"
   9:./src/task03.c **** #include "task03.h"
  10:./src/task03.c **** 
  11:./src/task03.c **** 
  12:./src/task03.c **** 
  13:./src/task03.c **** extern osMessageQueueId_t debugQueue;
  14:./src/task03.c **** extern IWDG_HandleTypeDef hiwdg;
  15:./src/task03.c **** 
  16:./src/task03.c **** 
  17:./src/task03.c **** 
  18:./src/task03.c **** osThreadId_t Task03Handle;
  19:./src/task03.c **** const osThreadAttr_t Task03_attributes = {
  20:./src/task03.c ****   .name = "Task03",
  21:./src/task03.c ****   .stack_size = 1024 * 5,
  22:./src/task03.c ****   .priority = (osPriority_t) osPriorityLow1,
  23:./src/task03.c **** };
  24:./src/task03.c **** 
  25:./src/task03.c **** 
  26:./src/task03.c **** // static void  main_greeting ( void)
  27:./src/task03.c **** // {
  28:./src/task03.c **** // 	CANTxMsg_t  msg;
  29:./src/task03.c **** 	
  30:./src/task03.c **** 	
  31:./src/task03.c **** // 	msg.bufftype = CAN_BUFFER_TX_MSG;
  32:./src/task03.c **** // 	msg.dlc      = CAN_LEN8_DLC;
  33:./src/task03.c **** // 	msg.msgtype  = CAN_MSGTYPE_STANDARD;
  34:./src/task03.c **** // 	msg.id       = 0x123;
  35:./src/task03.c **** 	
  36:./src/task03.c **** // 	msg.data32[0] = 0x67452301;
  37:./src/task03.c **** // 	msg.data32[1] = 0xEFCDAB89;
  38:./src/task03.c **** 	
  39:./src/task03.c **** // 	// patch byte 0 with FPGA version
  40:./src/task03.c **** // 	msg.data8[0] = HW_FPGA_VERSION;
  41:./src/task03.c **** 	
  42:./src/task03.c **** // 	// Send message
  43:./src/task03.c **** // 	CAN_Write ( CAN_BUS1, &msg);
  44:./src/task03.c **** // }
  45:./src/task03.c **** 
  46:./src/task03.c **** 
  47:./src/task03.c **** void task03_thread(void *argument)
  48:./src/task03.c **** {
  29              		.loc 1 48 1 view -0
  30              		.cfi_startproc
  31              		@ Volatile: function does not return.
  32              		@ args = 0, pretend = 0, frame = 88
  33              		@ frame_needed = 0, uses_anonymous_args = 0
  49:./src/task03.c ****   (void)argument;
  34              		.loc 1 49 3 view .LVU1
  50:./src/task03.c **** 
  51:./src/task03.c ****   // init CAN
  52:./src/task03.c **** 	CAN_UserInit();
  35              		.loc 1 52 2 view .LVU2
  48:./src/task03.c ****   (void)argument;
  36              		.loc 1 48 1 is_stmt 0 view .LVU3
  37 0000 00B5     		push	{lr}
  38              	.LCFI0:
  39              		.cfi_def_cfa_offset 4
  40              		.cfi_offset 14, -4
  41 0002 97B0     		sub	sp, sp, #92
  42              	.LCFI1:
  43              		.cfi_def_cfa_offset 96
  44              	.LBB2:
  53:./src/task03.c **** 
  54:./src/task03.c ****   // set green LEDs for CANs
  55:./src/task03.c **** 	HW_SetLED ( HW_LED_CAN1, HW_LED_GREEN);
  56:./src/task03.c **** 	HW_SetLED ( HW_LED_CAN2, HW_LED_GREEN);
  57:./src/task03.c **** 	HW_SetLED ( HW_LED_CAN3, HW_LED_GREEN);
  58:./src/task03.c **** 	HW_SetLED ( HW_LED_CAN4, HW_LED_GREEN);
  59:./src/task03.c **** 	HW_SetLED ( HW_LED_CAN5, HW_LED_GREEN);
  60:./src/task03.c **** 	HW_SetLED ( HW_LED_CAN6, HW_LED_GREEN);
  61:./src/task03.c **** 
  62:./src/task03.c ****   //main_greeting();
  63:./src/task03.c ****   for(;;)
  64:./src/task03.c ****   {
  65:./src/task03.c ****     HAL_IWDG_Refresh(&hiwdg);
  66:./src/task03.c **** 
  67:./src/task03.c **** 	  CANTxMsg_t txMsg;
  68:./src/task03.c **** 
  69:./src/task03.c **** 	  txMsg.bufftype = CAN_BUFFER_TX_MSG;
  70:./src/task03.c ****     txMsg.dlc      = CAN_LEN8_DLC;             // 8 bytes data length
  71:./src/task03.c ****     txMsg.msgtype  = CAN_MSGTYPE_EXTENDED | CAN_MSGTYPE_FDF | CAN_MSGTYPE_BRS;     // 표준 CAN FD
  72:./src/task03.c ****     txMsg.id       = 0x12345678;                     // 테스트용 ID
  45              		.loc 1 72 20 view .LVU4
  46 0004 1C4E     		ldr	r6, .L5
  47              	.LBE2:
  52:./src/task03.c **** 
  48              		.loc 1 52 2 view .LVU5
  49 0006 FFF7FEFF 		bl	CAN_UserInit
  50              	.LVL1:
  55:./src/task03.c **** 	HW_SetLED ( HW_LED_CAN2, HW_LED_GREEN);
  51              		.loc 1 55 2 is_stmt 1 view .LVU6
  52 000a 0221     		movs	r1, #2
  53 000c 0120     		movs	r0, #1
  54              	.LBB3:
  73:./src/task03.c **** 
  74:./src/task03.c ****     // 테스트 데이터 설정 (예: 8바이트)
  75:./src/task03.c ****     txMsg.data8[0] = 0xAA;
  55              		.loc 1 75 20 is_stmt 0 view .LVU7
  56 000e 1B4D     		ldr	r5, .L5+4
  57              	.LBE3:
  55:./src/task03.c **** 	HW_SetLED ( HW_LED_CAN2, HW_LED_GREEN);
  58              		.loc 1 55 2 view .LVU8
  59 0010 FFF7FEFF 		bl	HW_SetLED
  60              	.LVL2:
  56:./src/task03.c **** 	HW_SetLED ( HW_LED_CAN3, HW_LED_GREEN);
  61              		.loc 1 56 2 is_stmt 1 view .LVU9
  62 0014 0221     		movs	r1, #2
  63              	.LBB4:
  76:./src/task03.c ****     txMsg.data8[1] = 0xBB;
  77:./src/task03.c ****     txMsg.data8[2] = 0xCC;
  78:./src/task03.c ****     txMsg.data8[3] = 0xDD;
  79:./src/task03.c ****     txMsg.data8[4] = 0x11;
  64              		.loc 1 79 20 is_stmt 0 view .LVU10
  65 0016 1A4C     		ldr	r4, .L5+8
  66              	.LBE4:
  56:./src/task03.c **** 	HW_SetLED ( HW_LED_CAN3, HW_LED_GREEN);
  67              		.loc 1 56 2 view .LVU11
  68 0018 0846     		mov	r0, r1
  69 001a FFF7FEFF 		bl	HW_SetLED
  70              	.LVL3:
  57:./src/task03.c **** 	HW_SetLED ( HW_LED_CAN4, HW_LED_GREEN);
  71              		.loc 1 57 2 is_stmt 1 view .LVU12
  72 001e 0221     		movs	r1, #2
  73 0020 0320     		movs	r0, #3
  74 0022 FFF7FEFF 		bl	HW_SetLED
  75              	.LVL4:
  58:./src/task03.c **** 	HW_SetLED ( HW_LED_CAN5, HW_LED_GREEN);
  76              		.loc 1 58 2 view .LVU13
  77 0026 0221     		movs	r1, #2
  78 0028 0420     		movs	r0, #4
  79 002a FFF7FEFF 		bl	HW_SetLED
  80              	.LVL5:
  59:./src/task03.c **** 	HW_SetLED ( HW_LED_CAN6, HW_LED_GREEN);
  81              		.loc 1 59 2 view .LVU14
  82 002e 0221     		movs	r1, #2
  83 0030 0520     		movs	r0, #5
  84 0032 FFF7FEFF 		bl	HW_SetLED
  85              	.LVL6:
  60:./src/task03.c **** 
  86              		.loc 1 60 2 view .LVU15
  87 0036 0221     		movs	r1, #2
  88 0038 0620     		movs	r0, #6
  89 003a FFF7FEFF 		bl	HW_SetLED
  90              	.LVL7:
  91              	.L2:
  63:./src/task03.c ****   {
  92              		.loc 1 63 3 discriminator 1 view .LVU16
  93              	.LBB5:
  65:./src/task03.c **** 
  94              		.loc 1 65 5 discriminator 1 view .LVU17
  95 003e 1148     		ldr	r0, .L5+12
  96 0040 FFF7FEFF 		bl	HAL_IWDG_Refresh
  97              	.LVL8:
  67:./src/task03.c **** 
  98              		.loc 1 67 4 discriminator 1 view .LVU18
  69:./src/task03.c ****     txMsg.dlc      = CAN_LEN8_DLC;             // 8 bytes data length
  99              		.loc 1 69 4 discriminator 1 view .LVU19
  70:./src/task03.c ****     txMsg.msgtype  = CAN_MSGTYPE_EXTENDED | CAN_MSGTYPE_FDF | CAN_MSGTYPE_BRS;     // 표준 CAN FD
 100              		.loc 1 70 20 is_stmt 0 discriminator 1 view .LVU20
 101 0044 9DF81030 		ldrb	r3, [sp, #16]	@ zero_extendqisi2
 102 0048 0820     		movs	r0, #8
  69:./src/task03.c ****     txMsg.dlc      = CAN_LEN8_DLC;             // 8 bytes data length
 103              		.loc 1 69 19 discriminator 1 view .LVU21
 104 004a 4FF4805C 		mov	ip, #4096
  71:./src/task03.c ****     txMsg.id       = 0x12345678;                     // 테스트용 ID
 105              		.loc 1 71 20 discriminator 1 view .LVU22
 106 004e 3222     		movs	r2, #50
  80:./src/task03.c ****     txMsg.data8[5] = 0x22;
  81:./src/task03.c ****     txMsg.data8[6] = 0x33;
  82:./src/task03.c ****     txMsg.data8[7] = 0x44;
  83:./src/task03.c **** 
  84:./src/task03.c ****     // 2. CAN_BUS1에 메시지 송신
  85:./src/task03.c ****     CAN_Write(CAN_BUS1, &txMsg);
 107              		.loc 1 85 5 discriminator 1 view .LVU23
 108 0050 01A9     		add	r1, sp, #4
  70:./src/task03.c ****     txMsg.msgtype  = CAN_MSGTYPE_EXTENDED | CAN_MSGTYPE_FDF | CAN_MSGTYPE_BRS;     // 표준 CAN FD
 109              		.loc 1 70 20 discriminator 1 view .LVU24
 110 0052 60F30713 		bfi	r3, r0, #4, #4
 111              		.loc 1 85 5 discriminator 1 view .LVU25
 112 0056 0020     		movs	r0, #0
  69:./src/task03.c ****     txMsg.dlc      = CAN_LEN8_DLC;             // 8 bytes data length
 113              		.loc 1 69 19 discriminator 1 view .LVU26
 114 0058 ADF806C0 		strh	ip, [sp, #6]	@ movhi
  70:./src/task03.c ****     txMsg.msgtype  = CAN_MSGTYPE_EXTENDED | CAN_MSGTYPE_FDF | CAN_MSGTYPE_BRS;     // 표준 CAN FD
 115              		.loc 1 70 5 is_stmt 1 discriminator 1 view .LVU27
  71:./src/task03.c ****     txMsg.id       = 0x12345678;                     // 테스트용 ID
 116              		.loc 1 71 20 is_stmt 0 discriminator 1 view .LVU28
 117 005c ADF81220 		strh	r2, [sp, #18]	@ movhi
  70:./src/task03.c ****     txMsg.msgtype  = CAN_MSGTYPE_EXTENDED | CAN_MSGTYPE_FDF | CAN_MSGTYPE_BRS;     // 표준 CAN FD
 118              		.loc 1 70 20 discriminator 1 view .LVU29
 119 0060 8DF81030 		strb	r3, [sp, #16]
  71:./src/task03.c ****     txMsg.id       = 0x12345678;                     // 테스트용 ID
 120              		.loc 1 71 5 is_stmt 1 discriminator 1 view .LVU30
  72:./src/task03.c **** 
 121              		.loc 1 72 5 discriminator 1 view .LVU31
  75:./src/task03.c ****     txMsg.data8[1] = 0xBB;
 122              		.loc 1 75 5 discriminator 1 view .LVU32
  76:./src/task03.c ****     txMsg.data8[2] = 0xCC;
 123              		.loc 1 76 5 discriminator 1 view .LVU33
  77:./src/task03.c ****     txMsg.data8[3] = 0xDD;
 124              		.loc 1 77 5 discriminator 1 view .LVU34
  78:./src/task03.c ****     txMsg.data8[4] = 0x11;
 125              		.loc 1 78 5 discriminator 1 view .LVU35
  79:./src/task03.c ****     txMsg.data8[5] = 0x22;
 126              		.loc 1 79 5 discriminator 1 view .LVU36
  80:./src/task03.c ****     txMsg.data8[6] = 0x33;
 127              		.loc 1 80 5 discriminator 1 view .LVU37
  81:./src/task03.c ****     txMsg.data8[7] = 0x44;
 128              		.loc 1 81 5 discriminator 1 view .LVU38
  82:./src/task03.c **** 
 129              		.loc 1 82 5 discriminator 1 view .LVU39
  79:./src/task03.c ****     txMsg.data8[5] = 0x22;
 130              		.loc 1 79 20 is_stmt 0 discriminator 1 view .LVU40
 131 0064 0794     		str	r4, [sp, #28]
 132              		.loc 1 85 5 is_stmt 1 discriminator 1 view .LVU41
  75:./src/task03.c ****     txMsg.data8[1] = 0xBB;
 133              		.loc 1 75 20 is_stmt 0 discriminator 1 view .LVU42
 134 0066 CDE90565 		strd	r6, r5, [sp, #20]
 135              		.loc 1 85 5 discriminator 1 view .LVU43
 136 006a FFF7FEFF 		bl	CAN_Write
 137              	.LVL9:
  86:./src/task03.c **** 
  87:./src/task03.c **** 		osDelay ( DLY_MS(1000));
 138              		.loc 1 87 3 is_stmt 1 discriminator 1 view .LVU44
 139 006e 41F28830 		movw	r0, #5000
 140 0072 FFF7FEFF 		bl	osDelay
 141              	.LVL10:
 142              	.LBE5:
  63:./src/task03.c ****   {
 143              		.loc 1 63 8 discriminator 1 view .LVU45
 144 0076 E2E7     		b	.L2
 145              	.L6:
 146              		.align	2
 147              	.L5:
 148 0078 78563412 		.word	305419896
 149 007c AABBCCDD 		.word	-573785174
 150 0080 11223344 		.word	1144201745
 151 0084 00000000 		.word	hiwdg
 152              		.cfi_endproc
 153              	.LFE147:
 155              		.section	.rodata.str1.4,"aMS",%progbits,1
 156              		.align	2
 157              	.LC0:
 158 0000 2E2F7372 		.ascii	"./src/task03.c\000"
 158      632F7461 
 158      736B3033 
 158      2E6300
 159 000f 00       		.align	2
 160              	.LC1:
 161 0010 25732F25 		.ascii	"%s/%s(%d) \000"
 161      73282564 
 161      292000
 162 001b 00       		.align	2
 163              	.LC2:
 164 001c 5441534B 		.ascii	"TASK03 START\012\000"
 164      30332053 
 164      54415254 
 164      0A00
 165 002a 0000     		.align	2
 166              	.LC3:
 167 002c 25732573 		.ascii	"%s%s\000"
 167      00
 168              		.text
 169              		.align	1
 170              		.p2align 2,,3
 171              		.global	task03_init
 172              		.syntax unified
 173              		.thumb
 174              		.thumb_func
 175              		.fpu fpv5-d16
 177              	task03_init:
 178              	.LVL11:
 179              	.LFB148:
  88:./src/task03.c ****   }
  89:./src/task03.c **** }
  90:./src/task03.c **** 
  91:./src/task03.c **** 
  92:./src/task03.c **** void task03_init(void *argument)
  93:./src/task03.c **** {
 180              		.loc 1 93 1 view -0
 181              		.cfi_startproc
 182              		@ args = 0, pretend = 0, frame = 1024
 183              		@ frame_needed = 0, uses_anonymous_args = 0
  94:./src/task03.c ****     (void)argument;
 184              		.loc 1 94 5 view .LVU47
  95:./src/task03.c ****     DEBUG("TASK03 START\n");
 185              		.loc 1 95 5 view .LVU48
 186              	.LBB6:
 187              		.loc 1 95 5 view .LVU49
 188              		.loc 1 95 5 view .LVU50
 189              		.loc 1 95 5 view .LVU51
 190              	.LBE6:
  93:./src/task03.c ****     (void)argument;
 191              		.loc 1 93 1 is_stmt 0 view .LVU52
 192 0088 10B5     		push	{r4, lr}
 193              	.LCFI2:
 194              		.cfi_def_cfa_offset 8
 195              		.cfi_offset 4, -8
 196              		.cfi_offset 14, -4
 197              	.LBB7:
 198              		.loc 1 95 5 view .LVU53
 199 008a 5F21     		movs	r1, #95
 200              	.LBE7:
  93:./src/task03.c ****     (void)argument;
 201              		.loc 1 93 1 view .LVU54
 202 008c ADF5816D 		sub	sp, sp, #1032
 203              	.LCFI3:
 204              		.cfi_def_cfa_offset 1040
 205              	.LBB8:
 206              		.loc 1 95 5 view .LVU55
 207 0090 0F4C     		ldr	r4, .L9
 208 0092 0091     		str	r1, [sp]
 209 0094 02A8     		add	r0, sp, #8
 210              	.LVL12:
 211              		.loc 1 95 5 view .LVU56
 212 0096 2346     		mov	r3, r4
 213 0098 0E4A     		ldr	r2, .L9+4
 214 009a 0F49     		ldr	r1, .L9+8
 215 009c FFF7FEFF 		bl	sprintf
 216              	.LVL13:
 217              		.loc 1 95 5 is_stmt 1 view .LVU57
 218 00a0 0E4B     		ldr	r3, .L9+12
 219 00a2 0DF5027C 		add	ip, sp, #520
 220 00a6 0FCB     		ldm	r3, {r0, r1, r2, r3}
 221 00a8 ACE80700 		stmia	ip!, {r0, r1, r2}
 222 00ac 82AA     		add	r2, sp, #520
 223 00ae ACF80030 		strh	r3, [ip]	@ movhi
 224              		.loc 1 95 5 view .LVU58
 225 00b2 02A9     		add	r1, sp, #8
 226 00b4 0A48     		ldr	r0, .L9+16
 227 00b6 FFF7FEFF 		bl	printf
 228              	.LVL14:
 229              	.LBE8:
 230              		.loc 1 95 5 view .LVU59
  96:./src/task03.c **** 
  97:./src/task03.c ****     Task03Handle = osThreadNew(task03_thread, NULL, &Task03_attributes);
 231              		.loc 1 97 5 view .LVU60
 232              		.loc 1 97 20 is_stmt 0 view .LVU61
 233 00ba 04F10C02 		add	r2, r4, #12
 234 00be 0021     		movs	r1, #0
 235 00c0 0848     		ldr	r0, .L9+20
 236 00c2 FFF7FEFF 		bl	osThreadNew
 237              	.LVL15:
 238              		.loc 1 97 18 view .LVU62
 239 00c6 084B     		ldr	r3, .L9+24
 240 00c8 1860     		str	r0, [r3]
  98:./src/task03.c **** 
  99:./src/task03.c **** }...
 241              		.loc 1 99 1 view .LVU63
 242 00ca 0DF5816D 		add	sp, sp, #1032
 243              	.LCFI4:
 244              		.cfi_def_cfa_offset 8
 245              		@ sp needed
 246 00ce 10BD     		pop	{r4, pc}
 247              	.L10:
 248              		.align	2
 249              	.L9:
 250 00d0 00000000 		.word	.LANCHOR0
 251 00d4 06000000 		.word	.LC0+6
 252 00d8 10000000 		.word	.LC1
 253 00dc 1C000000 		.word	.LC2
 254 00e0 2C000000 		.word	.LC3
 255 00e4 00000000 		.word	task03_thread
 256 00e8 00000000 		.word	.LANCHOR1
 257              		.cfi_endproc
 258              	.LFE148:
 260              		.global	Task03_attributes
 261              		.section	.rodata.str1.4
 262 0031 000000   		.align	2
 263              	.LC4:
 264 0034 5461736B 		.ascii	"Task03\000"
 264      303300
 265              		.global	Task03Handle
 266              		.section	.rodata
 267              		.align	2
 268              		.set	.LANCHOR0,. + 0
 271              	__FUNCTION__.0:
 272 0000 7461736B 		.ascii	"task03_init\000"
 272      30335F69 
 272      6E697400 
 275              	Task03_attributes:
 276 000c 34000000 		.word	.LC4
 277 0010 00000000 		.space	16
 277      00000000 
 277      00000000 
 277      00000000 
 278 0020 00140000 		.word	5120
 279 0024 09000000 		.word	9
 280 0028 00000000 		.space	8
 280      00000000 
 281              		.bss
 282              		.align	2
 283              		.set	.LANCHOR1,. + 0
 286              	Task03Handle:
 287 0000 00000000 		.space	4
 288              		.text
 289              	.Letext0:
 290              		.file 2 "c:\\users\\jaejunmin\\downloads\\peak-devpack\\compiler\\10 2020-q4-major\\arm-none-eabi\
 291              		.file 3 "c:\\users\\jaejunmin\\downloads\\peak-devpack\\compiler\\10 2020-q4-major\\arm-none-eabi\
 292              		.file 4 "./inc/cmsis_os2.h"
 293              		.file 5 "./inc/can.h"
 294              		.file 6 "./inc/stm32f765xx.h"
 295              		.file 7 "./inc/stm32f7xx_hal_iwdg.h"
 296              		.file 8 "./inc/task03.h"
 297              		.file 9 "c:\\users\\jaejunmin\\downloads\\peak-devpack\\compiler\\10 2020-q4-major\\arm-none-eabi\
 298              		.file 10 "./inc/can_user.h"
 299              		.file 11 "./inc/hardware.h"
 300              		.file 12 "<built-in>"
DEFINED SYMBOLS
                            *ABS*:00000000 task03.c
C:\Users\JAEJUN~1\AppData\Local\Temp\ccfxkXQj.s:16     .text:00000000 $t
C:\Users\JAEJUN~1\AppData\Local\Temp\ccfxkXQj.s:25     .text:00000000 task03_thread
C:\Users\JAEJUN~1\AppData\Local\Temp\ccfxkXQj.s:148    .text:00000078 $d
C:\Users\JAEJUN~1\AppData\Local\Temp\ccfxkXQj.s:156    .rodata.str1.4:00000000 $d
C:\Users\JAEJUN~1\AppData\Local\Temp\ccfxkXQj.s:157    .rodata.str1.4:00000000 .LC0
C:\Users\JAEJUN~1\AppData\Local\Temp\ccfxkXQj.s:169    .text:00000088 $t
C:\Users\JAEJUN~1\AppData\Local\Temp\ccfxkXQj.s:177    .text:00000088 task03_init
C:\Users\JAEJUN~1\AppData\Local\Temp\ccfxkXQj.s:250    .text:000000d0 $d
C:\Users\JAEJUN~1\AppData\Local\Temp\ccfxkXQj.s:275    .rodata:0000000c Task03_attributes
C:\Users\JAEJUN~1\AppData\Local\Temp\ccfxkXQj.s:286    .bss:00000000 Task03Handle
C:\Users\JAEJUN~1\AppData\Local\Temp\ccfxkXQj.s:267    .rodata:00000000 $d
C:\Users\JAEJUN~1\AppData\Local\Temp\ccfxkXQj.s:271    .rodata:00000000 __FUNCTION__.0
C:\Users\JAEJUN~1\AppData\Local\Temp\ccfxkXQj.s:282    .bss:00000000 $d

UNDEFINED SYMBOLS
CAN_UserInit
HW_SetLED
HAL_IWDG_Refresh
CAN_Write
osDelay
hiwdg
sprintf
printf
osThreadNew
