   1              		.cpu cortex-m7
   2              		.eabi_attribute 28, 1
   3              		.eabi_attribute 20, 1
   4              		.eabi_attribute 21, 1
   5              		.eabi_attribute 23, 3
   6              		.eabi_attribute 24, 1
   7              		.eabi_attribute 25, 1
   8              		.eabi_attribute 26, 1
   9              		.eabi_attribute 30, 2
  10              		.eabi_attribute 34, 1
  11              		.eabi_attribute 18, 4
  12              		.file	"task01.c"
  13              		.text
  14              	.Ltext0:
  15              		.cfi_sections	.debug_frame
  16              		.section	.rodata.str1.4,"aMS",%progbits,1
  17              		.align	2
  18              	.LC0:
  19 0000 2E2F7372 		.ascii	"./src/task01.c\000"
  19      632F7461 
  19      736B3031 
  19      2E6300
  20 000f 00       		.align	2
  21              	.LC1:
  22 0010 25732F25 		.ascii	"%s/%s(%d) \000"
  22      73282564 
  22      292000
  23 001b 00       		.align	2
  24              	.LC2:
  25 001c 5461736B 		.ascii	"Task1 Test!!!\012\000"
  25      31205465 
  25      73742121 
  25      210A00
  26 002b 00       		.align	2
  27              	.LC3:
  28 002c 25732573 		.ascii	"%s%s\000"
  28      00
  29              		.text
  30              		.align	1
  31              		.p2align 2,,3
  32              		.global	task01_thread
  33              		.arch armv7e-m
  34              		.syntax unified
  35              		.thumb
  36              		.thumb_func
  37              		.fpu fpv5-d16
  39              	task01_thread:
  40              	.LVL0:
  41              	.LFB144:
  42              		.file 1 "./src/task01.c"
   1:./src/task01.c **** #include "cmsis_os2.h"
   2:./src/task01.c **** #include "main.h"
   3:./src/task01.c **** #include "startDebug.h"
   4:./src/task01.c **** #include <stm32f7xx_hal_iwdg.h>
   5:./src/task01.c **** 
   6:./src/task01.c **** 
   7:./src/task01.c **** extern osMessageQueueId_t debugQueue; 
   8:./src/task01.c **** extern IWDG_HandleTypeDef hiwdg;        
   9:./src/task01.c **** 
  10:./src/task01.c **** osThreadId_t Task01Handle;
  11:./src/task01.c **** const osThreadAttr_t Task01_attributes = {
  12:./src/task01.c ****   .name = "Task01",
  13:./src/task01.c ****   .stack_size = 1024 * 5,
  14:./src/task01.c ****   .priority = (osPriority_t) osPriorityLow1,
  15:./src/task01.c **** };
  16:./src/task01.c **** 
  17:./src/task01.c **** void task01_thread(void *argument)
  18:./src/task01.c **** {
  43              		.loc 1 18 1 view -0
  44              		.cfi_startproc
  45              		@ Volatile: function does not return.
  46              		@ args = 0, pretend = 0, frame = 1024
  47              		@ frame_needed = 0, uses_anonymous_args = 0
  48              		.loc 1 18 1 is_stmt 0 view .LVU1
  49 0000 80B5     		push	{r7, lr}
  50              	.LCFI0:
  51              		.cfi_def_cfa_offset 8
  52              		.cfi_offset 7, -8
  53              		.cfi_offset 14, -4
  54 0002 144C     		ldr	r4, .L5
  55 0004 ADF5816D 		sub	sp, sp, #1032
  56              	.LCFI1:
  57              		.cfi_def_cfa_offset 1040
  58              	.LBB2:
  19:./src/task01.c ****   (void)argument;
  20:./src/task01.c ****  
  21:./src/task01.c ****   for(;;)
  22:./src/task01.c ****   {
  23:./src/task01.c ****    
  24:./src/task01.c ****     DEBUG("Task1 Test!!!\n");
  59              		.loc 1 24 5 view .LVU2
  60 0008 DFF85C80 		ldr	r8, .L5+20
  61 000c 124F     		ldr	r7, .L5+4
  62 000e 134E     		ldr	r6, .L5+8
  63              	.LVL1:
  64              	.L2:
  65              		.loc 1 24 5 view .LVU3
  66              	.LBE2:
  19:./src/task01.c ****   (void)argument;
  67              		.loc 1 19 3 is_stmt 1 discriminator 1 view .LVU4
  21:./src/task01.c ****   {
  68              		.loc 1 21 3 discriminator 1 view .LVU5
  69              		.loc 1 24 5 discriminator 1 view .LVU6
  70              	.LBB3:
  71              		.loc 1 24 5 discriminator 1 view .LVU7
  72              		.loc 1 24 5 discriminator 1 view .LVU8
  73              		.loc 1 24 5 discriminator 1 view .LVU9
  74 0010 1825     		movs	r5, #24
  75 0012 4346     		mov	r3, r8
  76 0014 3A46     		mov	r2, r7
  77 0016 3146     		mov	r1, r6
  78 0018 02A8     		add	r0, sp, #8
  79 001a 0095     		str	r5, [sp]
  80 001c FFF7FEFF 		bl	sprintf
  81              	.LVL2:
  82              		.loc 1 24 5 discriminator 1 view .LVU10
  83 0020 0DF5027C 		add	ip, sp, #520
  84 0024 94E80F00 		ldm	r4, {r0, r1, r2, r3}
  85 0028 4FEA134E 		lsr	lr, r3, #16
  86 002c ACE80700 		stmia	ip!, {r0, r1, r2}
  87 0030 82AA     		add	r2, sp, #520
  88 0032 2CF8023B 		strh	r3, [ip], #2	@ movhi
  89 0036 02A9     		add	r1, sp, #8
  90 0038 8CF800E0 		strb	lr, [ip]
  91              		.loc 1 24 5 discriminator 1 view .LVU11
  92 003c 0848     		ldr	r0, .L5+12
  93 003e FFF7FEFF 		bl	printf
  94              	.LVL3:
  95              	.LBE3:
  96              		.loc 1 24 5 discriminator 1 view .LVU12
  25:./src/task01.c ****     HAL_IWDG_Refresh(&hiwdg);
  97              		.loc 1 25 5 discriminator 1 view .LVU13
  98 0042 0848     		ldr	r0, .L5+16
  99 0044 FFF7FEFF 		bl	HAL_IWDG_Refresh
 100              	.LVL4:
  26:./src/task01.c ****     osDelay(1000);
 101              		.loc 1 26 5 discriminator 1 view .LVU14
 102 0048 4FF47A70 		mov	r0, #1000
 103 004c FFF7FEFF 		bl	osDelay
 104              	.LVL5:
  21:./src/task01.c ****   {
 105              		.loc 1 21 8 discriminator 1 view .LVU15
 106 0050 DEE7     		b	.L2
 107              	.L6:
 108 0052 00BF     		.align	2
 109              	.L5:
 110 0054 1C000000 		.word	.LC2
 111 0058 06000000 		.word	.LC0+6
 112 005c 10000000 		.word	.LC1
 113 0060 2C000000 		.word	.LC3
 114 0064 00000000 		.word	hiwdg
 115 0068 00000000 		.word	.LANCHOR0
 116              		.cfi_endproc
 117              	.LFE144:
 119              		.align	1
 120              		.p2align 2,,3
 121              		.global	task01_init
 122              		.syntax unified
 123              		.thumb
 124              		.thumb_func
 125              		.fpu fpv5-d16
 127              	task01_init:
 128              	.LVL6:
 129              	.LFB145:
  27:./src/task01.c ****   }
  28:./src/task01.c **** }
  29:./src/task01.c **** 
  30:./src/task01.c **** void task01_init(void *argument)
  31:./src/task01.c **** {
 130              		.loc 1 31 1 view -0
 131              		.cfi_startproc
 132              		@ args = 0, pretend = 0, frame = 0
 133              		@ frame_needed = 0, uses_anonymous_args = 0
  32:./src/task01.c ****     (void)argument;
 134              		.loc 1 32 5 view .LVU17
  33:./src/task01.c **** 
  34:./src/task01.c ****     Task01Handle = osThreadNew(task01_thread, NULL, &Task01_attributes);
 135              		.loc 1 34 5 view .LVU18
  31:./src/task01.c ****     (void)argument;
 136              		.loc 1 31 1 is_stmt 0 view .LVU19
 137 006c 08B5     		push	{r3, lr}
 138              	.LCFI2:
 139              		.cfi_def_cfa_offset 8
 140              		.cfi_offset 3, -8
 141              		.cfi_offset 14, -4
 142              		.loc 1 34 20 view .LVU20
 143 006e 044A     		ldr	r2, .L9
 144 0070 0021     		movs	r1, #0
 145 0072 0448     		ldr	r0, .L9+4
 146              	.LVL7:
 147              		.loc 1 34 20 view .LVU21
 148 0074 FFF7FEFF 		bl	osThreadNew
 149              	.LVL8:
 150              		.loc 1 34 18 view .LVU22
 151 0078 034B     		ldr	r3, .L9+8
 152 007a 1860     		str	r0, [r3]
  35:./src/task01.c **** 
  36:./src/task01.c **** }...
 153              		.loc 1 36 1 view .LVU23
 154 007c 08BD     		pop	{r3, pc}
 155              	.L10:
 156 007e 00BF     		.align	2
 157              	.L9:
 158 0080 10000000 		.word	.LANCHOR0+16
 159 0084 00000000 		.word	task01_thread
 160 0088 00000000 		.word	.LANCHOR1
 161              		.cfi_endproc
 162              	.LFE145:
 164              		.global	Task01_attributes
 165              		.section	.rodata.str1.4
 166 0031 000000   		.align	2
 167              	.LC4:
 168 0034 5461736B 		.ascii	"Task01\000"
 168      303100
 169              		.global	Task01Handle
 170              		.section	.rodata
 171              		.align	2
 172              		.set	.LANCHOR0,. + 0
 175              	__FUNCTION__.0:
 176 0000 7461736B 		.ascii	"task01_thread\000"
 176      30315F74 
 176      68726561 
 176      6400
 177 000e 0000     		.space	2
 180              	Task01_attributes:
 181 0010 34000000 		.word	.LC4
 182 0014 00000000 		.space	16
 182      00000000 
 182      00000000 
 182      00000000 
 183 0024 00140000 		.word	5120
 184 0028 09000000 		.word	9
 185 002c 00000000 		.space	8
 185      00000000 
 186              		.bss
 187              		.align	2
 188              		.set	.LANCHOR1,. + 0
 191              	Task01Handle:
 192 0000 00000000 		.space	4
 193              		.text
 194              	.Letext0:
 195              		.file 2 "c:\\users\\jaejunmin\\downloads\\peak-devpack\\compiler\\10 2020-q4-major\\arm-none-eabi\
 196              		.file 3 "c:\\users\\jaejunmin\\downloads\\peak-devpack\\compiler\\10 2020-q4-major\\arm-none-eabi\
 197              		.file 4 "./inc/cmsis_os2.h"
 198              		.file 5 "./inc/stm32f765xx.h"
 199              		.file 6 "./inc/stm32f7xx_hal_iwdg.h"
 200              		.file 7 "<built-in>"
DEFINED SYMBOLS
                            *ABS*:00000000 task01.c
C:\Users\JAEJUN~1\AppData\Local\Temp\ccwzqVFS.s:17     .rodata.str1.4:00000000 $d
C:\Users\JAEJUN~1\AppData\Local\Temp\ccwzqVFS.s:18     .rodata.str1.4:00000000 .LC0
C:\Users\JAEJUN~1\AppData\Local\Temp\ccwzqVFS.s:30     .text:00000000 $t
C:\Users\JAEJUN~1\AppData\Local\Temp\ccwzqVFS.s:39     .text:00000000 task01_thread
C:\Users\JAEJUN~1\AppData\Local\Temp\ccwzqVFS.s:110    .text:00000054 $d
C:\Users\JAEJUN~1\AppData\Local\Temp\ccwzqVFS.s:119    .text:0000006c $t
C:\Users\JAEJUN~1\AppData\Local\Temp\ccwzqVFS.s:127    .text:0000006c task01_init
C:\Users\JAEJUN~1\AppData\Local\Temp\ccwzqVFS.s:158    .text:00000080 $d
C:\Users\JAEJUN~1\AppData\Local\Temp\ccwzqVFS.s:180    .rodata:00000010 Task01_attributes
C:\Users\JAEJUN~1\AppData\Local\Temp\ccwzqVFS.s:191    .bss:00000000 Task01Handle
C:\Users\JAEJUN~1\AppData\Local\Temp\ccwzqVFS.s:171    .rodata:00000000 $d
C:\Users\JAEJUN~1\AppData\Local\Temp\ccwzqVFS.s:175    .rodata:00000000 __FUNCTION__.0
C:\Users\JAEJUN~1\AppData\Local\Temp\ccwzqVFS.s:187    .bss:00000000 $d

UNDEFINED SYMBOLS
sprintf
printf
HAL_IWDG_Refresh
osDelay
hiwdg
osThreadNew
