   1              		.cpu cortex-m7
   2              		.eabi_attribute 28, 1
   3              		.eabi_attribute 20, 1
   4              		.eabi_attribute 21, 1
   5              		.eabi_attribute 23, 3
   6              		.eabi_attribute 24, 1
   7              		.eabi_attribute 25, 1
   8              		.eabi_attribute 26, 1
   9              		.eabi_attribute 30, 6
  10              		.eabi_attribute 34, 1
  11              		.eabi_attribute 18, 4
  12              		.file	"timeouts.c"
  13              		.text
  14              	.Ltext0:
  15              		.cfi_sections	.debug_frame
  16              		.global	lwip_cyclic_timers
  17              		.section	.rodata
  18              		.align	2
  21              	lwip_cyclic_timers:
  22 0000 FA000000 		.word	250
  23 0004 00000000 		.word	tcp_tmr
  24 0008 E8030000 		.word	1000
  25 000c 00000000 		.word	ip_reass_tmr
  26 0010 E8030000 		.word	1000
  27 0014 00000000 		.word	etharp_tmr
  28 0018 60EA0000 		.word	60000
  29 001c 00000000 		.word	dhcp_coarse_tmr
  30 0020 F4010000 		.word	500
  31 0024 00000000 		.word	dhcp_fine_tmr
  32              		.global	lwip_num_cyclic_timers
  33              		.align	2
  36              	lwip_num_cyclic_timers:
  37 0028 05000000 		.word	5
  38              		.bss
  39              		.align	2
  40              	next_timeout:
  41 0000 00000000 		.space	4
  43              		.align	2
  44              	current_timeout_due_time:
  45 0004 00000000 		.space	4
  47              		.align	2
  48              	tcpip_tcp_timer_active:
  49 0008 00000000 		.space	4
  51              		.text
  52              		.align	1
  53              		.arch armv7e-m
  54              		.syntax unified
  55              		.thumb
  56              		.thumb_func
  57              		.fpu fpv5-d16
  59              	tcpip_tcp_timer:
  60              	.LFB169:
  61              		.file 1 "./lwip-2.1.2/src/core/timeouts.c"
   1:./lwip-2.1.2/src/core/timeouts.c **** /**
   2:./lwip-2.1.2/src/core/timeouts.c ****  * @file
   3:./lwip-2.1.2/src/core/timeouts.c ****  * Stack-internal timers implementation.
   4:./lwip-2.1.2/src/core/timeouts.c ****  * This file includes timer callbacks for stack-internal timers as well as
   5:./lwip-2.1.2/src/core/timeouts.c ****  * functions to set up or stop timers and check for expired timers.
   6:./lwip-2.1.2/src/core/timeouts.c ****  *
   7:./lwip-2.1.2/src/core/timeouts.c ****  */
   8:./lwip-2.1.2/src/core/timeouts.c **** 
   9:./lwip-2.1.2/src/core/timeouts.c **** /*
  10:./lwip-2.1.2/src/core/timeouts.c ****  * Copyright (c) 2001-2004 Swedish Institute of Computer Science.
  11:./lwip-2.1.2/src/core/timeouts.c ****  * All rights reserved.
  12:./lwip-2.1.2/src/core/timeouts.c ****  *
  13:./lwip-2.1.2/src/core/timeouts.c ****  * Redistribution and use in source and binary forms, with or without modification,
  14:./lwip-2.1.2/src/core/timeouts.c ****  * are permitted provided that the following conditions are met:
  15:./lwip-2.1.2/src/core/timeouts.c ****  *
  16:./lwip-2.1.2/src/core/timeouts.c ****  * 1. Redistributions of source code must retain the above copyright notice,
  17:./lwip-2.1.2/src/core/timeouts.c ****  *    this list of conditions and the following disclaimer.
  18:./lwip-2.1.2/src/core/timeouts.c ****  * 2. Redistributions in binary form must reproduce the above copyright notice,
  19:./lwip-2.1.2/src/core/timeouts.c ****  *    this list of conditions and the following disclaimer in the documentation
  20:./lwip-2.1.2/src/core/timeouts.c ****  *    and/or other materials provided with the distribution.
  21:./lwip-2.1.2/src/core/timeouts.c ****  * 3. The name of the author may not be used to endorse or promote products
  22:./lwip-2.1.2/src/core/timeouts.c ****  *    derived from this software without specific prior written permission.
  23:./lwip-2.1.2/src/core/timeouts.c ****  *
  24:./lwip-2.1.2/src/core/timeouts.c ****  * THIS SOFTWARE IS PROVIDED BY THE AUTHOR ``AS IS'' AND ANY EXPRESS OR IMPLIED
  25:./lwip-2.1.2/src/core/timeouts.c ****  * WARRANTIES, INCLUDING, BUT NOT LIMITED TO, THE IMPLIED WARRANTIES OF
  26:./lwip-2.1.2/src/core/timeouts.c ****  * MERCHANTABILITY AND FITNESS FOR A PARTICULAR PURPOSE ARE DISCLAIMED. IN NO EVENT
  27:./lwip-2.1.2/src/core/timeouts.c ****  * SHALL THE AUTHOR BE LIABLE FOR ANY DIRECT, INDIRECT, INCIDENTAL, SPECIAL,
  28:./lwip-2.1.2/src/core/timeouts.c ****  * EXEMPLARY, OR CONSEQUENTIAL DAMAGES (INCLUDING, BUT NOT LIMITED TO, PROCUREMENT
  29:./lwip-2.1.2/src/core/timeouts.c ****  * OF SUBSTITUTE GOODS OR SERVICES; LOSS OF USE, DATA, OR PROFITS; OR BUSINESS
  30:./lwip-2.1.2/src/core/timeouts.c ****  * INTERRUPTION) HOWEVER CAUSED AND ON ANY THEORY OF LIABILITY, WHETHER IN
  31:./lwip-2.1.2/src/core/timeouts.c ****  * CONTRACT, STRICT LIABILITY, OR TORT (INCLUDING NEGLIGENCE OR OTHERWISE) ARISING
  32:./lwip-2.1.2/src/core/timeouts.c ****  * IN ANY WAY OUT OF THE USE OF THIS SOFTWARE, EVEN IF ADVISED OF THE POSSIBILITY
  33:./lwip-2.1.2/src/core/timeouts.c ****  * OF SUCH DAMAGE.
  34:./lwip-2.1.2/src/core/timeouts.c ****  *
  35:./lwip-2.1.2/src/core/timeouts.c ****  * This file is part of the lwIP TCP/IP stack.
  36:./lwip-2.1.2/src/core/timeouts.c ****  *
  37:./lwip-2.1.2/src/core/timeouts.c ****  * Author: Adam Dunkels <adam@sics.se>
  38:./lwip-2.1.2/src/core/timeouts.c ****  *         Simon Goldschmidt
  39:./lwip-2.1.2/src/core/timeouts.c ****  *
  40:./lwip-2.1.2/src/core/timeouts.c ****  */
  41:./lwip-2.1.2/src/core/timeouts.c **** 
  42:./lwip-2.1.2/src/core/timeouts.c **** #include "lwip/opt.h"
  43:./lwip-2.1.2/src/core/timeouts.c **** 
  44:./lwip-2.1.2/src/core/timeouts.c **** #include "lwip/timeouts.h"
  45:./lwip-2.1.2/src/core/timeouts.c **** #include "lwip/priv/tcp_priv.h"
  46:./lwip-2.1.2/src/core/timeouts.c **** 
  47:./lwip-2.1.2/src/core/timeouts.c **** #include "lwip/def.h"
  48:./lwip-2.1.2/src/core/timeouts.c **** #include "lwip/memp.h"
  49:./lwip-2.1.2/src/core/timeouts.c **** #include "lwip/priv/tcpip_priv.h"
  50:./lwip-2.1.2/src/core/timeouts.c **** 
  51:./lwip-2.1.2/src/core/timeouts.c **** #include "lwip/ip4_frag.h"
  52:./lwip-2.1.2/src/core/timeouts.c **** #include "lwip/etharp.h"
  53:./lwip-2.1.2/src/core/timeouts.c **** #include "lwip/dhcp.h"
  54:./lwip-2.1.2/src/core/timeouts.c **** #include "lwip/autoip.h"
  55:./lwip-2.1.2/src/core/timeouts.c **** #include "lwip/igmp.h"
  56:./lwip-2.1.2/src/core/timeouts.c **** #include "lwip/dns.h"
  57:./lwip-2.1.2/src/core/timeouts.c **** #include "lwip/nd6.h"
  58:./lwip-2.1.2/src/core/timeouts.c **** #include "lwip/ip6_frag.h"
  59:./lwip-2.1.2/src/core/timeouts.c **** #include "lwip/mld6.h"
  60:./lwip-2.1.2/src/core/timeouts.c **** #include "lwip/dhcp6.h"
  61:./lwip-2.1.2/src/core/timeouts.c **** #include "lwip/sys.h"
  62:./lwip-2.1.2/src/core/timeouts.c **** #include "lwip/pbuf.h"
  63:./lwip-2.1.2/src/core/timeouts.c **** 
  64:./lwip-2.1.2/src/core/timeouts.c **** #if LWIP_DEBUG_TIMERNAMES
  65:./lwip-2.1.2/src/core/timeouts.c **** #define HANDLER(x) x, #x
  66:./lwip-2.1.2/src/core/timeouts.c **** #else /* LWIP_DEBUG_TIMERNAMES */
  67:./lwip-2.1.2/src/core/timeouts.c **** #define HANDLER(x) x
  68:./lwip-2.1.2/src/core/timeouts.c **** #endif /* LWIP_DEBUG_TIMERNAMES */
  69:./lwip-2.1.2/src/core/timeouts.c **** 
  70:./lwip-2.1.2/src/core/timeouts.c **** #define LWIP_MAX_TIMEOUT  0x7fffffff
  71:./lwip-2.1.2/src/core/timeouts.c **** 
  72:./lwip-2.1.2/src/core/timeouts.c **** /* Check if timer's expiry time is greater than time and care about u32_t wraparounds */
  73:./lwip-2.1.2/src/core/timeouts.c **** #define TIME_LESS_THAN(t, compare_to) ( (((u32_t)((t)-(compare_to))) > LWIP_MAX_TIMEOUT) ? 1 : 0 )
  74:./lwip-2.1.2/src/core/timeouts.c **** 
  75:./lwip-2.1.2/src/core/timeouts.c **** /** This array contains all stack-internal cyclic timers. To get the number of
  76:./lwip-2.1.2/src/core/timeouts.c ****  * timers, use LWIP_ARRAYSIZE() */
  77:./lwip-2.1.2/src/core/timeouts.c **** const struct lwip_cyclic_timer lwip_cyclic_timers[] = {
  78:./lwip-2.1.2/src/core/timeouts.c **** #if LWIP_TCP
  79:./lwip-2.1.2/src/core/timeouts.c ****   /* The TCP timer is a special case: it does not have to run always and
  80:./lwip-2.1.2/src/core/timeouts.c ****      is triggered to start from TCP using tcp_timer_needed() */
  81:./lwip-2.1.2/src/core/timeouts.c ****   {TCP_TMR_INTERVAL, HANDLER(tcp_tmr)},
  82:./lwip-2.1.2/src/core/timeouts.c **** #endif /* LWIP_TCP */
  83:./lwip-2.1.2/src/core/timeouts.c **** #if LWIP_IPV4
  84:./lwip-2.1.2/src/core/timeouts.c **** #if IP_REASSEMBLY
  85:./lwip-2.1.2/src/core/timeouts.c ****   {IP_TMR_INTERVAL, HANDLER(ip_reass_tmr)},
  86:./lwip-2.1.2/src/core/timeouts.c **** #endif /* IP_REASSEMBLY */
  87:./lwip-2.1.2/src/core/timeouts.c **** #if LWIP_ARP
  88:./lwip-2.1.2/src/core/timeouts.c ****   {ARP_TMR_INTERVAL, HANDLER(etharp_tmr)},
  89:./lwip-2.1.2/src/core/timeouts.c **** #endif /* LWIP_ARP */
  90:./lwip-2.1.2/src/core/timeouts.c **** #if LWIP_DHCP
  91:./lwip-2.1.2/src/core/timeouts.c ****   {DHCP_COARSE_TIMER_MSECS, HANDLER(dhcp_coarse_tmr)},
  92:./lwip-2.1.2/src/core/timeouts.c ****   {DHCP_FINE_TIMER_MSECS, HANDLER(dhcp_fine_tmr)},
  93:./lwip-2.1.2/src/core/timeouts.c **** #endif /* LWIP_DHCP */
  94:./lwip-2.1.2/src/core/timeouts.c **** #if LWIP_AUTOIP
  95:./lwip-2.1.2/src/core/timeouts.c ****   {AUTOIP_TMR_INTERVAL, HANDLER(autoip_tmr)},
  96:./lwip-2.1.2/src/core/timeouts.c **** #endif /* LWIP_AUTOIP */
  97:./lwip-2.1.2/src/core/timeouts.c **** #if LWIP_IGMP
  98:./lwip-2.1.2/src/core/timeouts.c ****   {IGMP_TMR_INTERVAL, HANDLER(igmp_tmr)},
  99:./lwip-2.1.2/src/core/timeouts.c **** #endif /* LWIP_IGMP */
 100:./lwip-2.1.2/src/core/timeouts.c **** #endif /* LWIP_IPV4 */
 101:./lwip-2.1.2/src/core/timeouts.c **** #if LWIP_DNS
 102:./lwip-2.1.2/src/core/timeouts.c ****   {DNS_TMR_INTERVAL, HANDLER(dns_tmr)},
 103:./lwip-2.1.2/src/core/timeouts.c **** #endif /* LWIP_DNS */
 104:./lwip-2.1.2/src/core/timeouts.c **** #if LWIP_IPV6
 105:./lwip-2.1.2/src/core/timeouts.c ****   {ND6_TMR_INTERVAL, HANDLER(nd6_tmr)},
 106:./lwip-2.1.2/src/core/timeouts.c **** #if LWIP_IPV6_REASS
 107:./lwip-2.1.2/src/core/timeouts.c ****   {IP6_REASS_TMR_INTERVAL, HANDLER(ip6_reass_tmr)},
 108:./lwip-2.1.2/src/core/timeouts.c **** #endif /* LWIP_IPV6_REASS */
 109:./lwip-2.1.2/src/core/timeouts.c **** #if LWIP_IPV6_MLD
 110:./lwip-2.1.2/src/core/timeouts.c ****   {MLD6_TMR_INTERVAL, HANDLER(mld6_tmr)},
 111:./lwip-2.1.2/src/core/timeouts.c **** #endif /* LWIP_IPV6_MLD */
 112:./lwip-2.1.2/src/core/timeouts.c **** #if LWIP_IPV6_DHCP6
 113:./lwip-2.1.2/src/core/timeouts.c ****   {DHCP6_TIMER_MSECS, HANDLER(dhcp6_tmr)},
 114:./lwip-2.1.2/src/core/timeouts.c **** #endif /* LWIP_IPV6_DHCP6 */
 115:./lwip-2.1.2/src/core/timeouts.c **** #endif /* LWIP_IPV6 */
 116:./lwip-2.1.2/src/core/timeouts.c **** };
 117:./lwip-2.1.2/src/core/timeouts.c **** const int lwip_num_cyclic_timers = LWIP_ARRAYSIZE(lwip_cyclic_timers);
 118:./lwip-2.1.2/src/core/timeouts.c **** 
 119:./lwip-2.1.2/src/core/timeouts.c **** #if LWIP_TIMERS && !LWIP_TIMERS_CUSTOM
 120:./lwip-2.1.2/src/core/timeouts.c **** 
 121:./lwip-2.1.2/src/core/timeouts.c **** /** The one and only timeout list */
 122:./lwip-2.1.2/src/core/timeouts.c **** static struct sys_timeo *next_timeout;
 123:./lwip-2.1.2/src/core/timeouts.c **** 
 124:./lwip-2.1.2/src/core/timeouts.c **** static u32_t current_timeout_due_time;
 125:./lwip-2.1.2/src/core/timeouts.c **** 
 126:./lwip-2.1.2/src/core/timeouts.c **** #if LWIP_TESTMODE
 127:./lwip-2.1.2/src/core/timeouts.c **** struct sys_timeo**
 128:./lwip-2.1.2/src/core/timeouts.c **** sys_timeouts_get_next_timeout(void)
 129:./lwip-2.1.2/src/core/timeouts.c **** {
 130:./lwip-2.1.2/src/core/timeouts.c ****   return &next_timeout;
 131:./lwip-2.1.2/src/core/timeouts.c **** }
 132:./lwip-2.1.2/src/core/timeouts.c **** #endif
 133:./lwip-2.1.2/src/core/timeouts.c **** 
 134:./lwip-2.1.2/src/core/timeouts.c **** #if LWIP_TCP
 135:./lwip-2.1.2/src/core/timeouts.c **** /** global variable that shows if the tcp timer is currently scheduled or not */
 136:./lwip-2.1.2/src/core/timeouts.c **** static int tcpip_tcp_timer_active;
 137:./lwip-2.1.2/src/core/timeouts.c **** 
 138:./lwip-2.1.2/src/core/timeouts.c **** /**
 139:./lwip-2.1.2/src/core/timeouts.c ****  * Timer callback function that calls tcp_tmr() and reschedules itself.
 140:./lwip-2.1.2/src/core/timeouts.c ****  *
 141:./lwip-2.1.2/src/core/timeouts.c ****  * @param arg unused argument
 142:./lwip-2.1.2/src/core/timeouts.c ****  */
 143:./lwip-2.1.2/src/core/timeouts.c **** static void
 144:./lwip-2.1.2/src/core/timeouts.c **** tcpip_tcp_timer(void *arg)
 145:./lwip-2.1.2/src/core/timeouts.c **** {
  62              		.loc 1 145 1
  63              		.cfi_startproc
  64              		@ args = 0, pretend = 0, frame = 8
  65              		@ frame_needed = 1, uses_anonymous_args = 0
  66 0000 80B5     		push	{r7, lr}
  67              	.LCFI0:
  68              		.cfi_def_cfa_offset 8
  69              		.cfi_offset 7, -8
  70              		.cfi_offset 14, -4
  71 0002 82B0     		sub	sp, sp, #8
  72              	.LCFI1:
  73              		.cfi_def_cfa_offset 16
  74 0004 00AF     		add	r7, sp, #0
  75              	.LCFI2:
  76              		.cfi_def_cfa_register 7
  77 0006 7860     		str	r0, [r7, #4]
 146:./lwip-2.1.2/src/core/timeouts.c ****   LWIP_UNUSED_ARG(arg);
 147:./lwip-2.1.2/src/core/timeouts.c **** 
 148:./lwip-2.1.2/src/core/timeouts.c ****   /* call TCP timer handler */
 149:./lwip-2.1.2/src/core/timeouts.c ****   tcp_tmr();
  78              		.loc 1 149 3
  79 0008 FFF7FEFF 		bl	tcp_tmr
 150:./lwip-2.1.2/src/core/timeouts.c ****   /* timer still needed? */
 151:./lwip-2.1.2/src/core/timeouts.c ****   if (tcp_active_pcbs || tcp_tw_pcbs) {
  80              		.loc 1 151 7
  81 000c 0A4B     		ldr	r3, .L5
  82 000e 1B68     		ldr	r3, [r3]
  83              		.loc 1 151 6
  84 0010 002B     		cmp	r3, #0
  85 0012 03D1     		bne	.L2
  86              		.loc 1 151 23 discriminator 1
  87 0014 094B     		ldr	r3, .L5+4
  88 0016 1B68     		ldr	r3, [r3]
  89 0018 002B     		cmp	r3, #0
  90 001a 05D0     		beq	.L3
  91              	.L2:
 152:./lwip-2.1.2/src/core/timeouts.c ****     /* restart timer */
 153:./lwip-2.1.2/src/core/timeouts.c ****     sys_timeout(TCP_TMR_INTERVAL, tcpip_tcp_timer, NULL);
  92              		.loc 1 153 5
  93 001c 0022     		movs	r2, #0
  94 001e 0849     		ldr	r1, .L5+8
  95 0020 FA20     		movs	r0, #250
  96 0022 FFF7FEFF 		bl	sys_timeout
  97 0026 03E0     		b	.L4
  98              	.L3:
 154:./lwip-2.1.2/src/core/timeouts.c ****   } else {
 155:./lwip-2.1.2/src/core/timeouts.c ****     /* disable timer */
 156:./lwip-2.1.2/src/core/timeouts.c ****     tcpip_tcp_timer_active = 0;
  99              		.loc 1 156 28
 100 0028 064B     		ldr	r3, .L5+12
 101 002a 0022     		movs	r2, #0
 102 002c 1A60     		str	r2, [r3]
 157:./lwip-2.1.2/src/core/timeouts.c ****   }
 158:./lwip-2.1.2/src/core/timeouts.c **** }
 103              		.loc 1 158 1
 104 002e 00BF     		nop
 105              	.L4:
 106 0030 00BF     		nop
 107 0032 0837     		adds	r7, r7, #8
 108              	.LCFI3:
 109              		.cfi_def_cfa_offset 8
 110 0034 BD46     		mov	sp, r7
 111              	.LCFI4:
 112              		.cfi_def_cfa_register 13
 113              		@ sp needed
 114 0036 80BD     		pop	{r7, pc}
 115              	.L6:
 116              		.align	2
 117              	.L5:
 118 0038 00000000 		.word	tcp_active_pcbs
 119 003c 00000000 		.word	tcp_tw_pcbs
 120 0040 00000000 		.word	tcpip_tcp_timer
 121 0044 08000000 		.word	tcpip_tcp_timer_active
 122              		.cfi_endproc
 123              	.LFE169:
 125              		.align	1
 126              		.global	tcp_timer_needed
 127              		.syntax unified
 128              		.thumb
 129              		.thumb_func
 130              		.fpu fpv5-d16
 132              	tcp_timer_needed:
 133              	.LFB170:
 159:./lwip-2.1.2/src/core/timeouts.c **** 
 160:./lwip-2.1.2/src/core/timeouts.c **** /**
 161:./lwip-2.1.2/src/core/timeouts.c ****  * Called from TCP_REG when registering a new PCB:
 162:./lwip-2.1.2/src/core/timeouts.c ****  * the reason is to have the TCP timer only running when
 163:./lwip-2.1.2/src/core/timeouts.c ****  * there are active (or time-wait) PCBs.
 164:./lwip-2.1.2/src/core/timeouts.c ****  */
 165:./lwip-2.1.2/src/core/timeouts.c **** void
 166:./lwip-2.1.2/src/core/timeouts.c **** tcp_timer_needed(void)
 167:./lwip-2.1.2/src/core/timeouts.c **** {
 134              		.loc 1 167 1
 135              		.cfi_startproc
 136              		@ args = 0, pretend = 0, frame = 0
 137              		@ frame_needed = 1, uses_anonymous_args = 0
 138 0048 80B5     		push	{r7, lr}
 139              	.LCFI5:
 140              		.cfi_def_cfa_offset 8
 141              		.cfi_offset 7, -8
 142              		.cfi_offset 14, -4
 143 004a 00AF     		add	r7, sp, #0
 144              	.LCFI6:
 145              		.cfi_def_cfa_register 7
 168:./lwip-2.1.2/src/core/timeouts.c ****   LWIP_ASSERT_CORE_LOCKED();
 169:./lwip-2.1.2/src/core/timeouts.c **** 
 170:./lwip-2.1.2/src/core/timeouts.c ****   /* timer is off but needed again? */
 171:./lwip-2.1.2/src/core/timeouts.c ****   if (!tcpip_tcp_timer_active && (tcp_active_pcbs || tcp_tw_pcbs)) {
 146              		.loc 1 171 7
 147 004c 0A4B     		ldr	r3, .L11
 148 004e 1B68     		ldr	r3, [r3]
 149              		.loc 1 171 6
 150 0050 002B     		cmp	r3, #0
 151 0052 0FD1     		bne	.L10
 152              		.loc 1 171 35 discriminator 1
 153 0054 094B     		ldr	r3, .L11+4
 154 0056 1B68     		ldr	r3, [r3]
 155              		.loc 1 171 31 discriminator 1
 156 0058 002B     		cmp	r3, #0
 157 005a 03D1     		bne	.L9
 158              		.loc 1 171 51 discriminator 2
 159 005c 084B     		ldr	r3, .L11+8
 160 005e 1B68     		ldr	r3, [r3]
 161 0060 002B     		cmp	r3, #0
 162 0062 07D0     		beq	.L10
 163              	.L9:
 172:./lwip-2.1.2/src/core/timeouts.c ****     /* enable and start timer */
 173:./lwip-2.1.2/src/core/timeouts.c ****     tcpip_tcp_timer_active = 1;
 164              		.loc 1 173 28
 165 0064 044B     		ldr	r3, .L11
 166 0066 0122     		movs	r2, #1
 167 0068 1A60     		str	r2, [r3]
 174:./lwip-2.1.2/src/core/timeouts.c ****     sys_timeout(TCP_TMR_INTERVAL, tcpip_tcp_timer, NULL);
 168              		.loc 1 174 5
 169 006a 0022     		movs	r2, #0
 170 006c 0549     		ldr	r1, .L11+12
 171 006e FA20     		movs	r0, #250
 172 0070 FFF7FEFF 		bl	sys_timeout
 173              	.L10:
 175:./lwip-2.1.2/src/core/timeouts.c ****   }
 176:./lwip-2.1.2/src/core/timeouts.c **** }
 174              		.loc 1 176 1
 175 0074 00BF     		nop
 176 0076 80BD     		pop	{r7, pc}
 177              	.L12:
 178              		.align	2
 179              	.L11:
 180 0078 08000000 		.word	tcpip_tcp_timer_active
 181 007c 00000000 		.word	tcp_active_pcbs
 182 0080 00000000 		.word	tcp_tw_pcbs
 183 0084 00000000 		.word	tcpip_tcp_timer
 184              		.cfi_endproc
 185              	.LFE170:
 187              		.align	1
 188              		.syntax unified
 189              		.thumb
 190              		.thumb_func
 191              		.fpu fpv5-d16
 193              	sys_timeout_abs:
 194              	.LFB171:
 177:./lwip-2.1.2/src/core/timeouts.c **** #endif /* LWIP_TCP */
 178:./lwip-2.1.2/src/core/timeouts.c **** 
 179:./lwip-2.1.2/src/core/timeouts.c **** static void
 180:./lwip-2.1.2/src/core/timeouts.c **** #if LWIP_DEBUG_TIMERNAMES
 181:./lwip-2.1.2/src/core/timeouts.c **** sys_timeout_abs(u32_t abs_time, sys_timeout_handler handler, void *arg, const char *handler_name)
 182:./lwip-2.1.2/src/core/timeouts.c **** #else /* LWIP_DEBUG_TIMERNAMES */
 183:./lwip-2.1.2/src/core/timeouts.c **** sys_timeout_abs(u32_t abs_time, sys_timeout_handler handler, void *arg)
 184:./lwip-2.1.2/src/core/timeouts.c **** #endif
 185:./lwip-2.1.2/src/core/timeouts.c **** {
 195              		.loc 1 185 1
 196              		.cfi_startproc
 197              		@ args = 0, pretend = 0, frame = 24
 198              		@ frame_needed = 1, uses_anonymous_args = 0
 199 0088 80B5     		push	{r7, lr}
 200              	.LCFI7:
 201              		.cfi_def_cfa_offset 8
 202              		.cfi_offset 7, -8
 203              		.cfi_offset 14, -4
 204 008a 86B0     		sub	sp, sp, #24
 205              	.LCFI8:
 206              		.cfi_def_cfa_offset 32
 207 008c 00AF     		add	r7, sp, #0
 208              	.LCFI9:
 209              		.cfi_def_cfa_register 7
 210 008e F860     		str	r0, [r7, #12]
 211 0090 B960     		str	r1, [r7, #8]
 212 0092 7A60     		str	r2, [r7, #4]
 186:./lwip-2.1.2/src/core/timeouts.c ****   struct sys_timeo *timeout, *t;
 187:./lwip-2.1.2/src/core/timeouts.c **** 
 188:./lwip-2.1.2/src/core/timeouts.c ****   timeout = (struct sys_timeo *)memp_malloc(MEMP_SYS_TIMEOUT);
 213              		.loc 1 188 33
 214 0094 0A20     		movs	r0, #10
 215 0096 FFF7FEFF 		bl	memp_malloc
 216 009a 3861     		str	r0, [r7, #16]
 189:./lwip-2.1.2/src/core/timeouts.c ****   if (timeout == NULL) {
 217              		.loc 1 189 6
 218 009c 3B69     		ldr	r3, [r7, #16]
 219 009e 002B     		cmp	r3, #0
 220 00a0 4AD0     		beq	.L22
 190:./lwip-2.1.2/src/core/timeouts.c ****     LWIP_ASSERT("sys_timeout: timeout != NULL, pool MEMP_SYS_TIMEOUT is empty", timeout != NULL);
 191:./lwip-2.1.2/src/core/timeouts.c ****     return;
 192:./lwip-2.1.2/src/core/timeouts.c ****   }
 193:./lwip-2.1.2/src/core/timeouts.c **** 
 194:./lwip-2.1.2/src/core/timeouts.c ****   timeout->next = NULL;
 221              		.loc 1 194 17
 222 00a2 3B69     		ldr	r3, [r7, #16]
 223 00a4 0022     		movs	r2, #0
 224 00a6 1A60     		str	r2, [r3]
 195:./lwip-2.1.2/src/core/timeouts.c ****   timeout->h = handler;
 225              		.loc 1 195 14
 226 00a8 3B69     		ldr	r3, [r7, #16]
 227 00aa BA68     		ldr	r2, [r7, #8]
 228 00ac 9A60     		str	r2, [r3, #8]
 196:./lwip-2.1.2/src/core/timeouts.c ****   timeout->arg = arg;
 229              		.loc 1 196 16
 230 00ae 3B69     		ldr	r3, [r7, #16]
 231 00b0 7A68     		ldr	r2, [r7, #4]
 232 00b2 DA60     		str	r2, [r3, #12]
 197:./lwip-2.1.2/src/core/timeouts.c ****   timeout->time = abs_time;
 233              		.loc 1 197 17
 234 00b4 3B69     		ldr	r3, [r7, #16]
 235 00b6 FA68     		ldr	r2, [r7, #12]
 236 00b8 5A60     		str	r2, [r3, #4]
 198:./lwip-2.1.2/src/core/timeouts.c **** 
 199:./lwip-2.1.2/src/core/timeouts.c **** #if LWIP_DEBUG_TIMERNAMES
 200:./lwip-2.1.2/src/core/timeouts.c ****   timeout->handler_name = handler_name;
 201:./lwip-2.1.2/src/core/timeouts.c ****   LWIP_DEBUGF(TIMERS_DEBUG, ("sys_timeout: %p abs_time=%"U32_F" handler=%s arg=%p\n",
 202:./lwip-2.1.2/src/core/timeouts.c ****                              (void *)timeout, abs_time, handler_name, (void *)arg));
 203:./lwip-2.1.2/src/core/timeouts.c **** #endif /* LWIP_DEBUG_TIMERNAMES */
 204:./lwip-2.1.2/src/core/timeouts.c **** 
 205:./lwip-2.1.2/src/core/timeouts.c ****   if (next_timeout == NULL) {
 237              		.loc 1 205 20
 238 00ba 214B     		ldr	r3, .L23
 239 00bc 1B68     		ldr	r3, [r3]
 240              		.loc 1 205 6
 241 00be 002B     		cmp	r3, #0
 242 00c0 03D1     		bne	.L16
 206:./lwip-2.1.2/src/core/timeouts.c ****     next_timeout = timeout;
 243              		.loc 1 206 18
 244 00c2 1F4A     		ldr	r2, .L23
 245 00c4 3B69     		ldr	r3, [r7, #16]
 246 00c6 1360     		str	r3, [r2]
 207:./lwip-2.1.2/src/core/timeouts.c ****     return;
 247              		.loc 1 207 5
 248 00c8 37E0     		b	.L13
 249              	.L16:
 208:./lwip-2.1.2/src/core/timeouts.c ****   }
 209:./lwip-2.1.2/src/core/timeouts.c ****   if (TIME_LESS_THAN(timeout->time, next_timeout->time)) {
 250              		.loc 1 209 7
 251 00ca 3B69     		ldr	r3, [r7, #16]
 252 00cc 5A68     		ldr	r2, [r3, #4]
 253 00ce 1C4B     		ldr	r3, .L23
 254 00d0 1B68     		ldr	r3, [r3]
 255 00d2 5B68     		ldr	r3, [r3, #4]
 256 00d4 D31A     		subs	r3, r2, r3
 257 00d6 DB0F     		lsrs	r3, r3, #31
 258 00d8 03F00103 		and	r3, r3, #1
 259 00dc DBB2     		uxtb	r3, r3
 260              		.loc 1 209 6
 261 00de 002B     		cmp	r3, #0
 262 00e0 07D0     		beq	.L17
 210:./lwip-2.1.2/src/core/timeouts.c ****     timeout->next = next_timeout;
 263              		.loc 1 210 19
 264 00e2 174B     		ldr	r3, .L23
 265 00e4 1A68     		ldr	r2, [r3]
 266 00e6 3B69     		ldr	r3, [r7, #16]
 267 00e8 1A60     		str	r2, [r3]
 211:./lwip-2.1.2/src/core/timeouts.c ****     next_timeout = timeout;
 268              		.loc 1 211 18
 269 00ea 154A     		ldr	r2, .L23
 270 00ec 3B69     		ldr	r3, [r7, #16]
 271 00ee 1360     		str	r3, [r2]
 272 00f0 23E0     		b	.L13
 273              	.L17:
 212:./lwip-2.1.2/src/core/timeouts.c ****   } else {
 213:./lwip-2.1.2/src/core/timeouts.c ****     for (t = next_timeout; t != NULL; t = t->next) {
 274              		.loc 1 213 12
 275 00f2 134B     		ldr	r3, .L23
 276 00f4 1B68     		ldr	r3, [r3]
 277 00f6 7B61     		str	r3, [r7, #20]
 278              		.loc 1 213 5
 279 00f8 1AE0     		b	.L18
 280              	.L21:
 214:./lwip-2.1.2/src/core/timeouts.c ****       if ((t->next == NULL) || TIME_LESS_THAN(timeout->time, t->next->time)) {
 281              		.loc 1 214 13
 282 00fa 7B69     		ldr	r3, [r7, #20]
 283 00fc 1B68     		ldr	r3, [r3]
 284              		.loc 1 214 10
 285 00fe 002B     		cmp	r3, #0
 286 0100 0BD0     		beq	.L19
 287              		.loc 1 214 32 discriminator 1
 288 0102 3B69     		ldr	r3, [r7, #16]
 289 0104 5A68     		ldr	r2, [r3, #4]
 290 0106 7B69     		ldr	r3, [r7, #20]
 291 0108 1B68     		ldr	r3, [r3]
 292 010a 5B68     		ldr	r3, [r3, #4]
 293 010c D31A     		subs	r3, r2, r3
 294              		.loc 1 214 29 discriminator 1
 295 010e DB0F     		lsrs	r3, r3, #31
 296 0110 03F00103 		and	r3, r3, #1
 297 0114 DBB2     		uxtb	r3, r3
 298 0116 002B     		cmp	r3, #0
 299 0118 07D0     		beq	.L20
 300              	.L19:
 215:./lwip-2.1.2/src/core/timeouts.c ****         timeout->next = t->next;
 301              		.loc 1 215 26
 302 011a 7B69     		ldr	r3, [r7, #20]
 303 011c 1A68     		ldr	r2, [r3]
 304              		.loc 1 215 23
 305 011e 3B69     		ldr	r3, [r7, #16]
 306 0120 1A60     		str	r2, [r3]
 216:./lwip-2.1.2/src/core/timeouts.c ****         t->next = timeout;
 307              		.loc 1 216 17
 308 0122 7B69     		ldr	r3, [r7, #20]
 309 0124 3A69     		ldr	r2, [r7, #16]
 310 0126 1A60     		str	r2, [r3]
 217:./lwip-2.1.2/src/core/timeouts.c ****         break;
 311              		.loc 1 217 9
 312 0128 07E0     		b	.L13
 313              	.L20:
 213:./lwip-2.1.2/src/core/timeouts.c ****       if ((t->next == NULL) || TIME_LESS_THAN(timeout->time, t->next->time)) {
 314              		.loc 1 213 41 discriminator 2
 315 012a 7B69     		ldr	r3, [r7, #20]
 316 012c 1B68     		ldr	r3, [r3]
 317 012e 7B61     		str	r3, [r7, #20]
 318              	.L18:
 213:./lwip-2.1.2/src/core/timeouts.c ****       if ((t->next == NULL) || TIME_LESS_THAN(timeout->time, t->next->time)) {
 319              		.loc 1 213 5 discriminator 1
 320 0130 7B69     		ldr	r3, [r7, #20]
 321 0132 002B     		cmp	r3, #0
 322 0134 E1D1     		bne	.L21
 323 0136 00E0     		b	.L13
 324              	.L22:
 191:./lwip-2.1.2/src/core/timeouts.c ****   }
 325              		.loc 1 191 5
 326 0138 00BF     		nop
 327              	.L13:
 218:./lwip-2.1.2/src/core/timeouts.c ****       }
 219:./lwip-2.1.2/src/core/timeouts.c ****     }
 220:./lwip-2.1.2/src/core/timeouts.c ****   }
 221:./lwip-2.1.2/src/core/timeouts.c **** }
 328              		.loc 1 221 1
 329 013a 1837     		adds	r7, r7, #24
 330              	.LCFI10:
 331              		.cfi_def_cfa_offset 8
 332 013c BD46     		mov	sp, r7
 333              	.LCFI11:
 334              		.cfi_def_cfa_register 13
 335              		@ sp needed
 336 013e 80BD     		pop	{r7, pc}
 337              	.L24:
 338              		.align	2
 339              	.L23:
 340 0140 00000000 		.word	next_timeout
 341              		.cfi_endproc
 342              	.LFE171:
 344              		.align	1
 345              		.syntax unified
 346              		.thumb
 347              		.thumb_func
 348              		.fpu fpv5-d16
 350              	lwip_cyclic_timer:
 351              	.LFB172:
 222:./lwip-2.1.2/src/core/timeouts.c **** 
 223:./lwip-2.1.2/src/core/timeouts.c **** /**
 224:./lwip-2.1.2/src/core/timeouts.c ****  * Timer callback function that calls cyclic->handler() and reschedules itself.
 225:./lwip-2.1.2/src/core/timeouts.c ****  *
 226:./lwip-2.1.2/src/core/timeouts.c ****  * @param arg unused argument
 227:./lwip-2.1.2/src/core/timeouts.c ****  */
 228:./lwip-2.1.2/src/core/timeouts.c **** #if !LWIP_TESTMODE
 229:./lwip-2.1.2/src/core/timeouts.c **** static
 230:./lwip-2.1.2/src/core/timeouts.c **** #endif
 231:./lwip-2.1.2/src/core/timeouts.c **** void
 232:./lwip-2.1.2/src/core/timeouts.c **** lwip_cyclic_timer(void *arg)
 233:./lwip-2.1.2/src/core/timeouts.c **** {
 352              		.loc 1 233 1
 353              		.cfi_startproc
 354              		@ args = 0, pretend = 0, frame = 24
 355              		@ frame_needed = 1, uses_anonymous_args = 0
 356 0144 80B5     		push	{r7, lr}
 357              	.LCFI12:
 358              		.cfi_def_cfa_offset 8
 359              		.cfi_offset 7, -8
 360              		.cfi_offset 14, -4
 361 0146 86B0     		sub	sp, sp, #24
 362              	.LCFI13:
 363              		.cfi_def_cfa_offset 32
 364 0148 00AF     		add	r7, sp, #0
 365              	.LCFI14:
 366              		.cfi_def_cfa_register 7
 367 014a 7860     		str	r0, [r7, #4]
 234:./lwip-2.1.2/src/core/timeouts.c ****   u32_t now;
 235:./lwip-2.1.2/src/core/timeouts.c ****   u32_t next_timeout_time;
 236:./lwip-2.1.2/src/core/timeouts.c ****   const struct lwip_cyclic_timer *cyclic = (const struct lwip_cyclic_timer *)arg;
 368              		.loc 1 236 35
 369 014c 7B68     		ldr	r3, [r7, #4]
 370 014e 7B61     		str	r3, [r7, #20]
 237:./lwip-2.1.2/src/core/timeouts.c **** 
 238:./lwip-2.1.2/src/core/timeouts.c **** #if LWIP_DEBUG_TIMERNAMES
 239:./lwip-2.1.2/src/core/timeouts.c ****   LWIP_DEBUGF(TIMERS_DEBUG, ("tcpip: %s()\n", cyclic->handler_name));
 240:./lwip-2.1.2/src/core/timeouts.c **** #endif
 241:./lwip-2.1.2/src/core/timeouts.c ****   cyclic->handler();
 371              		.loc 1 241 9
 372 0150 7B69     		ldr	r3, [r7, #20]
 373 0152 5B68     		ldr	r3, [r3, #4]
 374              		.loc 1 241 3
 375 0154 9847     		blx	r3
 376              	.LVL0:
 242:./lwip-2.1.2/src/core/timeouts.c **** 
 243:./lwip-2.1.2/src/core/timeouts.c ****   now = sys_now();
 377              		.loc 1 243 9
 378 0156 FFF7FEFF 		bl	sys_now
 379 015a 3861     		str	r0, [r7, #16]
 244:./lwip-2.1.2/src/core/timeouts.c ****   next_timeout_time = (u32_t)(current_timeout_due_time + cyclic->interval_ms);  /* overflow handled
 380              		.loc 1 244 64
 381 015c 7B69     		ldr	r3, [r7, #20]
 382 015e 1A68     		ldr	r2, [r3]
 383              		.loc 1 244 23
 384 0160 0F4B     		ldr	r3, .L29
 385 0162 1B68     		ldr	r3, [r3]
 386              		.loc 1 244 21
 387 0164 1344     		add	r3, r3, r2
 388 0166 FB60     		str	r3, [r7, #12]
 245:./lwip-2.1.2/src/core/timeouts.c ****   if (TIME_LESS_THAN(next_timeout_time, now)) {
 389              		.loc 1 245 7
 390 0168 FA68     		ldr	r2, [r7, #12]
 391 016a 3B69     		ldr	r3, [r7, #16]
 392 016c D31A     		subs	r3, r2, r3
 393 016e DB0F     		lsrs	r3, r3, #31
 394 0170 03F00103 		and	r3, r3, #1
 395 0174 DBB2     		uxtb	r3, r3
 396              		.loc 1 245 6
 397 0176 002B     		cmp	r3, #0
 398 0178 09D0     		beq	.L26
 246:./lwip-2.1.2/src/core/timeouts.c ****     /* timer would immediately expire again -> "overload" -> restart without any correction */
 247:./lwip-2.1.2/src/core/timeouts.c **** #if LWIP_DEBUG_TIMERNAMES
 248:./lwip-2.1.2/src/core/timeouts.c ****     sys_timeout_abs((u32_t)(now + cyclic->interval_ms), lwip_cyclic_timer, arg, cyclic->handler_nam
 249:./lwip-2.1.2/src/core/timeouts.c **** #else
 250:./lwip-2.1.2/src/core/timeouts.c ****     sys_timeout_abs((u32_t)(now + cyclic->interval_ms), lwip_cyclic_timer, arg);
 399              		.loc 1 250 41
 400 017a 7B69     		ldr	r3, [r7, #20]
 401 017c 1A68     		ldr	r2, [r3]
 402              		.loc 1 250 5
 403 017e 3B69     		ldr	r3, [r7, #16]
 404 0180 1344     		add	r3, r3, r2
 405 0182 7A68     		ldr	r2, [r7, #4]
 406 0184 0749     		ldr	r1, .L29+4
 407 0186 1846     		mov	r0, r3
 408 0188 FFF77EFF 		bl	sys_timeout_abs
 251:./lwip-2.1.2/src/core/timeouts.c **** #endif
 252:./lwip-2.1.2/src/core/timeouts.c **** 
 253:./lwip-2.1.2/src/core/timeouts.c ****   } else {
 254:./lwip-2.1.2/src/core/timeouts.c ****     /* correct cyclic interval with handler execution delay and sys_check_timeouts jitter */
 255:./lwip-2.1.2/src/core/timeouts.c **** #if LWIP_DEBUG_TIMERNAMES
 256:./lwip-2.1.2/src/core/timeouts.c ****     sys_timeout_abs(next_timeout_time, lwip_cyclic_timer, arg, cyclic->handler_name);
 257:./lwip-2.1.2/src/core/timeouts.c **** #else
 258:./lwip-2.1.2/src/core/timeouts.c ****     sys_timeout_abs(next_timeout_time, lwip_cyclic_timer, arg);
 259:./lwip-2.1.2/src/core/timeouts.c **** #endif
 260:./lwip-2.1.2/src/core/timeouts.c ****   }
 261:./lwip-2.1.2/src/core/timeouts.c **** }
 409              		.loc 1 261 1
 410 018c 04E0     		b	.L28
 411              	.L26:
 258:./lwip-2.1.2/src/core/timeouts.c **** #endif
 412              		.loc 1 258 5
 413 018e 7A68     		ldr	r2, [r7, #4]
 414 0190 0449     		ldr	r1, .L29+4
 415 0192 F868     		ldr	r0, [r7, #12]
 416 0194 FFF778FF 		bl	sys_timeout_abs
 417              	.L28:
 418              		.loc 1 261 1
 419 0198 00BF     		nop
 420 019a 1837     		adds	r7, r7, #24
 421              	.LCFI15:
 422              		.cfi_def_cfa_offset 8
 423 019c BD46     		mov	sp, r7
 424              	.LCFI16:
 425              		.cfi_def_cfa_register 13
 426              		@ sp needed
 427 019e 80BD     		pop	{r7, pc}
 428              	.L30:
 429              		.align	2
 430              	.L29:
 431 01a0 04000000 		.word	current_timeout_due_time
 432 01a4 00000000 		.word	lwip_cyclic_timer
 433              		.cfi_endproc
 434              	.LFE172:
 436              		.align	1
 437              		.global	sys_timeouts_init
 438              		.syntax unified
 439              		.thumb
 440              		.thumb_func
 441              		.fpu fpv5-d16
 443              	sys_timeouts_init:
 444              	.LFB173:
 262:./lwip-2.1.2/src/core/timeouts.c **** 
 263:./lwip-2.1.2/src/core/timeouts.c **** /** Initialize this module */
 264:./lwip-2.1.2/src/core/timeouts.c **** void sys_timeouts_init(void)
 265:./lwip-2.1.2/src/core/timeouts.c **** {
 445              		.loc 1 265 1
 446              		.cfi_startproc
 447              		@ args = 0, pretend = 0, frame = 8
 448              		@ frame_needed = 1, uses_anonymous_args = 0
 449 01a8 80B5     		push	{r7, lr}
 450              	.LCFI17:
 451              		.cfi_def_cfa_offset 8
 452              		.cfi_offset 7, -8
 453              		.cfi_offset 14, -4
 454 01aa 82B0     		sub	sp, sp, #8
 455              	.LCFI18:
 456              		.cfi_def_cfa_offset 16
 457 01ac 00AF     		add	r7, sp, #0
 458              	.LCFI19:
 459              		.cfi_def_cfa_register 7
 266:./lwip-2.1.2/src/core/timeouts.c ****   size_t i;
 267:./lwip-2.1.2/src/core/timeouts.c ****   /* tcp_tmr() at index 0 is started on demand */
 268:./lwip-2.1.2/src/core/timeouts.c ****   for (i = (LWIP_TCP ? 1 : 0); i < LWIP_ARRAYSIZE(lwip_cyclic_timers); i++) {
 460              		.loc 1 268 10
 461 01ae 0123     		movs	r3, #1
 462 01b0 7B60     		str	r3, [r7, #4]
 463              		.loc 1 268 3
 464 01b2 0EE0     		b	.L32
 465              	.L33:
 269:./lwip-2.1.2/src/core/timeouts.c ****     /* we have to cast via size_t to get rid of const warning
 270:./lwip-2.1.2/src/core/timeouts.c ****       (this is OK as cyclic_timer() casts back to const* */
 271:./lwip-2.1.2/src/core/timeouts.c ****     sys_timeout(lwip_cyclic_timers[i].interval_ms, lwip_cyclic_timer, LWIP_CONST_CAST(void *, &lwip
 466              		.loc 1 271 5 discriminator 3
 467 01b4 0B4A     		ldr	r2, .L34
 468 01b6 7B68     		ldr	r3, [r7, #4]
 469 01b8 52F83300 		ldr	r0, [r2, r3, lsl #3]
 470              		.loc 1 271 71 discriminator 3
 471 01bc 7B68     		ldr	r3, [r7, #4]
 472 01be DB00     		lsls	r3, r3, #3
 473 01c0 084A     		ldr	r2, .L34
 474 01c2 1344     		add	r3, r3, r2
 475              		.loc 1 271 5 discriminator 3
 476 01c4 1A46     		mov	r2, r3
 477 01c6 0849     		ldr	r1, .L34+4
 478 01c8 FFF7FEFF 		bl	sys_timeout
 268:./lwip-2.1.2/src/core/timeouts.c ****     /* we have to cast via size_t to get rid of const warning
 479              		.loc 1 268 73 discriminator 3
 480 01cc 7B68     		ldr	r3, [r7, #4]
 481 01ce 0133     		adds	r3, r3, #1
 482 01d0 7B60     		str	r3, [r7, #4]
 483              	.L32:
 268:./lwip-2.1.2/src/core/timeouts.c ****     /* we have to cast via size_t to get rid of const warning
 484              		.loc 1 268 3 discriminator 1
 485 01d2 7B68     		ldr	r3, [r7, #4]
 486 01d4 042B     		cmp	r3, #4
 487 01d6 EDD9     		bls	.L33
 272:./lwip-2.1.2/src/core/timeouts.c ****   }
 273:./lwip-2.1.2/src/core/timeouts.c **** }
 488              		.loc 1 273 1
 489 01d8 00BF     		nop
 490 01da 00BF     		nop
 491 01dc 0837     		adds	r7, r7, #8
 492              	.LCFI20:
 493              		.cfi_def_cfa_offset 8
 494 01de BD46     		mov	sp, r7
 495              	.LCFI21:
 496              		.cfi_def_cfa_register 13
 497              		@ sp needed
 498 01e0 80BD     		pop	{r7, pc}
 499              	.L35:
 500 01e2 00BF     		.align	2
 501              	.L34:
 502 01e4 00000000 		.word	lwip_cyclic_timers
 503 01e8 00000000 		.word	lwip_cyclic_timer
 504              		.cfi_endproc
 505              	.LFE173:
 507              		.align	1
 508              		.global	sys_timeout
 509              		.syntax unified
 510              		.thumb
 511              		.thumb_func
 512              		.fpu fpv5-d16
 514              	sys_timeout:
 515              	.LFB174:
 274:./lwip-2.1.2/src/core/timeouts.c **** 
 275:./lwip-2.1.2/src/core/timeouts.c **** /**
 276:./lwip-2.1.2/src/core/timeouts.c ****  * Create a one-shot timer (aka timeout). Timeouts are processed in the
 277:./lwip-2.1.2/src/core/timeouts.c ****  * following cases:
 278:./lwip-2.1.2/src/core/timeouts.c ****  * - while waiting for a message using sys_timeouts_mbox_fetch()
 279:./lwip-2.1.2/src/core/timeouts.c ****  * - by calling sys_check_timeouts() (NO_SYS==1 only)
 280:./lwip-2.1.2/src/core/timeouts.c ****  *
 281:./lwip-2.1.2/src/core/timeouts.c ****  * @param msecs time in milliseconds after that the timer should expire
 282:./lwip-2.1.2/src/core/timeouts.c ****  * @param handler callback function to call when msecs have elapsed
 283:./lwip-2.1.2/src/core/timeouts.c ****  * @param arg argument to pass to the callback function
 284:./lwip-2.1.2/src/core/timeouts.c ****  */
 285:./lwip-2.1.2/src/core/timeouts.c **** #if LWIP_DEBUG_TIMERNAMES
 286:./lwip-2.1.2/src/core/timeouts.c **** void
 287:./lwip-2.1.2/src/core/timeouts.c **** sys_timeout_debug(u32_t msecs, sys_timeout_handler handler, void *arg, const char *handler_name)
 288:./lwip-2.1.2/src/core/timeouts.c **** #else /* LWIP_DEBUG_TIMERNAMES */
 289:./lwip-2.1.2/src/core/timeouts.c **** void
 290:./lwip-2.1.2/src/core/timeouts.c **** sys_timeout(u32_t msecs, sys_timeout_handler handler, void *arg)
 291:./lwip-2.1.2/src/core/timeouts.c **** #endif /* LWIP_DEBUG_TIMERNAMES */
 292:./lwip-2.1.2/src/core/timeouts.c **** {
 516              		.loc 1 292 1
 517              		.cfi_startproc
 518              		@ args = 0, pretend = 0, frame = 24
 519              		@ frame_needed = 1, uses_anonymous_args = 0
 520 01ec 80B5     		push	{r7, lr}
 521              	.LCFI22:
 522              		.cfi_def_cfa_offset 8
 523              		.cfi_offset 7, -8
 524              		.cfi_offset 14, -4
 525 01ee 86B0     		sub	sp, sp, #24
 526              	.LCFI23:
 527              		.cfi_def_cfa_offset 32
 528 01f0 00AF     		add	r7, sp, #0
 529              	.LCFI24:
 530              		.cfi_def_cfa_register 7
 531 01f2 F860     		str	r0, [r7, #12]
 532 01f4 B960     		str	r1, [r7, #8]
 533 01f6 7A60     		str	r2, [r7, #4]
 293:./lwip-2.1.2/src/core/timeouts.c ****   u32_t next_timeout_time;
 294:./lwip-2.1.2/src/core/timeouts.c **** 
 295:./lwip-2.1.2/src/core/timeouts.c ****   LWIP_ASSERT_CORE_LOCKED();
 296:./lwip-2.1.2/src/core/timeouts.c **** 
 297:./lwip-2.1.2/src/core/timeouts.c ****   LWIP_ASSERT("Timeout time too long, max is LWIP_UINT32_MAX/4 msecs", msecs <= (LWIP_UINT32_MAX / 
 298:./lwip-2.1.2/src/core/timeouts.c **** 
 299:./lwip-2.1.2/src/core/timeouts.c ****   next_timeout_time = (u32_t)(sys_now() + msecs); /* overflow handled by TIME_LESS_THAN macro */ 
 534              		.loc 1 299 31
 535 01f8 FFF7FEFF 		bl	sys_now
 536 01fc 0246     		mov	r2, r0
 537              		.loc 1 299 21
 538 01fe FB68     		ldr	r3, [r7, #12]
 539 0200 1344     		add	r3, r3, r2
 540 0202 7B61     		str	r3, [r7, #20]
 300:./lwip-2.1.2/src/core/timeouts.c **** 
 301:./lwip-2.1.2/src/core/timeouts.c **** #if LWIP_DEBUG_TIMERNAMES
 302:./lwip-2.1.2/src/core/timeouts.c ****   sys_timeout_abs(next_timeout_time, handler, arg, handler_name);
 303:./lwip-2.1.2/src/core/timeouts.c **** #else
 304:./lwip-2.1.2/src/core/timeouts.c ****   sys_timeout_abs(next_timeout_time, handler, arg);
 541              		.loc 1 304 3
 542 0204 7A68     		ldr	r2, [r7, #4]
 543 0206 B968     		ldr	r1, [r7, #8]
 544 0208 7869     		ldr	r0, [r7, #20]
 545 020a FFF73DFF 		bl	sys_timeout_abs
 305:./lwip-2.1.2/src/core/timeouts.c **** #endif
 306:./lwip-2.1.2/src/core/timeouts.c **** }
 546              		.loc 1 306 1
 547 020e 00BF     		nop
 548 0210 1837     		adds	r7, r7, #24
 549              	.LCFI25:
 550              		.cfi_def_cfa_offset 8
 551 0212 BD46     		mov	sp, r7
 552              	.LCFI26:
 553              		.cfi_def_cfa_register 13
 554              		@ sp needed
 555 0214 80BD     		pop	{r7, pc}
 556              		.cfi_endproc
 557              	.LFE174:
 559              		.align	1
 560              		.global	sys_untimeout
 561              		.syntax unified
 562              		.thumb
 563              		.thumb_func
 564              		.fpu fpv5-d16
 566              	sys_untimeout:
 567              	.LFB175:
 307:./lwip-2.1.2/src/core/timeouts.c **** 
 308:./lwip-2.1.2/src/core/timeouts.c **** /**
 309:./lwip-2.1.2/src/core/timeouts.c ****  * Go through timeout list (for this task only) and remove the first matching
 310:./lwip-2.1.2/src/core/timeouts.c ****  * entry (subsequent entries remain untouched), even though the timeout has not
 311:./lwip-2.1.2/src/core/timeouts.c ****  * triggered yet.
 312:./lwip-2.1.2/src/core/timeouts.c ****  *
 313:./lwip-2.1.2/src/core/timeouts.c ****  * @param handler callback function that would be called by the timeout
 314:./lwip-2.1.2/src/core/timeouts.c ****  * @param arg callback argument that would be passed to handler
 315:./lwip-2.1.2/src/core/timeouts.c **** */
 316:./lwip-2.1.2/src/core/timeouts.c **** void
 317:./lwip-2.1.2/src/core/timeouts.c **** sys_untimeout(sys_timeout_handler handler, void *arg)
 318:./lwip-2.1.2/src/core/timeouts.c **** {
 568              		.loc 1 318 1
 569              		.cfi_startproc
 570              		@ args = 0, pretend = 0, frame = 16
 571              		@ frame_needed = 1, uses_anonymous_args = 0
 572 0216 80B5     		push	{r7, lr}
 573              	.LCFI27:
 574              		.cfi_def_cfa_offset 8
 575              		.cfi_offset 7, -8
 576              		.cfi_offset 14, -4
 577 0218 84B0     		sub	sp, sp, #16
 578              	.LCFI28:
 579              		.cfi_def_cfa_offset 24
 580 021a 00AF     		add	r7, sp, #0
 581              	.LCFI29:
 582              		.cfi_def_cfa_register 7
 583 021c 7860     		str	r0, [r7, #4]
 584 021e 3960     		str	r1, [r7]
 319:./lwip-2.1.2/src/core/timeouts.c ****   struct sys_timeo *prev_t, *t;
 320:./lwip-2.1.2/src/core/timeouts.c **** 
 321:./lwip-2.1.2/src/core/timeouts.c ****   LWIP_ASSERT_CORE_LOCKED();
 322:./lwip-2.1.2/src/core/timeouts.c **** 
 323:./lwip-2.1.2/src/core/timeouts.c ****   if (next_timeout == NULL) {
 585              		.loc 1 323 20
 586 0220 184B     		ldr	r3, .L46
 587 0222 1B68     		ldr	r3, [r3]
 588              		.loc 1 323 6
 589 0224 002B     		cmp	r3, #0
 590 0226 29D0     		beq	.L45
 324:./lwip-2.1.2/src/core/timeouts.c ****     return;
 325:./lwip-2.1.2/src/core/timeouts.c ****   }
 326:./lwip-2.1.2/src/core/timeouts.c **** 
 327:./lwip-2.1.2/src/core/timeouts.c ****   for (t = next_timeout, prev_t = NULL; t != NULL; prev_t = t, t = t->next) {
 591              		.loc 1 327 10
 592 0228 164B     		ldr	r3, .L46
 593 022a 1B68     		ldr	r3, [r3]
 594 022c BB60     		str	r3, [r7, #8]
 595              		.loc 1 327 33
 596 022e 0023     		movs	r3, #0
 597 0230 FB60     		str	r3, [r7, #12]
 598              		.loc 1 327 3
 599 0232 1FE0     		b	.L40
 600              	.L44:
 328:./lwip-2.1.2/src/core/timeouts.c ****     if ((t->h == handler) && (t->arg == arg)) {
 601              		.loc 1 328 11
 602 0234 BB68     		ldr	r3, [r7, #8]
 603 0236 9B68     		ldr	r3, [r3, #8]
 604              		.loc 1 328 8
 605 0238 7A68     		ldr	r2, [r7, #4]
 606 023a 9A42     		cmp	r2, r3
 607 023c 15D1     		bne	.L41
 608              		.loc 1 328 32 discriminator 1
 609 023e BB68     		ldr	r3, [r7, #8]
 610 0240 DB68     		ldr	r3, [r3, #12]
 611              		.loc 1 328 27 discriminator 1
 612 0242 3A68     		ldr	r2, [r7]
 613 0244 9A42     		cmp	r2, r3
 614 0246 10D1     		bne	.L41
 329:./lwip-2.1.2/src/core/timeouts.c ****       /* We have a match */
 330:./lwip-2.1.2/src/core/timeouts.c ****       /* Unlink from previous in list */
 331:./lwip-2.1.2/src/core/timeouts.c ****       if (prev_t == NULL) {
 615              		.loc 1 331 10
 616 0248 FB68     		ldr	r3, [r7, #12]
 617 024a 002B     		cmp	r3, #0
 618 024c 04D1     		bne	.L42
 332:./lwip-2.1.2/src/core/timeouts.c ****         next_timeout = t->next;
 619              		.loc 1 332 25
 620 024e BB68     		ldr	r3, [r7, #8]
 621 0250 1B68     		ldr	r3, [r3]
 622              		.loc 1 332 22
 623 0252 0C4A     		ldr	r2, .L46
 624 0254 1360     		str	r3, [r2]
 625 0256 03E0     		b	.L43
 626              	.L42:
 333:./lwip-2.1.2/src/core/timeouts.c ****       } else {
 334:./lwip-2.1.2/src/core/timeouts.c ****         prev_t->next = t->next;
 627              		.loc 1 334 25
 628 0258 BB68     		ldr	r3, [r7, #8]
 629 025a 1A68     		ldr	r2, [r3]
 630              		.loc 1 334 22
 631 025c FB68     		ldr	r3, [r7, #12]
 632 025e 1A60     		str	r2, [r3]
 633              	.L43:
 335:./lwip-2.1.2/src/core/timeouts.c ****       }
 336:./lwip-2.1.2/src/core/timeouts.c ****       memp_free(MEMP_SYS_TIMEOUT, t);
 634              		.loc 1 336 7
 635 0260 B968     		ldr	r1, [r7, #8]
 636 0262 0A20     		movs	r0, #10
 637 0264 FFF7FEFF 		bl	memp_free
 337:./lwip-2.1.2/src/core/timeouts.c ****       return;
 638              		.loc 1 337 7
 639 0268 09E0     		b	.L37
 640              	.L41:
 327:./lwip-2.1.2/src/core/timeouts.c ****     if ((t->h == handler) && (t->arg == arg)) {
 641              		.loc 1 327 59 discriminator 2
 642 026a BB68     		ldr	r3, [r7, #8]
 643 026c FB60     		str	r3, [r7, #12]
 327:./lwip-2.1.2/src/core/timeouts.c ****     if ((t->h == handler) && (t->arg == arg)) {
 644              		.loc 1 327 66 discriminator 2
 645 026e BB68     		ldr	r3, [r7, #8]
 646 0270 1B68     		ldr	r3, [r3]
 647 0272 BB60     		str	r3, [r7, #8]
 648              	.L40:
 327:./lwip-2.1.2/src/core/timeouts.c ****     if ((t->h == handler) && (t->arg == arg)) {
 649              		.loc 1 327 3 discriminator 1
 650 0274 BB68     		ldr	r3, [r7, #8]
 651 0276 002B     		cmp	r3, #0
 652 0278 DCD1     		bne	.L44
 338:./lwip-2.1.2/src/core/timeouts.c ****     }
 339:./lwip-2.1.2/src/core/timeouts.c ****   }
 340:./lwip-2.1.2/src/core/timeouts.c ****   return;
 653              		.loc 1 340 3
 654 027a 00E0     		b	.L37
 655              	.L45:
 324:./lwip-2.1.2/src/core/timeouts.c ****   }
 656              		.loc 1 324 5
 657 027c 00BF     		nop
 658              	.L37:
 341:./lwip-2.1.2/src/core/timeouts.c **** }
 659              		.loc 1 341 1
 660 027e 1037     		adds	r7, r7, #16
 661              	.LCFI30:
 662              		.cfi_def_cfa_offset 8
 663 0280 BD46     		mov	sp, r7
 664              	.LCFI31:
 665              		.cfi_def_cfa_register 13
 666              		@ sp needed
 667 0282 80BD     		pop	{r7, pc}
 668              	.L47:
 669              		.align	2
 670              	.L46:
 671 0284 00000000 		.word	next_timeout
 672              		.cfi_endproc
 673              	.LFE175:
 675              		.align	1
 676              		.global	sys_check_timeouts
 677              		.syntax unified
 678              		.thumb
 679              		.thumb_func
 680              		.fpu fpv5-d16
 682              	sys_check_timeouts:
 683              	.LFB176:
 342:./lwip-2.1.2/src/core/timeouts.c **** 
 343:./lwip-2.1.2/src/core/timeouts.c **** /**
 344:./lwip-2.1.2/src/core/timeouts.c ****  * @ingroup lwip_nosys
 345:./lwip-2.1.2/src/core/timeouts.c ****  * Handle timeouts for NO_SYS==1 (i.e. without using
 346:./lwip-2.1.2/src/core/timeouts.c ****  * tcpip_thread/sys_timeouts_mbox_fetch(). Uses sys_now() to call timeout
 347:./lwip-2.1.2/src/core/timeouts.c ****  * handler functions when timeouts expire.
 348:./lwip-2.1.2/src/core/timeouts.c ****  *
 349:./lwip-2.1.2/src/core/timeouts.c ****  * Must be called periodically from your main loop.
 350:./lwip-2.1.2/src/core/timeouts.c ****  */
 351:./lwip-2.1.2/src/core/timeouts.c **** void
 352:./lwip-2.1.2/src/core/timeouts.c **** sys_check_timeouts(void)
 353:./lwip-2.1.2/src/core/timeouts.c **** {
 684              		.loc 1 353 1
 685              		.cfi_startproc
 686              		@ args = 0, pretend = 0, frame = 16
 687              		@ frame_needed = 1, uses_anonymous_args = 0
 688 0288 80B5     		push	{r7, lr}
 689              	.LCFI32:
 690              		.cfi_def_cfa_offset 8
 691              		.cfi_offset 7, -8
 692              		.cfi_offset 14, -4
 693 028a 84B0     		sub	sp, sp, #16
 694              	.LCFI33:
 695              		.cfi_def_cfa_offset 24
 696 028c 00AF     		add	r7, sp, #0
 697              	.LCFI34:
 698              		.cfi_def_cfa_register 7
 354:./lwip-2.1.2/src/core/timeouts.c ****   u32_t now;
 355:./lwip-2.1.2/src/core/timeouts.c **** 
 356:./lwip-2.1.2/src/core/timeouts.c ****   LWIP_ASSERT_CORE_LOCKED();
 357:./lwip-2.1.2/src/core/timeouts.c **** 
 358:./lwip-2.1.2/src/core/timeouts.c ****   /* Process only timers expired at the start of the function. */
 359:./lwip-2.1.2/src/core/timeouts.c ****   now = sys_now();
 699              		.loc 1 359 9
 700 028e FFF7FEFF 		bl	sys_now
 701 0292 F860     		str	r0, [r7, #12]
 702              	.L53:
 703              	.LBB2:
 360:./lwip-2.1.2/src/core/timeouts.c **** 
 361:./lwip-2.1.2/src/core/timeouts.c ****   do {
 362:./lwip-2.1.2/src/core/timeouts.c ****     struct sys_timeo *tmptimeout;
 363:./lwip-2.1.2/src/core/timeouts.c ****     sys_timeout_handler handler;
 364:./lwip-2.1.2/src/core/timeouts.c ****     void *arg;
 365:./lwip-2.1.2/src/core/timeouts.c **** 
 366:./lwip-2.1.2/src/core/timeouts.c ****     PBUF_CHECK_FREE_OOSEQ();
 367:./lwip-2.1.2/src/core/timeouts.c **** 
 368:./lwip-2.1.2/src/core/timeouts.c ****     tmptimeout = next_timeout;
 704              		.loc 1 368 16
 705 0294 174B     		ldr	r3, .L56
 706 0296 1B68     		ldr	r3, [r3]
 707 0298 BB60     		str	r3, [r7, #8]
 369:./lwip-2.1.2/src/core/timeouts.c ****     if (tmptimeout == NULL) {
 708              		.loc 1 369 8
 709 029a BB68     		ldr	r3, [r7, #8]
 710 029c 002B     		cmp	r3, #0
 711 029e 22D0     		beq	.L54
 370:./lwip-2.1.2/src/core/timeouts.c ****       return;
 371:./lwip-2.1.2/src/core/timeouts.c ****     }
 372:./lwip-2.1.2/src/core/timeouts.c **** 
 373:./lwip-2.1.2/src/core/timeouts.c ****     if (TIME_LESS_THAN(now, tmptimeout->time)) {
 712              		.loc 1 373 9
 713 02a0 BB68     		ldr	r3, [r7, #8]
 714 02a2 5B68     		ldr	r3, [r3, #4]
 715 02a4 FA68     		ldr	r2, [r7, #12]
 716 02a6 D31A     		subs	r3, r2, r3
 717 02a8 DB0F     		lsrs	r3, r3, #31
 718 02aa 03F00103 		and	r3, r3, #1
 719 02ae DBB2     		uxtb	r3, r3
 720              		.loc 1 373 8
 721 02b0 002B     		cmp	r3, #0
 722 02b2 1AD1     		bne	.L55
 374:./lwip-2.1.2/src/core/timeouts.c ****       return;
 375:./lwip-2.1.2/src/core/timeouts.c ****     }
 376:./lwip-2.1.2/src/core/timeouts.c **** 
 377:./lwip-2.1.2/src/core/timeouts.c ****     /* Timeout has expired */
 378:./lwip-2.1.2/src/core/timeouts.c ****     next_timeout = tmptimeout->next;
 723              		.loc 1 378 30
 724 02b4 BB68     		ldr	r3, [r7, #8]
 725 02b6 1B68     		ldr	r3, [r3]
 726              		.loc 1 378 18
 727 02b8 0E4A     		ldr	r2, .L56
 728 02ba 1360     		str	r3, [r2]
 379:./lwip-2.1.2/src/core/timeouts.c ****     handler = tmptimeout->h;
 729              		.loc 1 379 13
 730 02bc BB68     		ldr	r3, [r7, #8]
 731 02be 9B68     		ldr	r3, [r3, #8]
 732 02c0 7B60     		str	r3, [r7, #4]
 380:./lwip-2.1.2/src/core/timeouts.c ****     arg = tmptimeout->arg;
 733              		.loc 1 380 9
 734 02c2 BB68     		ldr	r3, [r7, #8]
 735 02c4 DB68     		ldr	r3, [r3, #12]
 736 02c6 3B60     		str	r3, [r7]
 381:./lwip-2.1.2/src/core/timeouts.c ****     current_timeout_due_time = tmptimeout->time;
 737              		.loc 1 381 42
 738 02c8 BB68     		ldr	r3, [r7, #8]
 739 02ca 5B68     		ldr	r3, [r3, #4]
 740              		.loc 1 381 30
 741 02cc 0A4A     		ldr	r2, .L56+4
 742 02ce 1360     		str	r3, [r2]
 382:./lwip-2.1.2/src/core/timeouts.c **** #if LWIP_DEBUG_TIMERNAMES
 383:./lwip-2.1.2/src/core/timeouts.c ****     if (handler != NULL) {
 384:./lwip-2.1.2/src/core/timeouts.c ****       LWIP_DEBUGF(TIMERS_DEBUG, ("sct calling h=%s t=%"U32_F" arg=%p\n",
 385:./lwip-2.1.2/src/core/timeouts.c ****                                  tmptimeout->handler_name, sys_now() - tmptimeout->time, arg));
 386:./lwip-2.1.2/src/core/timeouts.c ****     }
 387:./lwip-2.1.2/src/core/timeouts.c **** #endif /* LWIP_DEBUG_TIMERNAMES */
 388:./lwip-2.1.2/src/core/timeouts.c ****     memp_free(MEMP_SYS_TIMEOUT, tmptimeout);
 743              		.loc 1 388 5
 744 02d0 B968     		ldr	r1, [r7, #8]
 745 02d2 0A20     		movs	r0, #10
 746 02d4 FFF7FEFF 		bl	memp_free
 389:./lwip-2.1.2/src/core/timeouts.c ****     if (handler != NULL) {
 747              		.loc 1 389 8
 748 02d8 7B68     		ldr	r3, [r7, #4]
 749 02da 002B     		cmp	r3, #0
 750 02dc DAD0     		beq	.L53
 390:./lwip-2.1.2/src/core/timeouts.c ****       handler(arg);
 751              		.loc 1 390 7
 752 02de 7B68     		ldr	r3, [r7, #4]
 753 02e0 3868     		ldr	r0, [r7]
 754 02e2 9847     		blx	r3
 755              	.LVL1:
 756              	.LBE2:
 361:./lwip-2.1.2/src/core/timeouts.c ****     struct sys_timeo *tmptimeout;
 757              		.loc 1 361 6
 758 02e4 D6E7     		b	.L53
 759              	.L54:
 760              	.LBB3:
 370:./lwip-2.1.2/src/core/timeouts.c ****     }
 761              		.loc 1 370 7
 762 02e6 00BF     		nop
 763 02e8 00E0     		b	.L48
 764              	.L55:
 374:./lwip-2.1.2/src/core/timeouts.c ****     }
 765              		.loc 1 374 7
 766 02ea 00BF     		nop
 767              	.L48:
 768              	.LBE3:
 391:./lwip-2.1.2/src/core/timeouts.c ****     }
 392:./lwip-2.1.2/src/core/timeouts.c ****     LWIP_TCPIP_THREAD_ALIVE();
 393:./lwip-2.1.2/src/core/timeouts.c **** 
 394:./lwip-2.1.2/src/core/timeouts.c ****     /* Repeat until all expired timers have been called */
 395:./lwip-2.1.2/src/core/timeouts.c ****   } while (1);
 396:./lwip-2.1.2/src/core/timeouts.c **** }
 769              		.loc 1 396 1
 770 02ec 1037     		adds	r7, r7, #16
 771              	.LCFI35:
 772              		.cfi_def_cfa_offset 8
 773 02ee BD46     		mov	sp, r7
 774              	.LCFI36:
 775              		.cfi_def_cfa_register 13
 776              		@ sp needed
 777 02f0 80BD     		pop	{r7, pc}
 778              	.L57:
 779 02f2 00BF     		.align	2
 780              	.L56:
 781 02f4 00000000 		.word	next_timeout
 782 02f8 04000000 		.word	current_timeout_due_time
 783              		.cfi_endproc
 784              	.LFE176:
 786              		.align	1
 787              		.global	sys_restart_timeouts
 788              		.syntax unified
 789              		.thumb
 790              		.thumb_func
 791              		.fpu fpv5-d16
 793              	sys_restart_timeouts:
 794              	.LFB177:
 397:./lwip-2.1.2/src/core/timeouts.c **** 
 398:./lwip-2.1.2/src/core/timeouts.c **** /** Rebase the timeout times to the current time.
 399:./lwip-2.1.2/src/core/timeouts.c ****  * This is necessary if sys_check_timeouts() hasn't been called for a long
 400:./lwip-2.1.2/src/core/timeouts.c ****  * time (e.g. while saving energy) to prevent all timer functions of that
 401:./lwip-2.1.2/src/core/timeouts.c ****  * period being called.
 402:./lwip-2.1.2/src/core/timeouts.c ****  */
 403:./lwip-2.1.2/src/core/timeouts.c **** void
 404:./lwip-2.1.2/src/core/timeouts.c **** sys_restart_timeouts(void)
 405:./lwip-2.1.2/src/core/timeouts.c **** {
 795              		.loc 1 405 1
 796              		.cfi_startproc
 797              		@ args = 0, pretend = 0, frame = 16
 798              		@ frame_needed = 1, uses_anonymous_args = 0
 799 02fc 80B5     		push	{r7, lr}
 800              	.LCFI37:
 801              		.cfi_def_cfa_offset 8
 802              		.cfi_offset 7, -8
 803              		.cfi_offset 14, -4
 804 02fe 84B0     		sub	sp, sp, #16
 805              	.LCFI38:
 806              		.cfi_def_cfa_offset 24
 807 0300 00AF     		add	r7, sp, #0
 808              	.LCFI39:
 809              		.cfi_def_cfa_register 7
 406:./lwip-2.1.2/src/core/timeouts.c ****   u32_t now;
 407:./lwip-2.1.2/src/core/timeouts.c ****   u32_t base;
 408:./lwip-2.1.2/src/core/timeouts.c ****   struct sys_timeo *t;
 409:./lwip-2.1.2/src/core/timeouts.c **** 
 410:./lwip-2.1.2/src/core/timeouts.c ****   if (next_timeout == NULL) {
 810              		.loc 1 410 20
 811 0302 114B     		ldr	r3, .L64
 812 0304 1B68     		ldr	r3, [r3]
 813              		.loc 1 410 6
 814 0306 002B     		cmp	r3, #0
 815 0308 19D0     		beq	.L63
 411:./lwip-2.1.2/src/core/timeouts.c ****     return;
 412:./lwip-2.1.2/src/core/timeouts.c ****   }
 413:./lwip-2.1.2/src/core/timeouts.c **** 
 414:./lwip-2.1.2/src/core/timeouts.c ****   now = sys_now();
 816              		.loc 1 414 9
 817 030a FFF7FEFF 		bl	sys_now
 818 030e B860     		str	r0, [r7, #8]
 415:./lwip-2.1.2/src/core/timeouts.c ****   base = next_timeout->time;
 819              		.loc 1 415 22
 820 0310 0D4B     		ldr	r3, .L64
 821 0312 1B68     		ldr	r3, [r3]
 822              		.loc 1 415 8
 823 0314 5B68     		ldr	r3, [r3, #4]
 824 0316 7B60     		str	r3, [r7, #4]
 416:./lwip-2.1.2/src/core/timeouts.c **** 
 417:./lwip-2.1.2/src/core/timeouts.c ****   for (t = next_timeout; t != NULL; t = t->next) {
 825              		.loc 1 417 10
 826 0318 0B4B     		ldr	r3, .L64
 827 031a 1B68     		ldr	r3, [r3]
 828 031c FB60     		str	r3, [r7, #12]
 829              		.loc 1 417 3
 830 031e 0AE0     		b	.L61
 831              	.L62:
 418:./lwip-2.1.2/src/core/timeouts.c ****     t->time = (t->time - base) + now;
 832              		.loc 1 418 17 discriminator 3
 833 0320 FB68     		ldr	r3, [r7, #12]
 834 0322 5A68     		ldr	r2, [r3, #4]
 835              		.loc 1 418 24 discriminator 3
 836 0324 7B68     		ldr	r3, [r7, #4]
 837 0326 D21A     		subs	r2, r2, r3
 838              		.loc 1 418 32 discriminator 3
 839 0328 BB68     		ldr	r3, [r7, #8]
 840 032a 1A44     		add	r2, r2, r3
 841              		.loc 1 418 13 discriminator 3
 842 032c FB68     		ldr	r3, [r7, #12]
 843 032e 5A60     		str	r2, [r3, #4]
 417:./lwip-2.1.2/src/core/timeouts.c ****     t->time = (t->time - base) + now;
 844              		.loc 1 417 39 discriminator 3
 845 0330 FB68     		ldr	r3, [r7, #12]
 846 0332 1B68     		ldr	r3, [r3]
 847 0334 FB60     		str	r3, [r7, #12]
 848              	.L61:
 417:./lwip-2.1.2/src/core/timeouts.c ****     t->time = (t->time - base) + now;
 849              		.loc 1 417 3 discriminator 1
 850 0336 FB68     		ldr	r3, [r7, #12]
 851 0338 002B     		cmp	r3, #0
 852 033a F1D1     		bne	.L62
 853 033c 00E0     		b	.L58
 854              	.L63:
 411:./lwip-2.1.2/src/core/timeouts.c ****   }
 855              		.loc 1 411 5
 856 033e 00BF     		nop
 857              	.L58:
 419:./lwip-2.1.2/src/core/timeouts.c ****   }
 420:./lwip-2.1.2/src/core/timeouts.c **** }
 858              		.loc 1 420 1
 859 0340 1037     		adds	r7, r7, #16
 860              	.LCFI40:
 861              		.cfi_def_cfa_offset 8
 862 0342 BD46     		mov	sp, r7
 863              	.LCFI41:
 864              		.cfi_def_cfa_register 13
 865              		@ sp needed
 866 0344 80BD     		pop	{r7, pc}
 867              	.L65:
 868 0346 00BF     		.align	2
 869              	.L64:
 870 0348 00000000 		.word	next_timeout
 871              		.cfi_endproc
 872              	.LFE177:
 874              		.align	1
 875              		.global	sys_timeouts_sleeptime
 876              		.syntax unified
 877              		.thumb
 878              		.thumb_func
 879              		.fpu fpv5-d16
 881              	sys_timeouts_sleeptime:
 882              	.LFB178:
 421:./lwip-2.1.2/src/core/timeouts.c **** 
 422:./lwip-2.1.2/src/core/timeouts.c **** /** Return the time left before the next timeout is due. If no timeouts are
 423:./lwip-2.1.2/src/core/timeouts.c ****  * enqueued, returns 0xffffffff
 424:./lwip-2.1.2/src/core/timeouts.c ****  */
 425:./lwip-2.1.2/src/core/timeouts.c **** u32_t
 426:./lwip-2.1.2/src/core/timeouts.c **** sys_timeouts_sleeptime(void)
 427:./lwip-2.1.2/src/core/timeouts.c **** {
 883              		.loc 1 427 1
 884              		.cfi_startproc
 885              		@ args = 0, pretend = 0, frame = 8
 886              		@ frame_needed = 1, uses_anonymous_args = 0
 887 034c 80B5     		push	{r7, lr}
 888              	.LCFI42:
 889              		.cfi_def_cfa_offset 8
 890              		.cfi_offset 7, -8
 891              		.cfi_offset 14, -4
 892 034e 82B0     		sub	sp, sp, #8
 893              	.LCFI43:
 894              		.cfi_def_cfa_offset 16
 895 0350 00AF     		add	r7, sp, #0
 896              	.LCFI44:
 897              		.cfi_def_cfa_register 7
 428:./lwip-2.1.2/src/core/timeouts.c ****   u32_t now;
 429:./lwip-2.1.2/src/core/timeouts.c **** 
 430:./lwip-2.1.2/src/core/timeouts.c ****   LWIP_ASSERT_CORE_LOCKED();
 431:./lwip-2.1.2/src/core/timeouts.c **** 
 432:./lwip-2.1.2/src/core/timeouts.c ****   if (next_timeout == NULL) {
 898              		.loc 1 432 20
 899 0352 114B     		ldr	r3, .L70
 900 0354 1B68     		ldr	r3, [r3]
 901              		.loc 1 432 6
 902 0356 002B     		cmp	r3, #0
 903 0358 02D1     		bne	.L67
 433:./lwip-2.1.2/src/core/timeouts.c ****     return SYS_TIMEOUTS_SLEEPTIME_INFINITE;
 904              		.loc 1 433 12
 905 035a 4FF0FF33 		mov	r3, #-1
 906 035e 16E0     		b	.L68
 907              	.L67:
 434:./lwip-2.1.2/src/core/timeouts.c ****   }
 435:./lwip-2.1.2/src/core/timeouts.c ****   now = sys_now();
 908              		.loc 1 435 9
 909 0360 FFF7FEFF 		bl	sys_now
 910 0364 7860     		str	r0, [r7, #4]
 436:./lwip-2.1.2/src/core/timeouts.c ****   if (TIME_LESS_THAN(next_timeout->time, now)) {
 911              		.loc 1 436 7
 912 0366 0C4B     		ldr	r3, .L70
 913 0368 1B68     		ldr	r3, [r3]
 914 036a 5A68     		ldr	r2, [r3, #4]
 915 036c 7B68     		ldr	r3, [r7, #4]
 916 036e D31A     		subs	r3, r2, r3
 917 0370 DB0F     		lsrs	r3, r3, #31
 918 0372 03F00103 		and	r3, r3, #1
 919 0376 DBB2     		uxtb	r3, r3
 920              		.loc 1 436 6
 921 0378 002B     		cmp	r3, #0
 922 037a 01D0     		beq	.L69
 437:./lwip-2.1.2/src/core/timeouts.c ****     return 0;
 923              		.loc 1 437 12
 924 037c 0023     		movs	r3, #0
 925 037e 06E0     		b	.L68
 926              	.L69:
 927              	.LBB4:
 438:./lwip-2.1.2/src/core/timeouts.c ****   } else {
 439:./lwip-2.1.2/src/core/timeouts.c ****     u32_t ret = (u32_t)(next_timeout->time - now);
 928              		.loc 1 439 37
 929 0380 054B     		ldr	r3, .L70
 930 0382 1B68     		ldr	r3, [r3]
 931 0384 5A68     		ldr	r2, [r3, #4]
 932              		.loc 1 439 11
 933 0386 7B68     		ldr	r3, [r7, #4]
 934 0388 D31A     		subs	r3, r2, r3
 935 038a 3B60     		str	r3, [r7]
 440:./lwip-2.1.2/src/core/timeouts.c ****     LWIP_ASSERT("invalid sleeptime", ret <= LWIP_MAX_TIMEOUT);
 441:./lwip-2.1.2/src/core/timeouts.c ****     return ret;
 936              		.loc 1 441 12
 937 038c 3B68     		ldr	r3, [r7]
 938              	.L68:
 939              	.LBE4:
 442:./lwip-2.1.2/src/core/timeouts.c ****   }
 443:./lwip-2.1.2/src/core/timeouts.c **** }
 940              		.loc 1 443 1
 941 038e 1846     		mov	r0, r3
 942 0390 0837     		adds	r7, r7, #8
 943              	.LCFI45:
 944              		.cfi_def_cfa_offset 8
 945 0392 BD46     		mov	sp, r7
 946              	.LCFI46:
 947              		.cfi_def_cfa_register 13
 948              		@ sp needed
 949 0394 80BD     		pop	{r7, pc}
 950              	.L71:
 951 0396 00BF     		.align	2
 952              	.L70:
 953 0398 00000000 		.word	next_timeout
 954              		.cfi_endproc
 955              	.LFE178:
 957              	.Letext0:
 958              		.file 2 "c:\\users\\jaejunmin\\downloads\\peak-devpack\\compiler\\10 2020-q4-major\\lib\\gcc\\arm-
 959              		.file 3 "c:\\users\\jaejunmin\\downloads\\peak-devpack\\compiler\\10 2020-q4-major\\arm-none-eabi\
 960              		.file 4 "c:\\users\\jaejunmin\\downloads\\peak-devpack\\compiler\\10 2020-q4-major\\arm-none-eabi\
 961              		.file 5 "./lwip-2.1.2/src/include/lwip/arch.h"
 962              		.file 6 "./lwip-2.1.2/src/include/lwip/err.h"
 963              		.file 7 "./lwip-2.1.2/src/include/lwip/timeouts.h"
 964              		.file 8 "./lwip-2.1.2/src/include/lwip/tcpbase.h"
 965              		.file 9 "./lwip-2.1.2/src/include/lwip/pbuf.h"
 966              		.file 10 "./lwip-2.1.2/src/include/lwip/ip4_addr.h"
 967              		.file 11 "./lwip-2.1.2/src/include/lwip/ip_addr.h"
 968              		.file 12 "./lwip-2.1.2/src/include/lwip/netif.h"
 969              		.file 13 "./lwip-2.1.2/src/include/lwip/tcp.h"
 970              		.file 14 "./lwip-2.1.2/src/include/lwip/priv/tcp_priv.h"
 971              		.file 15 "./lwip-2.1.2/src/include/lwip/prot/tcp.h"
 972              		.file 16 "./lwip-2.1.2/src/include/lwip/memp.h"
DEFINED SYMBOLS
                            *ABS*:00000000 timeouts.c
C:\Users\JAEJUN~1\AppData\Local\Temp\ccWzmRh6.s:21     .rodata:00000000 lwip_cyclic_timers
C:\Users\JAEJUN~1\AppData\Local\Temp\ccWzmRh6.s:18     .rodata:00000000 $d
C:\Users\JAEJUN~1\AppData\Local\Temp\ccWzmRh6.s:36     .rodata:00000028 lwip_num_cyclic_timers
C:\Users\JAEJUN~1\AppData\Local\Temp\ccWzmRh6.s:39     .bss:00000000 $d
C:\Users\JAEJUN~1\AppData\Local\Temp\ccWzmRh6.s:40     .bss:00000000 next_timeout
C:\Users\JAEJUN~1\AppData\Local\Temp\ccWzmRh6.s:44     .bss:00000004 current_timeout_due_time
C:\Users\JAEJUN~1\AppData\Local\Temp\ccWzmRh6.s:48     .bss:00000008 tcpip_tcp_timer_active
C:\Users\JAEJUN~1\AppData\Local\Temp\ccWzmRh6.s:52     .text:00000000 $t
C:\Users\JAEJUN~1\AppData\Local\Temp\ccWzmRh6.s:59     .text:00000000 tcpip_tcp_timer
C:\Users\JAEJUN~1\AppData\Local\Temp\ccWzmRh6.s:514    .text:000001ec sys_timeout
C:\Users\JAEJUN~1\AppData\Local\Temp\ccWzmRh6.s:118    .text:00000038 $d
C:\Users\JAEJUN~1\AppData\Local\Temp\ccWzmRh6.s:125    .text:00000048 $t
C:\Users\JAEJUN~1\AppData\Local\Temp\ccWzmRh6.s:132    .text:00000048 tcp_timer_needed
C:\Users\JAEJUN~1\AppData\Local\Temp\ccWzmRh6.s:180    .text:00000078 $d
C:\Users\JAEJUN~1\AppData\Local\Temp\ccWzmRh6.s:187    .text:00000088 $t
C:\Users\JAEJUN~1\AppData\Local\Temp\ccWzmRh6.s:193    .text:00000088 sys_timeout_abs
C:\Users\JAEJUN~1\AppData\Local\Temp\ccWzmRh6.s:340    .text:00000140 $d
C:\Users\JAEJUN~1\AppData\Local\Temp\ccWzmRh6.s:344    .text:00000144 $t
C:\Users\JAEJUN~1\AppData\Local\Temp\ccWzmRh6.s:350    .text:00000144 lwip_cyclic_timer
C:\Users\JAEJUN~1\AppData\Local\Temp\ccWzmRh6.s:431    .text:000001a0 $d
C:\Users\JAEJUN~1\AppData\Local\Temp\ccWzmRh6.s:436    .text:000001a8 $t
C:\Users\JAEJUN~1\AppData\Local\Temp\ccWzmRh6.s:443    .text:000001a8 sys_timeouts_init
C:\Users\JAEJUN~1\AppData\Local\Temp\ccWzmRh6.s:502    .text:000001e4 $d
C:\Users\JAEJUN~1\AppData\Local\Temp\ccWzmRh6.s:507    .text:000001ec $t
C:\Users\JAEJUN~1\AppData\Local\Temp\ccWzmRh6.s:566    .text:00000216 sys_untimeout
C:\Users\JAEJUN~1\AppData\Local\Temp\ccWzmRh6.s:671    .text:00000284 $d
C:\Users\JAEJUN~1\AppData\Local\Temp\ccWzmRh6.s:675    .text:00000288 $t
C:\Users\JAEJUN~1\AppData\Local\Temp\ccWzmRh6.s:682    .text:00000288 sys_check_timeouts
C:\Users\JAEJUN~1\AppData\Local\Temp\ccWzmRh6.s:781    .text:000002f4 $d
C:\Users\JAEJUN~1\AppData\Local\Temp\ccWzmRh6.s:786    .text:000002fc $t
C:\Users\JAEJUN~1\AppData\Local\Temp\ccWzmRh6.s:793    .text:000002fc sys_restart_timeouts
C:\Users\JAEJUN~1\AppData\Local\Temp\ccWzmRh6.s:870    .text:00000348 $d
C:\Users\JAEJUN~1\AppData\Local\Temp\ccWzmRh6.s:874    .text:0000034c $t
C:\Users\JAEJUN~1\AppData\Local\Temp\ccWzmRh6.s:881    .text:0000034c sys_timeouts_sleeptime
C:\Users\JAEJUN~1\AppData\Local\Temp\ccWzmRh6.s:953    .text:00000398 $d

UNDEFINED SYMBOLS
tcp_tmr
ip_reass_tmr
etharp_tmr
dhcp_coarse_tmr
dhcp_fine_tmr
tcp_active_pcbs
tcp_tw_pcbs
memp_malloc
sys_now
memp_free
